   Compiling adv_civ v0.1.0 (/home/tommie/projects/civilization)
    Finished `dev` profile [optimized + debuginfo] target(s) in 10.88s
     Running `target/debug/adv_civ`
[2m2026-04-14T17:50:21.769769Z[0m [32m INFO[0m [2mbevy_diagnostic::system_information_diagnostics_plugin::internal[0m[2m:[0m SystemInfo { os: "Linux (EndeavourOS rolling)", kernel: "6.19.11-arch1-1", cpu: "Intel(R) Core(TM) i7-10610U CPU @ 1.80GHz", core_count: "4", memory: "31.0 GiB" }
[2m2026-04-14T17:50:21.799173Z[0m [33m WARN[0m [2mwgpu_hal::vulkan::instance[0m[2m:[0m Unable to find extension: VK_EXT_physical_device_drm
[2m2026-04-14T17:50:21.799974Z[0m [33m WARN[0m [2mwgpu_hal::vulkan::instance[0m[2m:[0m InstanceFlags::VALIDATION requested, but unable to find layer: VK_LAYER_KHRONOS_validation
[2m2026-04-14T17:50:21.800030Z[0m [32m INFO[0m [2mwgpu_hal::vulkan::instance[0m[2m:[0m GENERAL [Loader Message (0x0)]
	No valid vk_loader_settings.json file found, no loader settings will be active
[2m2026-04-14T17:50:21.800066Z[0m [32m INFO[0m [2mwgpu_hal::vulkan::instance[0m[2m:[0m 	objects: (type: INSTANCE, hndl: 0x55ca07333180, name: ?)
[2m2026-04-14T17:50:21.800094Z[0m [32m INFO[0m [2mwgpu_hal::vulkan::instance[0m[2m:[0m GENERAL [Loader Message (0x0)]
	Searching for implicit layer manifest files
[2m2026-04-14T17:50:21.800106Z[0m [32m INFO[0m [2mwgpu_hal::vulkan::instance[0m[2m:[0m 	objects: (type: INSTANCE, hndl: 0x55ca07333180, name: ?)
[2m2026-04-14T17:50:21.800116Z[0m [32m INFO[0m [2mwgpu_hal::vulkan::instance[0m[2m:[0m GENERAL [Loader Message (0x0)]
	   In following locations:
[2m2026-04-14T17:50:21.800125Z[0m [32m INFO[0m [2mwgpu_hal::vulkan::instance[0m[2m:[0m 	objects: (type: INSTANCE, hndl: 0x55ca07333180, name: ?)
[2m2026-04-14T17:50:21.800132Z[0m [32m INFO[0m [2mwgpu_hal::vulkan::instance[0m[2m:[0m GENERAL [Loader Message (0x0)]
	      /home/tommie/.config/vulkan/implicit_layer.d
[2m2026-04-14T17:50:21.800141Z[0m [32m INFO[0m [2mwgpu_hal::vulkan::instance[0m[2m:[0m 	objects: (type: INSTANCE, hndl: 0x55ca07333180, name: ?)
[2m2026-04-14T17:50:21.800150Z[0m [32m INFO[0m [2mwgpu_hal::vulkan::instance[0m[2m:[0m GENERAL [Loader Message (0x0)]
	      /etc/xdg/vulkan/implicit_layer.d
[2m2026-04-14T17:50:21.800158Z[0m [32m INFO[0m [2mwgpu_hal::vulkan::instance[0m[2m:[0m 	objects: (type: INSTANCE, hndl: 0x55ca07333180, name: ?)
[2m2026-04-14T17:50:21.800166Z[0m [32m INFO[0m [2mwgpu_hal::vulkan::instance[0m[2m:[0m GENERAL [Loader Message (0x0)]
	      /etc/vulkan/implicit_layer.d
[2m2026-04-14T17:50:21.800175Z[0m [32m INFO[0m [2mwgpu_hal::vulkan::instance[0m[2m:[0m 	objects: (type: INSTANCE, hndl: 0x55ca07333180, name: ?)
[2m2026-04-14T17:50:21.800183Z[0m [32m INFO[0m [2mwgpu_hal::vulkan::instance[0m[2m:[0m GENERAL [Loader Message (0x0)]
	      /home/tommie/.local/share/vulkan/implicit_layer.d
[2m2026-04-14T17:50:21.800192Z[0m [32m INFO[0m [2mwgpu_hal::vulkan::instance[0m[2m:[0m 	objects: (type: INSTANCE, hndl: 0x55ca07333180, name: ?)
[2m2026-04-14T17:50:21.800200Z[0m [32m INFO[0m [2mwgpu_hal::vulkan::instance[0m[2m:[0m GENERAL [Loader Message (0x0)]
	      /home/tommie/.local/share/flatpak/exports/share/vulkan/implicit_layer.d
[2m2026-04-14T17:50:21.800209Z[0m [32m INFO[0m [2mwgpu_hal::vulkan::instance[0m[2m:[0m 	objects: (type: INSTANCE, hndl: 0x55ca07333180, name: ?)
[2m2026-04-14T17:50:21.800218Z[0m [32m INFO[0m [2mwgpu_hal::vulkan::instance[0m[2m:[0m GENERAL [Loader Message (0x0)]
	      /var/lib/flatpak/exports/share/vulkan/implicit_layer.d
[2m2026-04-14T17:50:21.800227Z[0m [32m INFO[0m [2mwgpu_hal::vulkan::instance[0m[2m:[0m 	objects: (type: INSTANCE, hndl: 0x55ca07333180, name: ?)
[2m2026-04-14T17:50:21.800235Z[0m [32m INFO[0m [2mwgpu_hal::vulkan::instance[0m[2m:[0m GENERAL [Loader Message (0x0)]
	      /usr/local/share/vulkan/implicit_layer.d
[2m2026-04-14T17:50:21.800243Z[0m [32m INFO[0m [2mwgpu_hal::vulkan::instance[0m[2m:[0m 	objects: (type: INSTANCE, hndl: 0x55ca07333180, name: ?)
[2m2026-04-14T17:50:21.800252Z[0m [32m INFO[0m [2mwgpu_hal::vulkan::instance[0m[2m:[0m GENERAL [Loader Message (0x0)]
	      /usr/share/vulkan/implicit_layer.d
[2m2026-04-14T17:50:21.800260Z[0m [32m INFO[0m [2mwgpu_hal::vulkan::instance[0m[2m:[0m 	objects: (type: INSTANCE, hndl: 0x55ca07333180, name: ?)
[2m2026-04-14T17:50:21.800328Z[0m [32m INFO[0m [2mwgpu_hal::vulkan::instance[0m[2m:[0m GENERAL [Loader Message (0x0)]
	   Found the following files:
[2m2026-04-14T17:50:21.800340Z[0m [32m INFO[0m [2mwgpu_hal::vulkan::instance[0m[2m:[0m 	objects: (type: INSTANCE, hndl: 0x55ca07333180, name: ?)
[2m2026-04-14T17:50:21.800348Z[0m [32m INFO[0m [2mwgpu_hal::vulkan::instance[0m[2m:[0m GENERAL [Loader Message (0x0)]
	      /usr/share/vulkan/implicit_layer.d/VkLayer_MESA_anti_lag.json
[2m2026-04-14T17:50:21.800357Z[0m [32m INFO[0m [2mwgpu_hal::vulkan::instance[0m[2m:[0m 	objects: (type: INSTANCE, hndl: 0x55ca07333180, name: ?)
[2m2026-04-14T17:50:21.800364Z[0m [32m INFO[0m [2mwgpu_hal::vulkan::instance[0m[2m:[0m GENERAL [Loader Message (0x0)]
	      /usr/share/vulkan/implicit_layer.d/VkLayer_MESA_device_select.json
[2m2026-04-14T17:50:21.800373Z[0m [32m INFO[0m [2mwgpu_hal::vulkan::instance[0m[2m:[0m 	objects: (type: INSTANCE, hndl: 0x55ca07333180, name: ?)
[2m2026-04-14T17:50:21.800413Z[0m [32m INFO[0m [2mwgpu_hal::vulkan::instance[0m[2m:[0m GENERAL [Loader Message (0x0)]
	Found manifest file /usr/share/vulkan/implicit_layer.d/VkLayer_MESA_anti_lag.json (file version 1.2.1)
[2m2026-04-14T17:50:21.800426Z[0m [32m INFO[0m [2mwgpu_hal::vulkan::instance[0m[2m:[0m 	objects: (type: INSTANCE, hndl: 0x55ca07333180, name: ?)
[2m2026-04-14T17:50:21.800479Z[0m [32m INFO[0m [2mwgpu_hal::vulkan::instance[0m[2m:[0m GENERAL [Loader Message (0x0)]
	Found manifest file /usr/share/vulkan/implicit_layer.d/VkLayer_MESA_device_select.json (file version 1.0.0)
[2m2026-04-14T17:50:21.800494Z[0m [32m INFO[0m [2mwgpu_hal::vulkan::instance[0m[2m:[0m 	objects: (type: INSTANCE, hndl: 0x55ca07333180, name: ?)
[2m2026-04-14T17:50:21.800542Z[0m [32m INFO[0m [2mwgpu_hal::vulkan::instance[0m[2m:[0m GENERAL [Loader Message (0x0)]
	Searching for explicit layer manifest files
[2m2026-04-14T17:50:21.800588Z[0m [32m INFO[0m [2mwgpu_hal::vulkan::instance[0m[2m:[0m 	objects: (type: INSTANCE, hndl: 0x55ca07333180, name: ?)
[2m2026-04-14T17:50:21.800599Z[0m [32m INFO[0m [2mwgpu_hal::vulkan::instance[0m[2m:[0m GENERAL [Loader Message (0x0)]
	   In following locations:
[2m2026-04-14T17:50:21.800608Z[0m [32m INFO[0m [2mwgpu_hal::vulkan::instance[0m[2m:[0m 	objects: (type: INSTANCE, hndl: 0x55ca07333180, name: ?)
[2m2026-04-14T17:50:21.800617Z[0m [32m INFO[0m [2mwgpu_hal::vulkan::instance[0m[2m:[0m GENERAL [Loader Message (0x0)]
	      /home/tommie/.config/vulkan/explicit_layer.d
[2m2026-04-14T17:50:21.800625Z[0m [32m INFO[0m [2mwgpu_hal::vulkan::instance[0m[2m:[0m 	objects: (type: INSTANCE, hndl: 0x55ca07333180, name: ?)
[2m2026-04-14T17:50:21.800633Z[0m [32m INFO[0m [2mwgpu_hal::vulkan::instance[0m[2m:[0m GENERAL [Loader Message (0x0)]
	      /etc/xdg/vulkan/explicit_layer.d
[2m2026-04-14T17:50:21.800641Z[0m [32m INFO[0m [2mwgpu_hal::vulkan::instance[0m[2m:[0m 	objects: (type: INSTANCE, hndl: 0x55ca07333180, name: ?)
[2m2026-04-14T17:50:21.800651Z[0m [32m INFO[0m [2mwgpu_hal::vulkan::instance[0m[2m:[0m GENERAL [Loader Message (0x0)]
	      /etc/vulkan/explicit_layer.d
[2m2026-04-14T17:50:21.800659Z[0m [32m INFO[0m [2mwgpu_hal::vulkan::instance[0m[2m:[0m 	objects: (type: INSTANCE, hndl: 0x55ca07333180, name: ?)
[2m2026-04-14T17:50:21.800669Z[0m [32m INFO[0m [2mwgpu_hal::vulkan::instance[0m[2m:[0m GENERAL [Loader Message (0x0)]
	      /home/tommie/.local/share/vulkan/explicit_layer.d
[2m2026-04-14T17:50:21.800678Z[0m [32m INFO[0m [2mwgpu_hal::vulkan::instance[0m[2m:[0m 	objects: (type: INSTANCE, hndl: 0x55ca07333180, name: ?)
[2m2026-04-14T17:50:21.800687Z[0m [32m INFO[0m [2mwgpu_hal::vulkan::instance[0m[2m:[0m GENERAL [Loader Message (0x0)]
	      /home/tommie/.local/share/flatpak/exports/share/vulkan/explicit_layer.d
[2m2026-04-14T17:50:21.800697Z[0m [32m INFO[0m [2mwgpu_hal::vulkan::instance[0m[2m:[0m 	objects: (type: INSTANCE, hndl: 0x55ca07333180, name: ?)
[2m2026-04-14T17:50:21.800706Z[0m [32m INFO[0m [2mwgpu_hal::vulkan::instance[0m[2m:[0m GENERAL [Loader Message (0x0)]
	      /var/lib/flatpak/exports/share/vulkan/explicit_layer.d
[2m2026-04-14T17:50:21.800715Z[0m [32m INFO[0m [2mwgpu_hal::vulkan::instance[0m[2m:[0m 	objects: (type: INSTANCE, hndl: 0x55ca07333180, name: ?)
[2m2026-04-14T17:50:21.800723Z[0m [32m INFO[0m [2mwgpu_hal::vulkan::instance[0m[2m:[0m GENERAL [Loader Message (0x0)]
	      /usr/local/share/vulkan/explicit_layer.d
[2m2026-04-14T17:50:21.800732Z[0m [32m INFO[0m [2mwgpu_hal::vulkan::instance[0m[2m:[0m 	objects: (type: INSTANCE, hndl: 0x55ca07333180, name: ?)
[2m2026-04-14T17:50:21.800740Z[0m [32m INFO[0m [2mwgpu_hal::vulkan::instance[0m[2m:[0m GENERAL [Loader Message (0x0)]
	      /usr/share/vulkan/explicit_layer.d
[2m2026-04-14T17:50:21.800748Z[0m [32m INFO[0m [2mwgpu_hal::vulkan::instance[0m[2m:[0m 	objects: (type: INSTANCE, hndl: 0x55ca07333180, name: ?)
[2m2026-04-14T17:50:21.800782Z[0m [32m INFO[0m [2mwgpu_hal::vulkan::instance[0m[2m:[0m GENERAL [Loader Message (0x0)]
	   Found no files
[2m2026-04-14T17:50:21.800793Z[0m [32m INFO[0m [2mwgpu_hal::vulkan::instance[0m[2m:[0m 	objects: (type: INSTANCE, hndl: 0x55ca07333180, name: ?)
[2m2026-04-14T17:50:21.800813Z[0m [32m INFO[0m [2mwgpu_hal::vulkan::instance[0m[2m:[0m GENERAL [Loader Message (0x0)]
	Searching for driver manifest files
[2m2026-04-14T17:50:21.800823Z[0m [32m INFO[0m [2mwgpu_hal::vulkan::instance[0m[2m:[0m 	objects: (type: INSTANCE, hndl: 0x55ca07333180, name: ?)
[2m2026-04-14T17:50:21.800832Z[0m [32m INFO[0m [2mwgpu_hal::vulkan::instance[0m[2m:[0m GENERAL [Loader Message (0x0)]
	   In following locations:
[2m2026-04-14T17:50:21.800840Z[0m [32m INFO[0m [2mwgpu_hal::vulkan::instance[0m[2m:[0m 	objects: (type: INSTANCE, hndl: 0x55ca07333180, name: ?)
[2m2026-04-14T17:50:21.800850Z[0m [32m INFO[0m [2mwgpu_hal::vulkan::instance[0m[2m:[0m GENERAL [Loader Message (0x0)]
	      /home/tommie/.config/vulkan/icd.d
[2m2026-04-14T17:50:21.800858Z[0m [32m INFO[0m [2mwgpu_hal::vulkan::instance[0m[2m:[0m 	objects: (type: INSTANCE, hndl: 0x55ca07333180, name: ?)
[2m2026-04-14T17:50:21.800867Z[0m [32m INFO[0m [2mwgpu_hal::vulkan::instance[0m[2m:[0m GENERAL [Loader Message (0x0)]
	      /etc/xdg/vulkan/icd.d
[2m2026-04-14T17:50:21.800875Z[0m [32m INFO[0m [2mwgpu_hal::vulkan::instance[0m[2m:[0m 	objects: (type: INSTANCE, hndl: 0x55ca07333180, name: ?)
[2m2026-04-14T17:50:21.800884Z[0m [32m INFO[0m [2mwgpu_hal::vulkan::instance[0m[2m:[0m GENERAL [Loader Message (0x0)]
	      /etc/vulkan/icd.d
[2m2026-04-14T17:50:21.800892Z[0m [32m INFO[0m [2mwgpu_hal::vulkan::instance[0m[2m:[0m 	objects: (type: INSTANCE, hndl: 0x55ca07333180, name: ?)
[2m2026-04-14T17:50:21.800900Z[0m [32m INFO[0m [2mwgpu_hal::vulkan::instance[0m[2m:[0m GENERAL [Loader Message (0x0)]
	      /home/tommie/.local/share/vulkan/icd.d
[2m2026-04-14T17:50:21.800910Z[0m [32m INFO[0m [2mwgpu_hal::vulkan::instance[0m[2m:[0m 	objects: (type: INSTANCE, hndl: 0x55ca07333180, name: ?)
[2m2026-04-14T17:50:21.800918Z[0m [32m INFO[0m [2mwgpu_hal::vulkan::instance[0m[2m:[0m GENERAL [Loader Message (0x0)]
	      /home/tommie/.local/share/flatpak/exports/share/vulkan/icd.d
[2m2026-04-14T17:50:21.800928Z[0m [32m INFO[0m [2mwgpu_hal::vulkan::instance[0m[2m:[0m 	objects: (type: INSTANCE, hndl: 0x55ca07333180, name: ?)
[2m2026-04-14T17:50:21.800937Z[0m [32m INFO[0m [2mwgpu_hal::vulkan::instance[0m[2m:[0m GENERAL [Loader Message (0x0)]
	      /var/lib/flatpak/exports/share/vulkan/icd.d
[2m2026-04-14T17:50:21.800945Z[0m [32m INFO[0m [2mwgpu_hal::vulkan::instance[0m[2m:[0m 	objects: (type: INSTANCE, hndl: 0x55ca07333180, name: ?)
[2m2026-04-14T17:50:21.800954Z[0m [32m INFO[0m [2mwgpu_hal::vulkan::instance[0m[2m:[0m GENERAL [Loader Message (0x0)]
	      /usr/local/share/vulkan/icd.d
[2m2026-04-14T17:50:21.800963Z[0m [32m INFO[0m [2mwgpu_hal::vulkan::instance[0m[2m:[0m 	objects: (type: INSTANCE, hndl: 0x55ca07333180, name: ?)
[2m2026-04-14T17:50:21.800971Z[0m [32m INFO[0m [2mwgpu_hal::vulkan::instance[0m[2m:[0m GENERAL [Loader Message (0x0)]
	      /usr/share/vulkan/icd.d
[2m2026-04-14T17:50:21.800980Z[0m [32m INFO[0m [2mwgpu_hal::vulkan::instance[0m[2m:[0m 	objects: (type: INSTANCE, hndl: 0x55ca07333180, name: ?)
[2m2026-04-14T17:50:21.801049Z[0m [32m INFO[0m [2mwgpu_hal::vulkan::instance[0m[2m:[0m GENERAL [Loader Message (0x0)]
	   Found the following files:
[2m2026-04-14T17:50:21.801060Z[0m [32m INFO[0m [2mwgpu_hal::vulkan::instance[0m[2m:[0m 	objects: (type: INSTANCE, hndl: 0x55ca07333180, name: ?)
[2m2026-04-14T17:50:21.801069Z[0m [32m INFO[0m [2mwgpu_hal::vulkan::instance[0m[2m:[0m GENERAL [Loader Message (0x0)]
	      /usr/share/vulkan/icd.d/intel_hasvk_icd.json
[2m2026-04-14T17:50:21.801078Z[0m [32m INFO[0m [2mwgpu_hal::vulkan::instance[0m[2m:[0m 	objects: (type: INSTANCE, hndl: 0x55ca07333180, name: ?)
[2m2026-04-14T17:50:21.801087Z[0m [32m INFO[0m [2mwgpu_hal::vulkan::instance[0m[2m:[0m GENERAL [Loader Message (0x0)]
	      /usr/share/vulkan/icd.d/intel_icd.json
[2m2026-04-14T17:50:21.801096Z[0m [32m INFO[0m [2mwgpu_hal::vulkan::instance[0m[2m:[0m 	objects: (type: INSTANCE, hndl: 0x55ca07333180, name: ?)
[2m2026-04-14T17:50:21.801126Z[0m [32m INFO[0m [2mwgpu_hal::vulkan::instance[0m[2m:[0m GENERAL [Loader Message (0x0)]
	Found ICD manifest file /usr/share/vulkan/icd.d/intel_hasvk_icd.json, version 1.0.1
[2m2026-04-14T17:50:21.801137Z[0m [32m INFO[0m [2mwgpu_hal::vulkan::instance[0m[2m:[0m 	objects: (type: INSTANCE, hndl: 0x55ca07333180, name: ?)
[2m2026-04-14T17:50:21.801197Z[0m [32m INFO[0m [2mwgpu_hal::vulkan::instance[0m[2m:[0m GENERAL [Loader Message (0x0)]
	Found ICD manifest file /usr/share/vulkan/icd.d/intel_icd.json, version 1.0.1
[2m2026-04-14T17:50:21.801233Z[0m [32m INFO[0m [2mwgpu_hal::vulkan::instance[0m[2m:[0m 	objects: (type: INSTANCE, hndl: 0x55ca07333180, name: ?)
[2m2026-04-14T17:50:21.801847Z[0m [32m INFO[0m [2mwgpu_hal::vulkan::instance[0m[2m:[0m GENERAL [Loader Message (0x0)]
	Insert instance layer "VK_LAYER_MESA_device_select" (/usr/lib/libVkLayer_MESA_device_select.so)
[2m2026-04-14T17:50:21.801867Z[0m [32m INFO[0m [2mwgpu_hal::vulkan::instance[0m[2m:[0m 	objects: (type: INSTANCE, hndl: 0x55ca07333180, name: ?)
[2m2026-04-14T17:50:21.801878Z[0m [32m INFO[0m [2mwgpu_hal::vulkan::instance[0m[2m:[0m GENERAL [Loader Message (0x0)]
	vkCreateInstance layer callstack setup to:
[2m2026-04-14T17:50:21.801887Z[0m [32m INFO[0m [2mwgpu_hal::vulkan::instance[0m[2m:[0m 	objects: (type: INSTANCE, hndl: 0x55ca07333180, name: ?)
[2m2026-04-14T17:50:21.801895Z[0m [32m INFO[0m [2mwgpu_hal::vulkan::instance[0m[2m:[0m GENERAL [Loader Message (0x0)]
	   <Application>
[2m2026-04-14T17:50:21.801904Z[0m [32m INFO[0m [2mwgpu_hal::vulkan::instance[0m[2m:[0m 	objects: (type: INSTANCE, hndl: 0x55ca07333180, name: ?)
[2m2026-04-14T17:50:21.801912Z[0m [32m INFO[0m [2mwgpu_hal::vulkan::instance[0m[2m:[0m GENERAL [Loader Message (0x0)]
	     ||
[2m2026-04-14T17:50:21.801920Z[0m [32m INFO[0m [2mwgpu_hal::vulkan::instance[0m[2m:[0m 	objects: (type: INSTANCE, hndl: 0x55ca07333180, name: ?)
[2m2026-04-14T17:50:21.801927Z[0m [32m INFO[0m [2mwgpu_hal::vulkan::instance[0m[2m:[0m GENERAL [Loader Message (0x0)]
	   <Loader>
[2m2026-04-14T17:50:21.801934Z[0m [32m INFO[0m [2mwgpu_hal::vulkan::instance[0m[2m:[0m 	objects: (type: INSTANCE, hndl: 0x55ca07333180, name: ?)
[2m2026-04-14T17:50:21.801942Z[0m [32m INFO[0m [2mwgpu_hal::vulkan::instance[0m[2m:[0m GENERAL [Loader Message (0x0)]
	     ||
[2m2026-04-14T17:50:21.801949Z[0m [32m INFO[0m [2mwgpu_hal::vulkan::instance[0m[2m:[0m 	objects: (type: INSTANCE, hndl: 0x55ca07333180, name: ?)
[2m2026-04-14T17:50:21.801958Z[0m [32m INFO[0m [2mwgpu_hal::vulkan::instance[0m[2m:[0m GENERAL [Loader Message (0x0)]
	   VK_LAYER_MESA_device_select
[2m2026-04-14T17:50:21.801966Z[0m [32m INFO[0m [2mwgpu_hal::vulkan::instance[0m[2m:[0m 	objects: (type: INSTANCE, hndl: 0x55ca07333180, name: ?)
[2m2026-04-14T17:50:21.801974Z[0m [32m INFO[0m [2mwgpu_hal::vulkan::instance[0m[2m:[0m GENERAL [Loader Message (0x0)]
	           Type: Implicit
[2m2026-04-14T17:50:21.801981Z[0m [32m INFO[0m [2mwgpu_hal::vulkan::instance[0m[2m:[0m 	objects: (type: INSTANCE, hndl: 0x55ca07333180, name: ?)
[2m2026-04-14T17:50:21.801990Z[0m [32m INFO[0m [2mwgpu_hal::vulkan::instance[0m[2m:[0m GENERAL [Loader Message (0x0)]
	           Enabled By: Implicit Layer
[2m2026-04-14T17:50:21.801998Z[0m [32m INFO[0m [2mwgpu_hal::vulkan::instance[0m[2m:[0m 	objects: (type: INSTANCE, hndl: 0x55ca07333180, name: ?)
[2m2026-04-14T17:50:21.802006Z[0m [32m INFO[0m [2mwgpu_hal::vulkan::instance[0m[2m:[0m GENERAL [Loader Message (0x0)]
	               Disable Env Var:  NODEVICE_SELECT
[2m2026-04-14T17:50:21.802015Z[0m [32m INFO[0m [2mwgpu_hal::vulkan::instance[0m[2m:[0m 	objects: (type: INSTANCE, hndl: 0x55ca07333180, name: ?)
[2m2026-04-14T17:50:21.802024Z[0m [32m INFO[0m [2mwgpu_hal::vulkan::instance[0m[2m:[0m GENERAL [Loader Message (0x0)]
	           Manifest: /usr/share/vulkan/implicit_layer.d/VkLayer_MESA_device_select.json
[2m2026-04-14T17:50:21.802035Z[0m [32m INFO[0m [2mwgpu_hal::vulkan::instance[0m[2m:[0m 	objects: (type: INSTANCE, hndl: 0x55ca07333180, name: ?)
[2m2026-04-14T17:50:21.802044Z[0m [32m INFO[0m [2mwgpu_hal::vulkan::instance[0m[2m:[0m GENERAL [Loader Message (0x0)]
	           Library:  /usr/lib/libVkLayer_MESA_device_select.so
[2m2026-04-14T17:50:21.802051Z[0m [32m INFO[0m [2mwgpu_hal::vulkan::instance[0m[2m:[0m 	objects: (type: INSTANCE, hndl: 0x55ca07333180, name: ?)
[2m2026-04-14T17:50:21.802059Z[0m [32m INFO[0m [2mwgpu_hal::vulkan::instance[0m[2m:[0m GENERAL [Loader Message (0x0)]
	     ||
[2m2026-04-14T17:50:21.802066Z[0m [32m INFO[0m [2mwgpu_hal::vulkan::instance[0m[2m:[0m 	objects: (type: INSTANCE, hndl: 0x55ca07333180, name: ?)
[2m2026-04-14T17:50:21.802073Z[0m [32m INFO[0m [2mwgpu_hal::vulkan::instance[0m[2m:[0m GENERAL [Loader Message (0x0)]
	   <Drivers>
[2m2026-04-14T17:50:21.802081Z[0m [32m INFO[0m [2mwgpu_hal::vulkan::instance[0m[2m:[0m 	objects: (type: INSTANCE, hndl: 0x55ca07333180, name: ?)
[2m2026-04-14T17:50:21.808703Z[0m [32m INFO[0m [2mwgpu_hal::vulkan::instance[0m[2m:[0m Enabling debug utils
[2m2026-04-14T17:50:21.812410Z[0m [32m INFO[0m [2mwgpu_hal::vulkan::instance[0m[2m:[0m GENERAL [Loader Message (0x0)]
	linux_read_sorted_physical_devices:
[2m2026-04-14T17:50:21.812447Z[0m [32m INFO[0m [2mwgpu_hal::vulkan::instance[0m[2m:[0m 	objects: (type: INSTANCE, hndl: 0x55ca07333180, name: ?)
[2m2026-04-14T17:50:21.812461Z[0m [32m INFO[0m [2mwgpu_hal::vulkan::instance[0m[2m:[0m GENERAL [Loader Message (0x0)]
	     Original order:
[2m2026-04-14T17:50:21.812470Z[0m [32m INFO[0m [2mwgpu_hal::vulkan::instance[0m[2m:[0m 	objects: (type: INSTANCE, hndl: 0x55ca07333180, name: ?)
[2m2026-04-14T17:50:21.812533Z[0m [32m INFO[0m [2mwgpu_hal::vulkan::instance[0m[2m:[0m GENERAL [Loader Message (0x0)]
	           [0] Intel(R) UHD Graphics (CML GT2)
[2m2026-04-14T17:50:21.812564Z[0m [32m INFO[0m [2mwgpu_hal::vulkan::instance[0m[2m:[0m 	objects: (type: INSTANCE, hndl: 0x55ca07333180, name: ?)
[2m2026-04-14T17:50:21.812575Z[0m [32m INFO[0m [2mwgpu_hal::vulkan::instance[0m[2m:[0m GENERAL [Loader Message (0x0)]
	     Sorted order:
[2m2026-04-14T17:50:21.812584Z[0m [32m INFO[0m [2mwgpu_hal::vulkan::instance[0m[2m:[0m 	objects: (type: INSTANCE, hndl: 0x55ca07333180, name: ?)
[2m2026-04-14T17:50:21.812592Z[0m [32m INFO[0m [2mwgpu_hal::vulkan::instance[0m[2m:[0m GENERAL [Loader Message (0x0)]
	           [0] Intel(R) UHD Graphics (CML GT2)  
[2m2026-04-14T17:50:21.812598Z[0m [32m INFO[0m [2mwgpu_hal::vulkan::instance[0m[2m:[0m 	objects: (type: INSTANCE, hndl: 0x55ca07333180, name: ?)
[2m2026-04-14T17:50:21.812606Z[0m [32m INFO[0m [2mwgpu_hal::vulkan::instance[0m[2m:[0m GENERAL [Loader Message (0x0)]
	linux_read_sorted_physical_devices:
[2m2026-04-14T17:50:21.812611Z[0m [32m INFO[0m [2mwgpu_hal::vulkan::instance[0m[2m:[0m 	objects: (type: INSTANCE, hndl: 0x55ca07333180, name: ?)
[2m2026-04-14T17:50:21.812615Z[0m [32m INFO[0m [2mwgpu_hal::vulkan::instance[0m[2m:[0m GENERAL [Loader Message (0x0)]
	     Original order:
[2m2026-04-14T17:50:21.812623Z[0m [32m INFO[0m [2mwgpu_hal::vulkan::instance[0m[2m:[0m 	objects: (type: INSTANCE, hndl: 0x55ca07333180, name: ?)
[2m2026-04-14T17:50:21.812650Z[0m [32m INFO[0m [2mwgpu_hal::vulkan::instance[0m[2m:[0m GENERAL [Loader Message (0x0)]
	           [0] Intel(R) UHD Graphics (CML GT2)
[2m2026-04-14T17:50:21.812660Z[0m [32m INFO[0m [2mwgpu_hal::vulkan::instance[0m[2m:[0m 	objects: (type: INSTANCE, hndl: 0x55ca07333180, name: ?)
[2m2026-04-14T17:50:21.812668Z[0m [32m INFO[0m [2mwgpu_hal::vulkan::instance[0m[2m:[0m GENERAL [Loader Message (0x0)]
	     Sorted order:
[2m2026-04-14T17:50:21.812673Z[0m [32m INFO[0m [2mwgpu_hal::vulkan::instance[0m[2m:[0m 	objects: (type: INSTANCE, hndl: 0x55ca07333180, name: ?)
[2m2026-04-14T17:50:21.812679Z[0m [32m INFO[0m [2mwgpu_hal::vulkan::instance[0m[2m:[0m GENERAL [Loader Message (0x0)]
	           [0] Intel(R) UHD Graphics (CML GT2)  
[2m2026-04-14T17:50:21.812687Z[0m [32m INFO[0m [2mwgpu_hal::vulkan::instance[0m[2m:[0m 	objects: (type: INSTANCE, hndl: 0x55ca07333180, name: ?)
[2m2026-04-14T17:50:21.814044Z[0m [32m INFO[0m [2mwgpu_hal::vulkan::instance[0m[2m:[0m GENERAL [Loader Message (0x0)]
	linux_read_sorted_physical_devices:
[2m2026-04-14T17:50:21.814069Z[0m [32m INFO[0m [2mwgpu_hal::vulkan::instance[0m[2m:[0m 	objects: (type: INSTANCE, hndl: 0x55ca07333180, name: ?)
[2m2026-04-14T17:50:21.814080Z[0m [32m INFO[0m [2mwgpu_hal::vulkan::instance[0m[2m:[0m GENERAL [Loader Message (0x0)]
	     Original order:
[2m2026-04-14T17:50:21.814088Z[0m [32m INFO[0m [2mwgpu_hal::vulkan::instance[0m[2m:[0m 	objects: (type: INSTANCE, hndl: 0x55ca07333180, name: ?)
[2m2026-04-14T17:50:21.814149Z[0m [32m INFO[0m [2mwgpu_hal::vulkan::instance[0m[2m:[0m GENERAL [Loader Message (0x0)]
	           [0] Intel(R) UHD Graphics (CML GT2)
[2m2026-04-14T17:50:21.814163Z[0m [32m INFO[0m [2mwgpu_hal::vulkan::instance[0m[2m:[0m 	objects: (type: INSTANCE, hndl: 0x55ca07333180, name: ?)
[2m2026-04-14T17:50:21.814173Z[0m [32m INFO[0m [2mwgpu_hal::vulkan::instance[0m[2m:[0m GENERAL [Loader Message (0x0)]
	     Sorted order:
[2m2026-04-14T17:50:21.814181Z[0m [32m INFO[0m [2mwgpu_hal::vulkan::instance[0m[2m:[0m 	objects: (type: INSTANCE, hndl: 0x55ca07333180, name: ?)
[2m2026-04-14T17:50:21.814189Z[0m [32m INFO[0m [2mwgpu_hal::vulkan::instance[0m[2m:[0m GENERAL [Loader Message (0x0)]
	           [0] Intel(R) UHD Graphics (CML GT2)  
[2m2026-04-14T17:50:21.814197Z[0m [32m INFO[0m [2mwgpu_hal::vulkan::instance[0m[2m:[0m 	objects: (type: INSTANCE, hndl: 0x55ca07333180, name: ?)
[2m2026-04-14T17:50:21.814211Z[0m [32m INFO[0m [2mwgpu_hal::vulkan::instance[0m[2m:[0m GENERAL [Loader Message (0x0)]
	linux_read_sorted_physical_devices:
[2m2026-04-14T17:50:21.814219Z[0m [32m INFO[0m [2mwgpu_hal::vulkan::instance[0m[2m:[0m 	objects: (type: INSTANCE, hndl: 0x55ca07333180, name: ?)
[2m2026-04-14T17:50:21.814227Z[0m [32m INFO[0m [2mwgpu_hal::vulkan::instance[0m[2m:[0m GENERAL [Loader Message (0x0)]
	     Original order:
[2m2026-04-14T17:50:21.814235Z[0m [32m INFO[0m [2mwgpu_hal::vulkan::instance[0m[2m:[0m 	objects: (type: INSTANCE, hndl: 0x55ca07333180, name: ?)
[2m2026-04-14T17:50:21.814260Z[0m [32m INFO[0m [2mwgpu_hal::vulkan::instance[0m[2m:[0m GENERAL [Loader Message (0x0)]
	           [0] Intel(R) UHD Graphics (CML GT2)
[2m2026-04-14T17:50:21.814272Z[0m [32m INFO[0m [2mwgpu_hal::vulkan::instance[0m[2m:[0m 	objects: (type: INSTANCE, hndl: 0x55ca07333180, name: ?)
[2m2026-04-14T17:50:21.814281Z[0m [32m INFO[0m [2mwgpu_hal::vulkan::instance[0m[2m:[0m GENERAL [Loader Message (0x0)]
	     Sorted order:
[2m2026-04-14T17:50:21.814289Z[0m [32m INFO[0m [2mwgpu_hal::vulkan::instance[0m[2m:[0m 	objects: (type: INSTANCE, hndl: 0x55ca07333180, name: ?)
[2m2026-04-14T17:50:21.814299Z[0m [32m INFO[0m [2mwgpu_hal::vulkan::instance[0m[2m:[0m GENERAL [Loader Message (0x0)]
	           [0] Intel(R) UHD Graphics (CML GT2)  
[2m2026-04-14T17:50:21.814308Z[0m [32m INFO[0m [2mwgpu_hal::vulkan::instance[0m[2m:[0m 	objects: (type: INSTANCE, hndl: 0x55ca07333180, name: ?)
[2m2026-04-14T17:50:21.815139Z[0m [32m INFO[0m [2mwgpu_hal::vulkan::instance[0m[2m:[0m GENERAL [Loader Message (0x0)]
	Removing driver /usr/lib/libvulkan_intel_hasvk.so due to not having any physical devices
[2m2026-04-14T17:50:21.815169Z[0m [32m INFO[0m [2mwgpu_hal::vulkan::instance[0m[2m:[0m 	objects: (type: INSTANCE, hndl: 0x55ca07333180, name: ?)
[2m2026-04-14T17:50:21.815526Z[0m [32m INFO[0m [2mbevy_render::renderer[0m[2m:[0m AdapterInfo { name: "Intel(R) UHD Graphics (CML GT2)", vendor: 32902, device: 39745, device_type: IntegratedGpu, driver: "Intel open-source Mesa driver", driver_info: "Mesa 26.0.4-arch1.1", backend: Vulkan }
[2m2026-04-14T17:50:21.816002Z[0m [32m INFO[0m [2mwgpu_hal::vulkan::instance[0m[2m:[0m GENERAL [Loader Message (0x0)]
	Failed to find vkGetDeviceProcAddr in layer "/usr/lib/libVkLayer_MESA_device_select.so"
[2m2026-04-14T17:50:21.816019Z[0m [32m INFO[0m [2mwgpu_hal::vulkan::instance[0m[2m:[0m 	objects: (type: INSTANCE, hndl: 0x55ca07333180, name: ?)
[2m2026-04-14T17:50:21.816029Z[0m [32m INFO[0m [2mwgpu_hal::vulkan::instance[0m[2m:[0m GENERAL [Loader Message (0x0)]
	vkCreateDevice layer callstack setup to:
[2m2026-04-14T17:50:21.816038Z[0m [32m INFO[0m [2mwgpu_hal::vulkan::instance[0m[2m:[0m 	objects: (type: INSTANCE, hndl: 0x55ca07333180, name: ?)
[2m2026-04-14T17:50:21.816046Z[0m [32m INFO[0m [2mwgpu_hal::vulkan::instance[0m[2m:[0m GENERAL [Loader Message (0x0)]
	   <Application>
[2m2026-04-14T17:50:21.816054Z[0m [32m INFO[0m [2mwgpu_hal::vulkan::instance[0m[2m:[0m 	objects: (type: INSTANCE, hndl: 0x55ca07333180, name: ?)
[2m2026-04-14T17:50:21.816062Z[0m [32m INFO[0m [2mwgpu_hal::vulkan::instance[0m[2m:[0m GENERAL [Loader Message (0x0)]
	     ||
[2m2026-04-14T17:50:21.816070Z[0m [32m INFO[0m [2mwgpu_hal::vulkan::instance[0m[2m:[0m 	objects: (type: INSTANCE, hndl: 0x55ca07333180, name: ?)
[2m2026-04-14T17:50:21.816079Z[0m [32m INFO[0m [2mwgpu_hal::vulkan::instance[0m[2m:[0m GENERAL [Loader Message (0x0)]
	   <Loader>
[2m2026-04-14T17:50:21.816086Z[0m [32m INFO[0m [2mwgpu_hal::vulkan::instance[0m[2m:[0m 	objects: (type: INSTANCE, hndl: 0x55ca07333180, name: ?)
[2m2026-04-14T17:50:21.816094Z[0m [32m INFO[0m [2mwgpu_hal::vulkan::instance[0m[2m:[0m GENERAL [Loader Message (0x0)]
	     ||
[2m2026-04-14T17:50:21.816101Z[0m [32m INFO[0m [2mwgpu_hal::vulkan::instance[0m[2m:[0m 	objects: (type: INSTANCE, hndl: 0x55ca07333180, name: ?)
[2m2026-04-14T17:50:21.816110Z[0m [32m INFO[0m [2mwgpu_hal::vulkan::instance[0m[2m:[0m GENERAL [Loader Message (0x0)]
	   <Device>
[2m2026-04-14T17:50:21.816118Z[0m [32m INFO[0m [2mwgpu_hal::vulkan::instance[0m[2m:[0m 	objects: (type: INSTANCE, hndl: 0x55ca07333180, name: ?)
[2m2026-04-14T17:50:21.816383Z[0m [32m INFO[0m [2mwgpu_hal::vulkan::instance[0m[2m:[0m GENERAL [Loader Message (0x0)]
	       Using "Intel(R) UHD Graphics (CML GT2)" with driver: "/usr/lib/libvulkan_intel.so"
[2m2026-04-14T17:50:21.816394Z[0m [32m INFO[0m [2mwgpu_hal::vulkan::instance[0m[2m:[0m 	objects: (type: INSTANCE, hndl: 0x55ca07333180, name: ?)
[2m2026-04-14T17:50:22.026676Z[0m [32m INFO[0m [2mbevy_render::batching::gpu_preprocessing[0m[2m:[0m GPU preprocessing is fully supported on this device.
[2m2026-04-14T17:50:22.027250Z[0m [32m INFO[0m [2mbevy_winit::system[0m[2m:[0m Creating new window Bevy game (0v0)
[2m2026-04-14T17:50:22.069436Z[0m [32m INFO[0m [2mlava_ui_builder[0m[2m:[0m Ui scale: 0.6666667
[2m2026-04-14T17:50:22.264915Z[0m [32m INFO[0m [2mlava_ui_builder[0m[2m:[0m Ui scale: 0.6344246
[2m2026-04-14T17:50:22.518432Z[0m [32m INFO[0m [2mbevy_asset_loader::loading_state::systems[0m[2m:[0m Loading state 'adv_civ::GameState::Loading' is done
[2m2026-04-14T17:50:23.069503Z[0m [32m INFO[0m [2mbevy_diagnostic[0m[2m:[0m started_load_count:   67.999641   (avg 66.431034)
[2m2026-04-14T17:50:24.045891Z[0m [32m INFO[0m [2mbevy_diagnostic[0m[2m:[0m started_load_count:   68.000000   (avg 67.149533)
[2m2026-04-14T17:50:25.046531Z[0m [32m INFO[0m [2mbevy_diagnostic[0m[2m:[0m started_load_count:   68.000000   (avg 68.000000)
[2m2026-04-14T17:50:25.628447Z[0m [32m INFO[0m [2madv_civ::menu[0m[2m:[0m Play button clicked!
[2m2026-04-14T17:50:25.631125Z[0m [32m INFO[0m [2madv_civ::civilization::general_systems[0m[2m:[0m Done adding players
[2m2026-04-14T17:50:25.672773Z[0m [32m INFO[0m [2madv_civ::civilization::concepts::population_expansion::population_expansion_systems[0m[2m:[0m [POP_EXP] Entering population expansion phase, round 1
[2m2026-04-14T17:50:25.672812Z[0m [32m INFO[0m [2madv_civ::civilization::concepts::population_expansion::population_expansion_systems[0m[2m:[0m [POP_EXP] 8 areas have population and need expansion
[2m2026-04-14T17:50:25.672825Z[0m [32m INFO[0m [2madv_civ::civilization::concepts::population_expansion::population_expansion_systems[0m[2m:[0m [POP_EXP] 0 human, 8 AI need expansion, 0 skipped (already done)
[2m2026-04-14T17:50:25.745933Z[0m [32m INFO[0m [2madv_civ::civilization::concepts::population_expansion::population_expansion_systems[0m[2m:[0m [POP_EXP] All players done with expansion, transitioning to Census
[2m2026-04-14T17:50:25.745956Z[0m [32m INFO[0m [2madv_civ::civilization::concepts::population_expansion::population_expansion_systems[0m[2m:[0m [POP_EXP] All players done with expansion, transitioning to Census
[2m2026-04-14T17:50:25.745964Z[0m [32m INFO[0m [2madv_civ::civilization::concepts::population_expansion::population_expansion_systems[0m[2m:[0m [POP_EXP] All players done with expansion, transitioning to Census
[2m2026-04-14T17:50:25.745970Z[0m [32m INFO[0m [2madv_civ::civilization::concepts::population_expansion::population_expansion_systems[0m[2m:[0m [POP_EXP] All players done with expansion, transitioning to Census
[2m2026-04-14T17:50:25.745976Z[0m [32m INFO[0m [2madv_civ::civilization::concepts::population_expansion::population_expansion_systems[0m[2m:[0m [POP_EXP] All players done with expansion, transitioning to Census
[2m2026-04-14T17:50:25.745981Z[0m [32m INFO[0m [2madv_civ::civilization::concepts::population_expansion::population_expansion_systems[0m[2m:[0m [POP_EXP] All players done with expansion, transitioning to Census
[2m2026-04-14T17:50:25.745985Z[0m [32m INFO[0m [2madv_civ::civilization::concepts::population_expansion::population_expansion_systems[0m[2m:[0m [POP_EXP] All players done with expansion, transitioning to Census
[2m2026-04-14T17:50:25.745991Z[0m [32m INFO[0m [2madv_civ::civilization::concepts::population_expansion::population_expansion_systems[0m[2m:[0m [POP_EXP] All players done with expansion, transitioning to Census
[2m2026-04-14T17:50:25.808111Z[0m [32m INFO[0m [2madv_civ::civilization::concepts::ships::ship_systems[0m[2m:[0m [SHIPS] Tutankhamun of Illyria builds a ship at 138v1 (fleet: 1/4)
[2m2026-04-14T17:50:25.808135Z[0m [32m INFO[0m [2madv_civ::civilization::concepts::ships::ship_systems[0m[2m:[0m [SHIPS] Hammurabi of Asia builds a ship at 170v0 (fleet: 1/4)
[2m2026-04-14T17:50:25.808141Z[0m [32m INFO[0m [2madv_civ::civilization::concepts::ships::ship_systems[0m[2m:[0m [SHIPS] Alexander of Assyria builds a ship at 137v1 (fleet: 1/4)
[2m2026-04-14T17:50:25.808146Z[0m [32m INFO[0m [2madv_civ::civilization::concepts::ships::ship_systems[0m[2m:[0m [SHIPS] Leonidas of Iberia builds a ship at 153v0 (fleet: 1/4)
[2m2026-04-14T17:50:25.808151Z[0m [32m INFO[0m [2madv_civ::civilization::concepts::ships::ship_systems[0m[2m:[0m [SHIPS] Hatshepsut of Thrace builds a ship at 131v1 (fleet: 1/4)
[2m2026-04-14T17:50:25.808156Z[0m [32m INFO[0m [2madv_civ::civilization::concepts::ships::ship_systems[0m[2m:[0m [SHIPS] Ramesses of Crete builds a ship at 237v0 (fleet: 1/4)
[2m2026-04-14T17:50:25.808160Z[0m [32m INFO[0m [2madv_civ::civilization::concepts::ships::ship_systems[0m[2m:[0m [SHIPS] Cleopatra of Africa builds a ship at 224v0 (fleet: 1/4)
[2m2026-04-14T17:50:25.808164Z[0m [32m INFO[0m [2madv_civ::civilization::concepts::ships::ship_systems[0m[2m:[0m [SHIPS] Pericles of Babylon builds a ship at 130v1 (fleet: 1/4)
[2m2026-04-14T17:50:25.913176Z[0m [32m INFO[0m [2madv_civ::civilization::concepts::movement::movement_systems[0m[2m:[0m Player Ramesses of Crete has ended movement
[2m2026-04-14T17:50:26.029495Z[0m [32m INFO[0m [2madv_civ::civilization::concepts::movement::movement_systems[0m[2m:[0m Player Pericles of Babylon has ended movement
[2m2026-04-14T17:50:26.047509Z[0m [32m INFO[0m [2mbevy_diagnostic[0m[2m:[0m started_load_count:   68.993961   (avg 68.166667)
[2m2026-04-14T17:50:26.080299Z[0m [32m INFO[0m [2madv_civ::civilization::concepts::movement::movement_systems[0m[2m:[0m Player Leonidas of Iberia has ended movement
[2m2026-04-14T17:50:26.149653Z[0m [32m INFO[0m [2madv_civ::civilization::concepts::movement::movement_systems[0m[2m:[0m [SHIPS] Ferry: 1 token(s) moved 170v0 → 152v0; ship follows
[2m2026-04-14T17:50:26.214011Z[0m [32m INFO[0m [2madv_civ::civilization::concepts::movement::movement_systems[0m[2m:[0m Player Hammurabi of Asia has ended movement
[2m2026-04-14T17:50:26.263244Z[0m [32m INFO[0m [2madv_civ::civilization::concepts::movement::movement_systems[0m[2m:[0m Player Alexander of Assyria has ended movement
[2m2026-04-14T17:50:26.296722Z[0m [32m INFO[0m [2madv_civ::civilization::concepts::movement::movement_systems[0m[2m:[0m [SHIPS] Ferry: 1 token(s) moved 131v1 → 148v0; ship follows
[2m2026-04-14T17:50:26.363121Z[0m [32m INFO[0m [2madv_civ::civilization::concepts::movement::movement_systems[0m[2m:[0m Player Hatshepsut of Thrace has ended movement
[2m2026-04-14T17:50:26.465372Z[0m [32m INFO[0m [2madv_civ::civilization::concepts::movement::movement_systems[0m[2m:[0m Player Cleopatra of Africa has ended movement
[2m2026-04-14T17:50:26.610732Z[0m [32m INFO[0m [2madv_civ::civilization::concepts::movement::movement_systems[0m[2m:[0m Player Tutankhamun of Illyria has ended movement
[2m2026-04-14T17:50:26.610888Z[0m [32m INFO[0m [2madv_civ::civilization::concepts::movement::movement_systems[0m[2m:[0m No more players to move, transitioning to Conflict
[2m2026-04-14T17:50:26.631133Z[0m [32m INFO[0m [2madv_civ::civilization::concepts::conflict::conflict_systems[0m[2m:[0m No conflicts found, transitioning to CityConstruction
[2m2026-04-14T17:50:26.652800Z[0m [32m INFO[0m [2madv_civ::civilization::concepts::city_construction::city_construction_systems[0m[2m:[0m [CITY_CONSTRUCTION] Entering city construction phase
[2m2026-04-14T17:50:26.652820Z[0m [32m INFO[0m [2madv_civ::civilization::concepts::city_construction::city_construction_systems[0m[2m:[0m [CITY_CONSTRUCTION] LoadingFromSave present: false
[2m2026-04-14T17:50:26.652830Z[0m [32m INFO[0m [2madv_civ::civilization::concepts::city_construction::city_construction_systems[0m[2m:[0m [CITY_CONSTRUCTION] Total players: 8
[2m2026-04-14T17:50:26.652836Z[0m [32m INFO[0m [2madv_civ::civilization::concepts::city_construction::city_construction_systems[0m[2m:[0m [CITY_CONSTRUCTION] Marking Africa for building
[2m2026-04-14T17:50:26.652844Z[0m [32m INFO[0m [2madv_civ::civilization::concepts::city_construction::city_construction_systems[0m[2m:[0m [CITY_CONSTRUCTION] Marking Iberia for building
[2m2026-04-14T17:50:26.652852Z[0m [32m INFO[0m [2madv_civ::civilization::concepts::city_construction::city_construction_systems[0m[2m:[0m [CITY_CONSTRUCTION] Marking Asia for building
[2m2026-04-14T17:50:26.652859Z[0m [32m INFO[0m [2madv_civ::civilization::concepts::city_construction::city_construction_systems[0m[2m:[0m [CITY_CONSTRUCTION] Marking Babylon for building
[2m2026-04-14T17:50:26.652866Z[0m [32m INFO[0m [2madv_civ::civilization::concepts::city_construction::city_construction_systems[0m[2m:[0m [CITY_CONSTRUCTION] Marking Assyria for building
[2m2026-04-14T17:50:26.652873Z[0m [32m INFO[0m [2madv_civ::civilization::concepts::city_construction::city_construction_systems[0m[2m:[0m [CITY_CONSTRUCTION] Marking Crete for building
[2m2026-04-14T17:50:26.652878Z[0m [32m INFO[0m [2madv_civ::civilization::concepts::city_construction::city_construction_systems[0m[2m:[0m [CITY_CONSTRUCTION] Marking Thrace for building
[2m2026-04-14T17:50:26.652884Z[0m [32m INFO[0m [2madv_civ::civilization::concepts::city_construction::city_construction_systems[0m[2m:[0m [CITY_CONSTRUCTION] Marking Illyria for building
[2m2026-04-14T17:50:26.652891Z[0m [32m INFO[0m [2madv_civ::civilization::concepts::city_construction::city_construction_systems[0m[2m:[0m [CITY_CONSTRUCTION] Summary: 8 marked for building, 0 skipped
[2m2026-04-14T17:50:26.652917Z[0m [32m INFO[0m [2madv_civ::civilization::concepts::city_construction::city_construction_systems[0m[2m:[0m [CITY_CONSTRUCTION] Inserted CityConstructionPhaseActive resource
[2m2026-04-14T17:50:26.675625Z[0m [32m INFO[0m [2madv_civ::civilization::concepts::city_construction::city_construction_systems[0m[2m:[0m [CITY_CONSTRUCTION] Gate: No players with IsBuilding, transitioning to RemoveSurplusPopulation
[2m2026-04-14T17:50:26.726624Z[0m [32m INFO[0m [2madv_civ::civilization::concepts::remove_surplus_population::remove_surplus_systems[0m[2m:[0m [SURPLUS] '8:Trebizond' has surplus: total=2, max=1, surplus=1, players=1, has_city=false
[2m2026-04-14T17:50:26.726651Z[0m [32m INFO[0m [2madv_civ::civilization::concepts::remove_surplus_population::remove_surplus_systems[0m[2m:[0m [SURPLUS] '8:Trebizond': Removing surplus tokens from single-player area
[2m2026-04-14T17:50:26.726665Z[0m [32m INFO[0m [2madv_civ::civilization::concepts::remove_surplus_population::remove_surplus_systems[0m[2m:[0m [SURPLUS] '8:Trebizond': After removal: 2 -> 1 tokens, surplus=0
[2m2026-04-14T17:50:26.726674Z[0m [32m INFO[0m [2madv_civ::civilization::concepts::remove_surplus_population::remove_surplus_systems[0m[2m:[0m [SURPLUS] '24:Ascalon' has surplus: total=2, max=1, surplus=1, players=1, has_city=false
[2m2026-04-14T17:50:26.726682Z[0m [32m INFO[0m [2madv_civ::civilization::concepts::remove_surplus_population::remove_surplus_systems[0m[2m:[0m [SURPLUS] '24:Ascalon': Removing surplus tokens from single-player area
[2m2026-04-14T17:50:26.726692Z[0m [32m INFO[0m [2madv_civ::civilization::concepts::remove_surplus_population::remove_surplus_systems[0m[2m:[0m [SURPLUS] '24:Ascalon': After removal: 2 -> 1 tokens, surplus=0
[2m2026-04-14T17:50:26.726714Z[0m [32m INFO[0m [2madv_civ::civilization::concepts::remove_surplus_population::remove_surplus_systems[0m[2m:[0m [SURPLUS] Phase complete: processed 149 areas, 2 had surplus, removed 2 tokens total
[2m2026-04-14T17:50:26.748021Z[0m [32m INFO[0m [2madv_civ::civilization::concepts::check_city_support::check_city_support_systems[0m[2m:[0m [CITY_SUPPORT] Starting city support check phase
[2m2026-04-14T17:50:26.748052Z[0m [32m INFO[0m [2madv_civ::civilization::concepts::check_city_support::check_city_support_systems[0m[2m:[0m [CITY_SUPPORT] No players with cities, skipping to AcquireTradeCards
[2m2026-04-14T17:50:26.748579Z[0m [32m INFO[0m [2madv_civ::civilization::concepts::check_city_support::check_city_support_systems[0m[2m:[0m [CITY_SUPPORT] All checks complete, transitioning to AcquireTradeCards
[2m2026-04-14T17:50:26.764318Z[0m [32m INFO[0m [2madv_civ::civilization::concepts::acquire_trade_cards::trade_card_systems[0m[2m:[0m [TRADE_CARDS] Starting acquire trade cards phase
[2m2026-04-14T17:50:26.764373Z[0m [32m INFO[0m [2madv_civ::civilization::concepts::acquire_trade_cards::trade_card_systems[0m[2m:[0m [TRADE_CARDS] Processed 8 players, 0 have cities, sending CheckIfWeCanTrade
[2m2026-04-14T17:50:26.765914Z[0m [32m INFO[0m [2madv_civ::civilization::concepts::acquire_trade_cards::trade_card_systems[0m[2m:[0m [TRADE_CARDS] CheckIfWeCanTrade received: 0 players can trade
[2m2026-04-14T17:50:26.765939Z[0m [32m INFO[0m [2madv_civ::civilization::concepts::acquire_trade_cards::trade_card_systems[0m[2m:[0m [TRADE_CARDS] Not enough traders, transitioning to CollectTaxes
[2m2026-04-14T17:50:26.792442Z[0m [32m INFO[0m [2madv_civ::civilization::concepts::taxation::taxation_systems[0m[2m:[0m [TAXATION] No cities on the board — skipping taxation phase
[2m2026-04-14T17:50:26.795800Z[0m [32m INFO[0m [2madv_civ::civilization::concepts::taxation::taxation_systems[0m[2m:[0m [TAXATION] No revolts to resolve — transitioning to PopulationExpansion
[2m2026-04-14T17:50:26.814817Z[0m [32m INFO[0m [2madv_civ::civilization::concepts::population_expansion::population_expansion_systems[0m[2m:[0m [POP_EXP] Entering population expansion phase, round 2
[2m2026-04-14T17:50:26.814867Z[0m [32m INFO[0m [2madv_civ::civilization::concepts::population_expansion::population_expansion_systems[0m[2m:[0m [POP_EXP] 13 areas have population and need expansion
[2m2026-04-14T17:50:26.814883Z[0m [32m INFO[0m [2madv_civ::civilization::concepts::population_expansion::population_expansion_systems[0m[2m:[0m [POP_EXP] 0 human, 8 AI need expansion, 0 skipped (already done)
[2m2026-04-14T17:50:26.869718Z[0m [32m INFO[0m [2madv_civ::civilization::concepts::population_expansion::population_expansion_systems[0m[2m:[0m [POP_EXP] All players done with expansion, transitioning to Census
[2m2026-04-14T17:50:26.869747Z[0m [32m INFO[0m [2madv_civ::civilization::concepts::population_expansion::population_expansion_systems[0m[2m:[0m [POP_EXP] All players done with expansion, transitioning to Census
[2m2026-04-14T17:50:26.869756Z[0m [32m INFO[0m [2madv_civ::civilization::concepts::population_expansion::population_expansion_systems[0m[2m:[0m [POP_EXP] All players done with expansion, transitioning to Census
[2m2026-04-14T17:50:26.869762Z[0m [32m INFO[0m [2madv_civ::civilization::concepts::population_expansion::population_expansion_systems[0m[2m:[0m [POP_EXP] All players done with expansion, transitioning to Census
[2m2026-04-14T17:50:26.869769Z[0m [32m INFO[0m [2madv_civ::civilization::concepts::population_expansion::population_expansion_systems[0m[2m:[0m [POP_EXP] All players done with expansion, transitioning to Census
[2m2026-04-14T17:50:26.869776Z[0m [32m INFO[0m [2madv_civ::civilization::concepts::population_expansion::population_expansion_systems[0m[2m:[0m [POP_EXP] All players done with expansion, transitioning to Census
[2m2026-04-14T17:50:26.869783Z[0m [32m INFO[0m [2madv_civ::civilization::concepts::population_expansion::population_expansion_systems[0m[2m:[0m [POP_EXP] All players done with expansion, transitioning to Census
[2m2026-04-14T17:50:26.869790Z[0m [32m INFO[0m [2madv_civ::civilization::concepts::population_expansion::population_expansion_systems[0m[2m:[0m [POP_EXP] All players done with expansion, transitioning to Census
[2m2026-04-14T17:50:26.947342Z[0m [32m INFO[0m [2madv_civ::civilization::concepts::ships::ship_systems[0m[2m:[0m [SHIPS] Cleopatra of Africa builds a ship at 252v0 (fleet: 2/4)
[2m2026-04-14T17:50:26.947376Z[0m [32m INFO[0m [2madv_civ::civilization::concepts::ships::ship_systems[0m[2m:[0m [SHIPS] Leonidas of Iberia builds a ship at 153v0 (fleet: 2/4)
[2m2026-04-14T17:50:26.947383Z[0m [32m INFO[0m [2madv_civ::civilization::concepts::ships::ship_systems[0m[2m:[0m [SHIPS] Hammurabi of Asia builds a ship at 152v0 (fleet: 2/4)
[2m2026-04-14T17:50:26.947389Z[0m [32m INFO[0m [2madv_civ::civilization::concepts::ships::ship_systems[0m[2m:[0m [SHIPS] Pericles of Babylon builds a ship at 132v1 (fleet: 2/4)
[2m2026-04-14T17:50:26.947395Z[0m [32m INFO[0m [2madv_civ::civilization::concepts::ships::ship_systems[0m[2m:[0m [SHIPS] Alexander of Assyria builds a ship at 137v1 (fleet: 2/4)
[2m2026-04-14T17:50:26.947400Z[0m [32m INFO[0m [2madv_civ::civilization::concepts::ships::ship_systems[0m[2m:[0m [SHIPS] Ramesses of Crete builds a ship at 238v0 (fleet: 2/4)
[2m2026-04-14T17:50:26.947405Z[0m [32m INFO[0m [2madv_civ::civilization::concepts::ships::ship_systems[0m[2m:[0m [SHIPS] Hatshepsut of Thrace builds a ship at 148v0 (fleet: 2/4)
[2m2026-04-14T17:50:26.947411Z[0m [32m INFO[0m [2madv_civ::civilization::concepts::ships::ship_systems[0m[2m:[0m [SHIPS] Tutankhamun of Illyria builds a ship at 145v0 (fleet: 2/4)
[2m2026-04-14T17:50:27.059688Z[0m [32m INFO[0m [2mbevy_diagnostic[0m[2m:[0m started_load_count:   69.000000   (avg 68.558333)
[2m2026-04-14T17:50:27.115194Z[0m [32m INFO[0m [2madv_civ::civilization::concepts::movement::movement_systems[0m[2m:[0m [SHIPS] Ferry: 1 token(s) moved 238v0 → 239v0; ship follows
[2m2026-04-14T17:50:27.146726Z[0m [32m INFO[0m [2madv_civ::civilization::concepts::movement::movement_systems[0m[2m:[0m Player Ramesses of Crete has ended movement
[2m2026-04-14T17:50:27.200399Z[0m [32m INFO[0m [2madv_civ::civilization::concepts::movement::movement_systems[0m[2m:[0m Player Tutankhamun of Illyria has ended movement
[2m2026-04-14T17:50:27.430320Z[0m [32m INFO[0m [2madv_civ::civilization::concepts::movement::movement_systems[0m[2m:[0m Player Hammurabi of Asia has ended movement
[2m2026-04-14T17:50:27.503245Z[0m [32m INFO[0m [2madv_civ::civilization::concepts::movement::movement_systems[0m[2m:[0m [SHIPS] Ferry: 1 token(s) moved 252v0 → 253v0; ship follows
[2m2026-04-14T17:50:27.669779Z[0m [32m INFO[0m [2madv_civ::civilization::concepts::movement::movement_systems[0m[2m:[0m Player Cleopatra of Africa has ended movement
[2m2026-04-14T17:50:27.867153Z[0m [32m INFO[0m [2madv_civ::civilization::concepts::movement::movement_systems[0m[2m:[0m Player Hatshepsut of Thrace has ended movement
[2m2026-04-14T17:50:28.067083Z[0m [32m INFO[0m [2mbevy_diagnostic[0m[2m:[0m started_load_count:   69.000000   (avg 68.933333)
[2m2026-04-14T17:50:28.131506Z[0m [32m INFO[0m [2madv_civ::civilization::concepts::movement::movement_systems[0m[2m:[0m Player Pericles of Babylon has ended movement
[2m2026-04-14T17:50:28.262762Z[0m [32m INFO[0m [2madv_civ::civilization::concepts::movement::movement_systems[0m[2m:[0m Player Leonidas of Iberia has ended movement
[2m2026-04-14T17:50:28.297783Z[0m [32m INFO[0m [2madv_civ::civilization::concepts::movement::movement_systems[0m[2m:[0m [SHIPS] Ferry: 1 token(s) moved 137v1 → 132v1; ship follows
[2m2026-04-14T17:50:28.330946Z[0m [32m INFO[0m [2madv_civ::civilization::concepts::movement::movement_systems[0m[2m:[0m [SHIPS] Ferry: 1 token(s) moved 137v1 → 149v0; ship follows
[2m2026-04-14T17:50:28.363020Z[0m [32m INFO[0m [2madv_civ::civilization::concepts::movement::movement_systems[0m[2m:[0m Player Alexander of Assyria has ended movement
[2m2026-04-14T17:50:28.363078Z[0m [32m INFO[0m [2madv_civ::civilization::concepts::movement::movement_systems[0m[2m:[0m No more players to move, transitioning to Conflict
[2m2026-04-14T17:50:28.412014Z[0m [32m INFO[0m [2madv_civ::civilization::concepts::conflict::conflict_systems[0m[2m:[0m No conflicts found, transitioning to CityConstruction
[2m2026-04-14T17:50:28.429631Z[0m [32m INFO[0m [2madv_civ::civilization::concepts::city_construction::city_construction_systems[0m[2m:[0m [CITY_CONSTRUCTION] Entering city construction phase
[2m2026-04-14T17:50:28.429650Z[0m [32m INFO[0m [2madv_civ::civilization::concepts::city_construction::city_construction_systems[0m[2m:[0m [CITY_CONSTRUCTION] LoadingFromSave present: false
[2m2026-04-14T17:50:28.429658Z[0m [32m INFO[0m [2madv_civ::civilization::concepts::city_construction::city_construction_systems[0m[2m:[0m [CITY_CONSTRUCTION] Total players: 8
[2m2026-04-14T17:50:28.429665Z[0m [32m INFO[0m [2madv_civ::civilization::concepts::city_construction::city_construction_systems[0m[2m:[0m [CITY_CONSTRUCTION] Marking Asia for building
[2m2026-04-14T17:50:28.429672Z[0m [32m INFO[0m [2madv_civ::civilization::concepts::city_construction::city_construction_systems[0m[2m:[0m [CITY_CONSTRUCTION] Marking Babylon for building
[2m2026-04-14T17:50:28.429678Z[0m [32m INFO[0m [2madv_civ::civilization::concepts::city_construction::city_construction_systems[0m[2m:[0m [CITY_CONSTRUCTION] Marking Illyria for building
[2m2026-04-14T17:50:28.429683Z[0m [32m INFO[0m [2madv_civ::civilization::concepts::city_construction::city_construction_systems[0m[2m:[0m [CITY_CONSTRUCTION] Marking Thrace for building
[2m2026-04-14T17:50:28.429689Z[0m [32m INFO[0m [2madv_civ::civilization::concepts::city_construction::city_construction_systems[0m[2m:[0m [CITY_CONSTRUCTION] Marking Iberia for building
[2m2026-04-14T17:50:28.429695Z[0m [32m INFO[0m [2madv_civ::civilization::concepts::city_construction::city_construction_systems[0m[2m:[0m [CITY_CONSTRUCTION] Marking Crete for building
[2m2026-04-14T17:50:28.429701Z[0m [32m INFO[0m [2madv_civ::civilization::concepts::city_construction::city_construction_systems[0m[2m:[0m [CITY_CONSTRUCTION] Marking Africa for building
[2m2026-04-14T17:50:28.429706Z[0m [32m INFO[0m [2madv_civ::civilization::concepts::city_construction::city_construction_systems[0m[2m:[0m [CITY_CONSTRUCTION] Marking Assyria for building
[2m2026-04-14T17:50:28.429712Z[0m [32m INFO[0m [2madv_civ::civilization::concepts::city_construction::city_construction_systems[0m[2m:[0m [CITY_CONSTRUCTION] Summary: 8 marked for building, 0 skipped
[2m2026-04-14T17:50:28.429720Z[0m [32m INFO[0m [2madv_civ::civilization::concepts::city_construction::city_construction_systems[0m[2m:[0m [CITY_CONSTRUCTION] Inserted CityConstructionPhaseActive resource
[2m2026-04-14T17:50:28.447056Z[0m [32m INFO[0m [2madv_civ::civilization::concepts::city_construction::city_construction_systems[0m[2m:[0m [CITY_CONSTRUCTION] Gate: No players with IsBuilding, transitioning to RemoveSurplusPopulation
[2m2026-04-14T17:50:28.462610Z[0m [32m INFO[0m [2madv_civ::civilization::concepts::remove_surplus_population::remove_surplus_systems[0m[2m:[0m [SURPLUS] '126:Homs' has surplus: total=2, max=1, surplus=1, players=1, has_city=false
[2m2026-04-14T17:50:28.462629Z[0m [32m INFO[0m [2madv_civ::civilization::concepts::remove_surplus_population::remove_surplus_systems[0m[2m:[0m [SURPLUS] '126:Homs': Removing surplus tokens from single-player area
[2m2026-04-14T17:50:28.462638Z[0m [32m INFO[0m [2madv_civ::civilization::concepts::remove_surplus_population::remove_surplus_systems[0m[2m:[0m [SURPLUS] '126:Homs': After removal: 2 -> 1 tokens, surplus=0
[2m2026-04-14T17:50:28.462643Z[0m [32m INFO[0m [2madv_civ::civilization::concepts::remove_surplus_population::remove_surplus_systems[0m[2m:[0m [SURPLUS] '10:Aelia Capitolina' has surplus: total=4, max=1, surplus=3, players=1, has_city=false
[2m2026-04-14T17:50:28.462647Z[0m [32m INFO[0m [2madv_civ::civilization::concepts::remove_surplus_population::remove_surplus_systems[0m[2m:[0m [SURPLUS] '10:Aelia Capitolina': Removing surplus tokens from single-player area
[2m2026-04-14T17:50:28.462653Z[0m [32m INFO[0m [2madv_civ::civilization::concepts::remove_surplus_population::remove_surplus_systems[0m[2m:[0m [SURPLUS] '10:Aelia Capitolina': After removal: 4 -> 1 tokens, surplus=0
[2m2026-04-14T17:50:28.462678Z[0m [32m INFO[0m [2madv_civ::civilization::concepts::remove_surplus_population::remove_surplus_systems[0m[2m:[0m [SURPLUS] '108:Rhodes' has surplus: total=3, max=2, surplus=1, players=1, has_city=false
[2m2026-04-14T17:50:28.462683Z[0m [32m INFO[0m [2madv_civ::civilization::concepts::remove_surplus_population::remove_surplus_systems[0m[2m:[0m [SURPLUS] '108:Rhodes': Removing surplus tokens from single-player area
[2m2026-04-14T17:50:28.462688Z[0m [32m INFO[0m [2madv_civ::civilization::concepts::remove_surplus_population::remove_surplus_systems[0m[2m:[0m [SURPLUS] '108:Rhodes': After removal: 3 -> 2 tokens, surplus=0
[2m2026-04-14T17:50:28.462693Z[0m [32m INFO[0m [2madv_civ::civilization::concepts::remove_surplus_population::remove_surplus_systems[0m[2m:[0m [SURPLUS] '16:Segesta' has surplus: total=2, max=1, surplus=1, players=1, has_city=false
[2m2026-04-14T17:50:28.462700Z[0m [32m INFO[0m [2madv_civ::civilization::concepts::remove_surplus_population::remove_surplus_systems[0m[2m:[0m [SURPLUS] '16:Segesta': Removing surplus tokens from single-player area
[2m2026-04-14T17:50:28.462707Z[0m [32m INFO[0m [2madv_civ::civilization::concepts::remove_surplus_population::remove_surplus_systems[0m[2m:[0m [SURPLUS] '16:Segesta': After removal: 2 -> 1 tokens, surplus=0
[2m2026-04-14T17:50:28.462716Z[0m [32m INFO[0m [2madv_civ::civilization::concepts::remove_surplus_population::remove_surplus_systems[0m[2m:[0m [SURPLUS] Phase complete: processed 149 areas, 4 had surplus, removed 6 tokens total
[2m2026-04-14T17:50:28.496728Z[0m [32m INFO[0m [2madv_civ::civilization::concepts::check_city_support::check_city_support_systems[0m[2m:[0m [CITY_SUPPORT] Starting city support check phase
[2m2026-04-14T17:50:28.496758Z[0m [32m INFO[0m [2madv_civ::civilization::concepts::check_city_support::check_city_support_systems[0m[2m:[0m [CITY_SUPPORT] No players with cities, skipping to AcquireTradeCards
[2m2026-04-14T17:50:28.501649Z[0m [32m INFO[0m [2madv_civ::civilization::concepts::check_city_support::check_city_support_systems[0m[2m:[0m [CITY_SUPPORT] All checks complete, transitioning to AcquireTradeCards
[2m2026-04-14T17:50:28.523754Z[0m [32m INFO[0m [2madv_civ::civilization::concepts::acquire_trade_cards::trade_card_systems[0m[2m:[0m [TRADE_CARDS] Starting acquire trade cards phase
[2m2026-04-14T17:50:28.523792Z[0m [32m INFO[0m [2madv_civ::civilization::concepts::acquire_trade_cards::trade_card_systems[0m[2m:[0m [TRADE_CARDS] Processed 8 players, 0 have cities, sending CheckIfWeCanTrade
[2m2026-04-14T17:50:28.525086Z[0m [32m INFO[0m [2madv_civ::civilization::concepts::acquire_trade_cards::trade_card_systems[0m[2m:[0m [TRADE_CARDS] CheckIfWeCanTrade received: 0 players can trade
[2m2026-04-14T17:50:28.525103Z[0m [32m INFO[0m [2madv_civ::civilization::concepts::acquire_trade_cards::trade_card_systems[0m[2m:[0m [TRADE_CARDS] Not enough traders, transitioning to CollectTaxes
[2m2026-04-14T17:50:28.544528Z[0m [32m INFO[0m [2madv_civ::civilization::concepts::taxation::taxation_systems[0m[2m:[0m [TAXATION] No cities on the board — skipping taxation phase
[2m2026-04-14T17:50:28.548200Z[0m [32m INFO[0m [2madv_civ::civilization::concepts::taxation::taxation_systems[0m[2m:[0m [TAXATION] No revolts to resolve — transitioning to PopulationExpansion
[2m2026-04-14T17:50:28.594643Z[0m [32m INFO[0m [2madv_civ::civilization::concepts::population_expansion::population_expansion_systems[0m[2m:[0m [POP_EXP] Entering population expansion phase, round 3
[2m2026-04-14T17:50:28.594704Z[0m [32m INFO[0m [2madv_civ::civilization::concepts::population_expansion::population_expansion_systems[0m[2m:[0m [POP_EXP] 20 areas have population and need expansion
[2m2026-04-14T17:50:28.594720Z[0m [32m INFO[0m [2madv_civ::civilization::concepts::population_expansion::population_expansion_systems[0m[2m:[0m [POP_EXP] 0 human, 8 AI need expansion, 0 skipped (already done)
[2m2026-04-14T17:50:28.630104Z[0m [32m INFO[0m [2madv_civ::civilization::concepts::population_expansion::population_expansion_systems[0m[2m:[0m [POP_EXP] All players done with expansion, transitioning to Census
[2m2026-04-14T17:50:28.630134Z[0m [32m INFO[0m [2madv_civ::civilization::concepts::population_expansion::population_expansion_systems[0m[2m:[0m [POP_EXP] All players done with expansion, transitioning to Census
[2m2026-04-14T17:50:28.630142Z[0m [32m INFO[0m [2madv_civ::civilization::concepts::population_expansion::population_expansion_systems[0m[2m:[0m [POP_EXP] All players done with expansion, transitioning to Census
[2m2026-04-14T17:50:28.630148Z[0m [32m INFO[0m [2madv_civ::civilization::concepts::population_expansion::population_expansion_systems[0m[2m:[0m [POP_EXP] All players done with expansion, transitioning to Census
[2m2026-04-14T17:50:28.630155Z[0m [32m INFO[0m [2madv_civ::civilization::concepts::population_expansion::population_expansion_systems[0m[2m:[0m [POP_EXP] All players done with expansion, transitioning to Census
[2m2026-04-14T17:50:28.630161Z[0m [32m INFO[0m [2madv_civ::civilization::concepts::population_expansion::population_expansion_systems[0m[2m:[0m [POP_EXP] All players done with expansion, transitioning to Census
[2m2026-04-14T17:50:28.630167Z[0m [32m INFO[0m [2madv_civ::civilization::concepts::population_expansion::population_expansion_systems[0m[2m:[0m [POP_EXP] All players done with expansion, transitioning to Census
[2m2026-04-14T17:50:28.630173Z[0m [32m INFO[0m [2madv_civ::civilization::concepts::population_expansion::population_expansion_systems[0m[2m:[0m [POP_EXP] All players done with expansion, transitioning to Census
[2m2026-04-14T17:50:28.663171Z[0m [32m INFO[0m [2madv_civ::civilization::concepts::ships::ship_systems[0m[2m:[0m [SHIPS] Hammurabi of Asia builds a ship at 152v0 (fleet: 3/4)
[2m2026-04-14T17:50:28.663193Z[0m [32m INFO[0m [2madv_civ::civilization::concepts::ships::ship_systems[0m[2m:[0m [SHIPS] Pericles of Babylon builds a ship at 130v1 (fleet: 3/4)
[2m2026-04-14T17:50:28.663199Z[0m [32m INFO[0m [2madv_civ::civilization::concepts::ships::ship_systems[0m[2m:[0m [SHIPS] Tutankhamun of Illyria builds a ship at 145v0 (fleet: 3/4)
[2m2026-04-14T17:50:28.663205Z[0m [32m INFO[0m [2madv_civ::civilization::concepts::ships::ship_systems[0m[2m:[0m [SHIPS] Hatshepsut of Thrace builds a ship at 165v0 (fleet: 3/4)
[2m2026-04-14T17:50:28.663210Z[0m [32m INFO[0m [2madv_civ::civilization::concepts::ships::ship_systems[0m[2m:[0m [SHIPS] Leonidas of Iberia builds a ship at 172v0 (fleet: 3/4)
[2m2026-04-14T17:50:28.663217Z[0m [32m INFO[0m [2madv_civ::civilization::concepts::ships::ship_systems[0m[2m:[0m [SHIPS] Ramesses of Crete builds a ship at 237v0 (fleet: 3/4)
[2m2026-04-14T17:50:28.663225Z[0m [32m INFO[0m [2madv_civ::civilization::concepts::ships::ship_systems[0m[2m:[0m [SHIPS] Cleopatra of Africa builds a ship at 253v0 (fleet: 3/4)
[2m2026-04-14T17:50:28.663233Z[0m [32m INFO[0m [2madv_civ::civilization::concepts::ships::ship_systems[0m[2m:[0m [SHIPS] Alexander of Assyria builds a ship at 132v1 (fleet: 3/4)
[2m2026-04-14T17:50:28.779896Z[0m [32m INFO[0m [2madv_civ::civilization::concepts::movement::movement_systems[0m[2m:[0m [SHIPS] Ferry: 1 token(s) moved 152v0 → 170v0; ship follows
[2m2026-04-14T17:50:29.000098Z[0m [32m INFO[0m [2madv_civ::civilization::concepts::movement::movement_systems[0m[2m:[0m Player Hammurabi of Asia has ended movement
[2m2026-04-14T17:50:29.049295Z[0m [32m INFO[0m [2mbevy_diagnostic[0m[2m:[0m started_load_count:   69.000000   (avg 69.000000)
[2m2026-04-14T17:50:29.329527Z[0m [32m INFO[0m [2madv_civ::civilization::concepts::movement::movement_systems[0m[2m:[0m Player Hatshepsut of Thrace has ended movement
[2m2026-04-14T17:50:29.354402Z[0m [32m INFO[0m [2madv_civ::civilization::concepts::movement::movement_systems[0m[2m:[0m [SHIPS] Ferry: 3 token(s) moved 237v0 → 231v0; ship follows
[2m2026-04-14T17:50:29.396952Z[0m [32m INFO[0m [2madv_civ::civilization::concepts::movement::movement_systems[0m[2m:[0m Player Ramesses of Crete has ended movement
[2m2026-04-14T17:50:29.660093Z[0m [32m INFO[0m [2madv_civ::civilization::concepts::movement::movement_systems[0m[2m:[0m Player Tutankhamun of Illyria has ended movement
[2m2026-04-14T17:50:29.951686Z[0m [32m INFO[0m [2madv_civ::civilization::concepts::movement::movement_systems[0m[2m:[0m Player Cleopatra of Africa has ended movement
[2m2026-04-14T17:50:30.084412Z[0m [32m INFO[0m [2mbevy_diagnostic[0m[2m:[0m started_load_count:   69.000000   (avg 69.000000)
[2m2026-04-14T17:50:30.134396Z[0m [32m INFO[0m [2madv_civ::civilization::concepts::movement::movement_systems[0m[2m:[0m Player Leonidas of Iberia has ended movement
[2m2026-04-14T17:50:30.298317Z[0m [32m INFO[0m [2madv_civ::civilization::concepts::movement::movement_systems[0m[2m:[0m [SHIPS] Ferry: 1 token(s) moved 149v0 → 137v1; ship follows
[2m2026-04-14T17:50:30.328768Z[0m [32m INFO[0m [2madv_civ::civilization::concepts::movement::movement_systems[0m[2m:[0m Player Alexander of Assyria has ended movement
[2m2026-04-14T17:50:30.442172Z[0m [32m INFO[0m [2madv_civ::civilization::concepts::movement::movement_systems[0m[2m:[0m Player Pericles of Babylon has ended movement
[2m2026-04-14T17:50:30.442256Z[0m [32m INFO[0m [2madv_civ::civilization::concepts::movement::movement_systems[0m[2m:[0m No more players to move, transitioning to Conflict
[2m2026-04-14T17:50:30.452467Z[0m [32m INFO[0m [2madv_civ::civilization::concepts::conflict::conflict_systems[0m[2m:[0m No conflicts found, transitioning to CityConstruction
[2m2026-04-14T17:50:30.464761Z[0m [32m INFO[0m [2madv_civ::civilization::concepts::city_construction::city_construction_systems[0m[2m:[0m [CITY_CONSTRUCTION] Entering city construction phase
[2m2026-04-14T17:50:30.464782Z[0m [32m INFO[0m [2madv_civ::civilization::concepts::city_construction::city_construction_systems[0m[2m:[0m [CITY_CONSTRUCTION] LoadingFromSave present: false
[2m2026-04-14T17:50:30.464792Z[0m [32m INFO[0m [2madv_civ::civilization::concepts::city_construction::city_construction_systems[0m[2m:[0m [CITY_CONSTRUCTION] Total players: 8
[2m2026-04-14T17:50:30.464798Z[0m [32m INFO[0m [2madv_civ::civilization::concepts::city_construction::city_construction_systems[0m[2m:[0m [CITY_CONSTRUCTION] Marking Iberia for building
[2m2026-04-14T17:50:30.464804Z[0m [32m INFO[0m [2madv_civ::civilization::concepts::city_construction::city_construction_systems[0m[2m:[0m [CITY_CONSTRUCTION] Marking Assyria for building
[2m2026-04-14T17:50:30.464808Z[0m [32m INFO[0m [2madv_civ::civilization::concepts::city_construction::city_construction_systems[0m[2m:[0m [CITY_CONSTRUCTION] Marking Crete for building
[2m2026-04-14T17:50:30.464813Z[0m [32m INFO[0m [2madv_civ::civilization::concepts::city_construction::city_construction_systems[0m[2m:[0m [CITY_CONSTRUCTION] Marking Asia for building
[2m2026-04-14T17:50:30.464817Z[0m [32m INFO[0m [2madv_civ::civilization::concepts::city_construction::city_construction_systems[0m[2m:[0m [CITY_CONSTRUCTION] Marking Africa for building
[2m2026-04-14T17:50:30.464822Z[0m [32m INFO[0m [2madv_civ::civilization::concepts::city_construction::city_construction_systems[0m[2m:[0m [CITY_CONSTRUCTION] Marking Thrace for building
[2m2026-04-14T17:50:30.464826Z[0m [32m INFO[0m [2madv_civ::civilization::concepts::city_construction::city_construction_systems[0m[2m:[0m [CITY_CONSTRUCTION] Marking Illyria for building
[2m2026-04-14T17:50:30.464831Z[0m [32m INFO[0m [2madv_civ::civilization::concepts::city_construction::city_construction_systems[0m[2m:[0m [CITY_CONSTRUCTION] Marking Babylon for building
[2m2026-04-14T17:50:30.464836Z[0m [32m INFO[0m [2madv_civ::civilization::concepts::city_construction::city_construction_systems[0m[2m:[0m [CITY_CONSTRUCTION] Summary: 8 marked for building, 0 skipped
[2m2026-04-14T17:50:30.464842Z[0m [32m INFO[0m [2madv_civ::civilization::concepts::city_construction::city_construction_systems[0m[2m:[0m [CITY_CONSTRUCTION] Inserted CityConstructionPhaseActive resource
[2m2026-04-14T17:50:30.479830Z[0m [32m INFO[0m [2madv_civ::civilization::concepts::city_construction::city_construction_systems[0m[2m:[0m [CITY_CONSTRUCTION] Gate: No players with IsBuilding, transitioning to RemoveSurplusPopulation
[2m2026-04-14T17:50:30.496508Z[0m [32m INFO[0m [2madv_civ::civilization::concepts::remove_surplus_population::remove_surplus_systems[0m[2m:[0m [SURPLUS] '8:Trebizond' has surplus: total=2, max=1, surplus=1, players=1, has_city=false
[2m2026-04-14T17:50:30.496526Z[0m [32m INFO[0m [2madv_civ::civilization::concepts::remove_surplus_population::remove_surplus_systems[0m[2m:[0m [SURPLUS] '8:Trebizond': Removing surplus tokens from single-player area
[2m2026-04-14T17:50:30.496539Z[0m [32m INFO[0m [2madv_civ::civilization::concepts::remove_surplus_population::remove_surplus_systems[0m[2m:[0m [SURPLUS] '8:Trebizond': After removal: 2 -> 1 tokens, surplus=0
[2m2026-04-14T17:50:30.496570Z[0m [32m INFO[0m [2madv_civ::civilization::concepts::remove_surplus_population::remove_surplus_systems[0m[2m:[0m [SURPLUS] '102:Sirmium' has surplus: total=3, max=1, surplus=2, players=1, has_city=false
[2m2026-04-14T17:50:30.496577Z[0m [32m INFO[0m [2madv_civ::civilization::concepts::remove_surplus_population::remove_surplus_systems[0m[2m:[0m [SURPLUS] '102:Sirmium': Removing surplus tokens from single-player area
[2m2026-04-14T17:50:30.496584Z[0m [32m INFO[0m [2madv_civ::civilization::concepts::remove_surplus_population::remove_surplus_systems[0m[2m:[0m [SURPLUS] '102:Sirmium': After removal: 3 -> 1 tokens, surplus=0
[2m2026-04-14T17:50:30.496601Z[0m [32m INFO[0m [2madv_civ::civilization::concepts::remove_surplus_population::remove_surplus_systems[0m[2m:[0m [SURPLUS] '16:Segesta' has surplus: total=2, max=1, surplus=1, players=1, has_city=false
[2m2026-04-14T17:50:30.496607Z[0m [32m INFO[0m [2madv_civ::civilization::concepts::remove_surplus_population::remove_surplus_systems[0m[2m:[0m [SURPLUS] '16:Segesta': Removing surplus tokens from single-player area
[2m2026-04-14T17:50:30.496614Z[0m [32m INFO[0m [2madv_civ::civilization::concepts::remove_surplus_population::remove_surplus_systems[0m[2m:[0m [SURPLUS] '16:Segesta': After removal: 2 -> 1 tokens, surplus=0
[2m2026-04-14T17:50:30.496623Z[0m [32m INFO[0m [2madv_civ::civilization::concepts::remove_surplus_population::remove_surplus_systems[0m[2m:[0m [SURPLUS] Phase complete: processed 149 areas, 3 had surplus, removed 4 tokens total
[2m2026-04-14T17:50:30.513125Z[0m [32m INFO[0m [2madv_civ::civilization::concepts::check_city_support::check_city_support_systems[0m[2m:[0m [CITY_SUPPORT] Starting city support check phase
[2m2026-04-14T17:50:30.513174Z[0m [32m INFO[0m [2madv_civ::civilization::concepts::check_city_support::check_city_support_systems[0m[2m:[0m [CITY_SUPPORT] No players with cities, skipping to AcquireTradeCards
[2m2026-04-14T17:50:30.513605Z[0m [32m INFO[0m [2madv_civ::civilization::concepts::check_city_support::check_city_support_systems[0m[2m:[0m [CITY_SUPPORT] All checks complete, transitioning to AcquireTradeCards
[2m2026-04-14T17:50:30.529256Z[0m [32m INFO[0m [2madv_civ::civilization::concepts::acquire_trade_cards::trade_card_systems[0m[2m:[0m [TRADE_CARDS] Starting acquire trade cards phase
[2m2026-04-14T17:50:30.529290Z[0m [32m INFO[0m [2madv_civ::civilization::concepts::acquire_trade_cards::trade_card_systems[0m[2m:[0m [TRADE_CARDS] Processed 8 players, 0 have cities, sending CheckIfWeCanTrade
[2m2026-04-14T17:50:30.529594Z[0m [32m INFO[0m [2madv_civ::civilization::concepts::acquire_trade_cards::trade_card_systems[0m[2m:[0m [TRADE_CARDS] CheckIfWeCanTrade received: 0 players can trade
[2m2026-04-14T17:50:30.529609Z[0m [32m INFO[0m [2madv_civ::civilization::concepts::acquire_trade_cards::trade_card_systems[0m[2m:[0m [TRADE_CARDS] Not enough traders, transitioning to CollectTaxes
[2m2026-04-14T17:50:30.545493Z[0m [32m INFO[0m [2madv_civ::civilization::concepts::taxation::taxation_systems[0m[2m:[0m [TAXATION] No cities on the board — skipping taxation phase
[2m2026-04-14T17:50:30.548956Z[0m [32m INFO[0m [2madv_civ::civilization::concepts::taxation::taxation_systems[0m[2m:[0m [TAXATION] No revolts to resolve — transitioning to PopulationExpansion
[2m2026-04-14T17:50:30.561933Z[0m [32m INFO[0m [2madv_civ::civilization::concepts::population_expansion::population_expansion_systems[0m[2m:[0m [POP_EXP] Entering population expansion phase, round 4
[2m2026-04-14T17:50:30.562030Z[0m [32m INFO[0m [2madv_civ::civilization::concepts::population_expansion::population_expansion_systems[0m[2m:[0m [POP_EXP] 34 areas have population and need expansion
[2m2026-04-14T17:50:30.562051Z[0m [32m INFO[0m [2madv_civ::civilization::concepts::population_expansion::population_expansion_systems[0m[2m:[0m [POP_EXP] 0 human, 8 AI need expansion, 0 skipped (already done)
[2m2026-04-14T17:50:30.646551Z[0m [32m INFO[0m [2madv_civ::civilization::concepts::population_expansion::population_expansion_systems[0m[2m:[0m [POP_EXP] All players done with expansion, transitioning to Census
[2m2026-04-14T17:50:30.646599Z[0m [32m INFO[0m [2madv_civ::civilization::concepts::population_expansion::population_expansion_systems[0m[2m:[0m [POP_EXP] All players done with expansion, transitioning to Census
[2m2026-04-14T17:50:30.646606Z[0m [32m INFO[0m [2madv_civ::civilization::concepts::population_expansion::population_expansion_systems[0m[2m:[0m [POP_EXP] All players done with expansion, transitioning to Census
[2m2026-04-14T17:50:30.646611Z[0m [32m INFO[0m [2madv_civ::civilization::concepts::population_expansion::population_expansion_systems[0m[2m:[0m [POP_EXP] All players done with expansion, transitioning to Census
[2m2026-04-14T17:50:30.646616Z[0m [32m INFO[0m [2madv_civ::civilization::concepts::population_expansion::population_expansion_systems[0m[2m:[0m [POP_EXP] All players done with expansion, transitioning to Census
[2m2026-04-14T17:50:30.646621Z[0m [32m INFO[0m [2madv_civ::civilization::concepts::population_expansion::population_expansion_systems[0m[2m:[0m [POP_EXP] All players done with expansion, transitioning to Census
[2m2026-04-14T17:50:30.646626Z[0m [32m INFO[0m [2madv_civ::civilization::concepts::population_expansion::population_expansion_systems[0m[2m:[0m [POP_EXP] All players done with expansion, transitioning to Census
[2m2026-04-14T17:50:30.646631Z[0m [32m INFO[0m [2madv_civ::civilization::concepts::population_expansion::population_expansion_systems[0m[2m:[0m [POP_EXP] All players done with expansion, transitioning to Census
[2m2026-04-14T17:50:30.689956Z[0m [32m INFO[0m [2madv_civ::civilization::concepts::ships::ship_systems[0m[2m:[0m [SHIPS] Leonidas of Iberia builds a ship at 155v0 (fleet: 4/4)
[2m2026-04-14T17:50:30.689975Z[0m [32m INFO[0m [2madv_civ::civilization::concepts::ships::ship_systems[0m[2m:[0m [SHIPS] Alexander of Assyria builds a ship at 150v0 (fleet: 4/4)
[2m2026-04-14T17:50:30.689985Z[0m [32m INFO[0m [2madv_civ::civilization::concepts::ships::ship_systems[0m[2m:[0m [SHIPS] Ramesses of Crete builds a ship at 231v0 (fleet: 4/4)
[2m2026-04-14T17:50:30.689992Z[0m [32m INFO[0m [2madv_civ::civilization::concepts::ships::ship_systems[0m[2m:[0m [SHIPS] Hammurabi of Asia builds a ship at 191v0 (fleet: 4/4)
[2m2026-04-14T17:50:30.689999Z[0m [32m INFO[0m [2madv_civ::civilization::concepts::ships::ship_systems[0m[2m:[0m [SHIPS] Cleopatra of Africa builds a ship at 256v0 (fleet: 4/4)
[2m2026-04-14T17:50:30.690007Z[0m [32m INFO[0m [2madv_civ::civilization::concepts::ships::ship_systems[0m[2m:[0m [SHIPS] Hatshepsut of Thrace builds a ship at 163v0 (fleet: 4/4)
[2m2026-04-14T17:50:30.690013Z[0m [32m INFO[0m [2madv_civ::civilization::concepts::ships::ship_systems[0m[2m:[0m [SHIPS] Tutankhamun of Illyria builds a ship at 144v0 (fleet: 4/4)
[2m2026-04-14T17:50:30.690020Z[0m [32m INFO[0m [2madv_civ::civilization::concepts::ships::ship_systems[0m[2m:[0m [SHIPS] Pericles of Babylon builds a ship at 132v1 (fleet: 4/4)
[2m2026-04-14T17:50:30.924902Z[0m [32m INFO[0m [2madv_civ::civilization::concepts::movement::movement_systems[0m[2m:[0m [SHIPS] Ferry: 1 token(s) moved 152v0 → 170v0; ship follows
[2m2026-04-14T17:50:31.049045Z[0m [32m INFO[0m [2mbevy_diagnostic[0m[2m:[0m started_load_count:   69.000000   (avg 69.000000)
[2m2026-04-14T17:50:31.296462Z[0m [32m INFO[0m [2madv_civ::civilization::concepts::movement::movement_systems[0m[2m:[0m Player Hammurabi of Asia has ended movement
[2m2026-04-14T17:50:32.046897Z[0m [32m INFO[0m [2madv_civ::civilization::concepts::movement::movement_systems[0m[2m:[0m Player Hatshepsut of Thrace has ended movement
[2m2026-04-14T17:50:32.048535Z[0m [32m INFO[0m [2mbevy_diagnostic[0m[2m:[0m started_load_count:   69.000000   (avg 69.000000)
[2m2026-04-14T17:50:32.314174Z[0m [32m INFO[0m [2madv_civ::civilization::concepts::movement::movement_systems[0m[2m:[0m [SHIPS] Ferry: 1 token(s) moved 256v0 → 254v0; ship follows
[2m2026-04-14T17:50:32.408056Z[0m [32m INFO[0m [2madv_civ::civilization::concepts::movement::movement_systems[0m[2m:[0m Player Cleopatra of Africa has ended movement
[2m2026-04-14T17:50:33.052577Z[0m [32m INFO[0m [2mbevy_diagnostic[0m[2m:[0m started_load_count:   69.000000   (avg 69.000000)
[2m2026-04-14T17:50:33.146345Z[0m [32m INFO[0m [2madv_civ::civilization::concepts::movement::movement_systems[0m[2m:[0m Player Tutankhamun of Illyria has ended movement
[2m2026-04-14T17:50:33.215564Z[0m [32m INFO[0m [2madv_civ::civilization::concepts::movement::movement_systems[0m[2m:[0m [SHIPS] Ferry: 1 token(s) moved 231v0 → 230v0; ship follows
[2m2026-04-14T17:50:33.280834Z[0m [32m INFO[0m [2madv_civ::civilization::concepts::movement::movement_systems[0m[2m:[0m [SHIPS] Ferry: 1 token(s) moved 237v0 → 236v0; ship follows
[2m2026-04-14T17:50:33.314766Z[0m [32m INFO[0m [2madv_civ::civilization::concepts::movement::movement_systems[0m[2m:[0m [SHIPS] Ferry: 3 token(s) moved 239v0 → 238v0; ship follows
[2m2026-04-14T17:50:33.396498Z[0m [32m INFO[0m [2madv_civ::civilization::concepts::movement::movement_systems[0m[2m:[0m Player Ramesses of Crete has ended movement
[2m2026-04-14T17:50:33.512735Z[0m [32m INFO[0m [2madv_civ::civilization::concepts::movement::movement_systems[0m[2m:[0m Player Leonidas of Iberia has ended movement
[2m2026-04-14T17:50:33.780689Z[0m [32m INFO[0m [2madv_civ::civilization::concepts::movement::movement_systems[0m[2m:[0m [SHIPS] Ferry: 1 token(s) moved 137v1 → 132v1; ship follows
[2m2026-04-14T17:50:33.847841Z[0m [32m INFO[0m [2madv_civ::civilization::concepts::movement::movement_systems[0m[2m:[0m [SHIPS] Ferry: 1 token(s) moved 150v0 → 132v1; ship follows
[2m2026-04-14T17:50:34.006446Z[0m [32m INFO[0m [2madv_civ::civilization::concepts::movement::movement_systems[0m[2m:[0m Player Alexander of Assyria has ended movement
[2m2026-04-14T17:50:34.059418Z[0m [32m INFO[0m [2mbevy_diagnostic[0m[2m:[0m started_load_count:   69.000000   (avg 69.000000)
[2m2026-04-14T17:50:34.145843Z[0m [32m INFO[0m [2madv_civ::civilization::concepts::movement::movement_systems[0m[2m:[0m Player Pericles of Babylon has ended movement
[2m2026-04-14T17:50:34.145883Z[0m [32m INFO[0m [2madv_civ::civilization::concepts::movement::movement_systems[0m[2m:[0m No more players to move, transitioning to Conflict
[2m2026-04-14T17:50:34.162994Z[0m [32m INFO[0m [2madv_civ::civilization::concepts::conflict::conflict_systems[0m[2m:[0m Found 1 conflicts, remaining in Conflict
[2m2026-04-14T17:50:34.163129Z[0m [32m INFO[0m [2madv_civ::civilization::concepts::conflict::conflict_triggers[0m[2m:[0m [CONFLICT] Regular conflict in '9:Syracuse': 2 players, 3 tokens, max_pop=2, conflicts_pending=1, human_involved=false
[2m2026-04-14T17:50:34.163148Z[0m [32m INFO[0m [2madv_civ::civilization::concepts::conflict::conflict_triggers[0m[2m:[0m   Player 1 (401v0): 2 tokens
[2m2026-04-14T17:50:34.163156Z[0m [32m INFO[0m [2madv_civ::civilization::concepts::conflict::conflict_triggers[0m[2m:[0m   Player 2 (706v0): 1 tokens
[2m2026-04-14T17:50:34.163171Z[0m [32m INFO[0m [2madv_civ::civilization::concepts::conflict::conflict_triggers[0m[2m:[0m [CONFLICT] Resolved '9:Syracuse' via unequal_lengths: 2 tokens remaining (was 3)
[2m2026-04-14T17:50:34.163178Z[0m [32m INFO[0m [2madv_civ::civilization::concepts::conflict::conflict_triggers[0m[2m:[0m [CONFLICT] Conflicts remaining: 0
[2m2026-04-14T17:50:34.163182Z[0m [32m INFO[0m [2madv_civ::civilization::concepts::conflict::conflict_triggers[0m[2m:[0m [CONFLICT] All conflicts resolved, transitioning to CityConstruction
[2m2026-04-14T17:50:34.179991Z[0m [32m INFO[0m [2madv_civ::civilization::concepts::city_construction::city_construction_systems[0m[2m:[0m [CITY_CONSTRUCTION] Entering city construction phase
[2m2026-04-14T17:50:34.180006Z[0m [32m INFO[0m [2madv_civ::civilization::concepts::city_construction::city_construction_systems[0m[2m:[0m [CITY_CONSTRUCTION] LoadingFromSave present: false
[2m2026-04-14T17:50:34.180011Z[0m [32m INFO[0m [2madv_civ::civilization::concepts::city_construction::city_construction_systems[0m[2m:[0m [CITY_CONSTRUCTION] Total players: 8
[2m2026-04-14T17:50:34.180015Z[0m [32m INFO[0m [2madv_civ::civilization::concepts::city_construction::city_construction_systems[0m[2m:[0m [CITY_CONSTRUCTION] Marking Crete for building
[2m2026-04-14T17:50:34.180018Z[0m [32m INFO[0m [2madv_civ::civilization::concepts::city_construction::city_construction_systems[0m[2m:[0m [CITY_CONSTRUCTION] Marking Iberia for building
[2m2026-04-14T17:50:34.180021Z[0m [32m INFO[0m [2madv_civ::civilization::concepts::city_construction::city_construction_systems[0m[2m:[0m [CITY_CONSTRUCTION] Marking Illyria for building
[2m2026-04-14T17:50:34.180024Z[0m [32m INFO[0m [2madv_civ::civilization::concepts::city_construction::city_construction_systems[0m[2m:[0m [CITY_CONSTRUCTION] Marking Assyria for building
[2m2026-04-14T17:50:34.180026Z[0m [32m INFO[0m [2madv_civ::civilization::concepts::city_construction::city_construction_systems[0m[2m:[0m [CITY_CONSTRUCTION] Marking Thrace for building
[2m2026-04-14T17:50:34.180029Z[0m [32m INFO[0m [2madv_civ::civilization::concepts::city_construction::city_construction_systems[0m[2m:[0m [CITY_CONSTRUCTION] Marking Asia for building
[2m2026-04-14T17:50:34.180032Z[0m [32m INFO[0m [2madv_civ::civilization::concepts::city_construction::city_construction_systems[0m[2m:[0m [CITY_CONSTRUCTION] Marking Africa for building
[2m2026-04-14T17:50:34.180035Z[0m [32m INFO[0m [2madv_civ::civilization::concepts::city_construction::city_construction_systems[0m[2m:[0m [CITY_CONSTRUCTION] Marking Babylon for building
[2m2026-04-14T17:50:34.180038Z[0m [32m INFO[0m [2madv_civ::civilization::concepts::city_construction::city_construction_systems[0m[2m:[0m [CITY_CONSTRUCTION] Summary: 8 marked for building, 0 skipped
[2m2026-04-14T17:50:34.180041Z[0m [32m INFO[0m [2madv_civ::civilization::concepts::city_construction::city_construction_systems[0m[2m:[0m [CITY_CONSTRUCTION] Inserted CityConstructionPhaseActive resource
[2m2026-04-14T17:50:34.196429Z[0m [32m INFO[0m [2madv_civ::civilization::concepts::city_construction::city_construction_systems[0m[2m:[0m [CITY_CONSTRUCTION] Gate: No players with IsBuilding, transitioning to RemoveSurplusPopulation
[2m2026-04-14T17:50:34.212477Z[0m [32m INFO[0m [2madv_civ::civilization::concepts::remove_surplus_population::remove_surplus_systems[0m[2m:[0m [SURPLUS] '10:Aelia Capitolina' has surplus: total=3, max=1, surplus=2, players=1, has_city=false
[2m2026-04-14T17:50:34.212506Z[0m [32m INFO[0m [2madv_civ::civilization::concepts::remove_surplus_population::remove_surplus_systems[0m[2m:[0m [SURPLUS] '10:Aelia Capitolina': Removing surplus tokens from single-player area
[2m2026-04-14T17:50:34.212522Z[0m [32m INFO[0m [2madv_civ::civilization::concepts::remove_surplus_population::remove_surplus_systems[0m[2m:[0m [SURPLUS] '10:Aelia Capitolina': After removal: 3 -> 1 tokens, surplus=0
[2m2026-04-14T17:50:34.212535Z[0m [32m INFO[0m [2madv_civ::civilization::concepts::remove_surplus_population::remove_surplus_systems[0m[2m:[0m [SURPLUS] '40:Corinth' has surplus: total=5, max=3, surplus=2, players=1, has_city=false
[2m2026-04-14T17:50:34.212541Z[0m [32m INFO[0m [2madv_civ::civilization::concepts::remove_surplus_population::remove_surplus_systems[0m[2m:[0m [SURPLUS] '40:Corinth': Removing surplus tokens from single-player area
[2m2026-04-14T17:50:34.212547Z[0m [32m INFO[0m [2madv_civ::civilization::concepts::remove_surplus_population::remove_surplus_systems[0m[2m:[0m [SURPLUS] '40:Corinth': After removal: 5 -> 3 tokens, surplus=0
[2m2026-04-14T17:50:34.212578Z[0m [32m INFO[0m [2madv_civ::civilization::concepts::remove_surplus_population::remove_surplus_systems[0m[2m:[0m [SURPLUS] '16:Segesta' has surplus: total=2, max=1, surplus=1, players=1, has_city=false
[2m2026-04-14T17:50:34.212585Z[0m [32m INFO[0m [2madv_civ::civilization::concepts::remove_surplus_population::remove_surplus_systems[0m[2m:[0m [SURPLUS] '16:Segesta': Removing surplus tokens from single-player area
[2m2026-04-14T17:50:34.212592Z[0m [32m INFO[0m [2madv_civ::civilization::concepts::remove_surplus_population::remove_surplus_systems[0m[2m:[0m [SURPLUS] '16:Segesta': After removal: 2 -> 1 tokens, surplus=0
[2m2026-04-14T17:50:34.212598Z[0m [32m INFO[0m [2madv_civ::civilization::concepts::remove_surplus_population::remove_surplus_systems[0m[2m:[0m [SURPLUS] '25:Alexandria' has surplus: total=2, max=1, surplus=1, players=1, has_city=false
[2m2026-04-14T17:50:34.212605Z[0m [32m INFO[0m [2madv_civ::civilization::concepts::remove_surplus_population::remove_surplus_systems[0m[2m:[0m [SURPLUS] '25:Alexandria': Removing surplus tokens from single-player area
[2m2026-04-14T17:50:34.212611Z[0m [32m INFO[0m [2madv_civ::civilization::concepts::remove_surplus_population::remove_surplus_systems[0m[2m:[0m [SURPLUS] '25:Alexandria': After removal: 2 -> 1 tokens, surplus=0
[2m2026-04-14T17:50:34.212618Z[0m [32m INFO[0m [2madv_civ::civilization::concepts::remove_surplus_population::remove_surplus_systems[0m[2m:[0m [SURPLUS] '127:Volubilis' has surplus: total=2, max=1, surplus=1, players=1, has_city=false
[2m2026-04-14T17:50:34.212624Z[0m [32m INFO[0m [2madv_civ::civilization::concepts::remove_surplus_population::remove_surplus_systems[0m[2m:[0m [SURPLUS] '127:Volubilis': Removing surplus tokens from single-player area
[2m2026-04-14T17:50:34.212630Z[0m [32m INFO[0m [2madv_civ::civilization::concepts::remove_surplus_population::remove_surplus_systems[0m[2m:[0m [SURPLUS] '127:Volubilis': After removal: 2 -> 1 tokens, surplus=0
[2m2026-04-14T17:50:34.212640Z[0m [32m INFO[0m [2madv_civ::civilization::concepts::remove_surplus_population::remove_surplus_systems[0m[2m:[0m [SURPLUS] '125:Beersheba' has surplus: total=3, max=1, surplus=2, players=1, has_city=false
[2m2026-04-14T17:50:34.212647Z[0m [32m INFO[0m [2madv_civ::civilization::concepts::remove_surplus_population::remove_surplus_systems[0m[2m:[0m [SURPLUS] '125:Beersheba': Removing surplus tokens from single-player area
[2m2026-04-14T17:50:34.212654Z[0m [32m INFO[0m [2madv_civ::civilization::concepts::remove_surplus_population::remove_surplus_systems[0m[2m:[0m [SURPLUS] '125:Beersheba': After removal: 3 -> 1 tokens, surplus=0
[2m2026-04-14T17:50:34.212662Z[0m [32m INFO[0m [2madv_civ::civilization::concepts::remove_surplus_population::remove_surplus_systems[0m[2m:[0m [SURPLUS] Phase complete: processed 149 areas, 6 had surplus, removed 9 tokens total
[2m2026-04-14T17:50:34.229367Z[0m [32m INFO[0m [2madv_civ::civilization::concepts::check_city_support::check_city_support_systems[0m[2m:[0m [CITY_SUPPORT] Starting city support check phase
[2m2026-04-14T17:50:34.229383Z[0m [32m INFO[0m [2madv_civ::civilization::concepts::check_city_support::check_city_support_systems[0m[2m:[0m [CITY_SUPPORT] No players with cities, skipping to AcquireTradeCards
[2m2026-04-14T17:50:34.229576Z[0m [32m INFO[0m [2madv_civ::civilization::concepts::check_city_support::check_city_support_systems[0m[2m:[0m [CITY_SUPPORT] All checks complete, transitioning to AcquireTradeCards
[2m2026-04-14T17:50:34.276337Z[0m [32m INFO[0m [2madv_civ::civilization::concepts::acquire_trade_cards::trade_card_systems[0m[2m:[0m [TRADE_CARDS] Starting acquire trade cards phase
[2m2026-04-14T17:50:34.276401Z[0m [32m INFO[0m [2madv_civ::civilization::concepts::acquire_trade_cards::trade_card_systems[0m[2m:[0m [TRADE_CARDS] Processed 8 players, 0 have cities, sending CheckIfWeCanTrade
[2m2026-04-14T17:50:34.277162Z[0m [32m INFO[0m [2madv_civ::civilization::concepts::acquire_trade_cards::trade_card_systems[0m[2m:[0m [TRADE_CARDS] CheckIfWeCanTrade received: 0 players can trade
[2m2026-04-14T17:50:34.277179Z[0m [32m INFO[0m [2madv_civ::civilization::concepts::acquire_trade_cards::trade_card_systems[0m[2m:[0m [TRADE_CARDS] Not enough traders, transitioning to CollectTaxes
[2m2026-04-14T17:50:34.295545Z[0m [32m INFO[0m [2madv_civ::civilization::concepts::taxation::taxation_systems[0m[2m:[0m [TAXATION] No cities on the board — skipping taxation phase
[2m2026-04-14T17:50:34.298417Z[0m [32m INFO[0m [2madv_civ::civilization::concepts::taxation::taxation_systems[0m[2m:[0m [TAXATION] No revolts to resolve — transitioning to PopulationExpansion
[2m2026-04-14T17:50:34.312710Z[0m [32m INFO[0m [2madv_civ::civilization::concepts::population_expansion::population_expansion_systems[0m[2m:[0m [POP_EXP] Entering population expansion phase, round 5
[2m2026-04-14T17:50:34.312776Z[0m [32m INFO[0m [2madv_civ::civilization::concepts::population_expansion::population_expansion_systems[0m[2m:[0m [POP_EXP] 46 areas have population and need expansion
[2m2026-04-14T17:50:34.312792Z[0m [32m INFO[0m [2madv_civ::civilization::concepts::population_expansion::population_expansion_systems[0m[2m:[0m [POP_EXP] 0 human, 8 AI need expansion, 0 skipped (already done)
[2m2026-04-14T17:50:34.348481Z[0m [32m INFO[0m [2madv_civ::civilization::concepts::population_expansion::population_expansion_systems[0m[2m:[0m [POP_EXP] All players done with expansion, transitioning to Census
[2m2026-04-14T17:50:34.348498Z[0m [32m INFO[0m [2madv_civ::civilization::concepts::population_expansion::population_expansion_systems[0m[2m:[0m [POP_EXP] All players done with expansion, transitioning to Census
[2m2026-04-14T17:50:34.348502Z[0m [32m INFO[0m [2madv_civ::civilization::concepts::population_expansion::population_expansion_systems[0m[2m:[0m [POP_EXP] All players done with expansion, transitioning to Census
[2m2026-04-14T17:50:34.348505Z[0m [32m INFO[0m [2madv_civ::civilization::concepts::population_expansion::population_expansion_systems[0m[2m:[0m [POP_EXP] All players done with expansion, transitioning to Census
[2m2026-04-14T17:50:34.348509Z[0m [32m INFO[0m [2madv_civ::civilization::concepts::population_expansion::population_expansion_systems[0m[2m:[0m [POP_EXP] All players done with expansion, transitioning to Census
[2m2026-04-14T17:50:34.348512Z[0m [32m INFO[0m [2madv_civ::civilization::concepts::population_expansion::population_expansion_systems[0m[2m:[0m [POP_EXP] All players done with expansion, transitioning to Census
[2m2026-04-14T17:50:34.348515Z[0m [32m INFO[0m [2madv_civ::civilization::concepts::population_expansion::population_expansion_systems[0m[2m:[0m [POP_EXP] All players done with expansion, transitioning to Census
[2m2026-04-14T17:50:34.348518Z[0m [32m INFO[0m [2madv_civ::civilization::concepts::population_expansion::population_expansion_systems[0m[2m:[0m [POP_EXP] All players done with expansion, transitioning to Census
[2m2026-04-14T17:50:34.731548Z[0m [32m INFO[0m [2madv_civ::civilization::concepts::movement::movement_systems[0m[2m:[0m [SHIPS] Ferry: 1 token(s) moved 165v0 → 148v0; ship follows
[2m2026-04-14T17:50:35.048056Z[0m [32m INFO[0m [2mbevy_diagnostic[0m[2m:[0m started_load_count:   69.000000   (avg 69.000000)
[2m2026-04-14T17:50:35.213679Z[0m [32m INFO[0m [2madv_civ::civilization::concepts::movement::movement_systems[0m[2m:[0m Player Hatshepsut of Thrace has ended movement
[2m2026-04-14T17:50:35.315100Z[0m [32m INFO[0m [2madv_civ::civilization::concepts::movement::movement_systems[0m[2m:[0m [SHIPS] Ferry: 1 token(s) moved 152v0 → 140v0; ship follows
[2m2026-04-14T17:50:35.930325Z[0m [32m INFO[0m [2madv_civ::civilization::concepts::movement::movement_systems[0m[2m:[0m [SHIPS] Ferry: 1 token(s) moved 170v0 → 152v0; ship follows
[2m2026-04-14T17:50:36.065463Z[0m [32m INFO[0m [2mbevy_diagnostic[0m[2m:[0m started_load_count:   69.000000   (avg 69.000000)
[2m2026-04-14T17:50:36.095916Z[0m [32m INFO[0m [2madv_civ::civilization::concepts::movement::movement_systems[0m[2m:[0m Player Hammurabi of Asia has ended movement
[2m2026-04-14T17:50:36.312512Z[0m [32m INFO[0m [2madv_civ::civilization::concepts::movement::movement_systems[0m[2m:[0m Player Tutankhamun of Illyria has ended movement
[2m2026-04-14T17:50:36.512428Z[0m [32m INFO[0m [2madv_civ::civilization::concepts::movement::movement_systems[0m[2m:[0m Player Cleopatra of Africa has ended movement
[2m2026-04-14T17:50:36.547186Z[0m [32m INFO[0m [2madv_civ::civilization::concepts::movement::movement_systems[0m[2m:[0m [SHIPS] Ferry: 4 token(s) moved 238v0 → 239v0; ship follows
[2m2026-04-14T17:50:36.610644Z[0m [32m INFO[0m [2madv_civ::civilization::concepts::movement::movement_systems[0m[2m:[0m [SHIPS] Ferry: 1 token(s) moved 236v0 → 237v0; ship follows
[2m2026-04-14T17:50:36.662800Z[0m [32m INFO[0m [2madv_civ::civilization::concepts::movement::movement_systems[0m[2m:[0m Player Ramesses of Crete has ended movement
[2m2026-04-14T17:50:36.712605Z[0m [32m INFO[0m [2madv_civ::civilization::concepts::movement::movement_systems[0m[2m:[0m Player Leonidas of Iberia has ended movement
[2m2026-04-14T17:50:36.846129Z[0m [32m INFO[0m [2madv_civ::civilization::concepts::movement::movement_systems[0m[2m:[0m Player Alexander of Assyria has ended movement
[2m2026-04-14T17:50:37.049829Z[0m [32m INFO[0m [2mbevy_diagnostic[0m[2m:[0m started_load_count:   69.000000   (avg 69.000000)
[2m2026-04-14T17:50:37.359449Z[0m [32m INFO[0m [2madv_civ::civilization::concepts::movement::movement_systems[0m[2m:[0m Player Pericles of Babylon has ended movement
[2m2026-04-14T17:50:37.359511Z[0m [32m INFO[0m [2madv_civ::civilization::concepts::movement::movement_systems[0m[2m:[0m No more players to move, transitioning to Conflict
[2m2026-04-14T17:50:37.376327Z[0m [32m INFO[0m [2madv_civ::civilization::concepts::conflict::conflict_systems[0m[2m:[0m Found 3 conflicts, remaining in Conflict
[2m2026-04-14T17:50:37.376512Z[0m [32m INFO[0m [2madv_civ::civilization::concepts::conflict::conflict_triggers[0m[2m:[0m [CONFLICT] Regular conflict in '34:Hippo Regius': 2 players, 9 tokens, max_pop=2, conflicts_pending=3, human_involved=false
[2m2026-04-14T17:50:37.376535Z[0m [32m INFO[0m [2madv_civ::civilization::concepts::conflict::conflict_triggers[0m[2m:[0m   Player 1 (523v0): 8 tokens
[2m2026-04-14T17:50:37.376543Z[0m [32m INFO[0m [2madv_civ::civilization::concepts::conflict::conflict_triggers[0m[2m:[0m   Player 2 (279v0): 1 tokens
[2m2026-04-14T17:50:37.376574Z[0m [32m INFO[0m [2madv_civ::civilization::concepts::conflict::conflict_triggers[0m[2m:[0m [CONFLICT] Resolved '34:Hippo Regius' via unequal_lengths: 8 tokens remaining (was 9)
[2m2026-04-14T17:50:37.376581Z[0m [32m INFO[0m [2madv_civ::civilization::concepts::conflict::conflict_triggers[0m[2m:[0m [CONFLICT] Conflicts remaining: 2
[2m2026-04-14T17:50:37.376635Z[0m [32m INFO[0m [2madv_civ::civilization::concepts::conflict::conflict_triggers[0m[2m:[0m [CONFLICT] Regular conflict in '49:Gaza': 2 players, 3 tokens, max_pop=1, conflicts_pending=2, human_involved=false
[2m2026-04-14T17:50:37.376646Z[0m [32m INFO[0m [2madv_civ::civilization::concepts::conflict::conflict_triggers[0m[2m:[0m   Player 1 (523v0): 2 tokens
[2m2026-04-14T17:50:37.376651Z[0m [32m INFO[0m [2madv_civ::civilization::concepts::conflict::conflict_triggers[0m[2m:[0m   Player 2 (279v0): 1 tokens
[2m2026-04-14T17:50:37.376659Z[0m [32m INFO[0m [2madv_civ::civilization::concepts::conflict::conflict_triggers[0m[2m:[0m [CONFLICT] Resolved '49:Gaza' via max_pop=1: 2 tokens remaining (was 3)
[2m2026-04-14T17:50:37.376665Z[0m [32m INFO[0m [2madv_civ::civilization::concepts::conflict::conflict_triggers[0m[2m:[0m [CONFLICT] Conflicts remaining: 1
[2m2026-04-14T17:50:37.376742Z[0m [32m INFO[0m [2madv_civ::civilization::concepts::conflict::conflict_triggers[0m[2m:[0m [CONFLICT] Regular conflict in '19:Ashkelon': 3 players, 7 tokens, max_pop=5, conflicts_pending=1, human_involved=false
[2m2026-04-14T17:50:37.376757Z[0m [32m INFO[0m [2madv_civ::civilization::concepts::conflict::conflict_triggers[0m[2m:[0m   Player 1 (523v0): 4 tokens
[2m2026-04-14T17:50:37.376764Z[0m [32m INFO[0m [2madv_civ::civilization::concepts::conflict::conflict_triggers[0m[2m:[0m   Player 2 (279v0): 2 tokens
[2m2026-04-14T17:50:37.376769Z[0m [32m INFO[0m [2madv_civ::civilization::concepts::conflict::conflict_triggers[0m[2m:[0m   Player 3 (401v0): 1 tokens
[2m2026-04-14T17:50:37.376779Z[0m [32m INFO[0m [2madv_civ::civilization::concepts::conflict::conflict_triggers[0m[2m:[0m [CONFLICT] Resolved '19:Ashkelon' via unequal_lengths: 5 tokens remaining (was 7)
[2m2026-04-14T17:50:37.376787Z[0m [32m INFO[0m [2madv_civ::civilization::concepts::conflict::conflict_triggers[0m[2m:[0m [CONFLICT] Conflicts remaining: 0
[2m2026-04-14T17:50:37.376792Z[0m [32m INFO[0m [2madv_civ::civilization::concepts::conflict::conflict_triggers[0m[2m:[0m [CONFLICT] All conflicts resolved, transitioning to CityConstruction
[2m2026-04-14T17:50:37.392323Z[0m [32m INFO[0m [2madv_civ::civilization::concepts::city_construction::city_construction_systems[0m[2m:[0m [CITY_CONSTRUCTION] Entering city construction phase
[2m2026-04-14T17:50:37.392355Z[0m [32m INFO[0m [2madv_civ::civilization::concepts::city_construction::city_construction_systems[0m[2m:[0m [CITY_CONSTRUCTION] LoadingFromSave present: false
[2m2026-04-14T17:50:37.392362Z[0m [32m INFO[0m [2madv_civ::civilization::concepts::city_construction::city_construction_systems[0m[2m:[0m [CITY_CONSTRUCTION] Total players: 8
[2m2026-04-14T17:50:37.392366Z[0m [32m INFO[0m [2madv_civ::civilization::concepts::city_construction::city_construction_systems[0m[2m:[0m [CITY_CONSTRUCTION] Marking Africa for building
[2m2026-04-14T17:50:37.392372Z[0m [32m INFO[0m [2madv_civ::civilization::concepts::city_construction::city_construction_systems[0m[2m:[0m [CITY_CONSTRUCTION] Marking Crete for building
[2m2026-04-14T17:50:37.392375Z[0m [32m INFO[0m [2madv_civ::civilization::concepts::city_construction::city_construction_systems[0m[2m:[0m [CITY_CONSTRUCTION] Marking Asia for building
[2m2026-04-14T17:50:37.392378Z[0m [32m INFO[0m [2madv_civ::civilization::concepts::city_construction::city_construction_systems[0m[2m:[0m [CITY_CONSTRUCTION] Marking Iberia for building
[2m2026-04-14T17:50:37.392381Z[0m [32m INFO[0m [2madv_civ::civilization::concepts::city_construction::city_construction_systems[0m[2m:[0m [CITY_CONSTRUCTION] Marking Assyria for building
[2m2026-04-14T17:50:37.392384Z[0m [32m INFO[0m [2madv_civ::civilization::concepts::city_construction::city_construction_systems[0m[2m:[0m [CITY_CONSTRUCTION] Marking Thrace for building
[2m2026-04-14T17:50:37.392387Z[0m [32m INFO[0m [2madv_civ::civilization::concepts::city_construction::city_construction_systems[0m[2m:[0m [CITY_CONSTRUCTION] Marking Illyria for building
[2m2026-04-14T17:50:37.392390Z[0m [32m INFO[0m [2madv_civ::civilization::concepts::city_construction::city_construction_systems[0m[2m:[0m [CITY_CONSTRUCTION] Marking Babylon for building
[2m2026-04-14T17:50:37.392394Z[0m [32m INFO[0m [2madv_civ::civilization::concepts::city_construction::city_construction_systems[0m[2m:[0m [CITY_CONSTRUCTION] Summary: 8 marked for building, 0 skipped
[2m2026-04-14T17:50:37.392398Z[0m [32m INFO[0m [2madv_civ::civilization::concepts::city_construction::city_construction_systems[0m[2m:[0m [CITY_CONSTRUCTION] Inserted CityConstructionPhaseActive resource
[2m2026-04-14T17:50:37.444257Z[0m [32m INFO[0m [2madv_civ::civilization::concepts::city_construction::city_construction_systems[0m[2m:[0m [CITY_CONSTRUCTION] Gate: No players with IsBuilding, transitioning to RemoveSurplusPopulation
[2m2026-04-14T17:50:37.459035Z[0m [32m INFO[0m [2madv_civ::civilization::concepts::remove_surplus_population::remove_surplus_systems[0m[2m:[0m [SURPLUS] '65:Ctesiphon' has surplus: total=4, max=2, surplus=2, players=1, has_city=false
[2m2026-04-14T17:50:37.459053Z[0m [32m INFO[0m [2madv_civ::civilization::concepts::remove_surplus_population::remove_surplus_systems[0m[2m:[0m [SURPLUS] '65:Ctesiphon': Removing surplus tokens from single-player area
[2m2026-04-14T17:50:37.459063Z[0m [32m INFO[0m [2madv_civ::civilization::concepts::remove_surplus_population::remove_surplus_systems[0m[2m:[0m [SURPLUS] '65:Ctesiphon': After removal: 4 -> 2 tokens, surplus=0
[2m2026-04-14T17:50:37.459067Z[0m [32m INFO[0m [2madv_civ::civilization::concepts::remove_surplus_population::remove_surplus_systems[0m[2m:[0m [SURPLUS] '93:Berenice' has surplus: total=4, max=2, surplus=2, players=1, has_city=false
[2m2026-04-14T17:50:37.459070Z[0m [32m INFO[0m [2madv_civ::civilization::concepts::remove_surplus_population::remove_surplus_systems[0m[2m:[0m [SURPLUS] '93:Berenice': Removing surplus tokens from single-player area
[2m2026-04-14T17:50:37.459074Z[0m [32m INFO[0m [2madv_civ::civilization::concepts::remove_surplus_population::remove_surplus_systems[0m[2m:[0m [SURPLUS] '93:Berenice': After removal: 4 -> 2 tokens, surplus=0
[2m2026-04-14T17:50:37.459077Z[0m [32m INFO[0m [2madv_civ::civilization::concepts::remove_surplus_population::remove_surplus_systems[0m[2m:[0m [SURPLUS] '108:Rhodes' has surplus: total=3, max=2, surplus=1, players=1, has_city=false
[2m2026-04-14T17:50:37.459081Z[0m [32m INFO[0m [2madv_civ::civilization::concepts::remove_surplus_population::remove_surplus_systems[0m[2m:[0m [SURPLUS] '108:Rhodes': Removing surplus tokens from single-player area
[2m2026-04-14T17:50:37.459085Z[0m [32m INFO[0m [2madv_civ::civilization::concepts::remove_surplus_population::remove_surplus_systems[0m[2m:[0m [SURPLUS] '108:Rhodes': After removal: 3 -> 2 tokens, surplus=0
[2m2026-04-14T17:50:37.459092Z[0m [32m INFO[0m [2madv_civ::civilization::concepts::remove_surplus_population::remove_surplus_systems[0m[2m:[0m [SURPLUS] '11:Susa' has surplus: total=2, max=1, surplus=1, players=1, has_city=false
[2m2026-04-14T17:50:37.459096Z[0m [32m INFO[0m [2madv_civ::civilization::concepts::remove_surplus_population::remove_surplus_systems[0m[2m:[0m [SURPLUS] '11:Susa': Removing surplus tokens from single-player area
[2m2026-04-14T17:50:37.459099Z[0m [32m INFO[0m [2madv_civ::civilization::concepts::remove_surplus_population::remove_surplus_systems[0m[2m:[0m [SURPLUS] '11:Susa': After removal: 2 -> 1 tokens, surplus=0
[2m2026-04-14T17:50:37.459108Z[0m [32m INFO[0m [2madv_civ::civilization::concepts::remove_surplus_population::remove_surplus_systems[0m[2m:[0m [SURPLUS] '63:Timgad' has surplus: total=4, max=2, surplus=2, players=1, has_city=false
[2m2026-04-14T17:50:37.459112Z[0m [32m INFO[0m [2madv_civ::civilization::concepts::remove_surplus_population::remove_surplus_systems[0m[2m:[0m [SURPLUS] '63:Timgad': Removing surplus tokens from single-player area
[2m2026-04-14T17:50:37.459116Z[0m [32m INFO[0m [2madv_civ::civilization::concepts::remove_surplus_population::remove_surplus_systems[0m[2m:[0m [SURPLUS] '63:Timgad': After removal: 4 -> 2 tokens, surplus=0
[2m2026-04-14T17:50:37.459120Z[0m [32m INFO[0m [2madv_civ::civilization::concepts::remove_surplus_population::remove_surplus_systems[0m[2m:[0m [SURPLUS] '6:Saguntum' has surplus: total=3, max=1, surplus=2, players=1, has_city=false
[2m2026-04-14T17:50:37.459124Z[0m [32m INFO[0m [2madv_civ::civilization::concepts::remove_surplus_population::remove_surplus_systems[0m[2m:[0m [SURPLUS] '6:Saguntum': Removing surplus tokens from single-player area
[2m2026-04-14T17:50:37.459128Z[0m [32m INFO[0m [2madv_civ::civilization::concepts::remove_surplus_population::remove_surplus_systems[0m[2m:[0m [SURPLUS] '6:Saguntum': After removal: 3 -> 1 tokens, surplus=0
[2m2026-04-14T17:50:37.459133Z[0m [32m INFO[0m [2madv_civ::civilization::concepts::remove_surplus_population::remove_surplus_systems[0m[2m:[0m [SURPLUS] '24:Ascalon' has surplus: total=2, max=1, surplus=1, players=1, has_city=false
[2m2026-04-14T17:50:37.459139Z[0m [32m INFO[0m [2madv_civ::civilization::concepts::remove_surplus_population::remove_surplus_systems[0m[2m:[0m [SURPLUS] '24:Ascalon': Removing surplus tokens from single-player area
[2m2026-04-14T17:50:37.459145Z[0m [32m INFO[0m [2madv_civ::civilization::concepts::remove_surplus_population::remove_surplus_systems[0m[2m:[0m [SURPLUS] '24:Ascalon': After removal: 2 -> 1 tokens, surplus=0
[2m2026-04-14T17:50:37.459152Z[0m [32m INFO[0m [2madv_civ::civilization::concepts::remove_surplus_population::remove_surplus_systems[0m[2m:[0m [SURPLUS] '9:Syracuse' has surplus: total=5, max=2, surplus=3, players=1, has_city=false
[2m2026-04-14T17:50:37.459157Z[0m [32m INFO[0m [2madv_civ::civilization::concepts::remove_surplus_population::remove_surplus_systems[0m[2m:[0m [SURPLUS] '9:Syracuse': Removing surplus tokens from single-player area
[2m2026-04-14T17:50:37.459164Z[0m [32m INFO[0m [2madv_civ::civilization::concepts::remove_surplus_population::remove_surplus_systems[0m[2m:[0m [SURPLUS] '9:Syracuse': After removal: 5 -> 2 tokens, surplus=0
[2m2026-04-14T17:50:37.459175Z[0m [32m INFO[0m [2madv_civ::civilization::concepts::remove_surplus_population::remove_surplus_systems[0m[2m:[0m [SURPLUS] '23:Jerusalem' has surplus: total=5, max=1, surplus=4, players=1, has_city=false
[2m2026-04-14T17:50:37.459179Z[0m [32m INFO[0m [2madv_civ::civilization::concepts::remove_surplus_population::remove_surplus_systems[0m[2m:[0m [SURPLUS] '23:Jerusalem': Removing surplus tokens from single-player area
[2m2026-04-14T17:50:37.459185Z[0m [32m INFO[0m [2madv_civ::civilization::concepts::remove_surplus_population::remove_surplus_systems[0m[2m:[0m [SURPLUS] '23:Jerusalem': After removal: 5 -> 1 tokens, surplus=0
[2m2026-04-14T17:50:37.459189Z[0m [32m INFO[0m [2madv_civ::civilization::concepts::remove_surplus_population::remove_surplus_systems[0m[2m:[0m [SURPLUS] '25:Alexandria' has surplus: total=2, max=1, surplus=1, players=1, has_city=false
[2m2026-04-14T17:50:37.459193Z[0m [32m INFO[0m [2madv_civ::civilization::concepts::remove_surplus_population::remove_surplus_systems[0m[2m:[0m [SURPLUS] '25:Alexandria': Removing surplus tokens from single-player area
[2m2026-04-14T17:50:37.459197Z[0m [32m INFO[0m [2madv_civ::civilization::concepts::remove_surplus_population::remove_surplus_systems[0m[2m:[0m [SURPLUS] '25:Alexandria': After removal: 2 -> 1 tokens, surplus=0
[2m2026-04-14T17:50:37.459202Z[0m [32m INFO[0m [2madv_civ::civilization::concepts::remove_surplus_population::remove_surplus_systems[0m[2m:[0m [SURPLUS] '15:Olynthus' has surplus: total=2, max=1, surplus=1, players=1, has_city=false
[2m2026-04-14T17:50:37.459208Z[0m [32m INFO[0m [2madv_civ::civilization::concepts::remove_surplus_population::remove_surplus_systems[0m[2m:[0m [SURPLUS] '15:Olynthus': Removing surplus tokens from single-player area
[2m2026-04-14T17:50:37.459212Z[0m [32m INFO[0m [2madv_civ::civilization::concepts::remove_surplus_population::remove_surplus_systems[0m[2m:[0m [SURPLUS] '15:Olynthus': After removal: 2 -> 1 tokens, surplus=0
[2m2026-04-14T17:50:37.459216Z[0m [32m INFO[0m [2madv_civ::civilization::concepts::remove_surplus_population::remove_surplus_systems[0m[2m:[0m [SURPLUS] '33:Lutetia' has surplus: total=4, max=2, surplus=2, players=1, has_city=false
[2m2026-04-14T17:50:37.459220Z[0m [32m INFO[0m [2madv_civ::civilization::concepts::remove_surplus_population::remove_surplus_systems[0m[2m:[0m [SURPLUS] '33:Lutetia': Removing surplus tokens from single-player area
[2m2026-04-14T17:50:37.459227Z[0m [32m INFO[0m [2madv_civ::civilization::concepts::remove_surplus_population::remove_surplus_systems[0m[2m:[0m [SURPLUS] '33:Lutetia': After removal: 4 -> 2 tokens, surplus=0
[2m2026-04-14T17:50:37.459231Z[0m [32m INFO[0m [2madv_civ::civilization::concepts::remove_surplus_population::remove_surplus_systems[0m[2m:[0m [SURPLUS] '18:Cyrene' has surplus: total=5, max=3, surplus=2, players=1, has_city=false
[2m2026-04-14T17:50:37.459238Z[0m [32m INFO[0m [2madv_civ::civilization::concepts::remove_surplus_population::remove_surplus_systems[0m[2m:[0m [SURPLUS] '18:Cyrene': Removing surplus tokens from single-player area
[2m2026-04-14T17:50:37.459244Z[0m [32m INFO[0m [2madv_civ::civilization::concepts::remove_surplus_population::remove_surplus_systems[0m[2m:[0m [SURPLUS] '18:Cyrene': After removal: 5 -> 3 tokens, surplus=0
[2m2026-04-14T17:50:37.459250Z[0m [32m INFO[0m [2madv_civ::civilization::concepts::remove_surplus_population::remove_surplus_systems[0m[2m:[0m [SURPLUS] '16:Segesta' has surplus: total=3, max=1, surplus=2, players=1, has_city=false
[2m2026-04-14T17:50:37.459253Z[0m [32m INFO[0m [2madv_civ::civilization::concepts::remove_surplus_population::remove_surplus_systems[0m[2m:[0m [SURPLUS] '16:Segesta': Removing surplus tokens from single-player area
[2m2026-04-14T17:50:37.459257Z[0m [32m INFO[0m [2madv_civ::civilization::concepts::remove_surplus_population::remove_surplus_systems[0m[2m:[0m [SURPLUS] '16:Segesta': After removal: 3 -> 1 tokens, surplus=0
[2m2026-04-14T17:50:37.459260Z[0m [32m INFO[0m [2madv_civ::civilization::concepts::remove_surplus_population::remove_surplus_systems[0m[2m:[0m [SURPLUS] '34:Hippo Regius' has surplus: total=8, max=2, surplus=6, players=1, has_city=false
[2m2026-04-14T17:50:37.459263Z[0m [32m INFO[0m [2madv_civ::civilization::concepts::remove_surplus_population::remove_surplus_systems[0m[2m:[0m [SURPLUS] '34:Hippo Regius': Removing surplus tokens from single-player area
[2m2026-04-14T17:50:37.459270Z[0m [32m INFO[0m [2madv_civ::civilization::concepts::remove_surplus_population::remove_surplus_systems[0m[2m:[0m [SURPLUS] '34:Hippo Regius': After removal: 8 -> 2 tokens, surplus=0
[2m2026-04-14T17:50:37.459276Z[0m [32m INFO[0m [2madv_civ::civilization::concepts::remove_surplus_population::remove_surplus_systems[0m[2m:[0m [SURPLUS] '49:Gaza' has surplus: total=2, max=1, surplus=1, players=1, has_city=false
[2m2026-04-14T17:50:37.459283Z[0m [32m INFO[0m [2madv_civ::civilization::concepts::remove_surplus_population::remove_surplus_systems[0m[2m:[0m [SURPLUS] '49:Gaza': Removing surplus tokens from single-player area
[2m2026-04-14T17:50:37.459290Z[0m [32m INFO[0m [2madv_civ::civilization::concepts::remove_surplus_population::remove_surplus_systems[0m[2m:[0m [SURPLUS] '49:Gaza': After removal: 2 -> 1 tokens, surplus=0
[2m2026-04-14T17:50:37.459296Z[0m [32m INFO[0m [2madv_civ::civilization::concepts::remove_surplus_population::remove_surplus_systems[0m[2m:[0m [SURPLUS] '101:Marsa Matruh' has surplus: total=4, max=2, surplus=2, players=1, has_city=false
[2m2026-04-14T17:50:37.459301Z[0m [32m INFO[0m [2madv_civ::civilization::concepts::remove_surplus_population::remove_surplus_systems[0m[2m:[0m [SURPLUS] '101:Marsa Matruh': Removing surplus tokens from single-player area
[2m2026-04-14T17:50:37.459307Z[0m [32m INFO[0m [2madv_civ::civilization::concepts::remove_surplus_population::remove_surplus_systems[0m[2m:[0m [SURPLUS] '101:Marsa Matruh': After removal: 4 -> 2 tokens, surplus=0
[2m2026-04-14T17:50:37.459314Z[0m [32m INFO[0m [2madv_civ::civilization::concepts::remove_surplus_population::remove_surplus_systems[0m[2m:[0m [SURPLUS] '66:Venusia' has surplus: total=4, max=2, surplus=2, players=1, has_city=false
[2m2026-04-14T17:50:37.459321Z[0m [32m INFO[0m [2madv_civ::civilization::concepts::remove_surplus_population::remove_surplus_systems[0m[2m:[0m [SURPLUS] '66:Venusia': Removing surplus tokens from single-player area
[2m2026-04-14T17:50:37.459327Z[0m [32m INFO[0m [2madv_civ::civilization::concepts::remove_surplus_population::remove_surplus_systems[0m[2m:[0m [SURPLUS] '66:Venusia': After removal: 4 -> 2 tokens, surplus=0
[2m2026-04-14T17:50:37.459333Z[0m [32m INFO[0m [2madv_civ::civilization::concepts::remove_surplus_population::remove_surplus_systems[0m[2m:[0m [SURPLUS] '52:Delphi' has surplus: total=4, max=3, surplus=1, players=1, has_city=false
[2m2026-04-14T17:50:37.459338Z[0m [32m INFO[0m [2madv_civ::civilization::concepts::remove_surplus_population::remove_surplus_systems[0m[2m:[0m [SURPLUS] '52:Delphi': Removing surplus tokens from single-player area
[2m2026-04-14T17:50:37.459345Z[0m [32m INFO[0m [2madv_civ::civilization::concepts::remove_surplus_population::remove_surplus_systems[0m[2m:[0m [SURPLUS] '52:Delphi': After removal: 4 -> 3 tokens, surplus=0
[2m2026-04-14T17:50:37.459351Z[0m [32m INFO[0m [2madv_civ::civilization::concepts::remove_surplus_population::remove_surplus_systems[0m[2m:[0m [SURPLUS] '125:Beersheba' has surplus: total=2, max=1, surplus=1, players=1, has_city=false
[2m2026-04-14T17:50:37.459357Z[0m [32m INFO[0m [2madv_civ::civilization::concepts::remove_surplus_population::remove_surplus_systems[0m[2m:[0m [SURPLUS] '125:Beersheba': Removing surplus tokens from single-player area
[2m2026-04-14T17:50:37.459363Z[0m [32m INFO[0m [2madv_civ::civilization::concepts::remove_surplus_population::remove_surplus_systems[0m[2m:[0m [SURPLUS] '125:Beersheba': After removal: 2 -> 1 tokens, surplus=0
[2m2026-04-14T17:50:37.459369Z[0m [32m INFO[0m [2madv_civ::civilization::concepts::remove_surplus_population::remove_surplus_systems[0m[2m:[0m [SURPLUS] '39:Gortyn' has surplus: total=4, max=3, surplus=1, players=1, has_city=false
[2m2026-04-14T17:50:37.459375Z[0m [32m INFO[0m [2madv_civ::civilization::concepts::remove_surplus_population::remove_surplus_systems[0m[2m:[0m [SURPLUS] '39:Gortyn': Removing surplus tokens from single-player area
[2m2026-04-14T17:50:37.459381Z[0m [32m INFO[0m [2madv_civ::civilization::concepts::remove_surplus_population::remove_surplus_systems[0m[2m:[0m [SURPLUS] '39:Gortyn': After removal: 4 -> 3 tokens, surplus=0
[2m2026-04-14T17:50:37.459387Z[0m [32m INFO[0m [2madv_civ::civilization::concepts::remove_surplus_population::remove_surplus_systems[0m[2m:[0m [SURPLUS] '110:Nemausus' has surplus: total=6, max=2, surplus=4, players=1, has_city=false
[2m2026-04-14T17:50:37.459398Z[0m [32m INFO[0m [2madv_civ::civilization::concepts::remove_surplus_population::remove_surplus_systems[0m[2m:[0m [SURPLUS] '110:Nemausus': Removing surplus tokens from single-player area
[2m2026-04-14T17:50:37.459403Z[0m [32m INFO[0m [2madv_civ::civilization::concepts::remove_surplus_population::remove_surplus_systems[0m[2m:[0m [SURPLUS] '110:Nemausus': After removal: 6 -> 2 tokens, surplus=0
[2m2026-04-14T17:50:37.459411Z[0m [32m INFO[0m [2madv_civ::civilization::concepts::remove_surplus_population::remove_surplus_systems[0m[2m:[0m [SURPLUS] Phase complete: processed 149 areas, 22 had surplus, removed 44 tokens total
[2m2026-04-14T17:50:37.475733Z[0m [32m INFO[0m [2madv_civ::civilization::concepts::check_city_support::check_city_support_systems[0m[2m:[0m [CITY_SUPPORT] Starting city support check phase
[2m2026-04-14T17:50:37.475749Z[0m [32m INFO[0m [2madv_civ::civilization::concepts::check_city_support::check_city_support_systems[0m[2m:[0m [CITY_SUPPORT] No players with cities, skipping to AcquireTradeCards
[2m2026-04-14T17:50:37.475913Z[0m [32m INFO[0m [2madv_civ::civilization::concepts::check_city_support::check_city_support_systems[0m[2m:[0m [CITY_SUPPORT] All checks complete, transitioning to AcquireTradeCards
[2m2026-04-14T17:50:37.508063Z[0m [32m INFO[0m [2madv_civ::civilization::concepts::acquire_trade_cards::trade_card_systems[0m[2m:[0m [TRADE_CARDS] Starting acquire trade cards phase
[2m2026-04-14T17:50:37.508116Z[0m [32m INFO[0m [2madv_civ::civilization::concepts::acquire_trade_cards::trade_card_systems[0m[2m:[0m [TRADE_CARDS] Processed 8 players, 0 have cities, sending CheckIfWeCanTrade
[2m2026-04-14T17:50:37.508500Z[0m [32m INFO[0m [2madv_civ::civilization::concepts::acquire_trade_cards::trade_card_systems[0m[2m:[0m [TRADE_CARDS] CheckIfWeCanTrade received: 0 players can trade
[2m2026-04-14T17:50:37.508513Z[0m [32m INFO[0m [2madv_civ::civilization::concepts::acquire_trade_cards::trade_card_systems[0m[2m:[0m [TRADE_CARDS] Not enough traders, transitioning to CollectTaxes
[2m2026-04-14T17:50:37.520895Z[0m [32m INFO[0m [2madv_civ::civilization::concepts::taxation::taxation_systems[0m[2m:[0m [TAXATION] No cities on the board — skipping taxation phase
[2m2026-04-14T17:50:37.523699Z[0m [32m INFO[0m [2madv_civ::civilization::concepts::taxation::taxation_systems[0m[2m:[0m [TAXATION] No revolts to resolve — transitioning to PopulationExpansion
[2m2026-04-14T17:50:37.535106Z[0m [32m INFO[0m [2madv_civ::civilization::concepts::population_expansion::population_expansion_systems[0m[2m:[0m [POP_EXP] Entering population expansion phase, round 6
[2m2026-04-14T17:50:37.535171Z[0m [32m INFO[0m [2madv_civ::civilization::concepts::population_expansion::population_expansion_systems[0m[2m:[0m [POP_EXP] 49 areas have population and need expansion
[2m2026-04-14T17:50:37.535186Z[0m [32m INFO[0m [2madv_civ::civilization::concepts::population_expansion::population_expansion_systems[0m[2m:[0m [POP_EXP] 0 human, 8 AI need expansion, 0 skipped (already done)
[2m2026-04-14T17:50:37.579325Z[0m [32m INFO[0m [2madv_civ::civilization::concepts::population_expansion::population_expansion_systems[0m[2m:[0m [POP_EXP] Player 340v0 still needs expansion: human=false, manual=true, auto=false
[2m2026-04-14T17:50:37.579348Z[0m [32m INFO[0m [2madv_civ::civilization::concepts::population_expansion::population_expansion_systems[0m[2m:[0m [POP_EXP] Player 340v0 still needs expansion: human=false, manual=true, auto=false
[2m2026-04-14T17:50:37.579355Z[0m [32m INFO[0m [2madv_civ::civilization::concepts::population_expansion::population_expansion_systems[0m[2m:[0m [POP_EXP] Player 340v0 still needs expansion: human=false, manual=true, auto=false
[2m2026-04-14T17:50:37.579363Z[0m [32m INFO[0m [2madv_civ::civilization::concepts::population_expansion::population_expansion_systems[0m[2m:[0m [POP_EXP] Player 340v0 still needs expansion: human=false, manual=true, auto=false
[2m2026-04-14T17:50:37.579367Z[0m [32m INFO[0m [2madv_civ::civilization::concepts::population_expansion::population_expansion_systems[0m[2m:[0m [POP_EXP] Player 340v0 still needs expansion: human=false, manual=true, auto=false
[2m2026-04-14T17:50:37.579372Z[0m [32m INFO[0m [2madv_civ::civilization::concepts::population_expansion::population_expansion_systems[0m[2m:[0m [POP_EXP] Player 340v0 still needs expansion: human=false, manual=true, auto=false
[2m2026-04-14T17:50:37.579378Z[0m [32m INFO[0m [2madv_civ::civilization::concepts::population_expansion::population_expansion_systems[0m[2m:[0m [POP_EXP] Player 340v0 still needs expansion: human=false, manual=true, auto=false
[2m2026-04-14T17:50:38.064102Z[0m [32m INFO[0m [2madv_civ::civilization::concepts::population_expansion::population_expansion_systems[0m[2m:[0m [POP_EXP] All players done with expansion, transitioning to Census
[2m2026-04-14T17:50:38.066151Z[0m [32m INFO[0m [2mbevy_diagnostic[0m[2m:[0m started_load_count:   69.000000   (avg 69.000000)
[2m2026-04-14T17:50:38.098934Z[0m [32m INFO[0m [2madv_civ::civilization::concepts::ships::ship_systems[0m[2m:[0m [SHIPS] Hatshepsut of Thrace cannot maintain ship at 163v0 — returned to stock
[2m2026-04-14T17:50:38.098959Z[0m [32m INFO[0m [2madv_civ::civilization::concepts::ships::ship_systems[0m[2m:[0m [SHIPS] Hatshepsut of Thrace cannot maintain ship at 148v0 — returned to stock
[2m2026-04-14T17:50:38.098972Z[0m [32m INFO[0m [2madv_civ::civilization::concepts::ships::ship_systems[0m[2m:[0m [SHIPS] Hammurabi of Asia cannot maintain ship at 191v0 — returned to stock
[2m2026-04-14T17:50:38.098979Z[0m [32m INFO[0m [2madv_civ::civilization::concepts::ships::ship_systems[0m[2m:[0m [SHIPS] Hammurabi of Asia cannot maintain ship at 140v0 — returned to stock
[2m2026-04-14T17:50:38.098985Z[0m [32m INFO[0m [2madv_civ::civilization::concepts::ships::ship_systems[0m[2m:[0m [SHIPS] Hammurabi of Asia cannot maintain ship at 152v0 — returned to stock
[2m2026-04-14T17:50:38.098991Z[0m [32m INFO[0m [2madv_civ::civilization::concepts::ships::ship_systems[0m[2m:[0m [SHIPS] Hammurabi of Asia cannot maintain ship at 170v0 — returned to stock
[2m2026-04-14T17:50:39.055596Z[0m [32m INFO[0m [2mbevy_diagnostic[0m[2m:[0m started_load_count:   69.000000   (avg 69.000000)
[2m2026-04-14T17:50:39.413428Z[0m [32m INFO[0m [2madv_civ::civilization::concepts::movement::movement_systems[0m[2m:[0m Player Hammurabi of Asia has ended movement
[2m2026-04-14T17:50:39.565673Z[0m [32m INFO[0m [2madv_civ::civilization::concepts::movement::movement_systems[0m[2m:[0m [SHIPS] Ferry: 3 token(s) moved 148v0 → 165v0; ship follows
[2m2026-04-14T17:50:40.012788Z[0m [32m INFO[0m [2madv_civ::civilization::concepts::movement::movement_systems[0m[2m:[0m [SHIPS] Ferry: 1 token(s) moved 148v0 → 165v0; ship follows
[2m2026-04-14T17:50:40.053531Z[0m [32m INFO[0m [2mbevy_diagnostic[0m[2m:[0m started_load_count:   69.000000   (avg 69.000000)
[2m2026-04-14T17:50:40.646666Z[0m [32m INFO[0m [2madv_civ::civilization::concepts::movement::movement_systems[0m[2m:[0m Player Hatshepsut of Thrace has ended movement
[2m2026-04-14T17:50:40.682608Z[0m [32m INFO[0m [2madv_civ::civilization::concepts::movement::movement_systems[0m[2m:[0m [SHIPS] Ferry: 4 token(s) moved 253v0 → 225v0; ship follows
[2m2026-04-14T17:50:40.747479Z[0m [32m INFO[0m [2madv_civ::civilization::concepts::movement::movement_systems[0m[2m:[0m [SHIPS] Ferry: 1 token(s) moved 254v0 → 256v0; ship follows
[2m2026-04-14T17:50:40.781052Z[0m [32m INFO[0m [2madv_civ::civilization::concepts::movement::movement_systems[0m[2m:[0m [SHIPS] Ferry: 1 token(s) moved 256v0 → 254v0; ship follows
[2m2026-04-14T17:50:40.947764Z[0m [32m INFO[0m [2madv_civ::civilization::concepts::movement::movement_systems[0m[2m:[0m [SHIPS] Ferry: 1 token(s) moved 253v0 → 252v0; ship follows
[2m2026-04-14T17:50:41.053876Z[0m [32m INFO[0m [2mbevy_diagnostic[0m[2m:[0m started_load_count:   69.000000   (avg 69.000000)
[2m2026-04-14T17:50:41.096138Z[0m [32m INFO[0m [2madv_civ::civilization::concepts::movement::movement_systems[0m[2m:[0m Player Cleopatra of Africa has ended movement
[2m2026-04-14T17:50:41.680502Z[0m [32m INFO[0m [2madv_civ::civilization::concepts::movement::movement_systems[0m[2m:[0m Player Tutankhamun of Illyria has ended movement
[2m2026-04-14T17:50:41.714298Z[0m [32m INFO[0m [2madv_civ::civilization::concepts::movement::movement_systems[0m[2m:[0m [SHIPS] Ferry: 3 token(s) moved 237v0 → 235v0; ship follows
[2m2026-04-14T17:50:41.747651Z[0m [32m INFO[0m [2madv_civ::civilization::concepts::movement::movement_systems[0m[2m:[0m [SHIPS] Ferry: 3 token(s) moved 239v0 → 238v0; ship follows
[2m2026-04-14T17:50:41.879540Z[0m [32m INFO[0m [2madv_civ::civilization::concepts::movement::movement_systems[0m[2m:[0m Player Ramesses of Crete has ended movement
[2m2026-04-14T17:50:42.016161Z[0m [32m INFO[0m [2madv_civ::civilization::concepts::movement::movement_systems[0m[2m:[0m [SHIPS] Ferry: 3 token(s) moved 155v0 → 156v0; ship follows
[2m2026-04-14T17:50:42.049574Z[0m [32m INFO[0m [2mbevy_diagnostic[0m[2m:[0m started_load_count:   69.000000   (avg 69.000000)
[2m2026-04-14T17:50:42.082188Z[0m [32m INFO[0m [2madv_civ::civilization::concepts::movement::movement_systems[0m[2m:[0m [SHIPS] Ferry: 1 token(s) moved 153v0 → 154v0; ship follows
[2m2026-04-14T17:50:42.119673Z[0m [32m INFO[0m [2madv_civ::civilization::concepts::movement::movement_systems[0m[2m:[0m [SHIPS] Ferry: 1 token(s) moved 154v0 → 153v0; ship follows
[2m2026-04-14T17:50:42.197738Z[0m [32m INFO[0m [2madv_civ::civilization::concepts::movement::movement_systems[0m[2m:[0m Player Leonidas of Iberia has ended movement
[2m2026-04-14T17:50:42.612694Z[0m [32m INFO[0m [2madv_civ::civilization::concepts::movement::movement_systems[0m[2m:[0m Player Alexander of Assyria has ended movement
[2m2026-04-14T17:50:42.921871Z[0m [32m INFO[0m [2madv_civ::civilization::concepts::movement::movement_systems[0m[2m:[0m Player Pericles of Babylon has ended movement
[2m2026-04-14T17:50:42.921945Z[0m [32m INFO[0m [2madv_civ::civilization::concepts::movement::movement_systems[0m[2m:[0m No more players to move, transitioning to Conflict
[2m2026-04-14T17:50:42.936832Z[0m [32m INFO[0m [2madv_civ::civilization::concepts::conflict::conflict_systems[0m[2m:[0m Found 6 conflicts, remaining in Conflict
[2m2026-04-14T17:50:42.936899Z[0m [32m INFO[0m [2madv_civ::civilization::concepts::conflict::conflict_triggers[0m[2m:[0m [CONFLICT] Regular conflict in '9:Syracuse': 2 players, 5 tokens, max_pop=2, conflicts_pending=6, human_involved=false
[2m2026-04-14T17:50:42.936918Z[0m [32m INFO[0m [2madv_civ::civilization::concepts::conflict::conflict_triggers[0m[2m:[0m   Player 1 (401v0): 4 tokens
[2m2026-04-14T17:50:42.936924Z[0m [32m INFO[0m [2madv_civ::civilization::concepts::conflict::conflict_triggers[0m[2m:[0m   Player 2 (706v0): 1 tokens
[2m2026-04-14T17:50:42.936936Z[0m [32m INFO[0m [2madv_civ::civilization::concepts::conflict::conflict_triggers[0m[2m:[0m [CONFLICT] Resolved '9:Syracuse' via unequal_lengths: 4 tokens remaining (was 5)
[2m2026-04-14T17:50:42.936944Z[0m [32m INFO[0m [2madv_civ::civilization::concepts::conflict::conflict_triggers[0m[2m:[0m [CONFLICT] Conflicts remaining: 5
[2m2026-04-14T17:50:42.936983Z[0m [32m INFO[0m [2madv_civ::civilization::concepts::conflict::conflict_triggers[0m[2m:[0m [CONFLICT] Regular conflict in '11:Susa': 2 players, 2 tokens, max_pop=1, conflicts_pending=5, human_involved=false
[2m2026-04-14T17:50:42.936992Z[0m [32m INFO[0m [2madv_civ::civilization::concepts::conflict::conflict_triggers[0m[2m:[0m   Player 1 (340v0): 1 tokens
[2m2026-04-14T17:50:42.936996Z[0m [32m INFO[0m [2madv_civ::civilization::concepts::conflict::conflict_triggers[0m[2m:[0m   Player 2 (706v0): 1 tokens
[2m2026-04-14T17:50:42.937004Z[0m [32m INFO[0m [2madv_civ::civilization::concepts::conflict::conflict_triggers[0m[2m:[0m [CONFLICT] Resolved '11:Susa' via max_pop=1: 0 tokens remaining (was 2)
[2m2026-04-14T17:50:42.937011Z[0m [32m INFO[0m [2madv_civ::civilization::concepts::conflict::conflict_triggers[0m[2m:[0m [CONFLICT] Conflicts remaining: 4
[2m2026-04-14T17:50:42.937042Z[0m [32m INFO[0m [2madv_civ::civilization::concepts::conflict::conflict_triggers[0m[2m:[0m [CONFLICT] Regular conflict in '49:Gaza': 2 players, 2 tokens, max_pop=1, conflicts_pending=4, human_involved=false
[2m2026-04-14T17:50:42.937053Z[0m [32m INFO[0m [2madv_civ::civilization::concepts::conflict::conflict_triggers[0m[2m:[0m   Player 1 (523v0): 1 tokens
[2m2026-04-14T17:50:42.937059Z[0m [32m INFO[0m [2madv_civ::civilization::concepts::conflict::conflict_triggers[0m[2m:[0m   Player 2 (401v0): 1 tokens
[2m2026-04-14T17:50:42.937068Z[0m [32m INFO[0m [2madv_civ::civilization::concepts::conflict::conflict_triggers[0m[2m:[0m [CONFLICT] Resolved '49:Gaza' via max_pop=1: 0 tokens remaining (was 2)
[2m2026-04-14T17:50:42.937074Z[0m [32m INFO[0m [2madv_civ::civilization::concepts::conflict::conflict_triggers[0m[2m:[0m [CONFLICT] Conflicts remaining: 3
[2m2026-04-14T17:50:42.937105Z[0m [32m INFO[0m [2madv_civ::civilization::concepts::conflict::conflict_triggers[0m[2m:[0m [CONFLICT] Regular conflict in '18:Cyrene': 2 players, 10 tokens, max_pop=3, conflicts_pending=3, human_involved=false
[2m2026-04-14T17:50:42.937118Z[0m [32m INFO[0m [2madv_civ::civilization::concepts::conflict::conflict_triggers[0m[2m:[0m   Player 1 (523v0): 7 tokens
[2m2026-04-14T17:50:42.937121Z[0m [32m INFO[0m [2madv_civ::civilization::concepts::conflict::conflict_triggers[0m[2m:[0m   Player 2 (401v0): 3 tokens
[2m2026-04-14T17:50:42.937133Z[0m [32m INFO[0m [2madv_civ::civilization::concepts::conflict::conflict_triggers[0m[2m:[0m [CONFLICT] Resolved '18:Cyrene' via unequal_lengths: 5 tokens remaining (was 10)
[2m2026-04-14T17:50:42.937140Z[0m [32m INFO[0m [2madv_civ::civilization::concepts::conflict::conflict_triggers[0m[2m:[0m [CONFLICT] Conflicts remaining: 2
[2m2026-04-14T17:50:42.937180Z[0m [32m INFO[0m [2madv_civ::civilization::concepts::conflict::conflict_triggers[0m[2m:[0m [CONFLICT] Regular conflict in '33:Lutetia': 2 players, 5 tokens, max_pop=2, conflicts_pending=2, human_involved=false
[2m2026-04-14T17:50:42.937209Z[0m [32m INFO[0m [2madv_civ::civilization::concepts::conflict::conflict_triggers[0m[2m:[0m   Player 1 (279v0): 4 tokens
[2m2026-04-14T17:50:42.937215Z[0m [32m INFO[0m [2madv_civ::civilization::concepts::conflict::conflict_triggers[0m[2m:[0m   Player 2 (523v0): 1 tokens
[2m2026-04-14T17:50:42.937224Z[0m [32m INFO[0m [2madv_civ::civilization::concepts::conflict::conflict_triggers[0m[2m:[0m [CONFLICT] Resolved '33:Lutetia' via unequal_lengths: 4 tokens remaining (was 5)
[2m2026-04-14T17:50:42.937230Z[0m [32m INFO[0m [2madv_civ::civilization::concepts::conflict::conflict_triggers[0m[2m:[0m [CONFLICT] Conflicts remaining: 1
[2m2026-04-14T17:50:42.937251Z[0m [32m INFO[0m [2madv_civ::civilization::concepts::conflict::conflict_triggers[0m[2m:[0m [CONFLICT] Regular conflict in '21:Patavium': 2 players, 4 tokens, max_pop=1, conflicts_pending=1, human_involved=false
[2m2026-04-14T17:50:42.937263Z[0m [32m INFO[0m [2madv_civ::civilization::concepts::conflict::conflict_triggers[0m[2m:[0m   Player 1 (401v0): 3 tokens
[2m2026-04-14T17:50:42.937269Z[0m [32m INFO[0m [2madv_civ::civilization::concepts::conflict::conflict_triggers[0m[2m:[0m   Player 2 (340v0): 1 tokens
[2m2026-04-14T17:50:42.937277Z[0m [32m INFO[0m [2madv_civ::civilization::concepts::conflict::conflict_triggers[0m[2m:[0m [CONFLICT] Resolved '21:Patavium' via max_pop=1: 2 tokens remaining (was 4)
[2m2026-04-14T17:50:42.937284Z[0m [32m INFO[0m [2madv_civ::civilization::concepts::conflict::conflict_triggers[0m[2m:[0m [CONFLICT] Conflicts remaining: 0
[2m2026-04-14T17:50:42.937288Z[0m [32m INFO[0m [2madv_civ::civilization::concepts::conflict::conflict_triggers[0m[2m:[0m [CONFLICT] All conflicts resolved, transitioning to CityConstruction
[2m2026-04-14T17:50:42.958003Z[0m [32m INFO[0m [2madv_civ::civilization::concepts::city_construction::city_construction_systems[0m[2m:[0m [CITY_CONSTRUCTION] Entering city construction phase
[2m2026-04-14T17:50:42.958025Z[0m [32m INFO[0m [2madv_civ::civilization::concepts::city_construction::city_construction_systems[0m[2m:[0m [CITY_CONSTRUCTION] LoadingFromSave present: false
[2m2026-04-14T17:50:42.958034Z[0m [32m INFO[0m [2madv_civ::civilization::concepts::city_construction::city_construction_systems[0m[2m:[0m [CITY_CONSTRUCTION] Total players: 8
[2m2026-04-14T17:50:42.958040Z[0m [32m INFO[0m [2madv_civ::civilization::concepts::city_construction::city_construction_systems[0m[2m:[0m [CITY_CONSTRUCTION] Marking Thrace for building
[2m2026-04-14T17:50:42.958046Z[0m [32m INFO[0m [2madv_civ::civilization::concepts::city_construction::city_construction_systems[0m[2m:[0m [CITY_CONSTRUCTION] Marking Crete for building
[2m2026-04-14T17:50:42.958050Z[0m [32m INFO[0m [2madv_civ::civilization::concepts::city_construction::city_construction_systems[0m[2m:[0m [CITY_CONSTRUCTION] Marking Iberia for building
[2m2026-04-14T17:50:42.958055Z[0m [32m INFO[0m [2madv_civ::civilization::concepts::city_construction::city_construction_systems[0m[2m:[0m [CITY_CONSTRUCTION] Marking Asia for building
[2m2026-04-14T17:50:42.958059Z[0m [32m INFO[0m [2madv_civ::civilization::concepts::city_construction::city_construction_systems[0m[2m:[0m [CITY_CONSTRUCTION] Marking Africa for building
[2m2026-04-14T17:50:42.958064Z[0m [32m INFO[0m [2madv_civ::civilization::concepts::city_construction::city_construction_systems[0m[2m:[0m [CITY_CONSTRUCTION] Marking Assyria for building
[2m2026-04-14T17:50:42.958069Z[0m [32m INFO[0m [2madv_civ::civilization::concepts::city_construction::city_construction_systems[0m[2m:[0m [CITY_CONSTRUCTION] Marking Illyria for building
[2m2026-04-14T17:50:42.958073Z[0m [32m INFO[0m [2madv_civ::civilization::concepts::city_construction::city_construction_systems[0m[2m:[0m [CITY_CONSTRUCTION] Marking Babylon for building
[2m2026-04-14T17:50:42.958079Z[0m [32m INFO[0m [2madv_civ::civilization::concepts::city_construction::city_construction_systems[0m[2m:[0m [CITY_CONSTRUCTION] Summary: 8 marked for building, 0 skipped
[2m2026-04-14T17:50:42.958085Z[0m [32m INFO[0m [2madv_civ::civilization::concepts::city_construction::city_construction_systems[0m[2m:[0m [CITY_CONSTRUCTION] Inserted CityConstructionPhaseActive resource
[2m2026-04-14T17:50:43.003763Z[0m [32m INFO[0m [2madv_civ::civilization::concepts::city_construction::city_construction_systems[0m[2m:[0m [CITY_CONSTRUCTION] Gate: No players with IsBuilding, transitioning to RemoveSurplusPopulation
[2m2026-04-14T17:50:43.017253Z[0m [32m INFO[0m [2madv_civ::civilization::concepts::remove_surplus_population::remove_surplus_systems[0m[2m:[0m [SURPLUS] '93:Berenice' has surplus: total=5, max=2, surplus=3, players=1, has_city=false
[2m2026-04-14T17:50:43.017277Z[0m [32m INFO[0m [2madv_civ::civilization::concepts::remove_surplus_population::remove_surplus_systems[0m[2m:[0m [SURPLUS] '93:Berenice': Removing surplus tokens from single-player area
[2m2026-04-14T17:50:43.017291Z[0m [32m INFO[0m [2madv_civ::civilization::concepts::remove_surplus_population::remove_surplus_systems[0m[2m:[0m [SURPLUS] '93:Berenice': After removal: 5 -> 2 tokens, surplus=0
[2m2026-04-14T17:50:43.017299Z[0m [32m INFO[0m [2madv_civ::civilization::concepts::remove_surplus_population::remove_surplus_systems[0m[2m:[0m [SURPLUS] '109:Tanis' has surplus: total=5, max=3, surplus=2, players=1, has_city=false
[2m2026-04-14T17:50:43.017307Z[0m [32m INFO[0m [2madv_civ::civilization::concepts::remove_surplus_population::remove_surplus_systems[0m[2m:[0m [SURPLUS] '109:Tanis': Removing surplus tokens from single-player area
[2m2026-04-14T17:50:43.017314Z[0m [32m INFO[0m [2madv_civ::civilization::concepts::remove_surplus_population::remove_surplus_systems[0m[2m:[0m [SURPLUS] '109:Tanis': After removal: 5 -> 3 tokens, surplus=0
[2m2026-04-14T17:50:43.017325Z[0m [32m INFO[0m [2madv_civ::civilization::concepts::remove_surplus_population::remove_surplus_systems[0m[2m:[0m [SURPLUS] '36:Pella' has surplus: total=6, max=2, surplus=4, players=1, has_city=false
[2m2026-04-14T17:50:43.017332Z[0m [32m INFO[0m [2madv_civ::civilization::concepts::remove_surplus_population::remove_surplus_systems[0m[2m:[0m [SURPLUS] '36:Pella': Removing surplus tokens from single-player area
[2m2026-04-14T17:50:43.017341Z[0m [32m INFO[0m [2madv_civ::civilization::concepts::remove_surplus_population::remove_surplus_systems[0m[2m:[0m [SURPLUS] '36:Pella': After removal: 6 -> 2 tokens, surplus=0
[2m2026-04-14T17:50:43.017348Z[0m [32m INFO[0m [2madv_civ::civilization::concepts::remove_surplus_population::remove_surplus_systems[0m[2m:[0m [SURPLUS] '88:Carthage' has surplus: total=4, max=2, surplus=2, players=1, has_city=false
[2m2026-04-14T17:50:43.017355Z[0m [32m INFO[0m [2madv_civ::civilization::concepts::remove_surplus_population::remove_surplus_systems[0m[2m:[0m [SURPLUS] '88:Carthage': Removing surplus tokens from single-player area
[2m2026-04-14T17:50:43.017362Z[0m [32m INFO[0m [2madv_civ::civilization::concepts::remove_surplus_population::remove_surplus_systems[0m[2m:[0m [SURPLUS] '88:Carthage': After removal: 4 -> 2 tokens, surplus=0
[2m2026-04-14T17:50:43.017375Z[0m [32m INFO[0m [2madv_civ::civilization::concepts::remove_surplus_population::remove_surplus_systems[0m[2m:[0m [SURPLUS] '92:Sidon' has surplus: total=2, max=1, surplus=1, players=1, has_city=false
[2m2026-04-14T17:50:43.017383Z[0m [32m INFO[0m [2madv_civ::civilization::concepts::remove_surplus_population::remove_surplus_systems[0m[2m:[0m [SURPLUS] '92:Sidon': Removing surplus tokens from single-player area
[2m2026-04-14T17:50:43.017390Z[0m [32m INFO[0m [2madv_civ::civilization::concepts::remove_surplus_population::remove_surplus_systems[0m[2m:[0m [SURPLUS] '92:Sidon': After removal: 2 -> 1 tokens, surplus=0
[2m2026-04-14T17:50:43.017399Z[0m [32m INFO[0m [2madv_civ::civilization::concepts::remove_surplus_population::remove_surplus_systems[0m[2m:[0m [SURPLUS] '43:Himera' has surplus: total=2, max=1, surplus=1, players=1, has_city=false
[2m2026-04-14T17:50:43.017407Z[0m [32m INFO[0m [2madv_civ::civilization::concepts::remove_surplus_population::remove_surplus_systems[0m[2m:[0m [SURPLUS] '43:Himera': Removing surplus tokens from single-player area
[2m2026-04-14T17:50:43.017415Z[0m [32m INFO[0m [2madv_civ::civilization::concepts::remove_surplus_population::remove_surplus_systems[0m[2m:[0m [SURPLUS] '43:Himera': After removal: 2 -> 1 tokens, surplus=0
[2m2026-04-14T17:50:43.017426Z[0m [32m INFO[0m [2madv_civ::civilization::concepts::remove_surplus_population::remove_surplus_systems[0m[2m:[0m [SURPLUS] '51:Thebes' has surplus: total=5, max=2, surplus=3, players=1, has_city=false
[2m2026-04-14T17:50:43.017434Z[0m [32m INFO[0m [2madv_civ::civilization::concepts::remove_surplus_population::remove_surplus_systems[0m[2m:[0m [SURPLUS] '51:Thebes': Removing surplus tokens from single-player area
[2m2026-04-14T17:50:43.017442Z[0m [32m INFO[0m [2madv_civ::civilization::concepts::remove_surplus_population::remove_surplus_systems[0m[2m:[0m [SURPLUS] '51:Thebes': After removal: 5 -> 2 tokens, surplus=0
[2m2026-04-14T17:50:43.017451Z[0m [32m INFO[0m [2madv_civ::civilization::concepts::remove_surplus_population::remove_surplus_systems[0m[2m:[0m [SURPLUS] '24:Ascalon' has surplus: total=2, max=1, surplus=1, players=1, has_city=false
[2m2026-04-14T17:50:43.017459Z[0m [32m INFO[0m [2madv_civ::civilization::concepts::remove_surplus_population::remove_surplus_systems[0m[2m:[0m [SURPLUS] '24:Ascalon': Removing surplus tokens from single-player area
[2m2026-04-14T17:50:43.017467Z[0m [32m INFO[0m [2madv_civ::civilization::concepts::remove_surplus_population::remove_surplus_systems[0m[2m:[0m [SURPLUS] '24:Ascalon': After removal: 2 -> 1 tokens, surplus=0
[2m2026-04-14T17:50:43.017475Z[0m [32m INFO[0m [2madv_civ::civilization::concepts::remove_surplus_population::remove_surplus_systems[0m[2m:[0m [SURPLUS] '63:Timgad' has surplus: total=4, max=2, surplus=2, players=1, has_city=false
[2m2026-04-14T17:50:43.017483Z[0m [32m INFO[0m [2madv_civ::civilization::concepts::remove_surplus_population::remove_surplus_systems[0m[2m:[0m [SURPLUS] '63:Timgad': Removing surplus tokens from single-player area
[2m2026-04-14T17:50:43.017491Z[0m [32m INFO[0m [2madv_civ::civilization::concepts::remove_surplus_population::remove_surplus_systems[0m[2m:[0m [SURPLUS] '63:Timgad': After removal: 4 -> 2 tokens, surplus=0
[2m2026-04-14T17:50:43.017498Z[0m [32m INFO[0m [2madv_civ::civilization::concepts::remove_surplus_population::remove_surplus_systems[0m[2m:[0m [SURPLUS] '8:Trebizond' has surplus: total=2, max=1, surplus=1, players=1, has_city=false
[2m2026-04-14T17:50:43.017506Z[0m [32m INFO[0m [2madv_civ::civilization::concepts::remove_surplus_population::remove_surplus_systems[0m[2m:[0m [SURPLUS] '8:Trebizond': Removing surplus tokens from single-player area
[2m2026-04-14T17:50:43.017514Z[0m [32m INFO[0m [2madv_civ::civilization::concepts::remove_surplus_population::remove_surplus_systems[0m[2m:[0m [SURPLUS] '8:Trebizond': After removal: 2 -> 1 tokens, surplus=0
[2m2026-04-14T17:50:43.017523Z[0m [32m INFO[0m [2madv_civ::civilization::concepts::remove_surplus_population::remove_surplus_systems[0m[2m:[0m [SURPLUS] '6:Saguntum' has surplus: total=2, max=1, surplus=1, players=1, has_city=false
[2m2026-04-14T17:50:43.017531Z[0m [32m INFO[0m [2madv_civ::civilization::concepts::remove_surplus_population::remove_surplus_systems[0m[2m:[0m [SURPLUS] '6:Saguntum': Removing surplus tokens from single-player area
[2m2026-04-14T17:50:43.017539Z[0m [32m INFO[0m [2madv_civ::civilization::concepts::remove_surplus_population::remove_surplus_systems[0m[2m:[0m [SURPLUS] '6:Saguntum': After removal: 2 -> 1 tokens, surplus=0
[2m2026-04-14T17:50:43.017546Z[0m [32m INFO[0m [2madv_civ::civilization::concepts::remove_surplus_population::remove_surplus_systems[0m[2m:[0m [SURPLUS] '9:Syracuse' has surplus: total=4, max=2, surplus=2, players=1, has_city=false
[2m2026-04-14T17:50:43.017572Z[0m [32m INFO[0m [2madv_civ::civilization::concepts::remove_surplus_population::remove_surplus_systems[0m[2m:[0m [SURPLUS] '9:Syracuse': Removing surplus tokens from single-player area
[2m2026-04-14T17:50:43.017582Z[0m [32m INFO[0m [2madv_civ::civilization::concepts::remove_surplus_population::remove_surplus_systems[0m[2m:[0m [SURPLUS] '9:Syracuse': After removal: 4 -> 2 tokens, surplus=0
[2m2026-04-14T17:50:43.017593Z[0m [32m INFO[0m [2madv_civ::civilization::concepts::remove_surplus_population::remove_surplus_systems[0m[2m:[0m [SURPLUS] '106:Arretium' has surplus: total=5, max=1, surplus=4, players=1, has_city=false
[2m2026-04-14T17:50:43.017602Z[0m [32m INFO[0m [2madv_civ::civilization::concepts::remove_surplus_population::remove_surplus_systems[0m[2m:[0m [SURPLUS] '106:Arretium': Removing surplus tokens from single-player area
[2m2026-04-14T17:50:43.017610Z[0m [32m INFO[0m [2madv_civ::civilization::concepts::remove_surplus_population::remove_surplus_systems[0m[2m:[0m [SURPLUS] '106:Arretium': After removal: 5 -> 1 tokens, surplus=0
[2m2026-04-14T17:50:43.017620Z[0m [32m INFO[0m [2madv_civ::civilization::concepts::remove_surplus_population::remove_surplus_systems[0m[2m:[0m [SURPLUS] '48:Athribis' has surplus: total=2, max=1, surplus=1, players=1, has_city=false
[2m2026-04-14T17:50:43.017628Z[0m [32m INFO[0m [2madv_civ::civilization::concepts::remove_surplus_population::remove_surplus_systems[0m[2m:[0m [SURPLUS] '48:Athribis': Removing surplus tokens from single-player area
[2m2026-04-14T17:50:43.017636Z[0m [32m INFO[0m [2madv_civ::civilization::concepts::remove_surplus_population::remove_surplus_systems[0m[2m:[0m [SURPLUS] '48:Athribis': After removal: 2 -> 1 tokens, surplus=0
[2m2026-04-14T17:50:43.017649Z[0m [32m INFO[0m [2madv_civ::civilization::concepts::remove_surplus_population::remove_surplus_systems[0m[2m:[0m [SURPLUS] '23:Jerusalem' has surplus: total=3, max=1, surplus=2, players=1, has_city=false
[2m2026-04-14T17:50:43.017656Z[0m [32m INFO[0m [2madv_civ::civilization::concepts::remove_surplus_population::remove_surplus_systems[0m[2m:[0m [SURPLUS] '23:Jerusalem': Removing surplus tokens from single-player area
[2m2026-04-14T17:50:43.017663Z[0m [32m INFO[0m [2madv_civ::civilization::concepts::remove_surplus_population::remove_surplus_systems[0m[2m:[0m [SURPLUS] '23:Jerusalem': After removal: 3 -> 1 tokens, surplus=0
[2m2026-04-14T17:50:43.017671Z[0m [32m INFO[0m [2madv_civ::civilization::concepts::remove_surplus_population::remove_surplus_systems[0m[2m:[0m [SURPLUS] '123:Capua' has surplus: total=3, max=2, surplus=1, players=1, has_city=false
[2m2026-04-14T17:50:43.017678Z[0m [32m INFO[0m [2madv_civ::civilization::concepts::remove_surplus_population::remove_surplus_systems[0m[2m:[0m [SURPLUS] '123:Capua': Removing surplus tokens from single-player area
[2m2026-04-14T17:50:43.017686Z[0m [32m INFO[0m [2madv_civ::civilization::concepts::remove_surplus_population::remove_surplus_systems[0m[2m:[0m [SURPLUS] '123:Capua': After removal: 3 -> 2 tokens, surplus=0
[2m2026-04-14T17:50:43.017693Z[0m [32m INFO[0m [2madv_civ::civilization::concepts::remove_surplus_population::remove_surplus_systems[0m[2m:[0m [SURPLUS] '25:Alexandria' has surplus: total=2, max=1, surplus=1, players=1, has_city=false
[2m2026-04-14T17:50:43.017701Z[0m [32m INFO[0m [2madv_civ::civilization::concepts::remove_surplus_population::remove_surplus_systems[0m[2m:[0m [SURPLUS] '25:Alexandria': Removing surplus tokens from single-player area
[2m2026-04-14T17:50:43.017709Z[0m [32m INFO[0m [2madv_civ::civilization::concepts::remove_surplus_population::remove_surplus_systems[0m[2m:[0m [SURPLUS] '25:Alexandria': After removal: 2 -> 1 tokens, surplus=0
[2m2026-04-14T17:50:43.017716Z[0m [32m INFO[0m [2madv_civ::civilization::concepts::remove_surplus_population::remove_surplus_systems[0m[2m:[0m [SURPLUS] '4:Megiddo' has surplus: total=4, max=3, surplus=1, players=1, has_city=false
[2m2026-04-14T17:50:43.017724Z[0m [32m INFO[0m [2madv_civ::civilization::concepts::remove_surplus_population::remove_surplus_systems[0m[2m:[0m [SURPLUS] '4:Megiddo': Removing surplus tokens from single-player area
[2m2026-04-14T17:50:43.017731Z[0m [32m INFO[0m [2madv_civ::civilization::concepts::remove_surplus_population::remove_surplus_systems[0m[2m:[0m [SURPLUS] '4:Megiddo': After removal: 4 -> 3 tokens, surplus=0
[2m2026-04-14T17:50:43.017738Z[0m [32m INFO[0m [2madv_civ::civilization::concepts::remove_surplus_population::remove_surplus_systems[0m[2m:[0m [SURPLUS] '15:Olynthus' has surplus: total=2, max=1, surplus=1, players=1, has_city=false
[2m2026-04-14T17:50:43.017746Z[0m [32m INFO[0m [2madv_civ::civilization::concepts::remove_surplus_population::remove_surplus_systems[0m[2m:[0m [SURPLUS] '15:Olynthus': Removing surplus tokens from single-player area
[2m2026-04-14T17:50:43.017753Z[0m [32m INFO[0m [2madv_civ::civilization::concepts::remove_surplus_population::remove_surplus_systems[0m[2m:[0m [SURPLUS] '15:Olynthus': After removal: 2 -> 1 tokens, surplus=0
[2m2026-04-14T17:50:43.017760Z[0m [32m INFO[0m [2madv_civ::civilization::concepts::remove_surplus_population::remove_surplus_systems[0m[2m:[0m [SURPLUS] '33:Lutetia' has surplus: total=4, max=2, surplus=2, players=1, has_city=false
[2m2026-04-14T17:50:43.017767Z[0m [32m INFO[0m [2madv_civ::civilization::concepts::remove_surplus_population::remove_surplus_systems[0m[2m:[0m [SURPLUS] '33:Lutetia': Removing surplus tokens from single-player area
[2m2026-04-14T17:50:43.017775Z[0m [32m INFO[0m [2madv_civ::civilization::concepts::remove_surplus_population::remove_surplus_systems[0m[2m:[0m [SURPLUS] '33:Lutetia': After removal: 4 -> 2 tokens, surplus=0
[2m2026-04-14T17:50:43.017783Z[0m [32m INFO[0m [2madv_civ::civilization::concepts::remove_surplus_population::remove_surplus_systems[0m[2m:[0m [SURPLUS] '94:Amphipolis' has surplus: total=5, max=2, surplus=3, players=1, has_city=false
[2m2026-04-14T17:50:43.017791Z[0m [32m INFO[0m [2madv_civ::civilization::concepts::remove_surplus_population::remove_surplus_systems[0m[2m:[0m [SURPLUS] '94:Amphipolis': Removing surplus tokens from single-player area
[2m2026-04-14T17:50:43.017799Z[0m [32m INFO[0m [2madv_civ::civilization::concepts::remove_surplus_population::remove_surplus_systems[0m[2m:[0m [SURPLUS] '94:Amphipolis': After removal: 5 -> 2 tokens, surplus=0
[2m2026-04-14T17:50:43.017807Z[0m [32m INFO[0m [2madv_civ::civilization::concepts::remove_surplus_population::remove_surplus_systems[0m[2m:[0m [SURPLUS] '17:Knossos' has surplus: total=5, max=4, surplus=1, players=1, has_city=false
[2m2026-04-14T17:50:43.017815Z[0m [32m INFO[0m [2madv_civ::civilization::concepts::remove_surplus_population::remove_surplus_systems[0m[2m:[0m [SURPLUS] '17:Knossos': Removing surplus tokens from single-player area
[2m2026-04-14T17:50:43.017822Z[0m [32m INFO[0m [2madv_civ::civilization::concepts::remove_surplus_population::remove_surplus_systems[0m[2m:[0m [SURPLUS] '17:Knossos': After removal: 5 -> 4 tokens, surplus=0
[2m2026-04-14T17:50:43.017829Z[0m [32m INFO[0m [2madv_civ::civilization::concepts::remove_surplus_population::remove_surplus_systems[0m[2m:[0m [SURPLUS] '18:Cyrene' has surplus: total=5, max=3, surplus=2, players=1, has_city=false
[2m2026-04-14T17:50:43.017837Z[0m [32m INFO[0m [2madv_civ::civilization::concepts::remove_surplus_population::remove_surplus_systems[0m[2m:[0m [SURPLUS] '18:Cyrene': Removing surplus tokens from single-player area
[2m2026-04-14T17:50:43.017845Z[0m [32m INFO[0m [2madv_civ::civilization::concepts::remove_surplus_population::remove_surplus_systems[0m[2m:[0m [SURPLUS] '18:Cyrene': After removal: 5 -> 3 tokens, surplus=0
[2m2026-04-14T17:50:43.017853Z[0m [32m INFO[0m [2madv_civ::civilization::concepts::remove_surplus_population::remove_surplus_systems[0m[2m:[0m [SURPLUS] '21:Patavium' has surplus: total=2, max=1, surplus=1, players=1, has_city=false
[2m2026-04-14T17:50:43.017860Z[0m [32m INFO[0m [2madv_civ::civilization::concepts::remove_surplus_population::remove_surplus_systems[0m[2m:[0m [SURPLUS] '21:Patavium': Removing surplus tokens from single-player area
[2m2026-04-14T17:50:43.017868Z[0m [32m INFO[0m [2madv_civ::civilization::concepts::remove_surplus_population::remove_surplus_systems[0m[2m:[0m [SURPLUS] '21:Patavium': After removal: 2 -> 1 tokens, surplus=0
[2m2026-04-14T17:50:43.017879Z[0m [32m INFO[0m [2madv_civ::civilization::concepts::remove_surplus_population::remove_surplus_systems[0m[2m:[0m [SURPLUS] '66:Venusia' has surplus: total=4, max=2, surplus=2, players=1, has_city=false
[2m2026-04-14T17:50:43.017887Z[0m [32m INFO[0m [2madv_civ::civilization::concepts::remove_surplus_population::remove_surplus_systems[0m[2m:[0m [SURPLUS] '66:Venusia': Removing surplus tokens from single-player area
[2m2026-04-14T17:50:43.017895Z[0m [32m INFO[0m [2madv_civ::civilization::concepts::remove_surplus_population::remove_surplus_systems[0m[2m:[0m [SURPLUS] '66:Venusia': After removal: 4 -> 2 tokens, surplus=0
[2m2026-04-14T17:50:43.017902Z[0m [32m INFO[0m [2madv_civ::civilization::concepts::remove_surplus_population::remove_surplus_systems[0m[2m:[0m [SURPLUS] '96:Miletus' has surplus: total=5, max=3, surplus=2, players=1, has_city=false
[2m2026-04-14T17:50:43.017910Z[0m [32m INFO[0m [2madv_civ::civilization::concepts::remove_surplus_population::remove_surplus_systems[0m[2m:[0m [SURPLUS] '96:Miletus': Removing surplus tokens from single-player area
[2m2026-04-14T17:50:43.017918Z[0m [32m INFO[0m [2madv_civ::civilization::concepts::remove_surplus_population::remove_surplus_systems[0m[2m:[0m [SURPLUS] '96:Miletus': After removal: 5 -> 3 tokens, surplus=0
[2m2026-04-14T17:50:43.017926Z[0m [32m INFO[0m [2madv_civ::civilization::concepts::remove_surplus_population::remove_surplus_systems[0m[2m:[0m [SURPLUS] '125:Beersheba' has surplus: total=3, max=1, surplus=2, players=1, has_city=false
[2m2026-04-14T17:50:43.017934Z[0m [32m INFO[0m [2madv_civ::civilization::concepts::remove_surplus_population::remove_surplus_systems[0m[2m:[0m [SURPLUS] '125:Beersheba': Removing surplus tokens from single-player area
[2m2026-04-14T17:50:43.017941Z[0m [32m INFO[0m [2madv_civ::civilization::concepts::remove_surplus_population::remove_surplus_systems[0m[2m:[0m [SURPLUS] '125:Beersheba': After removal: 3 -> 1 tokens, surplus=0
[2m2026-04-14T17:50:43.017950Z[0m [32m INFO[0m [2madv_civ::civilization::concepts::remove_surplus_population::remove_surplus_systems[0m[2m:[0m [SURPLUS] Phase complete: processed 149 areas, 27 had surplus, removed 49 tokens total
[2m2026-04-14T17:50:43.034926Z[0m [32m INFO[0m [2madv_civ::civilization::concepts::check_city_support::check_city_support_systems[0m[2m:[0m [CITY_SUPPORT] Starting city support check phase
[2m2026-04-14T17:50:43.034949Z[0m [32m INFO[0m [2madv_civ::civilization::concepts::check_city_support::check_city_support_systems[0m[2m:[0m [CITY_SUPPORT] No players with cities, skipping to AcquireTradeCards
[2m2026-04-14T17:50:43.036155Z[0m [32m INFO[0m [2madv_civ::civilization::concepts::check_city_support::check_city_support_systems[0m[2m:[0m [CITY_SUPPORT] All checks complete, transitioning to AcquireTradeCards
[2m2026-04-14T17:50:43.091460Z[0m [32m INFO[0m [2madv_civ::civilization::concepts::acquire_trade_cards::trade_card_systems[0m[2m:[0m [TRADE_CARDS] Starting acquire trade cards phase
[2m2026-04-14T17:50:43.091523Z[0m [32m INFO[0m [2madv_civ::civilization::concepts::acquire_trade_cards::trade_card_systems[0m[2m:[0m [TRADE_CARDS] Processed 8 players, 0 have cities, sending CheckIfWeCanTrade
[2m2026-04-14T17:50:43.093189Z[0m [32m INFO[0m [2madv_civ::civilization::concepts::acquire_trade_cards::trade_card_systems[0m[2m:[0m [TRADE_CARDS] CheckIfWeCanTrade received: 0 players can trade
[2m2026-04-14T17:50:43.093210Z[0m [32m INFO[0m [2madv_civ::civilization::concepts::acquire_trade_cards::trade_card_systems[0m[2m:[0m [TRADE_CARDS] Not enough traders, transitioning to CollectTaxes
[2m2026-04-14T17:50:43.099998Z[0m [32m INFO[0m [2mbevy_diagnostic[0m[2m:[0m started_load_count:   69.000000   (avg 69.000000)
[2m2026-04-14T17:50:43.126678Z[0m [32m INFO[0m [2madv_civ::civilization::concepts::taxation::taxation_systems[0m[2m:[0m [TAXATION] No cities on the board — skipping taxation phase
[2m2026-04-14T17:50:43.131102Z[0m [32m INFO[0m [2madv_civ::civilization::concepts::taxation::taxation_systems[0m[2m:[0m [TAXATION] No revolts to resolve — transitioning to PopulationExpansion
[2m2026-04-14T17:50:43.157449Z[0m [32m INFO[0m [2madv_civ::civilization::concepts::population_expansion::population_expansion_systems[0m[2m:[0m [POP_EXP] Entering population expansion phase, round 7
[2m2026-04-14T17:50:43.157539Z[0m [32m INFO[0m [2madv_civ::civilization::concepts::population_expansion::population_expansion_systems[0m[2m:[0m [POP_EXP] 58 areas have population and need expansion
[2m2026-04-14T17:50:43.157573Z[0m [32m INFO[0m [2madv_civ::civilization::concepts::population_expansion::population_expansion_systems[0m[2m:[0m [POP_EXP] 0 human, 8 AI need expansion, 0 skipped (already done)
[2m2026-04-14T17:50:43.214673Z[0m [32m INFO[0m [2madv_civ::civilization::concepts::population_expansion::population_expansion_systems[0m[2m:[0m [POP_EXP] Player 340v0 still needs expansion: human=false, manual=false, auto=false
[2m2026-04-14T17:50:43.214700Z[0m [32m INFO[0m [2madv_civ::civilization::concepts::population_expansion::population_expansion_systems[0m[2m:[0m [POP_EXP] Player 645v0 still needs expansion: human=false, manual=false, auto=false
[2m2026-04-14T17:50:43.214711Z[0m [32m INFO[0m [2madv_civ::civilization::concepts::population_expansion::population_expansion_systems[0m[2m:[0m [POP_EXP] Player 340v0 still needs expansion: human=false, manual=false, auto=false
[2m2026-04-14T17:50:43.214718Z[0m [32m INFO[0m [2madv_civ::civilization::concepts::population_expansion::population_expansion_systems[0m[2m:[0m [POP_EXP] Player 645v0 still needs expansion: human=false, manual=false, auto=false
[2m2026-04-14T17:50:43.214727Z[0m [32m INFO[0m [2madv_civ::civilization::concepts::population_expansion::population_expansion_systems[0m[2m:[0m [POP_EXP] Player 340v0 still needs expansion: human=false, manual=false, auto=false
[2m2026-04-14T17:50:43.214734Z[0m [32m INFO[0m [2madv_civ::civilization::concepts::population_expansion::population_expansion_systems[0m[2m:[0m [POP_EXP] Player 645v0 still needs expansion: human=false, manual=false, auto=false
[2m2026-04-14T17:50:43.214738Z[0m [32m INFO[0m [2madv_civ::civilization::concepts::population_expansion::population_expansion_systems[0m[2m:[0m [POP_EXP] Player 340v0 still needs expansion: human=false, manual=false, auto=false
[2m2026-04-14T17:50:43.214742Z[0m [32m INFO[0m [2madv_civ::civilization::concepts::population_expansion::population_expansion_systems[0m[2m:[0m [POP_EXP] Player 645v0 still needs expansion: human=false, manual=false, auto=false
[2m2026-04-14T17:50:43.214747Z[0m [32m INFO[0m [2madv_civ::civilization::concepts::population_expansion::population_expansion_systems[0m[2m:[0m [POP_EXP] Player 340v0 still needs expansion: human=false, manual=false, auto=false
[2m2026-04-14T17:50:43.214751Z[0m [32m INFO[0m [2madv_civ::civilization::concepts::population_expansion::population_expansion_systems[0m[2m:[0m [POP_EXP] Player 645v0 still needs expansion: human=false, manual=false, auto=false
[2m2026-04-14T17:50:43.214755Z[0m [32m INFO[0m [2madv_civ::civilization::concepts::population_expansion::population_expansion_systems[0m[2m:[0m [POP_EXP] Player 340v0 still needs expansion: human=false, manual=false, auto=false
[2m2026-04-14T17:50:43.214763Z[0m [32m INFO[0m [2madv_civ::civilization::concepts::population_expansion::population_expansion_systems[0m[2m:[0m [POP_EXP] Player 645v0 still needs expansion: human=false, manual=false, auto=false
[2m2026-04-14T17:50:43.496712Z[0m [32m INFO[0m [2madv_civ::civilization::concepts::population_expansion::population_expansion_systems[0m[2m:[0m [POP_EXP] Player 645v0 still needs expansion: human=false, manual=true, auto=false
[2m2026-04-14T17:50:43.598232Z[0m [32m INFO[0m [2madv_civ::civilization::concepts::population_expansion::population_expansion_systems[0m[2m:[0m [POP_EXP] All players done with expansion, transitioning to Census
[2m2026-04-14T17:50:43.663463Z[0m [32m INFO[0m [2madv_civ::civilization::concepts::ships::ship_systems[0m[2m:[0m [SHIPS] Tutankhamun of Illyria cannot maintain ship at 144v0 — returned to stock
[2m2026-04-14T17:50:43.663490Z[0m [32m INFO[0m [2madv_civ::civilization::concepts::ships::ship_systems[0m[2m:[0m [SHIPS] Tutankhamun of Illyria cannot maintain ship at 138v1 — returned to stock
[2m2026-04-14T17:50:43.663500Z[0m [32m INFO[0m [2madv_civ::civilization::concepts::ships::ship_systems[0m[2m:[0m [SHIPS] Hatshepsut of Thrace cannot maintain ship at 165v0 — returned to stock
[2m2026-04-14T17:50:43.663510Z[0m [32m INFO[0m [2madv_civ::civilization::concepts::ships::ship_systems[0m[2m:[0m [SHIPS] Cleopatra of Africa cannot maintain ship at 254v0 — returned to stock
[2m2026-04-14T17:50:43.663516Z[0m [32m INFO[0m [2madv_civ::civilization::concepts::ships::ship_systems[0m[2m:[0m [SHIPS] Cleopatra of Africa cannot maintain ship at 224v0 — returned to stock
[2m2026-04-14T17:50:43.663521Z[0m [32m INFO[0m [2madv_civ::civilization::concepts::ships::ship_systems[0m[2m:[0m [SHIPS] Cleopatra of Africa cannot maintain ship at 252v0 — returned to stock
[2m2026-04-14T17:50:43.663529Z[0m [32m INFO[0m [2madv_civ::civilization::concepts::ships::ship_systems[0m[2m:[0m [SHIPS] Cleopatra of Africa cannot maintain ship at 225v0 — returned to stock
[2m2026-04-14T17:50:44.048323Z[0m [32m INFO[0m [2mbevy_diagnostic[0m[2m:[0m started_load_count:   69.000000   (avg 69.000000)
[2m2026-04-14T17:50:45.561248Z[0m [32m INFO[0m [2mbevy_diagnostic[0m[2m:[0m started_load_count:   69.000000   (avg 69.000000)
[2m2026-04-14T17:50:46.627736Z[0m [32m INFO[0m [2mbevy_diagnostic[0m[2m:[0m started_load_count:   69.000000   (avg 69.000000)
[2m2026-04-14T17:50:47.627702Z[0m [32m INFO[0m [2mbevy_diagnostic[0m[2m:[0m started_load_count:   69.000000   (avg 69.000000)
[2m2026-04-14T17:50:48.645179Z[0m [32m INFO[0m [2mbevy_diagnostic[0m[2m:[0m started_load_count:   69.000000   (avg 69.000000)
[2m2026-04-14T17:50:49.646106Z[0m [32m INFO[0m [2mbevy_diagnostic[0m[2m:[0m started_load_count:   69.000000   (avg 69.000000)
[2m2026-04-14T17:50:51.394911Z[0m [32m INFO[0m [2mbevy_diagnostic[0m[2m:[0m started_load_count:   69.000000   (avg 69.000000)
[2m2026-04-14T17:50:52.397072Z[0m [32m INFO[0m [2mbevy_diagnostic[0m[2m:[0m started_load_count:   69.000000   (avg 69.000000)
[2m2026-04-14T17:50:53.398075Z[0m [32m INFO[0m [2mbevy_diagnostic[0m[2m:[0m started_load_count:   69.000000   (avg 69.000000)
[2m2026-04-14T17:50:54.393797Z[0m [32m INFO[0m [2mbevy_diagnostic[0m[2m:[0m started_load_count:   69.000000   (avg 69.000000)
[2m2026-04-14T17:50:55.413490Z[0m [32m INFO[0m [2mbevy_diagnostic[0m[2m:[0m started_load_count:   69.000000   (avg 69.000000)
[2m2026-04-14T17:50:56.542854Z[0m [32m INFO[0m [2mbevy_diagnostic[0m[2m:[0m started_load_count:   69.000000   (avg 69.000000)
[2m2026-04-14T17:50:57.543673Z[0m [32m INFO[0m [2mbevy_diagnostic[0m[2m:[0m started_load_count:   69.000000   (avg 69.000000)
[2m2026-04-14T17:50:58.843104Z[0m [32m INFO[0m [2mbevy_diagnostic[0m[2m:[0m started_load_count:   69.000000   (avg 69.000000)
[2m2026-04-14T17:50:59.992604Z[0m [32m INFO[0m [2mbevy_diagnostic[0m[2m:[0m started_load_count:   69.000000   (avg 69.000000)
[2m2026-04-14T17:51:01.032572Z[0m [32m INFO[0m [2mbevy_diagnostic[0m[2m:[0m started_load_count:   69.000000   (avg 69.000000)
[2m2026-04-14T17:51:02.231125Z[0m [32m INFO[0m [2mbevy_diagnostic[0m[2m:[0m started_load_count:   69.000000   (avg 69.000000)
[2m2026-04-14T17:51:04.161169Z[0m [32m INFO[0m [2mbevy_diagnostic[0m[2m:[0m started_load_count:   69.000000   (avg 69.000000)
[2m2026-04-14T17:51:07.160752Z[0m [32m INFO[0m [2mbevy_diagnostic[0m[2m:[0m started_load_count:   69.000000   (avg 69.000000)
[2m2026-04-14T17:51:08.476604Z[0m [32m INFO[0m [2mbevy_diagnostic[0m[2m:[0m started_load_count:   69.000000   (avg 69.000000)
[2m2026-04-14T17:51:09.509823Z[0m [32m INFO[0m [2mbevy_diagnostic[0m[2m:[0m started_load_count:   69.000000   (avg 69.000000)
[2m2026-04-14T17:51:10.727771Z[0m [32m INFO[0m [2mbevy_diagnostic[0m[2m:[0m started_load_count:   69.000000   (avg 69.000000)
[2m2026-04-14T17:51:11.977621Z[0m [32m INFO[0m [2madv_civ::civilization::concepts::movement::movement_systems[0m[2m:[0m Player Hammurabi of Asia has ended movement
[2m2026-04-14T17:51:11.978523Z[0m [32m INFO[0m [2mbevy_diagnostic[0m[2m:[0m started_load_count:   69.000000   (avg 69.000000)
[2m2026-04-14T17:51:12.983048Z[0m [32m INFO[0m [2mbevy_diagnostic[0m[2m:[0m started_load_count:   69.000000   (avg 69.000000)
[2m2026-04-14T17:51:13.981914Z[0m [32m INFO[0m [2mbevy_diagnostic[0m[2m:[0m started_load_count:   69.000000   (avg 69.000000)
[2m2026-04-14T17:51:14.998922Z[0m [32m INFO[0m [2mbevy_diagnostic[0m[2m:[0m started_load_count:   69.000000   (avg 69.000000)
[2m2026-04-14T17:51:16.000085Z[0m [32m INFO[0m [2mbevy_diagnostic[0m[2m:[0m started_load_count:   69.000000   (avg 69.000000)
[2m2026-04-14T17:51:16.997101Z[0m [32m INFO[0m [2mbevy_diagnostic[0m[2m:[0m started_load_count:   69.000000   (avg 69.000000)
[2m2026-04-14T17:51:17.997249Z[0m [32m INFO[0m [2mbevy_diagnostic[0m[2m:[0m started_load_count:   69.000000   (avg 69.000000)
[2m2026-04-14T17:51:19.033549Z[0m [32m INFO[0m [2mbevy_diagnostic[0m[2m:[0m started_load_count:   69.000000   (avg 69.000000)
[2m2026-04-14T17:51:20.460827Z[0m [32m INFO[0m [2mbevy_diagnostic[0m[2m:[0m started_load_count:   69.000000   (avg 69.000000)
[2m2026-04-14T17:51:22.245120Z[0m [32m INFO[0m [2mbevy_diagnostic[0m[2m:[0m started_load_count:   69.000000   (avg 69.000000)
[2m2026-04-14T17:51:27.662314Z[0m [32m INFO[0m [2mbevy_diagnostic[0m[2m:[0m started_load_count:   69.000000   (avg 69.000000)
[2m2026-04-14T17:51:28.660450Z[0m [32m INFO[0m [2mbevy_diagnostic[0m[2m:[0m started_load_count:   69.000000   (avg 69.000000)
[2m2026-04-14T17:51:29.663161Z[0m [32m INFO[0m [2mbevy_diagnostic[0m[2m:[0m started_load_count:   69.000000   (avg 69.000000)
[2m2026-04-14T17:51:30.678161Z[0m [32m INFO[0m [2mbevy_diagnostic[0m[2m:[0m started_load_count:   69.000000   (avg 69.000000)
[2m2026-04-14T17:51:31.688607Z[0m [32m INFO[0m [2mbevy_diagnostic[0m[2m:[0m started_load_count:   69.000000   (avg 69.000000)
[2m2026-04-14T17:51:32.718225Z[0m [32m INFO[0m [2mbevy_diagnostic[0m[2m:[0m started_load_count:   69.000000   (avg 69.000000)
[2m2026-04-14T17:51:33.696097Z[0m [32m INFO[0m [2mbevy_diagnostic[0m[2m:[0m started_load_count:   69.000000   (avg 69.000000)
[2m2026-04-14T17:51:34.697738Z[0m [32m INFO[0m [2mbevy_diagnostic[0m[2m:[0m started_load_count:   69.000000   (avg 69.000000)
[2m2026-04-14T17:51:35.692140Z[0m [32m INFO[0m [2mbevy_diagnostic[0m[2m:[0m started_load_count:   69.000000   (avg 69.000000)
[2m2026-04-14T17:51:36.702066Z[0m [32m INFO[0m [2mbevy_diagnostic[0m[2m:[0m started_load_count:   69.000000   (avg 69.000000)
[2m2026-04-14T17:51:37.698392Z[0m [32m INFO[0m [2mbevy_diagnostic[0m[2m:[0m started_load_count:   69.000000   (avg 69.000000)
[2m2026-04-14T17:51:38.697076Z[0m [32m INFO[0m [2mbevy_diagnostic[0m[2m:[0m started_load_count:   69.000000   (avg 69.000000)
[2m2026-04-14T17:51:39.743685Z[0m [32m INFO[0m [2mbevy_diagnostic[0m[2m:[0m started_load_count:   69.000000   (avg 69.000000)
[2m2026-04-14T17:51:40.880139Z[0m [32m INFO[0m [2mbevy_diagnostic[0m[2m:[0m started_load_count:   69.000000   (avg 69.000000)
[2m2026-04-14T17:51:42.799388Z[0m [32m INFO[0m [2mbevy_diagnostic[0m[2m:[0m started_load_count:   69.000000   (avg 69.000000)
[2m2026-04-14T17:51:43.799137Z[0m [32m INFO[0m [2mbevy_diagnostic[0m[2m:[0m started_load_count:   69.000000   (avg 69.000000)
[2m2026-04-14T17:51:44.981076Z[0m [32m INFO[0m [2mbevy_diagnostic[0m[2m:[0m started_load_count:   69.000000   (avg 69.000000)
[2m2026-04-14T17:51:45.977496Z[0m [32m INFO[0m [2mbevy_diagnostic[0m[2m:[0m started_load_count:   69.000000   (avg 69.000000)
[2m2026-04-14T17:51:46.994489Z[0m [32m INFO[0m [2mbevy_diagnostic[0m[2m:[0m started_load_count:   69.000000   (avg 69.000000)
[2m2026-04-14T17:51:47.994124Z[0m [32m INFO[0m [2madv_civ::civilization::concepts::movement::movement_systems[0m[2m:[0m Player Hatshepsut of Thrace has ended movement
[2m2026-04-14T17:51:47.996468Z[0m [32m INFO[0m [2mbevy_diagnostic[0m[2m:[0m started_load_count:   69.000000   (avg 69.000000)
[2m2026-04-14T17:51:48.995165Z[0m [32m INFO[0m [2mbevy_diagnostic[0m[2m:[0m started_load_count:   69.000000   (avg 69.000000)
[2m2026-04-14T17:51:49.997974Z[0m [32m INFO[0m [2mbevy_diagnostic[0m[2m:[0m started_load_count:   69.000000   (avg 69.000000)
[2m2026-04-14T17:51:51.037697Z[0m [32m INFO[0m [2mbevy_diagnostic[0m[2m:[0m started_load_count:   69.000000   (avg 69.000000)
[2m2026-04-14T17:51:52.012414Z[0m [32m INFO[0m [2mbevy_diagnostic[0m[2m:[0m started_load_count:   69.000000   (avg 69.000000)
[2m2026-04-14T17:51:53.013320Z[0m [32m INFO[0m [2mbevy_diagnostic[0m[2m:[0m started_load_count:   69.000000   (avg 69.000000)
[2m2026-04-14T17:51:54.016470Z[0m [32m INFO[0m [2mbevy_diagnostic[0m[2m:[0m started_load_count:   69.000000   (avg 69.000000)
[2m2026-04-14T17:51:55.015978Z[0m [32m INFO[0m [2mbevy_diagnostic[0m[2m:[0m started_load_count:   69.000000   (avg 69.000000)
[2m2026-04-14T17:51:56.052380Z[0m [32m INFO[0m [2mbevy_diagnostic[0m[2m:[0m started_load_count:   69.000000   (avg 69.000000)
[2m2026-04-14T17:51:57.064020Z[0m [32m INFO[0m [2mbevy_diagnostic[0m[2m:[0m started_load_count:   69.000000   (avg 69.000000)
[2m2026-04-14T17:51:58.064581Z[0m [32m INFO[0m [2mbevy_diagnostic[0m[2m:[0m started_load_count:   69.000000   (avg 69.000000)
[2m2026-04-14T17:51:59.682386Z[0m [32m INFO[0m [2mbevy_diagnostic[0m[2m:[0m started_load_count:   69.000000   (avg 69.000000)
[2m2026-04-14T17:52:00.828584Z[0m [32m INFO[0m [2mbevy_diagnostic[0m[2m:[0m started_load_count:   69.000000   (avg 69.000000)
[2m2026-04-14T17:52:02.261266Z[0m [32m INFO[0m [2mbevy_diagnostic[0m[2m:[0m started_load_count:   69.000000   (avg 69.000000)
[2m2026-04-14T17:52:03.672991Z[0m [32m INFO[0m [2mbevy_diagnostic[0m[2m:[0m started_load_count:   69.000000   (avg 69.000000)
[2m2026-04-14T17:52:05.242406Z[0m [32m INFO[0m [2mbevy_diagnostic[0m[2m:[0m started_load_count:   69.000000   (avg 69.000000)
[2m2026-04-14T17:52:07.241101Z[0m [32m INFO[0m [2mbevy_diagnostic[0m[2m:[0m started_load_count:   69.000000   (avg 69.000000)
[2m2026-04-14T17:52:10.910881Z[0m [32m INFO[0m [2mbevy_diagnostic[0m[2m:[0m started_load_count:   69.000000   (avg 69.000000)
[2m2026-04-14T17:52:12.561170Z[0m [32m INFO[0m [2mbevy_diagnostic[0m[2m:[0m started_load_count:   69.000000   (avg 69.000000)
[2m2026-04-14T17:52:14.362620Z[0m [32m INFO[0m [2mbevy_diagnostic[0m[2m:[0m started_load_count:   69.000000   (avg 69.000000)
[2m2026-04-14T17:52:15.383646Z[0m [32m INFO[0m [2mbevy_diagnostic[0m[2m:[0m started_load_count:   69.000000   (avg 69.000000)
[2m2026-04-14T17:52:16.412674Z[0m [32m INFO[0m [2mbevy_diagnostic[0m[2m:[0m started_load_count:   69.000000   (avg 69.000000)
[2m2026-04-14T17:52:17.413012Z[0m [32m INFO[0m [2mbevy_diagnostic[0m[2m:[0m started_load_count:   69.000000   (avg 69.000000)
[2m2026-04-14T17:52:18.408189Z[0m [32m INFO[0m [2mbevy_diagnostic[0m[2m:[0m started_load_count:   69.000000   (avg 69.000000)
[2m2026-04-14T17:52:19.416438Z[0m [32m INFO[0m [2mbevy_diagnostic[0m[2m:[0m started_load_count:   69.000000   (avg 69.000000)
[2m2026-04-14T17:52:20.416319Z[0m [32m INFO[0m [2mbevy_diagnostic[0m[2m:[0m started_load_count:   69.000000   (avg 69.000000)
[2m2026-04-14T17:52:21.417191Z[0m [32m INFO[0m [2mbevy_diagnostic[0m[2m:[0m started_load_count:   69.000000   (avg 69.000000)
[2m2026-04-14T17:52:22.418462Z[0m [32m INFO[0m [2mbevy_diagnostic[0m[2m:[0m started_load_count:   69.000000   (avg 69.000000)
[2m2026-04-14T17:52:23.415343Z[0m [32m INFO[0m [2mbevy_diagnostic[0m[2m:[0m started_load_count:   69.000000   (avg 69.000000)
[2m2026-04-14T17:52:24.431276Z[0m [32m INFO[0m [2mbevy_diagnostic[0m[2m:[0m started_load_count:   69.000000   (avg 69.000000)
[2m2026-04-14T17:52:25.413962Z[0m [32m INFO[0m [2mbevy_diagnostic[0m[2m:[0m started_load_count:   69.000000   (avg 69.000000)
[2m2026-04-14T17:52:26.414438Z[0m [32m INFO[0m [2mbevy_diagnostic[0m[2m:[0m started_load_count:   69.000000   (avg 69.000000)
[2m2026-04-14T17:52:27.441347Z[0m [32m INFO[0m [2mbevy_diagnostic[0m[2m:[0m started_load_count:   69.000000   (avg 69.000000)
[2m2026-04-14T17:52:28.432701Z[0m [32m INFO[0m [2mbevy_diagnostic[0m[2m:[0m started_load_count:   69.000000   (avg 69.000000)
[2m2026-04-14T17:52:29.439313Z[0m [32m INFO[0m [2mbevy_diagnostic[0m[2m:[0m started_load_count:   69.000000   (avg 69.000000)
[2m2026-04-14T17:52:30.431650Z[0m [32m INFO[0m [2mbevy_diagnostic[0m[2m:[0m started_load_count:   69.000000   (avg 69.000000)
[2m2026-04-14T17:52:31.432563Z[0m [32m INFO[0m [2mbevy_diagnostic[0m[2m:[0m started_load_count:   69.000000   (avg 69.000000)
[2m2026-04-14T17:52:32.469765Z[0m [32m INFO[0m [2mbevy_diagnostic[0m[2m:[0m started_load_count:   69.000000   (avg 69.000000)
[2m2026-04-14T17:52:33.473323Z[0m [32m INFO[0m [2mbevy_diagnostic[0m[2m:[0m started_load_count:   69.000000   (avg 69.000000)
[2m2026-04-14T17:52:34.502934Z[0m [32m INFO[0m [2madv_civ::civilization::concepts::movement::movement_systems[0m[2m:[0m Player Cleopatra of Africa has ended movement
[2m2026-04-14T17:52:34.506504Z[0m [32m INFO[0m [2mbevy_diagnostic[0m[2m:[0m started_load_count:   69.000000   (avg 69.000000)
[2m2026-04-14T17:52:35.499593Z[0m [32m INFO[0m [2mbevy_diagnostic[0m[2m:[0m started_load_count:   69.000000   (avg 69.000000)
[2m2026-04-14T17:52:36.516383Z[0m [32m INFO[0m [2mbevy_diagnostic[0m[2m:[0m started_load_count:   69.000000   (avg 69.000000)
[2m2026-04-14T17:52:37.514592Z[0m [32m INFO[0m [2mbevy_diagnostic[0m[2m:[0m started_load_count:   69.000000   (avg 69.000000)
[2m2026-04-14T17:52:38.513255Z[0m [32m INFO[0m [2mbevy_diagnostic[0m[2m:[0m started_load_count:   69.000000   (avg 69.000000)
[2m2026-04-14T17:52:39.524812Z[0m [32m INFO[0m [2mbevy_diagnostic[0m[2m:[0m started_load_count:   69.000000   (avg 69.000000)
[2m2026-04-14T17:52:40.520493Z[0m [32m INFO[0m [2mbevy_diagnostic[0m[2m:[0m started_load_count:   69.000000   (avg 69.000000)
[2m2026-04-14T17:52:41.516500Z[0m [32m INFO[0m [2mbevy_diagnostic[0m[2m:[0m started_load_count:   69.000000   (avg 69.000000)
[2m2026-04-14T17:52:42.535440Z[0m [32m INFO[0m [2mbevy_diagnostic[0m[2m:[0m started_load_count:   69.000000   (avg 69.000000)
[2m2026-04-14T17:52:43.534737Z[0m [32m INFO[0m [2mbevy_diagnostic[0m[2m:[0m started_load_count:   69.000000   (avg 69.000000)
[2m2026-04-14T17:52:44.533713Z[0m [32m INFO[0m [2mbevy_diagnostic[0m[2m:[0m started_load_count:   69.000000   (avg 69.000000)
[2m2026-04-14T17:52:45.535169Z[0m [32m INFO[0m [2mbevy_diagnostic[0m[2m:[0m started_load_count:   69.000000   (avg 69.000000)
[2m2026-04-14T17:52:46.530464Z[0m [32m INFO[0m [2mbevy_diagnostic[0m[2m:[0m started_load_count:   69.000000   (avg 69.000000)
[2m2026-04-14T17:52:47.530763Z[0m [32m INFO[0m [2mbevy_diagnostic[0m[2m:[0m started_load_count:   69.000000   (avg 69.000000)
[2m2026-04-14T17:52:48.533539Z[0m [32m INFO[0m [2mbevy_diagnostic[0m[2m:[0m started_load_count:   69.000000   (avg 69.000000)
[2m2026-04-14T17:52:49.541436Z[0m [32m INFO[0m [2mbevy_diagnostic[0m[2m:[0m started_load_count:   69.000000   (avg 69.000000)
[2m2026-04-14T17:52:50.533034Z[0m [32m INFO[0m [2mbevy_diagnostic[0m[2m:[0m started_load_count:   69.000000   (avg 69.000000)
[2m2026-04-14T17:52:51.528246Z[0m [32m INFO[0m [2mbevy_diagnostic[0m[2m:[0m started_load_count:   69.000000   (avg 69.000000)
[2m2026-04-14T17:52:52.578942Z[0m [32m INFO[0m [2mbevy_diagnostic[0m[2m:[0m started_load_count:   69.000000   (avg 69.000000)
[2m2026-04-14T17:52:53.580643Z[0m [32m INFO[0m [2mbevy_diagnostic[0m[2m:[0m started_load_count:   69.000000   (avg 69.000000)
[2m2026-04-14T17:52:53.977587Z[0m [32m INFO[0m [2madv_civ::civilization::concepts::movement::movement_systems[0m[2m:[0m Player Tutankhamun of Illyria has ended movement
[2m2026-04-14T17:52:54.048561Z[0m [32m INFO[0m [2mbevy_diagnostic[0m[2m:[0m started_load_count:   69.000000   (avg 69.000000)
[2m2026-04-14T17:52:54.078665Z[0m [32m INFO[0m [2madv_civ::civilization::concepts::movement::movement_systems[0m[2m:[0m [SHIPS] Ferry: 2 token(s) moved 156v0 → 157v0; ship follows
[2m2026-04-14T17:52:54.511151Z[0m [32m INFO[0m [2madv_civ::civilization::concepts::movement::movement_systems[0m[2m:[0m Player Leonidas of Iberia has ended movement
[2m2026-04-14T17:52:54.531027Z[0m [32m INFO[0m [2madv_civ::civilization::concepts::movement::movement_systems[0m[2m:[0m [SHIPS] Ferry: 1 token(s) moved 230v0 → 229v0; ship follows
[2m2026-04-14T17:52:54.578540Z[0m [32m INFO[0m [2madv_civ::civilization::concepts::movement::movement_systems[0m[2m:[0m [SHIPS] Ferry: 1 token(s) moved 235v0 → 237v0; ship follows
[2m2026-04-14T17:52:54.628523Z[0m [32m INFO[0m [2madv_civ::civilization::concepts::movement::movement_systems[0m[2m:[0m [SHIPS] Ferry: 1 token(s) moved 231v0 → 230v0; ship follows
[2m2026-04-14T17:52:54.681159Z[0m [32m INFO[0m [2madv_civ::civilization::concepts::movement::movement_systems[0m[2m:[0m [SHIPS] Ferry: 1 token(s) moved 237v0 → 231v0; ship follows
[2m2026-04-14T17:52:54.731392Z[0m [32m INFO[0m [2madv_civ::civilization::concepts::movement::movement_systems[0m[2m:[0m [SHIPS] Ferry: 1 token(s) moved 231v0 → 230v0; ship follows
[2m2026-04-14T17:52:54.897768Z[0m [32m INFO[0m [2madv_civ::civilization::concepts::movement::movement_systems[0m[2m:[0m [SHIPS] Ferry: 2 token(s) moved 238v0 → 239v0; ship follows
[2m2026-04-14T17:52:54.981190Z[0m [32m INFO[0m [2madv_civ::civilization::concepts::movement::movement_systems[0m[2m:[0m Player Ramesses of Crete has ended movement
[2m2026-04-14T17:52:55.061177Z[0m [32m INFO[0m [2mbevy_diagnostic[0m[2m:[0m started_load_count:   69.000000   (avg 69.000000)
[2m2026-04-14T17:52:55.076019Z[0m [32m INFO[0m [2madv_civ::civilization::concepts::movement::movement_systems[0m[2m:[0m Player Alexander of Assyria has ended movement
[2m2026-04-14T17:52:55.263276Z[0m [32m INFO[0m [2madv_civ::civilization::concepts::movement::movement_systems[0m[2m:[0m Player Pericles of Babylon has ended movement
[2m2026-04-14T17:52:55.263298Z[0m [32m INFO[0m [2madv_civ::civilization::concepts::movement::movement_systems[0m[2m:[0m No more players to move, transitioning to Conflict
[2m2026-04-14T17:52:55.279955Z[0m [32m INFO[0m [2madv_civ::civilization::concepts::conflict::conflict_systems[0m[2m:[0m Found 2 conflicts, remaining in Conflict
[2m2026-04-14T17:52:55.279999Z[0m [32m INFO[0m [2madv_civ::civilization::concepts::conflict::conflict_triggers[0m[2m:[0m [CONFLICT] Regular conflict in '39:Gortyn': 2 players, 4 tokens, max_pop=3, conflicts_pending=2, human_involved=false
[2m2026-04-14T17:52:55.280009Z[0m [32m INFO[0m [2madv_civ::civilization::concepts::conflict::conflict_triggers[0m[2m:[0m   Player 1 (340v0): 3 tokens
[2m2026-04-14T17:52:55.280014Z[0m [32m INFO[0m [2madv_civ::civilization::concepts::conflict::conflict_triggers[0m[2m:[0m   Player 2 (706v0): 1 tokens
[2m2026-04-14T17:52:55.280022Z[0m [32m INFO[0m [2madv_civ::civilization::concepts::conflict::conflict_triggers[0m[2m:[0m [CONFLICT] Resolved '39:Gortyn' via unequal_lengths: 3 tokens remaining (was 4)
[2m2026-04-14T17:52:55.280026Z[0m [32m INFO[0m [2madv_civ::civilization::concepts::conflict::conflict_triggers[0m[2m:[0m [CONFLICT] Conflicts remaining: 1
[2m2026-04-14T17:52:55.280058Z[0m [32m INFO[0m [2madv_civ::civilization::concepts::conflict::conflict_triggers[0m[2m:[0m [CONFLICT] Regular conflict in '31:Polis': 2 players, 6 tokens, max_pop=1, conflicts_pending=1, human_involved=false
[2m2026-04-14T17:52:55.280063Z[0m [32m INFO[0m [2madv_civ::civilization::concepts::conflict::conflict_triggers[0m[2m:[0m   Player 1 (279v0): 5 tokens
[2m2026-04-14T17:52:55.280065Z[0m [32m INFO[0m [2madv_civ::civilization::concepts::conflict::conflict_triggers[0m[2m:[0m   Player 2 (523v0): 1 tokens
[2m2026-04-14T17:52:55.280068Z[0m [32m INFO[0m [2madv_civ::civilization::concepts::conflict::conflict_triggers[0m[2m:[0m [CONFLICT] Resolved '31:Polis' via max_pop=1: 2 tokens remaining (was 6)
[2m2026-04-14T17:52:55.280070Z[0m [32m INFO[0m [2madv_civ::civilization::concepts::conflict::conflict_triggers[0m[2m:[0m [CONFLICT] Conflicts remaining: 0
[2m2026-04-14T17:52:55.280071Z[0m [32m INFO[0m [2madv_civ::civilization::concepts::conflict::conflict_triggers[0m[2m:[0m [CONFLICT] All conflicts resolved, transitioning to CityConstruction
[2m2026-04-14T17:52:55.310128Z[0m [32m INFO[0m [2madv_civ::civilization::concepts::city_construction::city_construction_systems[0m[2m:[0m [CITY_CONSTRUCTION] Entering city construction phase
[2m2026-04-14T17:52:55.310137Z[0m [32m INFO[0m [2madv_civ::civilization::concepts::city_construction::city_construction_systems[0m[2m:[0m [CITY_CONSTRUCTION] LoadingFromSave present: false
[2m2026-04-14T17:52:55.310139Z[0m [32m INFO[0m [2madv_civ::civilization::concepts::city_construction::city_construction_systems[0m[2m:[0m [CITY_CONSTRUCTION] Total players: 8
[2m2026-04-14T17:52:55.310141Z[0m [32m INFO[0m [2madv_civ::civilization::concepts::city_construction::city_construction_systems[0m[2m:[0m [CITY_CONSTRUCTION] Marking Iberia for building
[2m2026-04-14T17:52:55.310143Z[0m [32m INFO[0m [2madv_civ::civilization::concepts::city_construction::city_construction_systems[0m[2m:[0m [CITY_CONSTRUCTION] Marking Illyria for building
[2m2026-04-14T17:52:55.310145Z[0m [32m INFO[0m [2madv_civ::civilization::concepts::city_construction::city_construction_systems[0m[2m:[0m [CITY_CONSTRUCTION] Marking Crete for building
[2m2026-04-14T17:52:55.310146Z[0m [32m INFO[0m [2madv_civ::civilization::concepts::city_construction::city_construction_systems[0m[2m:[0m [CITY_CONSTRUCTION] Marking Africa for building
[2m2026-04-14T17:52:55.310148Z[0m [32m INFO[0m [2madv_civ::civilization::concepts::city_construction::city_construction_systems[0m[2m:[0m [CITY_CONSTRUCTION] Marking Assyria for building
[2m2026-04-14T17:52:55.310149Z[0m [32m INFO[0m [2madv_civ::civilization::concepts::city_construction::city_construction_systems[0m[2m:[0m [CITY_CONSTRUCTION] Marking Asia for building
[2m2026-04-14T17:52:55.310152Z[0m [32m INFO[0m [2madv_civ::civilization::concepts::city_construction::city_construction_systems[0m[2m:[0m [CITY_CONSTRUCTION] Marking Thrace for building
[2m2026-04-14T17:52:55.310154Z[0m [32m INFO[0m [2madv_civ::civilization::concepts::city_construction::city_construction_systems[0m[2m:[0m [CITY_CONSTRUCTION] Marking Babylon for building
[2m2026-04-14T17:52:55.310156Z[0m [32m INFO[0m [2madv_civ::civilization::concepts::city_construction::city_construction_systems[0m[2m:[0m [CITY_CONSTRUCTION] Summary: 8 marked for building, 0 skipped
[2m2026-04-14T17:52:55.310160Z[0m [32m INFO[0m [2madv_civ::civilization::concepts::city_construction::city_construction_systems[0m[2m:[0m [CITY_CONSTRUCTION] Inserted CityConstructionPhaseActive resource
[2m2026-04-14T17:52:55.316689Z[0m [32m INFO[0m [2madv_civ::civilization::concepts::city_construction::city_construction_systems[0m[2m:[0m [CITY_CONSTRUCTION] Gate: No players with IsBuilding, transitioning to RemoveSurplusPopulation
[2m2026-04-14T17:52:55.329634Z[0m [32m INFO[0m [2madv_civ::civilization::concepts::remove_surplus_population::remove_surplus_systems[0m[2m:[0m [SURPLUS] '65:Ctesiphon' has surplus: total=4, max=2, surplus=2, players=1, has_city=false
[2m2026-04-14T17:52:55.329645Z[0m [32m INFO[0m [2madv_civ::civilization::concepts::remove_surplus_population::remove_surplus_systems[0m[2m:[0m [SURPLUS] '65:Ctesiphon': Removing surplus tokens from single-player area
[2m2026-04-14T17:52:55.329651Z[0m [32m INFO[0m [2madv_civ::civilization::concepts::remove_surplus_population::remove_surplus_systems[0m[2m:[0m [SURPLUS] '65:Ctesiphon': After removal: 4 -> 2 tokens, surplus=0
[2m2026-04-14T17:52:55.329654Z[0m [32m INFO[0m [2madv_civ::civilization::concepts::remove_surplus_population::remove_surplus_systems[0m[2m:[0m [SURPLUS] '108:Rhodes' has surplus: total=4, max=2, surplus=2, players=1, has_city=false
[2m2026-04-14T17:52:55.329656Z[0m [32m INFO[0m [2madv_civ::civilization::concepts::remove_surplus_population::remove_surplus_systems[0m[2m:[0m [SURPLUS] '108:Rhodes': Removing surplus tokens from single-player area
[2m2026-04-14T17:52:55.329658Z[0m [32m INFO[0m [2madv_civ::civilization::concepts::remove_surplus_population::remove_surplus_systems[0m[2m:[0m [SURPLUS] '108:Rhodes': After removal: 4 -> 2 tokens, surplus=0
[2m2026-04-14T17:52:55.329664Z[0m [32m INFO[0m [2madv_civ::civilization::concepts::remove_surplus_population::remove_surplus_systems[0m[2m:[0m [SURPLUS] '14:Petra' has surplus: total=3, max=1, surplus=2, players=1, has_city=false
[2m2026-04-14T17:52:55.329667Z[0m [32m INFO[0m [2madv_civ::civilization::concepts::remove_surplus_population::remove_surplus_systems[0m[2m:[0m [SURPLUS] '14:Petra': Removing surplus tokens from single-player area
[2m2026-04-14T17:52:55.329671Z[0m [32m INFO[0m [2madv_civ::civilization::concepts::remove_surplus_population::remove_surplus_systems[0m[2m:[0m [SURPLUS] '14:Petra': After removal: 3 -> 1 tokens, surplus=0
[2m2026-04-14T17:52:55.329673Z[0m [32m INFO[0m [2madv_civ::civilization::concepts::remove_surplus_population::remove_surplus_systems[0m[2m:[0m [SURPLUS] '44:Beroea' has surplus: total=3, max=1, surplus=2, players=1, has_city=false
[2m2026-04-14T17:52:55.329675Z[0m [32m INFO[0m [2madv_civ::civilization::concepts::remove_surplus_population::remove_surplus_systems[0m[2m:[0m [SURPLUS] '44:Beroea': Removing surplus tokens from single-player area
[2m2026-04-14T17:52:55.329678Z[0m [32m INFO[0m [2madv_civ::civilization::concepts::remove_surplus_population::remove_surplus_systems[0m[2m:[0m [SURPLUS] '44:Beroea': After removal: 3 -> 1 tokens, surplus=0
[2m2026-04-14T17:52:55.329682Z[0m [32m INFO[0m [2madv_civ::civilization::concepts::remove_surplus_population::remove_surplus_systems[0m[2m:[0m [SURPLUS] '49:Gaza' has surplus: total=8, max=1, surplus=7, players=1, has_city=false
[2m2026-04-14T17:52:55.329685Z[0m [32m INFO[0m [2madv_civ::civilization::concepts::remove_surplus_population::remove_surplus_systems[0m[2m:[0m [SURPLUS] '49:Gaza': Removing surplus tokens from single-player area
[2m2026-04-14T17:52:55.329688Z[0m [32m INFO[0m [2madv_civ::civilization::concepts::remove_surplus_population::remove_surplus_systems[0m[2m:[0m [SURPLUS] '49:Gaza': After removal: 8 -> 1 tokens, surplus=0
[2m2026-04-14T17:52:55.329691Z[0m [32m INFO[0m [2madv_civ::civilization::concepts::remove_surplus_population::remove_surplus_systems[0m[2m:[0m [SURPLUS] '58:Argos' has surplus: total=3, max=2, surplus=1, players=1, has_city=false
[2m2026-04-14T17:52:55.329694Z[0m [32m INFO[0m [2madv_civ::civilization::concepts::remove_surplus_population::remove_surplus_systems[0m[2m:[0m [SURPLUS] '58:Argos': Removing surplus tokens from single-player area
[2m2026-04-14T17:52:55.329698Z[0m [32m INFO[0m [2madv_civ::civilization::concepts::remove_surplus_population::remove_surplus_systems[0m[2m:[0m [SURPLUS] '58:Argos': After removal: 3 -> 2 tokens, surplus=0
[2m2026-04-14T17:52:55.329701Z[0m [32m INFO[0m [2madv_civ::civilization::concepts::remove_surplus_population::remove_surplus_systems[0m[2m:[0m [SURPLUS] '3:Athens' has surplus: total=4, max=3, surplus=1, players=1, has_city=false
[2m2026-04-14T17:52:55.329704Z[0m [32m INFO[0m [2madv_civ::civilization::concepts::remove_surplus_population::remove_surplus_systems[0m[2m:[0m [SURPLUS] '3:Athens': Removing surplus tokens from single-player area
[2m2026-04-14T17:52:55.329707Z[0m [32m INFO[0m [2madv_civ::civilization::concepts::remove_surplus_population::remove_surplus_systems[0m[2m:[0m [SURPLUS] '3:Athens': After removal: 4 -> 3 tokens, surplus=0
[2m2026-04-14T17:52:55.329711Z[0m [32m INFO[0m [2madv_civ::civilization::concepts::remove_surplus_population::remove_surplus_systems[0m[2m:[0m [SURPLUS] '6:Saguntum' has surplus: total=4, max=1, surplus=3, players=1, has_city=false
[2m2026-04-14T17:52:55.329714Z[0m [32m INFO[0m [2madv_civ::civilization::concepts::remove_surplus_population::remove_surplus_systems[0m[2m:[0m [SURPLUS] '6:Saguntum': Removing surplus tokens from single-player area
[2m2026-04-14T17:52:55.329717Z[0m [32m INFO[0m [2madv_civ::civilization::concepts::remove_surplus_population::remove_surplus_systems[0m[2m:[0m [SURPLUS] '6:Saguntum': After removal: 4 -> 1 tokens, surplus=0
[2m2026-04-14T17:52:55.329720Z[0m [32m INFO[0m [2madv_civ::civilization::concepts::remove_surplus_population::remove_surplus_systems[0m[2m:[0m [SURPLUS] '9:Syracuse' has surplus: total=4, max=2, surplus=2, players=1, has_city=false
[2m2026-04-14T17:52:55.329722Z[0m [32m INFO[0m [2madv_civ::civilization::concepts::remove_surplus_population::remove_surplus_systems[0m[2m:[0m [SURPLUS] '9:Syracuse': Removing surplus tokens from single-player area
[2m2026-04-14T17:52:55.329725Z[0m [32m INFO[0m [2madv_civ::civilization::concepts::remove_surplus_population::remove_surplus_systems[0m[2m:[0m [SURPLUS] '9:Syracuse': After removal: 4 -> 2 tokens, surplus=0
[2m2026-04-14T17:52:55.329728Z[0m [32m INFO[0m [2madv_civ::civilization::concepts::remove_surplus_population::remove_surplus_systems[0m[2m:[0m [SURPLUS] '8:Trebizond' has surplus: total=2, max=1, surplus=1, players=1, has_city=false
[2m2026-04-14T17:52:55.329731Z[0m [32m INFO[0m [2madv_civ::civilization::concepts::remove_surplus_population::remove_surplus_systems[0m[2m:[0m [SURPLUS] '8:Trebizond': Removing surplus tokens from single-player area
[2m2026-04-14T17:52:55.329734Z[0m [32m INFO[0m [2madv_civ::civilization::concepts::remove_surplus_population::remove_surplus_systems[0m[2m:[0m [SURPLUS] '8:Trebizond': After removal: 2 -> 1 tokens, surplus=0
[2m2026-04-14T17:52:55.329736Z[0m [32m INFO[0m [2madv_civ::civilization::concepts::remove_surplus_population::remove_surplus_systems[0m[2m:[0m [SURPLUS] '95:Arwad' has surplus: total=4, max=2, surplus=2, players=1, has_city=false
[2m2026-04-14T17:52:55.329739Z[0m [32m INFO[0m [2madv_civ::civilization::concepts::remove_surplus_population::remove_surplus_systems[0m[2m:[0m [SURPLUS] '95:Arwad': Removing surplus tokens from single-player area
[2m2026-04-14T17:52:55.329742Z[0m [32m INFO[0m [2madv_civ::civilization::concepts::remove_surplus_population::remove_surplus_systems[0m[2m:[0m [SURPLUS] '95:Arwad': After removal: 4 -> 2 tokens, surplus=0
[2m2026-04-14T17:52:55.329746Z[0m [32m INFO[0m [2madv_civ::civilization::concepts::remove_surplus_population::remove_surplus_systems[0m[2m:[0m [SURPLUS] '41:Hispalis' has surplus: total=3, max=2, surplus=1, players=1, has_city=false
[2m2026-04-14T17:52:55.329748Z[0m [32m INFO[0m [2madv_civ::civilization::concepts::remove_surplus_population::remove_surplus_systems[0m[2m:[0m [SURPLUS] '41:Hispalis': Removing surplus tokens from single-player area
[2m2026-04-14T17:52:55.329750Z[0m [32m INFO[0m [2madv_civ::civilization::concepts::remove_surplus_population::remove_surplus_systems[0m[2m:[0m [SURPLUS] '41:Hispalis': After removal: 3 -> 2 tokens, surplus=0
[2m2026-04-14T17:52:55.329753Z[0m [32m INFO[0m [2madv_civ::civilization::concepts::remove_surplus_population::remove_surplus_systems[0m[2m:[0m [SURPLUS] '124:Bubastis' has surplus: total=5, max=3, surplus=2, players=1, has_city=false
[2m2026-04-14T17:52:55.329755Z[0m [32m INFO[0m [2madv_civ::civilization::concepts::remove_surplus_population::remove_surplus_systems[0m[2m:[0m [SURPLUS] '124:Bubastis': Removing surplus tokens from single-player area
[2m2026-04-14T17:52:55.329757Z[0m [32m INFO[0m [2madv_civ::civilization::concepts::remove_surplus_population::remove_surplus_systems[0m[2m:[0m [SURPLUS] '124:Bubastis': After removal: 5 -> 3 tokens, surplus=0
[2m2026-04-14T17:52:55.329759Z[0m [32m INFO[0m [2madv_civ::civilization::concepts::remove_surplus_population::remove_surplus_systems[0m[2m:[0m [SURPLUS] '28:Edessa' has surplus: total=4, max=2, surplus=2, players=1, has_city=false
[2m2026-04-14T17:52:55.329760Z[0m [32m INFO[0m [2madv_civ::civilization::concepts::remove_surplus_population::remove_surplus_systems[0m[2m:[0m [SURPLUS] '28:Edessa': Removing surplus tokens from single-player area
[2m2026-04-14T17:52:55.329762Z[0m [32m INFO[0m [2madv_civ::civilization::concepts::remove_surplus_population::remove_surplus_systems[0m[2m:[0m [SURPLUS] '28:Edessa': After removal: 4 -> 2 tokens, surplus=0
[2m2026-04-14T17:52:55.329765Z[0m [32m INFO[0m [2madv_civ::civilization::concepts::remove_surplus_population::remove_surplus_systems[0m[2m:[0m [SURPLUS] '62:Neapolis' has surplus: total=6, max=4, surplus=2, players=1, has_city=false
[2m2026-04-14T17:52:55.329767Z[0m [32m INFO[0m [2madv_civ::civilization::concepts::remove_surplus_population::remove_surplus_systems[0m[2m:[0m [SURPLUS] '62:Neapolis': Removing surplus tokens from single-player area
[2m2026-04-14T17:52:55.329769Z[0m [32m INFO[0m [2madv_civ::civilization::concepts::remove_surplus_population::remove_surplus_systems[0m[2m:[0m [SURPLUS] '62:Neapolis': After removal: 6 -> 4 tokens, surplus=0
[2m2026-04-14T17:52:55.329773Z[0m [32m INFO[0m [2madv_civ::civilization::concepts::remove_surplus_population::remove_surplus_systems[0m[2m:[0m [SURPLUS] '18:Cyrene' has surplus: total=4, max=3, surplus=1, players=1, has_city=false
[2m2026-04-14T17:52:55.329775Z[0m [32m INFO[0m [2madv_civ::civilization::concepts::remove_surplus_population::remove_surplus_systems[0m[2m:[0m [SURPLUS] '18:Cyrene': Removing surplus tokens from single-player area
[2m2026-04-14T17:52:55.329776Z[0m [32m INFO[0m [2madv_civ::civilization::concepts::remove_surplus_population::remove_surplus_systems[0m[2m:[0m [SURPLUS] '18:Cyrene': After removal: 4 -> 3 tokens, surplus=0
[2m2026-04-14T17:52:55.329778Z[0m [32m INFO[0m [2madv_civ::civilization::concepts::remove_surplus_population::remove_surplus_systems[0m[2m:[0m [SURPLUS] '21:Patavium' has surplus: total=2, max=1, surplus=1, players=1, has_city=false
[2m2026-04-14T17:52:55.329780Z[0m [32m INFO[0m [2madv_civ::civilization::concepts::remove_surplus_population::remove_surplus_systems[0m[2m:[0m [SURPLUS] '21:Patavium': Removing surplus tokens from single-player area
[2m2026-04-14T17:52:55.329782Z[0m [32m INFO[0m [2madv_civ::civilization::concepts::remove_surplus_population::remove_surplus_systems[0m[2m:[0m [SURPLUS] '21:Patavium': After removal: 2 -> 1 tokens, surplus=0
[2m2026-04-14T17:52:55.329784Z[0m [32m INFO[0m [2madv_civ::civilization::concepts::remove_surplus_population::remove_surplus_systems[0m[2m:[0m [SURPLUS] '34:Hippo Regius' has surplus: total=3, max=2, surplus=1, players=1, has_city=false
[2m2026-04-14T17:52:55.329786Z[0m [32m INFO[0m [2madv_civ::civilization::concepts::remove_surplus_population::remove_surplus_systems[0m[2m:[0m [SURPLUS] '34:Hippo Regius': Removing surplus tokens from single-player area
[2m2026-04-14T17:52:55.329788Z[0m [32m INFO[0m [2madv_civ::civilization::concepts::remove_surplus_population::remove_surplus_systems[0m[2m:[0m [SURPLUS] '34:Hippo Regius': After removal: 3 -> 2 tokens, surplus=0
[2m2026-04-14T17:52:55.329790Z[0m [32m INFO[0m [2madv_civ::civilization::concepts::remove_surplus_population::remove_surplus_systems[0m[2m:[0m [SURPLUS] '127:Volubilis' has surplus: total=2, max=1, surplus=1, players=1, has_city=false
[2m2026-04-14T17:52:55.329792Z[0m [32m INFO[0m [2madv_civ::civilization::concepts::remove_surplus_population::remove_surplus_systems[0m[2m:[0m [SURPLUS] '127:Volubilis': Removing surplus tokens from single-player area
[2m2026-04-14T17:52:55.329794Z[0m [32m INFO[0m [2madv_civ::civilization::concepts::remove_surplus_population::remove_surplus_systems[0m[2m:[0m [SURPLUS] '127:Volubilis': After removal: 2 -> 1 tokens, surplus=0
[2m2026-04-14T17:52:55.329796Z[0m [32m INFO[0m [2madv_civ::civilization::concepts::remove_surplus_population::remove_surplus_systems[0m[2m:[0m [SURPLUS] '25:Alexandria' has surplus: total=2, max=1, surplus=1, players=1, has_city=false
[2m2026-04-14T17:52:55.329798Z[0m [32m INFO[0m [2madv_civ::civilization::concepts::remove_surplus_population::remove_surplus_systems[0m[2m:[0m [SURPLUS] '25:Alexandria': Removing surplus tokens from single-player area
[2m2026-04-14T17:52:55.329800Z[0m [32m INFO[0m [2madv_civ::civilization::concepts::remove_surplus_population::remove_surplus_systems[0m[2m:[0m [SURPLUS] '25:Alexandria': After removal: 2 -> 1 tokens, surplus=0
[2m2026-04-14T17:52:55.329801Z[0m [32m INFO[0m [2madv_civ::civilization::concepts::remove_surplus_population::remove_surplus_systems[0m[2m:[0m [SURPLUS] '92:Sidon' has surplus: total=2, max=1, surplus=1, players=1, has_city=false
[2m2026-04-14T17:52:55.329803Z[0m [32m INFO[0m [2madv_civ::civilization::concepts::remove_surplus_population::remove_surplus_systems[0m[2m:[0m [SURPLUS] '92:Sidon': Removing surplus tokens from single-player area
[2m2026-04-14T17:52:55.329805Z[0m [32m INFO[0m [2madv_civ::civilization::concepts::remove_surplus_population::remove_surplus_systems[0m[2m:[0m [SURPLUS] '92:Sidon': After removal: 2 -> 1 tokens, surplus=0
[2m2026-04-14T17:52:55.329808Z[0m [32m INFO[0m [2madv_civ::civilization::concepts::remove_surplus_population::remove_surplus_systems[0m[2m:[0m [SURPLUS] '55:Thugga' has surplus: total=2, max=1, surplus=1, players=1, has_city=false
[2m2026-04-14T17:52:55.329810Z[0m [32m INFO[0m [2madv_civ::civilization::concepts::remove_surplus_population::remove_surplus_systems[0m[2m:[0m [SURPLUS] '55:Thugga': Removing surplus tokens from single-player area
[2m2026-04-14T17:52:55.329812Z[0m [32m INFO[0m [2madv_civ::civilization::concepts::remove_surplus_population::remove_surplus_systems[0m[2m:[0m [SURPLUS] '55:Thugga': After removal: 2 -> 1 tokens, surplus=0
[2m2026-04-14T17:52:55.329814Z[0m [32m INFO[0m [2madv_civ::civilization::concepts::remove_surplus_population::remove_surplus_systems[0m[2m:[0m [SURPLUS] '31:Polis' has surplus: total=2, max=1, surplus=1, players=1, has_city=false
[2m2026-04-14T17:52:55.329816Z[0m [32m INFO[0m [2madv_civ::civilization::concepts::remove_surplus_population::remove_surplus_systems[0m[2m:[0m [SURPLUS] '31:Polis': Removing surplus tokens from single-player area
[2m2026-04-14T17:52:55.329818Z[0m [32m INFO[0m [2madv_civ::civilization::concepts::remove_surplus_population::remove_surplus_systems[0m[2m:[0m [SURPLUS] '31:Polis': After removal: 2 -> 1 tokens, surplus=0
[2m2026-04-14T17:52:55.329821Z[0m [32m INFO[0m [2madv_civ::civilization::concepts::remove_surplus_population::remove_surplus_systems[0m[2m:[0m [SURPLUS] '96:Miletus' has surplus: total=4, max=3, surplus=1, players=1, has_city=false
[2m2026-04-14T17:52:55.329823Z[0m [32m INFO[0m [2madv_civ::civilization::concepts::remove_surplus_population::remove_surplus_systems[0m[2m:[0m [SURPLUS] '96:Miletus': Removing surplus tokens from single-player area
[2m2026-04-14T17:52:55.329825Z[0m [32m INFO[0m [2madv_civ::civilization::concepts::remove_surplus_population::remove_surplus_systems[0m[2m:[0m [SURPLUS] '96:Miletus': After removal: 4 -> 3 tokens, surplus=0
[2m2026-04-14T17:52:55.329827Z[0m [32m INFO[0m [2madv_civ::civilization::concepts::remove_surplus_population::remove_surplus_systems[0m[2m:[0m [SURPLUS] '125:Beersheba' has surplus: total=2, max=1, surplus=1, players=1, has_city=false
[2m2026-04-14T17:52:55.329829Z[0m [32m INFO[0m [2madv_civ::civilization::concepts::remove_surplus_population::remove_surplus_systems[0m[2m:[0m [SURPLUS] '125:Beersheba': Removing surplus tokens from single-player area
[2m2026-04-14T17:52:55.329830Z[0m [32m INFO[0m [2madv_civ::civilization::concepts::remove_surplus_population::remove_surplus_systems[0m[2m:[0m [SURPLUS] '125:Beersheba': After removal: 2 -> 1 tokens, surplus=0
[2m2026-04-14T17:52:55.329833Z[0m [32m INFO[0m [2madv_civ::civilization::concepts::remove_surplus_population::remove_surplus_systems[0m[2m:[0m [SURPLUS] '66:Venusia' has surplus: total=3, max=2, surplus=1, players=1, has_city=false
[2m2026-04-14T17:52:55.329834Z[0m [32m INFO[0m [2madv_civ::civilization::concepts::remove_surplus_population::remove_surplus_systems[0m[2m:[0m [SURPLUS] '66:Venusia': Removing surplus tokens from single-player area
[2m2026-04-14T17:52:55.329836Z[0m [32m INFO[0m [2madv_civ::civilization::concepts::remove_surplus_population::remove_surplus_systems[0m[2m:[0m [SURPLUS] '66:Venusia': After removal: 3 -> 2 tokens, surplus=0
[2m2026-04-14T17:52:55.329838Z[0m [32m INFO[0m [2madv_civ::civilization::concepts::remove_surplus_population::remove_surplus_systems[0m[2m:[0m [SURPLUS] '110:Nemausus' has surplus: total=4, max=2, surplus=2, players=1, has_city=false
[2m2026-04-14T17:52:55.329840Z[0m [32m INFO[0m [2madv_civ::civilization::concepts::remove_surplus_population::remove_surplus_systems[0m[2m:[0m [SURPLUS] '110:Nemausus': Removing surplus tokens from single-player area
[2m2026-04-14T17:52:55.329842Z[0m [32m INFO[0m [2madv_civ::civilization::concepts::remove_surplus_population::remove_surplus_systems[0m[2m:[0m [SURPLUS] '110:Nemausus': After removal: 4 -> 2 tokens, surplus=0
[2m2026-04-14T17:52:55.329844Z[0m [32m INFO[0m [2madv_civ::civilization::concepts::remove_surplus_population::remove_surplus_systems[0m[2m:[0m [SURPLUS] '36:Pella' has surplus: total=4, max=2, surplus=2, players=1, has_city=false
[2m2026-04-14T17:52:55.329846Z[0m [32m INFO[0m [2madv_civ::civilization::concepts::remove_surplus_population::remove_surplus_systems[0m[2m:[0m [SURPLUS] '36:Pella': Removing surplus tokens from single-player area
[2m2026-04-14T17:52:55.329848Z[0m [32m INFO[0m [2madv_civ::civilization::concepts::remove_surplus_population::remove_surplus_systems[0m[2m:[0m [SURPLUS] '36:Pella': After removal: 4 -> 2 tokens, surplus=0
[2m2026-04-14T17:52:55.329850Z[0m [32m INFO[0m [2madv_civ::civilization::concepts::remove_surplus_population::remove_surplus_systems[0m[2m:[0m [SURPLUS] '88:Carthage' has surplus: total=3, max=2, surplus=1, players=1, has_city=false
[2m2026-04-14T17:52:55.329852Z[0m [32m INFO[0m [2madv_civ::civilization::concepts::remove_surplus_population::remove_surplus_systems[0m[2m:[0m [SURPLUS] '88:Carthage': Removing surplus tokens from single-player area
[2m2026-04-14T17:52:55.329854Z[0m [32m INFO[0m [2madv_civ::civilization::concepts::remove_surplus_population::remove_surplus_systems[0m[2m:[0m [SURPLUS] '88:Carthage': After removal: 3 -> 2 tokens, surplus=0
[2m2026-04-14T17:52:55.329857Z[0m [32m INFO[0m [2madv_civ::civilization::concepts::remove_surplus_population::remove_surplus_systems[0m[2m:[0m [SURPLUS] '107:Gadara' has surplus: total=4, max=2, surplus=2, players=1, has_city=false
[2m2026-04-14T17:52:55.329859Z[0m [32m INFO[0m [2madv_civ::civilization::concepts::remove_surplus_population::remove_surplus_systems[0m[2m:[0m [SURPLUS] '107:Gadara': Removing surplus tokens from single-player area
[2m2026-04-14T17:52:55.329861Z[0m [32m INFO[0m [2madv_civ::civilization::concepts::remove_surplus_population::remove_surplus_systems[0m[2m:[0m [SURPLUS] '107:Gadara': After removal: 4 -> 2 tokens, surplus=0
[2m2026-04-14T17:52:55.329863Z[0m [32m INFO[0m [2madv_civ::civilization::concepts::remove_surplus_population::remove_surplus_systems[0m[2m:[0m [SURPLUS] Phase complete: processed 149 areas, 30 had surplus, removed 50 tokens total
[2m2026-04-14T17:52:55.347248Z[0m [32m INFO[0m [2madv_civ::civilization::concepts::check_city_support::check_city_support_systems[0m[2m:[0m [CITY_SUPPORT] Starting city support check phase
[2m2026-04-14T17:52:55.347261Z[0m [32m INFO[0m [2madv_civ::civilization::concepts::check_city_support::check_city_support_systems[0m[2m:[0m [CITY_SUPPORT] No players with cities, skipping to AcquireTradeCards
[2m2026-04-14T17:52:55.347346Z[0m [32m INFO[0m [2madv_civ::civilization::concepts::check_city_support::check_city_support_systems[0m[2m:[0m [CITY_SUPPORT] All checks complete, transitioning to AcquireTradeCards
[2m2026-04-14T17:52:55.363165Z[0m [32m INFO[0m [2madv_civ::civilization::concepts::acquire_trade_cards::trade_card_systems[0m[2m:[0m [TRADE_CARDS] Starting acquire trade cards phase
[2m2026-04-14T17:52:55.363187Z[0m [32m INFO[0m [2madv_civ::civilization::concepts::acquire_trade_cards::trade_card_systems[0m[2m:[0m [TRADE_CARDS] Processed 8 players, 0 have cities, sending CheckIfWeCanTrade
[2m2026-04-14T17:52:55.363334Z[0m [32m INFO[0m [2madv_civ::civilization::concepts::acquire_trade_cards::trade_card_systems[0m[2m:[0m [TRADE_CARDS] CheckIfWeCanTrade received: 0 players can trade
[2m2026-04-14T17:52:55.363342Z[0m [32m INFO[0m [2madv_civ::civilization::concepts::acquire_trade_cards::trade_card_systems[0m[2m:[0m [TRADE_CARDS] Not enough traders, transitioning to CollectTaxes
[2m2026-04-14T17:52:55.379973Z[0m [32m INFO[0m [2madv_civ::civilization::concepts::taxation::taxation_systems[0m[2m:[0m [TAXATION] No cities on the board — skipping taxation phase
[2m2026-04-14T17:52:55.381406Z[0m [32m INFO[0m [2madv_civ::civilization::concepts::taxation::taxation_systems[0m[2m:[0m [TAXATION] No revolts to resolve — transitioning to PopulationExpansion
[2m2026-04-14T17:52:55.410743Z[0m [32m INFO[0m [2madv_civ::civilization::concepts::population_expansion::population_expansion_systems[0m[2m:[0m [POP_EXP] Entering population expansion phase, round 8
[2m2026-04-14T17:52:55.410794Z[0m [32m INFO[0m [2madv_civ::civilization::concepts::population_expansion::population_expansion_systems[0m[2m:[0m [POP_EXP] 72 areas have population and need expansion
[2m2026-04-14T17:52:55.410804Z[0m [32m INFO[0m [2madv_civ::civilization::concepts::population_expansion::population_expansion_systems[0m[2m:[0m [POP_EXP] 0 human, 8 AI need expansion, 0 skipped (already done)
[2m2026-04-14T17:52:55.446811Z[0m [32m INFO[0m [2madv_civ::civilization::concepts::population_expansion::population_expansion_systems[0m[2m:[0m [POP_EXP] Player 279v0 still needs expansion: human=false, manual=false, auto=false
[2m2026-04-14T17:52:55.446827Z[0m [32m INFO[0m [2madv_civ::civilization::concepts::population_expansion::population_expansion_systems[0m[2m:[0m [POP_EXP] Player 584v0 still needs expansion: human=false, manual=false, auto=false
[2m2026-04-14T17:52:55.446832Z[0m [32m INFO[0m [2madv_civ::civilization::concepts::population_expansion::population_expansion_systems[0m[2m:[0m [POP_EXP] Player 645v0 still needs expansion: human=false, manual=false, auto=false
[2m2026-04-14T17:52:55.446835Z[0m [32m INFO[0m [2madv_civ::civilization::concepts::population_expansion::population_expansion_systems[0m[2m:[0m [POP_EXP] Player 340v0 still needs expansion: human=false, manual=false, auto=false
[2m2026-04-14T17:52:55.446839Z[0m [32m INFO[0m [2madv_civ::civilization::concepts::population_expansion::population_expansion_systems[0m[2m:[0m [POP_EXP] Player 279v0 still needs expansion: human=false, manual=false, auto=false
[2m2026-04-14T17:52:55.446843Z[0m [32m INFO[0m [2madv_civ::civilization::concepts::population_expansion::population_expansion_systems[0m[2m:[0m [POP_EXP] Player 584v0 still needs expansion: human=false, manual=false, auto=false
[2m2026-04-14T17:52:55.446846Z[0m [32m INFO[0m [2madv_civ::civilization::concepts::population_expansion::population_expansion_systems[0m[2m:[0m [POP_EXP] Player 645v0 still needs expansion: human=false, manual=false, auto=false
[2m2026-04-14T17:52:55.446849Z[0m [32m INFO[0m [2madv_civ::civilization::concepts::population_expansion::population_expansion_systems[0m[2m:[0m [POP_EXP] Player 340v0 still needs expansion: human=false, manual=false, auto=false
[2m2026-04-14T17:52:55.446853Z[0m [32m INFO[0m [2madv_civ::civilization::concepts::population_expansion::population_expansion_systems[0m[2m:[0m [POP_EXP] Player 279v0 still needs expansion: human=false, manual=false, auto=false
[2m2026-04-14T17:52:55.446856Z[0m [32m INFO[0m [2madv_civ::civilization::concepts::population_expansion::population_expansion_systems[0m[2m:[0m [POP_EXP] Player 584v0 still needs expansion: human=false, manual=false, auto=false
[2m2026-04-14T17:52:55.446860Z[0m [32m INFO[0m [2madv_civ::civilization::concepts::population_expansion::population_expansion_systems[0m[2m:[0m [POP_EXP] Player 645v0 still needs expansion: human=false, manual=false, auto=false
[2m2026-04-14T17:52:55.446863Z[0m [32m INFO[0m [2madv_civ::civilization::concepts::population_expansion::population_expansion_systems[0m[2m:[0m [POP_EXP] Player 340v0 still needs expansion: human=false, manual=false, auto=false
[2m2026-04-14T17:52:55.446867Z[0m [32m INFO[0m [2madv_civ::civilization::concepts::population_expansion::population_expansion_systems[0m[2m:[0m [POP_EXP] Player 279v0 still needs expansion: human=false, manual=false, auto=false
[2m2026-04-14T17:52:55.446870Z[0m [32m INFO[0m [2madv_civ::civilization::concepts::population_expansion::population_expansion_systems[0m[2m:[0m [POP_EXP] Player 584v0 still needs expansion: human=false, manual=false, auto=false
[2m2026-04-14T17:52:55.446874Z[0m [32m INFO[0m [2madv_civ::civilization::concepts::population_expansion::population_expansion_systems[0m[2m:[0m [POP_EXP] Player 645v0 still needs expansion: human=false, manual=false, auto=false
[2m2026-04-14T17:52:55.446877Z[0m [32m INFO[0m [2madv_civ::civilization::concepts::population_expansion::population_expansion_systems[0m[2m:[0m [POP_EXP] Player 340v0 still needs expansion: human=false, manual=false, auto=false
[2m2026-04-14T17:52:55.515061Z[0m [32m INFO[0m [2mlava_ui_builder[0m[2m:[0m Ui scale: 0.952381
[2m2026-04-14T17:52:55.600939Z[0m [32m INFO[0m [2madv_civ::civilization::concepts::population_expansion::population_expansion_systems[0m[2m:[0m [POP_EXP] Player 279v0 still needs expansion: human=false, manual=true, auto=false
[2m2026-04-14T17:52:55.600956Z[0m [32m INFO[0m [2madv_civ::civilization::concepts::population_expansion::population_expansion_systems[0m[2m:[0m [POP_EXP] Player 584v0 still needs expansion: human=false, manual=true, auto=false
[2m2026-04-14T17:52:55.600960Z[0m [32m INFO[0m [2madv_civ::civilization::concepts::population_expansion::population_expansion_systems[0m[2m:[0m [POP_EXP] Player 645v0 still needs expansion: human=false, manual=true, auto=false
[2m2026-04-14T17:52:55.697550Z[0m [32m INFO[0m [2madv_civ::civilization::concepts::population_expansion::population_expansion_systems[0m[2m:[0m [POP_EXP] All players done with expansion, transitioning to Census
[2m2026-04-14T17:52:55.697578Z[0m [32m INFO[0m [2madv_civ::civilization::concepts::population_expansion::population_expansion_systems[0m[2m:[0m [POP_EXP] All players done with expansion, transitioning to Census
[2m2026-04-14T17:52:55.697584Z[0m [32m INFO[0m [2madv_civ::civilization::concepts::population_expansion::population_expansion_systems[0m[2m:[0m [POP_EXP] All players done with expansion, transitioning to Census
[2m2026-04-14T17:52:55.743604Z[0m [32m INFO[0m [2madv_civ::civilization::concepts::ships::ship_systems[0m[2m:[0m [SHIPS] Leonidas of Iberia cannot maintain ship at 157v0 — returned to stock
[2m2026-04-14T17:52:55.743617Z[0m [32m INFO[0m [2madv_civ::civilization::concepts::ships::ship_systems[0m[2m:[0m [SHIPS] Leonidas of Iberia cannot maintain ship at 153v0 — returned to stock
[2m2026-04-14T17:52:55.743622Z[0m [32m INFO[0m [2madv_civ::civilization::concepts::ships::ship_systems[0m[2m:[0m [SHIPS] Tutankhamun of Illyria cannot maintain ship at 145v0 — returned to stock
[2m2026-04-14T17:52:55.743625Z[0m [32m INFO[0m [2madv_civ::civilization::concepts::ships::ship_systems[0m[2m:[0m [SHIPS] Ramesses of Crete cannot maintain ship at 239v0 — returned to stock
[2m2026-04-14T17:52:55.743627Z[0m [32m INFO[0m [2madv_civ::civilization::concepts::ships::ship_systems[0m[2m:[0m [SHIPS] Ramesses of Crete cannot maintain ship at 229v0 — returned to stock
[2m2026-04-14T17:52:55.743630Z[0m [32m INFO[0m [2madv_civ::civilization::concepts::ships::ship_systems[0m[2m:[0m [SHIPS] Ramesses of Crete cannot maintain ship at 230v0 — returned to stock
[2m2026-04-14T17:52:56.047664Z[0m [32m INFO[0m [2mbevy_diagnostic[0m[2m:[0m started_load_count:   69.000000   (avg 69.000000)
[2m2026-04-14T17:52:56.980398Z[0m [32m INFO[0m [2madv_civ::civilization::concepts::movement::movement_systems[0m[2m:[0m Player Hammurabi of Asia has ended movement
[2m2026-04-14T17:52:57.071487Z[0m [32m INFO[0m [2mbevy_diagnostic[0m[2m:[0m started_load_count:   69.000000   (avg 69.000000)
[2m2026-04-14T17:52:58.031135Z[0m [32m INFO[0m [2madv_civ::civilization::concepts::movement::movement_systems[0m[2m:[0m [SHIPS] Ferry: 1 token(s) moved 165v0 → 164v0; ship follows
[2m2026-04-14T17:52:58.048182Z[0m [32m INFO[0m [2mbevy_diagnostic[0m[2m:[0m started_load_count:   69.000000   (avg 69.000000)
[2m2026-04-14T17:52:58.116107Z[0m [32m INFO[0m [2madv_civ::civilization::concepts::movement::movement_systems[0m[2m:[0m Player Hatshepsut of Thrace has ended movement
[2m2026-04-14T17:52:58.811115Z[0m [32m INFO[0m [2madv_civ::civilization::concepts::movement::movement_systems[0m[2m:[0m Player Cleopatra of Africa has ended movement
[2m2026-04-14T17:52:59.057162Z[0m [32m INFO[0m [2mbevy_diagnostic[0m[2m:[0m started_load_count:   69.000000   (avg 69.000000)
[2m2026-04-14T17:53:00.612214Z[0m [32m INFO[0m [2mbevy_diagnostic[0m[2m:[0m started_load_count:   69.000000   (avg 69.000000)
[2m2026-04-14T17:53:01.616228Z[0m [32m INFO[0m [2mbevy_diagnostic[0m[2m:[0m started_load_count:   69.000000   (avg 69.000000)
[2m2026-04-14T17:53:02.646417Z[0m [32m INFO[0m [2mbevy_diagnostic[0m[2m:[0m started_load_count:   69.000000   (avg 69.000000)
[2m2026-04-14T17:53:03.654735Z[0m [32m INFO[0m [2mbevy_diagnostic[0m[2m:[0m started_load_count:   69.000000   (avg 69.000000)
[2m2026-04-14T17:53:04.650478Z[0m [32m INFO[0m [2mbevy_diagnostic[0m[2m:[0m started_load_count:   69.000000   (avg 69.000000)
[2m2026-04-14T17:53:05.646968Z[0m [32m INFO[0m [2mbevy_diagnostic[0m[2m:[0m started_load_count:   69.000000   (avg 69.000000)
[2m2026-04-14T17:53:06.648753Z[0m [32m INFO[0m [2mbevy_diagnostic[0m[2m:[0m started_load_count:   69.000000   (avg 69.000000)
[2m2026-04-14T17:53:07.648962Z[0m [32m INFO[0m [2mbevy_diagnostic[0m[2m:[0m started_load_count:   69.000000   (avg 69.000000)
[2m2026-04-14T17:53:08.646770Z[0m [32m INFO[0m [2mbevy_diagnostic[0m[2m:[0m started_load_count:   69.000000   (avg 69.000000)
[2m2026-04-14T17:53:09.649995Z[0m [32m INFO[0m [2mbevy_diagnostic[0m[2m:[0m started_load_count:   69.000000   (avg 69.000000)
[2m2026-04-14T17:53:10.660782Z[0m [32m INFO[0m [2mbevy_diagnostic[0m[2m:[0m started_load_count:   69.000000   (avg 69.000000)
[2m2026-04-14T17:53:11.650567Z[0m [32m INFO[0m [2mbevy_diagnostic[0m[2m:[0m started_load_count:   69.000000   (avg 69.000000)
[2m2026-04-14T17:53:12.650381Z[0m [32m INFO[0m [2mbevy_diagnostic[0m[2m:[0m started_load_count:   69.000000   (avg 69.000000)
[2m2026-04-14T17:53:13.650966Z[0m [32m INFO[0m [2mbevy_diagnostic[0m[2m:[0m started_load_count:   69.000000   (avg 69.000000)
[2m2026-04-14T17:53:14.662207Z[0m [32m INFO[0m [2mbevy_diagnostic[0m[2m:[0m started_load_count:   69.000000   (avg 69.000000)
[2m2026-04-14T17:53:15.651096Z[0m [32m INFO[0m [2mbevy_diagnostic[0m[2m:[0m started_load_count:   69.000000   (avg 69.000000)
[2m2026-04-14T17:53:16.650754Z[0m [32m INFO[0m [2mbevy_diagnostic[0m[2m:[0m started_load_count:   69.000000   (avg 69.000000)
[2m2026-04-14T17:53:17.661831Z[0m [32m INFO[0m [2mbevy_diagnostic[0m[2m:[0m started_load_count:   69.000000   (avg 69.000000)
[2m2026-04-14T17:53:18.650526Z[0m [32m INFO[0m [2mbevy_diagnostic[0m[2m:[0m started_load_count:   69.000000   (avg 69.000000)
[2m2026-04-14T17:53:19.679992Z[0m [32m INFO[0m [2mbevy_diagnostic[0m[2m:[0m started_load_count:   69.000000   (avg 69.000000)
[2m2026-04-14T17:53:20.681649Z[0m [32m INFO[0m [2mbevy_diagnostic[0m[2m:[0m started_load_count:   69.000000   (avg 69.000000)
[2m2026-04-14T17:53:21.707859Z[0m [32m INFO[0m [2mbevy_diagnostic[0m[2m:[0m started_load_count:   69.000000   (avg 69.000000)
[2m2026-04-14T17:53:22.708704Z[0m [32m INFO[0m [2mbevy_diagnostic[0m[2m:[0m started_load_count:   69.000000   (avg 69.000000)
[2m2026-04-14T17:53:23.699930Z[0m [32m INFO[0m [2mbevy_diagnostic[0m[2m:[0m started_load_count:   69.000000   (avg 69.000000)
[2m2026-04-14T17:53:24.696795Z[0m [32m INFO[0m [2mbevy_diagnostic[0m[2m:[0m started_load_count:   69.000000   (avg 69.000000)
[2m2026-04-14T17:53:25.708529Z[0m [32m INFO[0m [2mbevy_diagnostic[0m[2m:[0m started_load_count:   69.000000   (avg 69.000000)
[2m2026-04-14T17:53:26.735427Z[0m [32m INFO[0m [2mbevy_diagnostic[0m[2m:[0m started_load_count:   69.000000   (avg 69.000000)
[2m2026-04-14T17:53:27.734802Z[0m [32m INFO[0m [2mbevy_diagnostic[0m[2m:[0m started_load_count:   69.000000   (avg 69.000000)
[2m2026-04-14T17:53:28.733450Z[0m [32m INFO[0m [2mbevy_diagnostic[0m[2m:[0m started_load_count:   69.000000   (avg 69.000000)
[2m2026-04-14T17:53:29.744224Z[0m [32m INFO[0m [2mbevy_diagnostic[0m[2m:[0m started_load_count:   69.000000   (avg 69.000000)
[2m2026-04-14T17:53:30.750509Z[0m [32m INFO[0m [2mbevy_diagnostic[0m[2m:[0m started_load_count:   69.000000   (avg 69.000000)
[2m2026-04-14T17:53:31.748350Z[0m [32m INFO[0m [2mbevy_diagnostic[0m[2m:[0m started_load_count:   69.000000   (avg 69.000000)
[2m2026-04-14T17:53:32.755828Z[0m [32m INFO[0m [2mbevy_diagnostic[0m[2m:[0m started_load_count:   69.000000   (avg 69.000000)
[2m2026-04-14T17:53:33.927580Z[0m [32m INFO[0m [2mbevy_diagnostic[0m[2m:[0m started_load_count:   69.000000   (avg 69.000000)
[2m2026-04-14T17:53:34.963155Z[0m [32m INFO[0m [2mbevy_diagnostic[0m[2m:[0m started_load_count:   69.000000   (avg 69.000000)
[2m2026-04-14T17:53:36.265214Z[0m [32m INFO[0m [2mbevy_diagnostic[0m[2m:[0m started_load_count:   69.000000   (avg 69.000000)
[2m2026-04-14T17:53:37.264091Z[0m [32m INFO[0m [2mbevy_diagnostic[0m[2m:[0m started_load_count:   69.000000   (avg 69.000000)
[2m2026-04-14T17:53:38.528971Z[0m [32m INFO[0m [2mbevy_diagnostic[0m[2m:[0m started_load_count:   69.000000   (avg 69.000000)
[2m2026-04-14T17:53:39.528333Z[0m [32m INFO[0m [2mbevy_diagnostic[0m[2m:[0m started_load_count:   69.000000   (avg 69.000000)
[2m2026-04-14T17:53:41.049776Z[0m [32m INFO[0m [2mbevy_diagnostic[0m[2m:[0m started_load_count:   69.000000   (avg 69.000000)
[2m2026-04-14T17:53:42.580342Z[0m [32m INFO[0m [2mbevy_diagnostic[0m[2m:[0m started_load_count:   69.000000   (avg 69.000000)
[2m2026-04-14T17:53:43.780481Z[0m [32m INFO[0m [2mbevy_diagnostic[0m[2m:[0m started_load_count:   69.000000   (avg 69.000000)
[2m2026-04-14T17:53:44.827297Z[0m [32m INFO[0m [2madv_civ::civilization::concepts::movement::movement_systems[0m[2m:[0m Player Tutankhamun of Illyria has ended movement
[2m2026-04-14T17:53:44.827923Z[0m [32m INFO[0m [2mbevy_diagnostic[0m[2m:[0m started_load_count:   69.000000   (avg 69.000000)
[2m2026-04-14T17:53:45.833673Z[0m [32m INFO[0m [2mbevy_diagnostic[0m[2m:[0m started_load_count:   69.000000   (avg 69.000000)
[2m2026-04-14T17:53:46.832077Z[0m [32m INFO[0m [2mbevy_diagnostic[0m[2m:[0m started_load_count:   69.000000   (avg 69.000000)
[2m2026-04-14T17:53:47.836523Z[0m [32m INFO[0m [2mbevy_diagnostic[0m[2m:[0m started_load_count:   69.000000   (avg 69.000000)
[2m2026-04-14T17:53:48.834243Z[0m [32m INFO[0m [2mbevy_diagnostic[0m[2m:[0m started_load_count:   69.000000   (avg 69.000000)
[2m2026-04-14T17:53:49.831207Z[0m [32m INFO[0m [2mbevy_diagnostic[0m[2m:[0m started_load_count:   69.000000   (avg 69.000000)
[2m2026-04-14T17:53:50.830293Z[0m [32m INFO[0m [2mbevy_diagnostic[0m[2m:[0m started_load_count:   69.000000   (avg 69.000000)
[2m2026-04-14T17:53:51.846898Z[0m [32m INFO[0m [2mbevy_diagnostic[0m[2m:[0m started_load_count:   69.000000   (avg 69.000000)
[2m2026-04-14T17:53:52.850679Z[0m [32m INFO[0m [2mbevy_diagnostic[0m[2m:[0m started_load_count:   69.000000   (avg 69.000000)
[2m2026-04-14T17:53:53.864488Z[0m [32m INFO[0m [2mbevy_diagnostic[0m[2m:[0m started_load_count:   69.000000   (avg 69.000000)
[2m2026-04-14T17:53:54.870349Z[0m [32m INFO[0m [2mbevy_diagnostic[0m[2m:[0m started_load_count:   69.000000   (avg 69.000000)
[2m2026-04-14T17:53:55.895146Z[0m [32m INFO[0m [2mbevy_diagnostic[0m[2m:[0m started_load_count:   69.000000   (avg 69.000000)
[2m2026-04-14T17:53:56.881570Z[0m [32m INFO[0m [2mbevy_diagnostic[0m[2m:[0m started_load_count:   69.000000   (avg 69.000000)
[2m2026-04-14T17:53:57.883861Z[0m [32m INFO[0m [2mbevy_diagnostic[0m[2m:[0m started_load_count:   69.000000   (avg 69.000000)
[2m2026-04-14T17:53:58.883361Z[0m [32m INFO[0m [2mbevy_diagnostic[0m[2m:[0m started_load_count:   69.000000   (avg 69.000000)
[2m2026-04-14T17:53:59.889834Z[0m [32m INFO[0m [2madv_civ::civilization::concepts::movement::movement_systems[0m[2m:[0m Player Leonidas of Iberia has ended movement
[2m2026-04-14T17:53:59.891478Z[0m [32m INFO[0m [2mbevy_diagnostic[0m[2m:[0m started_load_count:   69.000000   (avg 69.000000)
[2m2026-04-14T17:54:00.915582Z[0m [32m INFO[0m [2mbevy_diagnostic[0m[2m:[0m started_load_count:   69.000000   (avg 69.000000)
[2m2026-04-14T17:54:01.917535Z[0m [32m INFO[0m [2mbevy_diagnostic[0m[2m:[0m started_load_count:   69.000000   (avg 69.000000)
[2m2026-04-14T17:54:02.923812Z[0m [32m INFO[0m [2mbevy_diagnostic[0m[2m:[0m started_load_count:   69.000000   (avg 69.000000)
[2m2026-04-14T17:54:03.922745Z[0m [32m INFO[0m [2madv_civ::civilization::concepts::movement::movement_systems[0m[2m:[0m [SHIPS] Ferry: 1 token(s) moved 230v0 → 231v0; ship follows
[2m2026-04-14T17:54:03.923031Z[0m [32m INFO[0m [2mbevy_diagnostic[0m[2m:[0m started_load_count:   69.000000   (avg 69.000000)
[2m2026-04-14T17:54:04.914460Z[0m [32m INFO[0m [2mbevy_diagnostic[0m[2m:[0m started_load_count:   69.000000   (avg 69.000000)
[2m2026-04-14T17:54:05.913032Z[0m [32m INFO[0m [2mbevy_diagnostic[0m[2m:[0m started_load_count:   69.000000   (avg 69.000000)
[2m2026-04-14T17:54:06.914078Z[0m [32m INFO[0m [2mbevy_diagnostic[0m[2m:[0m started_load_count:   69.000000   (avg 69.000000)
[2m2026-04-14T17:54:07.917080Z[0m [32m INFO[0m [2mbevy_diagnostic[0m[2m:[0m started_load_count:   69.000000   (avg 69.000000)
[2m2026-04-14T17:54:08.916512Z[0m [32m INFO[0m [2mbevy_diagnostic[0m[2m:[0m started_load_count:   69.000000   (avg 69.000000)
[2m2026-04-14T17:54:09.913527Z[0m [32m INFO[0m [2madv_civ::civilization::concepts::movement::movement_systems[0m[2m:[0m [SHIPS] Ferry: 1 token(s) moved 231v0 → 230v0; ship follows
[2m2026-04-14T17:54:09.913914Z[0m [32m INFO[0m [2mbevy_diagnostic[0m[2m:[0m started_load_count:   69.000000   (avg 69.000000)
[2m2026-04-14T17:54:10.908242Z[0m [32m INFO[0m [2mbevy_diagnostic[0m[2m:[0m started_load_count:   69.000000   (avg 69.000000)
[2m2026-04-14T17:54:11.917520Z[0m [32m INFO[0m [2mbevy_diagnostic[0m[2m:[0m started_load_count:   69.000000   (avg 69.000000)
[2m2026-04-14T17:54:12.916764Z[0m [32m INFO[0m [2mbevy_diagnostic[0m[2m:[0m started_load_count:   69.000000   (avg 69.000000)
[2m2026-04-14T17:54:13.914831Z[0m [32m INFO[0m [2mbevy_diagnostic[0m[2m:[0m started_load_count:   69.000000   (avg 69.000000)
[2m2026-04-14T17:54:14.918182Z[0m [32m INFO[0m [2mbevy_diagnostic[0m[2m:[0m started_load_count:   69.000000   (avg 69.000000)
[2m2026-04-14T17:54:15.916957Z[0m [32m INFO[0m [2mbevy_diagnostic[0m[2m:[0m started_load_count:   69.000000   (avg 69.000000)
[2m2026-04-14T17:54:16.916533Z[0m [32m INFO[0m [2mbevy_diagnostic[0m[2m:[0m started_load_count:   69.000000   (avg 69.000000)
[2m2026-04-14T17:54:17.923284Z[0m [32m INFO[0m [2mbevy_diagnostic[0m[2m:[0m started_load_count:   69.000000   (avg 69.000000)
[2m2026-04-14T17:54:18.932531Z[0m [32m INFO[0m [2mbevy_diagnostic[0m[2m:[0m started_load_count:   69.000000   (avg 69.000000)
[2m2026-04-14T17:54:19.932479Z[0m [32m INFO[0m [2mbevy_diagnostic[0m[2m:[0m started_load_count:   69.000000   (avg 69.000000)
[2m2026-04-14T17:54:20.930132Z[0m [32m INFO[0m [2madv_civ::civilization::concepts::movement::movement_systems[0m[2m:[0m Player Ramesses of Crete has ended movement
[2m2026-04-14T17:54:20.931700Z[0m [32m INFO[0m [2mbevy_diagnostic[0m[2m:[0m started_load_count:   69.000000   (avg 69.000000)
[2m2026-04-14T17:54:21.932194Z[0m [32m INFO[0m [2mbevy_diagnostic[0m[2m:[0m started_load_count:   69.000000   (avg 69.000000)
[2m2026-04-14T17:54:22.934116Z[0m [32m INFO[0m [2mbevy_diagnostic[0m[2m:[0m started_load_count:   69.000000   (avg 69.000000)
[2m2026-04-14T17:54:23.936736Z[0m [32m INFO[0m [2mbevy_diagnostic[0m[2m:[0m started_load_count:   69.000000   (avg 69.000000)
[2m2026-04-14T17:54:24.952168Z[0m [32m INFO[0m [2mbevy_diagnostic[0m[2m:[0m started_load_count:   69.000000   (avg 69.000000)
[2m2026-04-14T17:54:25.952595Z[0m [32m INFO[0m [2mbevy_diagnostic[0m[2m:[0m started_load_count:   69.000000   (avg 69.000000)
[2m2026-04-14T17:54:26.950729Z[0m [32m INFO[0m [2mbevy_diagnostic[0m[2m:[0m started_load_count:   69.000000   (avg 69.000000)
[2m2026-04-14T17:54:27.951116Z[0m [32m INFO[0m [2mbevy_diagnostic[0m[2m:[0m started_load_count:   69.000000   (avg 69.000000)
[2m2026-04-14T17:54:28.947781Z[0m [32m INFO[0m [2mbevy_diagnostic[0m[2m:[0m started_load_count:   69.000000   (avg 69.000000)
[2m2026-04-14T17:54:29.943586Z[0m [32m INFO[0m [2mbevy_diagnostic[0m[2m:[0m started_load_count:   69.000000   (avg 69.000000)
[2m2026-04-14T17:54:30.966495Z[0m [32m INFO[0m [2mbevy_diagnostic[0m[2m:[0m started_load_count:   69.000000   (avg 69.000000)
[2m2026-04-14T17:54:31.970329Z[0m [32m INFO[0m [2mbevy_diagnostic[0m[2m:[0m started_load_count:   69.000000   (avg 69.000000)
[2m2026-04-14T17:54:32.970322Z[0m [32m INFO[0m [2mbevy_diagnostic[0m[2m:[0m started_load_count:   69.000000   (avg 69.000000)
[2m2026-04-14T17:54:33.968023Z[0m [32m INFO[0m [2mbevy_diagnostic[0m[2m:[0m started_load_count:   69.000000   (avg 69.000000)
[2m2026-04-14T17:54:34.968179Z[0m [32m INFO[0m [2mbevy_diagnostic[0m[2m:[0m started_load_count:   69.000000   (avg 69.000000)
[2m2026-04-14T17:54:35.968002Z[0m [32m INFO[0m [2mbevy_diagnostic[0m[2m:[0m started_load_count:   69.000000   (avg 69.000000)
[2m2026-04-14T17:54:36.969198Z[0m [32m INFO[0m [2mbevy_diagnostic[0m[2m:[0m started_load_count:   69.000000   (avg 69.000000)
[2m2026-04-14T17:54:37.966205Z[0m [32m INFO[0m [2mbevy_diagnostic[0m[2m:[0m started_load_count:   69.000000   (avg 69.000000)
[2m2026-04-14T17:54:38.964848Z[0m [32m INFO[0m [2mbevy_diagnostic[0m[2m:[0m started_load_count:   69.000000   (avg 69.000000)
[2m2026-04-14T17:54:39.988504Z[0m [32m INFO[0m [2mbevy_diagnostic[0m[2m:[0m started_load_count:   69.000000   (avg 69.000000)
[2m2026-04-14T17:54:40.986043Z[0m [32m INFO[0m [2mbevy_diagnostic[0m[2m:[0m started_load_count:   69.000000   (avg 69.000000)
[2m2026-04-14T17:54:41.985106Z[0m [32m INFO[0m [2mbevy_diagnostic[0m[2m:[0m started_load_count:   69.000000   (avg 69.000000)
[2m2026-04-14T17:54:42.984280Z[0m [32m INFO[0m [2mbevy_diagnostic[0m[2m:[0m started_load_count:   69.000000   (avg 69.000000)
[2m2026-04-14T17:54:43.981283Z[0m [32m INFO[0m [2mbevy_diagnostic[0m[2m:[0m started_load_count:   69.000000   (avg 69.000000)
[2m2026-04-14T17:54:44.984279Z[0m [32m INFO[0m [2mbevy_diagnostic[0m[2m:[0m started_load_count:   69.000000   (avg 69.000000)
[2m2026-04-14T17:54:45.987220Z[0m [32m INFO[0m [2mbevy_diagnostic[0m[2m:[0m started_load_count:   69.000000   (avg 69.000000)
[2m2026-04-14T17:54:46.982631Z[0m [32m INFO[0m [2mbevy_diagnostic[0m[2m:[0m started_load_count:   69.000000   (avg 69.000000)
[2m2026-04-14T17:54:48.004492Z[0m [32m INFO[0m [2mbevy_diagnostic[0m[2m:[0m started_load_count:   69.000000   (avg 69.000000)
[2m2026-04-14T17:54:48.998410Z[0m [32m INFO[0m [2mbevy_diagnostic[0m[2m:[0m started_load_count:   69.000000   (avg 69.000000)
[2m2026-04-14T17:54:49.999994Z[0m [32m INFO[0m [2mbevy_diagnostic[0m[2m:[0m started_load_count:   69.000000   (avg 69.000000)
[2m2026-04-14T17:54:51.001931Z[0m [32m INFO[0m [2mbevy_diagnostic[0m[2m:[0m started_load_count:   69.000000   (avg 69.000000)
[2m2026-04-14T17:54:51.998203Z[0m [32m INFO[0m [2mbevy_diagnostic[0m[2m:[0m started_load_count:   69.000000   (avg 69.000000)
[2m2026-04-14T17:54:53.002911Z[0m [32m INFO[0m [2madv_civ::civilization::concepts::movement::movement_systems[0m[2m:[0m [SHIPS] Ferry: 1 token(s) moved 132v1 → 137v1; ship follows
[2m2026-04-14T17:54:53.003381Z[0m [32m INFO[0m [2mbevy_diagnostic[0m[2m:[0m started_load_count:   69.000000   (avg 69.000000)
[2m2026-04-14T17:54:53.999385Z[0m [32m INFO[0m [2mbevy_diagnostic[0m[2m:[0m started_load_count:   69.000000   (avg 69.000000)
[2m2026-04-14T17:54:54.998114Z[0m [32m INFO[0m [2mbevy_diagnostic[0m[2m:[0m started_load_count:   69.000000   (avg 69.000000)
[2m2026-04-14T17:54:56.002050Z[0m [32m INFO[0m [2mbevy_diagnostic[0m[2m:[0m started_load_count:   69.000000   (avg 69.000000)
[2m2026-04-14T17:54:57.001105Z[0m [32m INFO[0m [2madv_civ::civilization::concepts::movement::movement_systems[0m[2m:[0m [SHIPS] Ferry: 1 token(s) moved 137v1 → 132v1; ship follows
[2m2026-04-14T17:54:57.001742Z[0m [32m INFO[0m [2mbevy_diagnostic[0m[2m:[0m started_load_count:   69.000000   (avg 69.000000)
[2m2026-04-14T17:54:58.001183Z[0m [32m INFO[0m [2mbevy_diagnostic[0m[2m:[0m started_load_count:   69.000000   (avg 69.000000)
[2m2026-04-14T17:54:59.013091Z[0m [32m INFO[0m [2mbevy_diagnostic[0m[2m:[0m started_load_count:   69.000000   (avg 69.000000)
[2m2026-04-14T17:55:00.017481Z[0m [32m INFO[0m [2mbevy_diagnostic[0m[2m:[0m started_load_count:   69.000000   (avg 69.000000)
[2m2026-04-14T17:55:01.016257Z[0m [32m INFO[0m [2mbevy_diagnostic[0m[2m:[0m started_load_count:   69.000000   (avg 69.000000)
[2m2026-04-14T17:55:02.017320Z[0m [32m INFO[0m [2mbevy_diagnostic[0m[2m:[0m started_load_count:   69.000000   (avg 69.000000)
[2m2026-04-14T17:55:03.023686Z[0m [32m INFO[0m [2mbevy_diagnostic[0m[2m:[0m started_load_count:   69.000000   (avg 69.000000)
[2m2026-04-14T17:55:04.017403Z[0m [32m INFO[0m [2mbevy_diagnostic[0m[2m:[0m started_load_count:   69.000000   (avg 69.000000)
[2m2026-04-14T17:55:05.026233Z[0m [32m INFO[0m [2mbevy_diagnostic[0m[2m:[0m started_load_count:   69.000000   (avg 69.000000)
[2m2026-04-14T17:55:06.019597Z[0m [32m INFO[0m [2mbevy_diagnostic[0m[2m:[0m started_load_count:   69.000000   (avg 69.000000)
[2m2026-04-14T17:55:07.019891Z[0m [32m INFO[0m [2mbevy_diagnostic[0m[2m:[0m started_load_count:   69.000000   (avg 69.000000)
[2m2026-04-14T17:55:08.016242Z[0m [32m INFO[0m [2mbevy_diagnostic[0m[2m:[0m started_load_count:   69.000000   (avg 69.000000)
[2m2026-04-14T17:55:09.034262Z[0m [32m INFO[0m [2mbevy_diagnostic[0m[2m:[0m started_load_count:   69.000000   (avg 69.000000)
[2m2026-04-14T17:55:10.035435Z[0m [32m INFO[0m [2mbevy_diagnostic[0m[2m:[0m started_load_count:   69.000000   (avg 69.000000)
[2m2026-04-14T17:55:11.034929Z[0m [32m INFO[0m [2mbevy_diagnostic[0m[2m:[0m started_load_count:   69.000000   (avg 69.000000)
[2m2026-04-14T17:55:12.033638Z[0m [32m INFO[0m [2mbevy_diagnostic[0m[2m:[0m started_load_count:   69.000000   (avg 69.000000)
[2m2026-04-14T17:55:13.032475Z[0m [32m INFO[0m [2mbevy_diagnostic[0m[2m:[0m started_load_count:   69.000000   (avg 69.000000)
[2m2026-04-14T17:55:14.050148Z[0m [32m INFO[0m [2madv_civ::civilization::concepts::movement::movement_systems[0m[2m:[0m Player Alexander of Assyria has ended movement
[2m2026-04-14T17:55:14.051446Z[0m [32m INFO[0m [2mbevy_diagnostic[0m[2m:[0m started_load_count:   69.000000   (avg 69.000000)
[2m2026-04-14T17:55:15.057147Z[0m [32m INFO[0m [2mbevy_diagnostic[0m[2m:[0m started_load_count:   69.000000   (avg 69.000000)
[2m2026-04-14T17:55:16.051333Z[0m [32m INFO[0m [2mbevy_diagnostic[0m[2m:[0m started_load_count:   69.000000   (avg 69.000000)
[2m2026-04-14T17:55:17.048804Z[0m [32m INFO[0m [2mbevy_diagnostic[0m[2m:[0m started_load_count:   69.000000   (avg 69.000000)
[2m2026-04-14T17:55:18.048737Z[0m [32m INFO[0m [2mbevy_diagnostic[0m[2m:[0m started_load_count:   69.000000   (avg 69.000000)
[2m2026-04-14T17:55:19.053382Z[0m [32m INFO[0m [2mbevy_diagnostic[0m[2m:[0m started_load_count:   69.000000   (avg 69.000000)
[2m2026-04-14T17:55:20.051040Z[0m [32m INFO[0m [2mbevy_diagnostic[0m[2m:[0m started_load_count:   69.000000   (avg 69.000000)
[2m2026-04-14T17:55:21.048948Z[0m [32m INFO[0m [2mbevy_diagnostic[0m[2m:[0m started_load_count:   69.000000   (avg 69.000000)
[2m2026-04-14T17:55:22.052449Z[0m [32m INFO[0m [2mbevy_diagnostic[0m[2m:[0m started_load_count:   69.000000   (avg 69.000000)
[2m2026-04-14T17:55:23.048901Z[0m [32m INFO[0m [2mbevy_diagnostic[0m[2m:[0m started_load_count:   69.000000   (avg 69.000000)
[2m2026-04-14T17:55:24.050869Z[0m [32m INFO[0m [2mbevy_diagnostic[0m[2m:[0m started_load_count:   69.000000   (avg 69.000000)
[2m2026-04-14T17:55:25.052649Z[0m [32m INFO[0m [2mbevy_diagnostic[0m[2m:[0m started_load_count:   69.000000   (avg 69.000000)
[2m2026-04-14T17:55:27.060274Z[0m [32m INFO[0m [2madv_civ::civilization::concepts::movement::movement_systems[0m[2m:[0m Player Pericles of Babylon has ended movement
[2m2026-04-14T17:55:27.060297Z[0m [32m INFO[0m [2madv_civ::civilization::concepts::movement::movement_systems[0m[2m:[0m No more players to move, transitioning to Conflict
[2m2026-04-14T17:55:27.061116Z[0m [32m INFO[0m [2mbevy_diagnostic[0m[2m:[0m started_load_count:   69.000000   (avg 69.000000)
[2m2026-04-14T17:55:28.069187Z[0m [32m INFO[0m [2madv_civ::civilization::concepts::conflict::conflict_systems[0m[2m:[0m Found 6 conflicts, remaining in Conflict
[2m2026-04-14T17:55:28.069226Z[0m [32m INFO[0m [2madv_civ::civilization::concepts::conflict::conflict_triggers[0m[2m:[0m [CONFLICT] Regular conflict in '48:Athribis': 2 players, 2 tokens, max_pop=1, conflicts_pending=6, human_involved=false
[2m2026-04-14T17:55:28.069243Z[0m [32m INFO[0m [2madv_civ::civilization::concepts::conflict::conflict_triggers[0m[2m:[0m   Player 1 (523v0): 1 tokens
[2m2026-04-14T17:55:28.069249Z[0m [32m INFO[0m [2madv_civ::civilization::concepts::conflict::conflict_triggers[0m[2m:[0m   Player 2 (279v0): 1 tokens
[2m2026-04-14T17:55:28.069261Z[0m [32m INFO[0m [2madv_civ::civilization::concepts::conflict::conflict_triggers[0m[2m:[0m [CONFLICT] Resolved '48:Athribis' via max_pop=1: 0 tokens remaining (was 2)
[2m2026-04-14T17:55:28.069266Z[0m [32m INFO[0m [2madv_civ::civilization::concepts::conflict::conflict_triggers[0m[2m:[0m [CONFLICT] Conflicts remaining: 5
[2m2026-04-14T17:55:28.069316Z[0m [32m INFO[0m [2madv_civ::civilization::concepts::conflict::conflict_triggers[0m[2m:[0m [CONFLICT] Regular conflict in '4:Megiddo': 2 players, 7 tokens, max_pop=3, conflicts_pending=5, human_involved=false
[2m2026-04-14T17:55:28.069323Z[0m [32m INFO[0m [2madv_civ::civilization::concepts::conflict::conflict_triggers[0m[2m:[0m   Player 1 (523v0): 6 tokens
[2m2026-04-14T17:55:28.069327Z[0m [32m INFO[0m [2madv_civ::civilization::concepts::conflict::conflict_triggers[0m[2m:[0m   Player 2 (279v0): 1 tokens
[2m2026-04-14T17:55:28.069335Z[0m [32m INFO[0m [2madv_civ::civilization::concepts::conflict::conflict_triggers[0m[2m:[0m [CONFLICT] Resolved '4:Megiddo' via unequal_lengths: 6 tokens remaining (was 7)
[2m2026-04-14T17:55:28.069339Z[0m [32m INFO[0m [2madv_civ::civilization::concepts::conflict::conflict_triggers[0m[2m:[0m [CONFLICT] Conflicts remaining: 4
[2m2026-04-14T17:55:28.069354Z[0m [32m INFO[0m [2madv_civ::civilization::concepts::conflict::conflict_triggers[0m[2m:[0m [CONFLICT] Regular conflict in '34:Hippo Regius': 2 players, 3 tokens, max_pop=2, conflicts_pending=4, human_involved=false
[2m2026-04-14T17:55:28.069363Z[0m [32m INFO[0m [2madv_civ::civilization::concepts::conflict::conflict_triggers[0m[2m:[0m   Player 1 (279v0): 2 tokens
[2m2026-04-14T17:55:28.069367Z[0m [32m INFO[0m [2madv_civ::civilization::concepts::conflict::conflict_triggers[0m[2m:[0m   Player 2 (401v0): 1 tokens
[2m2026-04-14T17:55:28.069371Z[0m [32m INFO[0m [2madv_civ::civilization::concepts::conflict::conflict_triggers[0m[2m:[0m [CONFLICT] Resolved '34:Hippo Regius' via unequal_lengths: 2 tokens remaining (was 3)
[2m2026-04-14T17:55:28.069375Z[0m [32m INFO[0m [2madv_civ::civilization::concepts::conflict::conflict_triggers[0m[2m:[0m [CONFLICT] Conflicts remaining: 3
[2m2026-04-14T17:55:28.069396Z[0m [32m INFO[0m [2madv_civ::civilization::concepts::conflict::conflict_triggers[0m[2m:[0m [CONFLICT] Regular conflict in '14:Petra': 3 players, 11 tokens, max_pop=1, conflicts_pending=3, human_involved=false
[2m2026-04-14T17:55:28.069404Z[0m [32m INFO[0m [2madv_civ::civilization::concepts::conflict::conflict_triggers[0m[2m:[0m   Player 1 (279v0): 6 tokens
[2m2026-04-14T17:55:28.069408Z[0m [32m INFO[0m [2madv_civ::civilization::concepts::conflict::conflict_triggers[0m[2m:[0m   Player 2 (462v0): 4 tokens
[2m2026-04-14T17:55:28.069412Z[0m [32m INFO[0m [2madv_civ::civilization::concepts::conflict::conflict_triggers[0m[2m:[0m   Player 3 (523v0): 1 tokens
[2m2026-04-14T17:55:28.069421Z[0m [32m INFO[0m [2madv_civ::civilization::concepts::conflict::conflict_triggers[0m[2m:[0m [CONFLICT] Resolved '14:Petra' via max_pop=1: 2 tokens remaining (was 11)
[2m2026-04-14T17:55:28.069427Z[0m [32m INFO[0m [2madv_civ::civilization::concepts::conflict::conflict_triggers[0m[2m:[0m [CONFLICT] Conflicts remaining: 2
[2m2026-04-14T17:55:28.069493Z[0m [32m INFO[0m [2madv_civ::civilization::concepts::conflict::conflict_triggers[0m[2m:[0m [CONFLICT] Regular conflict in '21:Patavium': 2 players, 5 tokens, max_pop=1, conflicts_pending=2, human_involved=false
[2m2026-04-14T17:55:28.069499Z[0m [32m INFO[0m [2madv_civ::civilization::concepts::conflict::conflict_triggers[0m[2m:[0m   Player 1 (706v0): 3 tokens
[2m2026-04-14T17:55:28.069503Z[0m [32m INFO[0m [2madv_civ::civilization::concepts::conflict::conflict_triggers[0m[2m:[0m   Player 2 (401v0): 2 tokens
[2m2026-04-14T17:55:28.069507Z[0m [32m INFO[0m [2madv_civ::civilization::concepts::conflict::conflict_triggers[0m[2m:[0m [CONFLICT] Resolved '21:Patavium' via max_pop=1: 2 tokens remaining (was 5)
[2m2026-04-14T17:55:28.069511Z[0m [32m INFO[0m [2madv_civ::civilization::concepts::conflict::conflict_triggers[0m[2m:[0m [CONFLICT] Conflicts remaining: 1
[2m2026-04-14T17:55:28.069575Z[0m [32m INFO[0m [2madv_civ::civilization::concepts::conflict::conflict_triggers[0m[2m:[0m [CONFLICT] Regular conflict in '37:Hattusa': 3 players, 3 tokens, max_pop=2, conflicts_pending=1, human_involved=false
[2m2026-04-14T17:55:28.069584Z[0m [32m INFO[0m [2madv_civ::civilization::concepts::conflict::conflict_triggers[0m[2m:[0m   Player 1 (401v0): 1 tokens
[2m2026-04-14T17:55:28.069588Z[0m [32m INFO[0m [2madv_civ::civilization::concepts::conflict::conflict_triggers[0m[2m:[0m   Player 2 (340v0): 1 tokens
[2m2026-04-14T17:55:28.069591Z[0m [32m INFO[0m [2madv_civ::civilization::concepts::conflict::conflict_triggers[0m[2m:[0m   Player 3 (706v0): 1 tokens
[2m2026-04-14T17:55:28.069598Z[0m [32m INFO[0m [2madv_civ::civilization::concepts::conflict::conflict_triggers[0m[2m:[0m [CONFLICT] Resolved '37:Hattusa' via all_lengths_equal: 0 tokens remaining (was 3)
[2m2026-04-14T17:55:28.069602Z[0m [32m INFO[0m [2madv_civ::civilization::concepts::conflict::conflict_triggers[0m[2m:[0m [CONFLICT] Conflicts remaining: 0
[2m2026-04-14T17:55:28.069605Z[0m [32m INFO[0m [2madv_civ::civilization::concepts::conflict::conflict_triggers[0m[2m:[0m [CONFLICT] All conflicts resolved, transitioning to CityConstruction
[2m2026-04-14T17:55:28.072624Z[0m [32m INFO[0m [2mbevy_diagnostic[0m[2m:[0m started_load_count:   69.000000   (avg 69.000000)
[2m2026-04-14T17:55:29.083083Z[0m [32m INFO[0m [2madv_civ::civilization::concepts::city_construction::city_construction_systems[0m[2m:[0m [CITY_CONSTRUCTION] Entering city construction phase
[2m2026-04-14T17:55:29.083098Z[0m [32m INFO[0m [2madv_civ::civilization::concepts::city_construction::city_construction_systems[0m[2m:[0m [CITY_CONSTRUCTION] LoadingFromSave present: false
[2m2026-04-14T17:55:29.083104Z[0m [32m INFO[0m [2madv_civ::civilization::concepts::city_construction::city_construction_systems[0m[2m:[0m [CITY_CONSTRUCTION] Total players: 8
[2m2026-04-14T17:55:29.083108Z[0m [32m INFO[0m [2madv_civ::civilization::concepts::city_construction::city_construction_systems[0m[2m:[0m [CITY_CONSTRUCTION] Marking Illyria for building
[2m2026-04-14T17:55:29.083112Z[0m [32m INFO[0m [2madv_civ::civilization::concepts::city_construction::city_construction_systems[0m[2m:[0m [CITY_CONSTRUCTION] Marking Crete for building
[2m2026-04-14T17:55:29.083114Z[0m [32m INFO[0m [2madv_civ::civilization::concepts::city_construction::city_construction_systems[0m[2m:[0m [CITY_CONSTRUCTION] Marking Asia for building
[2m2026-04-14T17:55:29.083117Z[0m [32m INFO[0m [2madv_civ::civilization::concepts::city_construction::city_construction_systems[0m[2m:[0m [CITY_CONSTRUCTION] Marking Assyria for building
[2m2026-04-14T17:55:29.083120Z[0m [32m INFO[0m [2madv_civ::civilization::concepts::city_construction::city_construction_systems[0m[2m:[0m [CITY_CONSTRUCTION] Marking Thrace for building
[2m2026-04-14T17:55:29.083123Z[0m [32m INFO[0m [2madv_civ::civilization::concepts::city_construction::city_construction_systems[0m[2m:[0m [CITY_CONSTRUCTION] Marking Africa for building
[2m2026-04-14T17:55:29.083126Z[0m [32m INFO[0m [2madv_civ::civilization::concepts::city_construction::city_construction_systems[0m[2m:[0m [CITY_CONSTRUCTION] Marking Iberia for building
[2m2026-04-14T17:55:29.083128Z[0m [32m INFO[0m [2madv_civ::civilization::concepts::city_construction::city_construction_systems[0m[2m:[0m [CITY_CONSTRUCTION] Marking Babylon for building
[2m2026-04-14T17:55:29.083131Z[0m [32m INFO[0m [2madv_civ::civilization::concepts::city_construction::city_construction_systems[0m[2m:[0m [CITY_CONSTRUCTION] Summary: 8 marked for building, 0 skipped
[2m2026-04-14T17:55:29.083135Z[0m [32m INFO[0m [2madv_civ::civilization::concepts::city_construction::city_construction_systems[0m[2m:[0m [CITY_CONSTRUCTION] Inserted CityConstructionPhaseActive resource
[2m2026-04-14T17:55:29.085613Z[0m [32m INFO[0m [2mbevy_diagnostic[0m[2m:[0m started_load_count:   69.000000   (avg 69.000000)
[2m2026-04-14T17:55:30.123927Z[0m [32m INFO[0m [2mbevy_diagnostic[0m[2m:[0m started_load_count:   69.000000   (avg 69.000000)
[2m2026-04-14T17:55:31.144353Z[0m [32m INFO[0m [2mbevy_diagnostic[0m[2m:[0m started_load_count:   69.000000   (avg 69.000000)
[2m2026-04-14T17:55:32.135064Z[0m [32m INFO[0m [2madv_civ::civilization::concepts::city_construction::city_construction_systems[0m[2m:[0m [CITY_CONSTRUCTION] Gate: No players with IsBuilding, transitioning to RemoveSurplusPopulation
[2m2026-04-14T17:55:32.136883Z[0m [32m INFO[0m [2mbevy_diagnostic[0m[2m:[0m started_load_count:   69.000000   (avg 69.000000)
[2m2026-04-14T17:55:33.135380Z[0m [32m INFO[0m [2madv_civ::civilization::concepts::remove_surplus_population::remove_surplus_systems[0m[2m:[0m [SURPLUS] '109:Tanis' has surplus: total=5, max=3, surplus=2, players=1, has_city=false
[2m2026-04-14T17:55:33.135404Z[0m [32m INFO[0m [2madv_civ::civilization::concepts::remove_surplus_population::remove_surplus_systems[0m[2m:[0m [SURPLUS] '109:Tanis': Removing surplus tokens from single-player area
[2m2026-04-14T17:55:33.135420Z[0m [32m INFO[0m [2madv_civ::civilization::concepts::remove_surplus_population::remove_surplus_systems[0m[2m:[0m [SURPLUS] '109:Tanis': After removal: 5 -> 3 tokens, surplus=0
[2m2026-04-14T17:55:33.135426Z[0m [32m INFO[0m [2madv_civ::civilization::concepts::remove_surplus_population::remove_surplus_systems[0m[2m:[0m [SURPLUS] '108:Rhodes' has surplus: total=3, max=2, surplus=1, players=1, has_city=false
[2m2026-04-14T17:55:33.135432Z[0m [32m INFO[0m [2madv_civ::civilization::concepts::remove_surplus_population::remove_surplus_systems[0m[2m:[0m [SURPLUS] '108:Rhodes': Removing surplus tokens from single-player area
[2m2026-04-14T17:55:33.135439Z[0m [32m INFO[0m [2madv_civ::civilization::concepts::remove_surplus_population::remove_surplus_systems[0m[2m:[0m [SURPLUS] '108:Rhodes': After removal: 3 -> 2 tokens, surplus=0
[2m2026-04-14T17:55:33.135450Z[0m [32m INFO[0m [2madv_civ::civilization::concepts::remove_surplus_population::remove_surplus_systems[0m[2m:[0m [SURPLUS] '10:Aelia Capitolina' has surplus: total=3, max=1, surplus=2, players=1, has_city=false
[2m2026-04-14T17:55:33.135457Z[0m [32m INFO[0m [2madv_civ::civilization::concepts::remove_surplus_population::remove_surplus_systems[0m[2m:[0m [SURPLUS] '10:Aelia Capitolina': Removing surplus tokens from single-player area
[2m2026-04-14T17:55:33.135464Z[0m [32m INFO[0m [2madv_civ::civilization::concepts::remove_surplus_population::remove_surplus_systems[0m[2m:[0m [SURPLUS] '10:Aelia Capitolina': After removal: 3 -> 1 tokens, surplus=0
[2m2026-04-14T17:55:33.135473Z[0m [32m INFO[0m [2madv_civ::civilization::concepts::remove_surplus_population::remove_surplus_systems[0m[2m:[0m [SURPLUS] '82:Baalbek' has surplus: total=3, max=2, surplus=1, players=1, has_city=false
[2m2026-04-14T17:55:33.135481Z[0m [32m INFO[0m [2madv_civ::civilization::concepts::remove_surplus_population::remove_surplus_systems[0m[2m:[0m [SURPLUS] '82:Baalbek': Removing surplus tokens from single-player area
[2m2026-04-14T17:55:33.135487Z[0m [32m INFO[0m [2madv_civ::civilization::concepts::remove_surplus_population::remove_surplus_systems[0m[2m:[0m [SURPLUS] '82:Baalbek': After removal: 3 -> 2 tokens, surplus=0
[2m2026-04-14T17:55:33.135497Z[0m [32m INFO[0m [2madv_civ::civilization::concepts::remove_surplus_population::remove_surplus_systems[0m[2m:[0m [SURPLUS] '94:Amphipolis' has surplus: total=4, max=2, surplus=2, players=1, has_city=false
[2m2026-04-14T17:55:33.135505Z[0m [32m INFO[0m [2madv_civ::civilization::concepts::remove_surplus_population::remove_surplus_systems[0m[2m:[0m [SURPLUS] '94:Amphipolis': Removing surplus tokens from single-player area
[2m2026-04-14T17:55:33.135512Z[0m [32m INFO[0m [2madv_civ::civilization::concepts::remove_surplus_population::remove_surplus_systems[0m[2m:[0m [SURPLUS] '94:Amphipolis': After removal: 4 -> 2 tokens, surplus=0
[2m2026-04-14T17:55:33.135520Z[0m [32m INFO[0m [2madv_civ::civilization::concepts::remove_surplus_population::remove_surplus_systems[0m[2m:[0m [SURPLUS] '95:Arwad' has surplus: total=5, max=2, surplus=3, players=1, has_city=false
[2m2026-04-14T17:55:33.135526Z[0m [32m INFO[0m [2madv_civ::civilization::concepts::remove_surplus_population::remove_surplus_systems[0m[2m:[0m [SURPLUS] '95:Arwad': Removing surplus tokens from single-player area
[2m2026-04-14T17:55:33.135533Z[0m [32m INFO[0m [2madv_civ::civilization::concepts::remove_surplus_population::remove_surplus_systems[0m[2m:[0m [SURPLUS] '95:Arwad': After removal: 5 -> 2 tokens, surplus=0
[2m2026-04-14T17:55:33.135540Z[0m [32m INFO[0m [2madv_civ::civilization::concepts::remove_surplus_population::remove_surplus_systems[0m[2m:[0m [SURPLUS] '24:Ascalon' has surplus: total=4, max=1, surplus=3, players=1, has_city=false
[2m2026-04-14T17:55:33.135546Z[0m [32m INFO[0m [2madv_civ::civilization::concepts::remove_surplus_population::remove_surplus_systems[0m[2m:[0m [SURPLUS] '24:Ascalon': Removing surplus tokens from single-player area
[2m2026-04-14T17:55:33.135554Z[0m [32m INFO[0m [2madv_civ::civilization::concepts::remove_surplus_population::remove_surplus_systems[0m[2m:[0m [SURPLUS] '24:Ascalon': After removal: 4 -> 1 tokens, surplus=0
[2m2026-04-14T17:55:33.135573Z[0m [32m INFO[0m [2madv_civ::civilization::concepts::remove_surplus_population::remove_surplus_systems[0m[2m:[0m [SURPLUS] '8:Trebizond' has surplus: total=2, max=1, surplus=1, players=1, has_city=false
[2m2026-04-14T17:55:33.135579Z[0m [32m INFO[0m [2madv_civ::civilization::concepts::remove_surplus_population::remove_surplus_systems[0m[2m:[0m [SURPLUS] '8:Trebizond': Removing surplus tokens from single-player area
[2m2026-04-14T17:55:33.135585Z[0m [32m INFO[0m [2madv_civ::civilization::concepts::remove_surplus_population::remove_surplus_systems[0m[2m:[0m [SURPLUS] '8:Trebizond': After removal: 2 -> 1 tokens, surplus=0
[2m2026-04-14T17:55:33.135590Z[0m [32m INFO[0m [2madv_civ::civilization::concepts::remove_surplus_population::remove_surplus_systems[0m[2m:[0m [SURPLUS] '63:Timgad' has surplus: total=3, max=2, surplus=1, players=1, has_city=false
[2m2026-04-14T17:55:33.135596Z[0m [32m INFO[0m [2madv_civ::civilization::concepts::remove_surplus_population::remove_surplus_systems[0m[2m:[0m [SURPLUS] '63:Timgad': Removing surplus tokens from single-player area
[2m2026-04-14T17:55:33.135602Z[0m [32m INFO[0m [2madv_civ::civilization::concepts::remove_surplus_population::remove_surplus_systems[0m[2m:[0m [SURPLUS] '63:Timgad': After removal: 3 -> 2 tokens, surplus=0
[2m2026-04-14T17:55:33.135608Z[0m [32m INFO[0m [2madv_civ::civilization::concepts::remove_surplus_population::remove_surplus_systems[0m[2m:[0m [SURPLUS] '122:Teotoburgum' has surplus: total=4, max=1, surplus=3, players=1, has_city=false
[2m2026-04-14T17:55:33.135636Z[0m [32m INFO[0m [2madv_civ::civilization::concepts::remove_surplus_population::remove_surplus_systems[0m[2m:[0m [SURPLUS] '122:Teotoburgum': Removing surplus tokens from single-player area
[2m2026-04-14T17:55:33.135643Z[0m [32m INFO[0m [2madv_civ::civilization::concepts::remove_surplus_population::remove_surplus_systems[0m[2m:[0m [SURPLUS] '122:Teotoburgum': After removal: 4 -> 1 tokens, surplus=0
[2m2026-04-14T17:55:33.135648Z[0m [32m INFO[0m [2madv_civ::civilization::concepts::remove_surplus_population::remove_surplus_systems[0m[2m:[0m [SURPLUS] '6:Saguntum' has surplus: total=4, max=1, surplus=3, players=1, has_city=false
[2m2026-04-14T17:55:33.135654Z[0m [32m INFO[0m [2madv_civ::civilization::concepts::remove_surplus_population::remove_surplus_systems[0m[2m:[0m [SURPLUS] '6:Saguntum': Removing surplus tokens from single-player area
[2m2026-04-14T17:55:33.135660Z[0m [32m INFO[0m [2madv_civ::civilization::concepts::remove_surplus_population::remove_surplus_systems[0m[2m:[0m [SURPLUS] '6:Saguntum': After removal: 4 -> 1 tokens, surplus=0
[2m2026-04-14T17:55:33.135674Z[0m [32m INFO[0m [2madv_civ::civilization::concepts::remove_surplus_population::remove_surplus_systems[0m[2m:[0m [SURPLUS] '31:Polis' has surplus: total=2, max=1, surplus=1, players=1, has_city=false
[2m2026-04-14T17:55:33.135681Z[0m [32m INFO[0m [2madv_civ::civilization::concepts::remove_surplus_population::remove_surplus_systems[0m[2m:[0m [SURPLUS] '31:Polis': Removing surplus tokens from single-player area
[2m2026-04-14T17:55:33.135686Z[0m [32m INFO[0m [2madv_civ::civilization::concepts::remove_surplus_population::remove_surplus_systems[0m[2m:[0m [SURPLUS] '31:Polis': After removal: 2 -> 1 tokens, surplus=0
[2m2026-04-14T17:55:33.135696Z[0m [32m INFO[0m [2madv_civ::civilization::concepts::remove_surplus_population::remove_surplus_systems[0m[2m:[0m [SURPLUS] '3:Athens' has surplus: total=5, max=3, surplus=2, players=1, has_city=false
[2m2026-04-14T17:55:33.135702Z[0m [32m INFO[0m [2madv_civ::civilization::concepts::remove_surplus_population::remove_surplus_systems[0m[2m:[0m [SURPLUS] '3:Athens': Removing surplus tokens from single-player area
[2m2026-04-14T17:55:33.135709Z[0m [32m INFO[0m [2madv_civ::civilization::concepts::remove_surplus_population::remove_surplus_systems[0m[2m:[0m [SURPLUS] '3:Athens': After removal: 5 -> 3 tokens, surplus=0
[2m2026-04-14T17:55:33.135715Z[0m [32m INFO[0m [2madv_civ::civilization::concepts::remove_surplus_population::remove_surplus_systems[0m[2m:[0m [SURPLUS] '4:Megiddo' has surplus: total=6, max=3, surplus=3, players=1, has_city=false
[2m2026-04-14T17:55:33.135722Z[0m [32m INFO[0m [2madv_civ::civilization::concepts::remove_surplus_population::remove_surplus_systems[0m[2m:[0m [SURPLUS] '4:Megiddo': Removing surplus tokens from single-player area
[2m2026-04-14T17:55:33.135728Z[0m [32m INFO[0m [2madv_civ::civilization::concepts::remove_surplus_population::remove_surplus_systems[0m[2m:[0m [SURPLUS] '4:Megiddo': After removal: 6 -> 3 tokens, surplus=0
[2m2026-04-14T17:55:33.135734Z[0m [32m INFO[0m [2madv_civ::civilization::concepts::remove_surplus_population::remove_surplus_systems[0m[2m:[0m [SURPLUS] '23:Jerusalem' has surplus: total=3, max=1, surplus=2, players=1, has_city=false
[2m2026-04-14T17:55:33.135740Z[0m [32m INFO[0m [2madv_civ::civilization::concepts::remove_surplus_population::remove_surplus_systems[0m[2m:[0m [SURPLUS] '23:Jerusalem': Removing surplus tokens from single-player area
[2m2026-04-14T17:55:33.135747Z[0m [32m INFO[0m [2madv_civ::civilization::concepts::remove_surplus_population::remove_surplus_systems[0m[2m:[0m [SURPLUS] '23:Jerusalem': After removal: 3 -> 1 tokens, surplus=0
[2m2026-04-14T17:55:33.135753Z[0m [32m INFO[0m [2madv_civ::civilization::concepts::remove_surplus_population::remove_surplus_systems[0m[2m:[0m [SURPLUS] '14:Petra' has surplus: total=2, max=1, surplus=1, players=1, has_city=false
[2m2026-04-14T17:55:33.135760Z[0m [32m INFO[0m [2madv_civ::civilization::concepts::remove_surplus_population::remove_surplus_systems[0m[2m:[0m [SURPLUS] '14:Petra': Removing surplus tokens from single-player area
[2m2026-04-14T17:55:33.135765Z[0m [32m INFO[0m [2madv_civ::civilization::concepts::remove_surplus_population::remove_surplus_systems[0m[2m:[0m [SURPLUS] '14:Petra': After removal: 2 -> 1 tokens, surplus=0
[2m2026-04-14T17:55:33.135771Z[0m [32m INFO[0m [2madv_civ::civilization::concepts::remove_surplus_population::remove_surplus_systems[0m[2m:[0m [SURPLUS] '21:Patavium' has surplus: total=2, max=1, surplus=1, players=1, has_city=false
[2m2026-04-14T17:55:33.135777Z[0m [32m INFO[0m [2madv_civ::civilization::concepts::remove_surplus_population::remove_surplus_systems[0m[2m:[0m [SURPLUS] '21:Patavium': Removing surplus tokens from single-player area
[2m2026-04-14T17:55:33.135783Z[0m [32m INFO[0m [2madv_civ::civilization::concepts::remove_surplus_population::remove_surplus_systems[0m[2m:[0m [SURPLUS] '21:Patavium': After removal: 2 -> 1 tokens, surplus=0
[2m2026-04-14T17:55:33.135789Z[0m [32m INFO[0m [2madv_civ::civilization::concepts::remove_surplus_population::remove_surplus_systems[0m[2m:[0m [SURPLUS] '62:Neapolis' has surplus: total=7, max=4, surplus=3, players=1, has_city=false
[2m2026-04-14T17:55:33.135796Z[0m [32m INFO[0m [2madv_civ::civilization::concepts::remove_surplus_population::remove_surplus_systems[0m[2m:[0m [SURPLUS] '62:Neapolis': Removing surplus tokens from single-player area
[2m2026-04-14T17:55:33.135802Z[0m [32m INFO[0m [2madv_civ::civilization::concepts::remove_surplus_population::remove_surplus_systems[0m[2m:[0m [SURPLUS] '62:Neapolis': After removal: 7 -> 4 tokens, surplus=0
[2m2026-04-14T17:55:33.135810Z[0m [32m INFO[0m [2madv_civ::civilization::concepts::remove_surplus_population::remove_surplus_systems[0m[2m:[0m [SURPLUS] '125:Beersheba' has surplus: total=3, max=1, surplus=2, players=1, has_city=false
[2m2026-04-14T17:55:33.135817Z[0m [32m INFO[0m [2madv_civ::civilization::concepts::remove_surplus_population::remove_surplus_systems[0m[2m:[0m [SURPLUS] '125:Beersheba': Removing surplus tokens from single-player area
[2m2026-04-14T17:55:33.135823Z[0m [32m INFO[0m [2madv_civ::civilization::concepts::remove_surplus_population::remove_surplus_systems[0m[2m:[0m [SURPLUS] '125:Beersheba': After removal: 3 -> 1 tokens, surplus=0
[2m2026-04-14T17:55:33.135830Z[0m [32m INFO[0m [2madv_civ::civilization::concepts::remove_surplus_population::remove_surplus_systems[0m[2m:[0m [SURPLUS] '66:Venusia' has surplus: total=4, max=2, surplus=2, players=1, has_city=false
[2m2026-04-14T17:55:33.135835Z[0m [32m INFO[0m [2madv_civ::civilization::concepts::remove_surplus_population::remove_surplus_systems[0m[2m:[0m [SURPLUS] '66:Venusia': Removing surplus tokens from single-player area
[2m2026-04-14T17:55:33.135841Z[0m [32m INFO[0m [2madv_civ::civilization::concepts::remove_surplus_population::remove_surplus_systems[0m[2m:[0m [SURPLUS] '66:Venusia': After removal: 4 -> 2 tokens, surplus=0
[2m2026-04-14T17:55:33.135849Z[0m [32m INFO[0m [2madv_civ::civilization::concepts::remove_surplus_population::remove_surplus_systems[0m[2m:[0m [SURPLUS] '101:Marsa Matruh' has surplus: total=3, max=2, surplus=1, players=1, has_city=false
[2m2026-04-14T17:55:33.135855Z[0m [32m INFO[0m [2madv_civ::civilization::concepts::remove_surplus_population::remove_surplus_systems[0m[2m:[0m [SURPLUS] '101:Marsa Matruh': Removing surplus tokens from single-player area
[2m2026-04-14T17:55:33.135862Z[0m [32m INFO[0m [2madv_civ::civilization::concepts::remove_surplus_population::remove_surplus_systems[0m[2m:[0m [SURPLUS] '101:Marsa Matruh': After removal: 3 -> 2 tokens, surplus=0
[2m2026-04-14T17:55:33.135886Z[0m [32m INFO[0m [2madv_civ::civilization::concepts::remove_surplus_population::remove_surplus_systems[0m[2m:[0m [SURPLUS] '102:Sirmium' has surplus: total=2, max=1, surplus=1, players=1, has_city=false
[2m2026-04-14T17:55:33.135892Z[0m [32m INFO[0m [2madv_civ::civilization::concepts::remove_surplus_population::remove_surplus_systems[0m[2m:[0m [SURPLUS] '102:Sirmium': Removing surplus tokens from single-player area
[2m2026-04-14T17:55:33.135899Z[0m [32m INFO[0m [2madv_civ::civilization::concepts::remove_surplus_population::remove_surplus_systems[0m[2m:[0m [SURPLUS] '102:Sirmium': After removal: 2 -> 1 tokens, surplus=0
[2m2026-04-14T17:55:33.135905Z[0m [32m INFO[0m [2madv_civ::civilization::concepts::remove_surplus_population::remove_surplus_systems[0m[2m:[0m [SURPLUS] '28:Edessa' has surplus: total=4, max=2, surplus=2, players=1, has_city=false
[2m2026-04-14T17:55:33.135911Z[0m [32m INFO[0m [2madv_civ::civilization::concepts::remove_surplus_population::remove_surplus_systems[0m[2m:[0m [SURPLUS] '28:Edessa': Removing surplus tokens from single-player area
[2m2026-04-14T17:55:33.135918Z[0m [32m INFO[0m [2madv_civ::civilization::concepts::remove_surplus_population::remove_surplus_systems[0m[2m:[0m [SURPLUS] '28:Edessa': After removal: 4 -> 2 tokens, surplus=0
[2m2026-04-14T17:55:33.135928Z[0m [32m INFO[0m [2madv_civ::civilization::concepts::remove_surplus_population::remove_surplus_systems[0m[2m:[0m [SURPLUS] '107:Gadara' has surplus: total=4, max=2, surplus=2, players=1, has_city=false
[2m2026-04-14T17:55:33.135934Z[0m [32m INFO[0m [2madv_civ::civilization::concepts::remove_surplus_population::remove_surplus_systems[0m[2m:[0m [SURPLUS] '107:Gadara': Removing surplus tokens from single-player area
[2m2026-04-14T17:55:33.135941Z[0m [32m INFO[0m [2madv_civ::civilization::concepts::remove_surplus_population::remove_surplus_systems[0m[2m:[0m [SURPLUS] '107:Gadara': After removal: 4 -> 2 tokens, surplus=0
[2m2026-04-14T17:55:33.135949Z[0m [32m INFO[0m [2madv_civ::civilization::concepts::remove_surplus_population::remove_surplus_systems[0m[2m:[0m [SURPLUS] Phase complete: processed 149 areas, 24 had surplus, removed 45 tokens total
[2m2026-04-14T17:55:33.145257Z[0m [32m INFO[0m [2mbevy_diagnostic[0m[2m:[0m started_load_count:   69.000000   (avg 69.000000)
[2m2026-04-14T17:55:34.131036Z[0m [32m INFO[0m [2madv_civ::civilization::concepts::check_city_support::check_city_support_systems[0m[2m:[0m [CITY_SUPPORT] Starting city support check phase
[2m2026-04-14T17:55:34.131058Z[0m [32m INFO[0m [2madv_civ::civilization::concepts::check_city_support::check_city_support_systems[0m[2m:[0m [CITY_SUPPORT] 2 players need city support check
[2m2026-04-14T17:55:34.134597Z[0m [32m INFO[0m [2mbevy_diagnostic[0m[2m:[0m started_load_count:   69.000000   (avg 69.000000)
[2m2026-04-14T17:55:35.133679Z[0m [32m INFO[0m [2madv_civ::civilization::concepts::check_city_support::check_city_support_systems[0m[2m:[0m [CITY_SUPPORT] All checks complete, transitioning to AcquireTradeCards
[2m2026-04-14T17:55:35.135442Z[0m [32m INFO[0m [2mbevy_diagnostic[0m[2m:[0m started_load_count:   69.000000   (avg 69.000000)
[2m2026-04-14T17:55:36.131802Z[0m [32m INFO[0m [2madv_civ::civilization::concepts::acquire_trade_cards::trade_card_systems[0m[2m:[0m [TRADE_CARDS] Starting acquire trade cards phase
[2m2026-04-14T17:55:36.131887Z[0m [32m INFO[0m [2madv_civ::civilization::concepts::acquire_trade_cards::trade_card_systems[0m[2m:[0m [TRADE_CARDS] Thrace (AI) pulled cards, can_trade=false
[2m2026-04-14T17:55:36.131901Z[0m [32m INFO[0m [2madv_civ::civilization::concepts::acquire_trade_cards::trade_card_systems[0m[2m:[0m [TRADE_CARDS] Iberia (AI) pulled cards, can_trade=false
[2m2026-04-14T17:55:36.131907Z[0m [32m INFO[0m [2madv_civ::civilization::concepts::acquire_trade_cards::trade_card_systems[0m[2m:[0m [TRADE_CARDS] Processed 8 players, 2 have cities, sending CheckIfWeCanTrade
[2m2026-04-14T17:55:36.135218Z[0m [32m INFO[0m [2madv_civ::civilization::concepts::acquire_trade_cards::trade_card_systems[0m[2m:[0m [TRADE_CARDS] CheckIfWeCanTrade received: 0 players can trade
[2m2026-04-14T17:55:36.135246Z[0m [32m INFO[0m [2madv_civ::civilization::concepts::acquire_trade_cards::trade_card_systems[0m[2m:[0m [TRADE_CARDS] Not enough traders, transitioning to CollectTaxes
[2m2026-04-14T17:55:36.139450Z[0m [32m INFO[0m [2mbevy_diagnostic[0m[2m:[0m started_load_count:   69.000000   (avg 69.000000)
[2m2026-04-14T17:55:37.131342Z[0m [32m INFO[0m [2madv_civ::civilization::concepts::taxation::taxation_systems[0m[2m:[0m [TAXATION] Entering taxation phase — assigning tax obligations
[2m2026-04-14T17:55:37.133399Z[0m [32m INFO[0m [2madv_civ::civilization::concepts::taxation::taxation_systems[0m[2m:[0m [TAXATION] Hatshepsut of Thrace pays 2 tokens in full
[2m2026-04-14T17:55:37.133437Z[0m [32m INFO[0m [2madv_civ::civilization::concepts::taxation::taxation_systems[0m[2m:[0m [TAXATION] Leonidas of Iberia pays 2 tokens in full
[2m2026-04-14T17:55:37.136496Z[0m [32m INFO[0m [2madv_civ::civilization::concepts::taxation::taxation_systems[0m[2m:[0m [TAXATION] No revolts to resolve — transitioning to PopulationExpansion
[2m2026-04-14T17:55:37.136768Z[0m [32m INFO[0m [2mbevy_diagnostic[0m[2m:[0m started_load_count:   69.000000   (avg 69.000000)
[2m2026-04-14T17:55:38.131368Z[0m [32m INFO[0m [2madv_civ::civilization::concepts::population_expansion::population_expansion_systems[0m[2m:[0m [POP_EXP] Entering population expansion phase, round 9
[2m2026-04-14T17:55:38.131471Z[0m [32m INFO[0m [2madv_civ::civilization::concepts::population_expansion::population_expansion_systems[0m[2m:[0m [POP_EXP] 68 areas have population and need expansion
[2m2026-04-14T17:55:38.131491Z[0m [32m INFO[0m [2madv_civ::civilization::concepts::population_expansion::population_expansion_systems[0m[2m:[0m [POP_EXP] 0 human, 8 AI need expansion, 0 skipped (already done)
[2m2026-04-14T17:55:38.137492Z[0m [32m INFO[0m [2mbevy_diagnostic[0m[2m:[0m started_load_count:   69.000000   (avg 69.000000)
[2m2026-04-14T17:55:39.135506Z[0m [32m INFO[0m [2mbevy_diagnostic[0m[2m:[0m started_load_count:   69.000000   (avg 69.000000)
[2m2026-04-14T17:55:40.135490Z[0m [32m INFO[0m [2mbevy_diagnostic[0m[2m:[0m started_load_count:   69.000000   (avg 69.000000)
[2m2026-04-14T17:55:41.132719Z[0m [32m INFO[0m [2madv_civ::civilization::concepts::population_expansion::population_expansion_systems[0m[2m:[0m [POP_EXP] Player 279v0 still needs expansion: human=false, manual=false, auto=false
[2m2026-04-14T17:55:41.132736Z[0m [32m INFO[0m [2madv_civ::civilization::concepts::population_expansion::population_expansion_systems[0m[2m:[0m [POP_EXP] Player 584v0 still needs expansion: human=false, manual=false, auto=false
[2m2026-04-14T17:55:41.132740Z[0m [32m INFO[0m [2madv_civ::civilization::concepts::population_expansion::population_expansion_systems[0m[2m:[0m [POP_EXP] Player 340v0 still needs expansion: human=false, manual=false, auto=false
[2m2026-04-14T17:55:41.132744Z[0m [32m INFO[0m [2madv_civ::civilization::concepts::population_expansion::population_expansion_systems[0m[2m:[0m [POP_EXP] Player 645v0 still needs expansion: human=false, manual=false, auto=false
[2m2026-04-14T17:55:41.132748Z[0m [32m INFO[0m [2madv_civ::civilization::concepts::population_expansion::population_expansion_systems[0m[2m:[0m [POP_EXP] Player 523v0 still needs expansion: human=false, manual=false, auto=false
[2m2026-04-14T17:55:41.132752Z[0m [32m INFO[0m [2madv_civ::civilization::concepts::population_expansion::population_expansion_systems[0m[2m:[0m [POP_EXP] Player 279v0 still needs expansion: human=false, manual=false, auto=false
[2m2026-04-14T17:55:41.132756Z[0m [32m INFO[0m [2madv_civ::civilization::concepts::population_expansion::population_expansion_systems[0m[2m:[0m [POP_EXP] Player 584v0 still needs expansion: human=false, manual=false, auto=false
[2m2026-04-14T17:55:41.132760Z[0m [32m INFO[0m [2madv_civ::civilization::concepts::population_expansion::population_expansion_systems[0m[2m:[0m [POP_EXP] Player 340v0 still needs expansion: human=false, manual=false, auto=false
[2m2026-04-14T17:55:41.132764Z[0m [32m INFO[0m [2madv_civ::civilization::concepts::population_expansion::population_expansion_systems[0m[2m:[0m [POP_EXP] Player 645v0 still needs expansion: human=false, manual=false, auto=false
[2m2026-04-14T17:55:41.132766Z[0m [32m INFO[0m [2madv_civ::civilization::concepts::population_expansion::population_expansion_systems[0m[2m:[0m [POP_EXP] Player 523v0 still needs expansion: human=false, manual=false, auto=false
[2m2026-04-14T17:55:41.132768Z[0m [32m INFO[0m [2madv_civ::civilization::concepts::population_expansion::population_expansion_systems[0m[2m:[0m [POP_EXP] Player 279v0 still needs expansion: human=false, manual=false, auto=false
[2m2026-04-14T17:55:41.132771Z[0m [32m INFO[0m [2madv_civ::civilization::concepts::population_expansion::population_expansion_systems[0m[2m:[0m [POP_EXP] Player 584v0 still needs expansion: human=false, manual=false, auto=false
[2m2026-04-14T17:55:41.132773Z[0m [32m INFO[0m [2madv_civ::civilization::concepts::population_expansion::population_expansion_systems[0m[2m:[0m [POP_EXP] Player 340v0 still needs expansion: human=false, manual=false, auto=false
[2m2026-04-14T17:55:41.132775Z[0m [32m INFO[0m [2madv_civ::civilization::concepts::population_expansion::population_expansion_systems[0m[2m:[0m [POP_EXP] Player 645v0 still needs expansion: human=false, manual=false, auto=false
[2m2026-04-14T17:55:41.132778Z[0m [32m INFO[0m [2madv_civ::civilization::concepts::population_expansion::population_expansion_systems[0m[2m:[0m [POP_EXP] Player 523v0 still needs expansion: human=false, manual=false, auto=false
[2m2026-04-14T17:55:41.134223Z[0m [32m INFO[0m [2mbevy_diagnostic[0m[2m:[0m started_load_count:   69.000000   (avg 69.000000)
[2m2026-04-14T17:55:42.134772Z[0m [32m INFO[0m [2mbevy_diagnostic[0m[2m:[0m started_load_count:   69.000000   (avg 69.000000)
[2m2026-04-14T17:55:43.136871Z[0m [32m INFO[0m [2mbevy_diagnostic[0m[2m:[0m started_load_count:   69.000000   (avg 69.000000)
[2m2026-04-14T17:55:44.135117Z[0m [32m INFO[0m [2mbevy_diagnostic[0m[2m:[0m started_load_count:   69.000000   (avg 69.000000)
[2m2026-04-14T17:55:45.136137Z[0m [32m INFO[0m [2mbevy_diagnostic[0m[2m:[0m started_load_count:   69.000000   (avg 69.000000)
[2m2026-04-14T17:55:46.131832Z[0m [32m INFO[0m [2mbevy_diagnostic[0m[2m:[0m started_load_count:   69.000000   (avg 69.000000)
[2m2026-04-14T17:55:47.135318Z[0m [32m INFO[0m [2mbevy_diagnostic[0m[2m:[0m started_load_count:   69.000000   (avg 69.000000)
[2m2026-04-14T17:55:48.135805Z[0m [32m INFO[0m [2mbevy_diagnostic[0m[2m:[0m started_load_count:   69.000000   (avg 69.000000)
[2m2026-04-14T17:55:49.134702Z[0m [32m INFO[0m [2mbevy_diagnostic[0m[2m:[0m started_load_count:   69.000000   (avg 69.000000)
[2m2026-04-14T17:55:50.134448Z[0m [32m INFO[0m [2mbevy_diagnostic[0m[2m:[0m started_load_count:   69.000000   (avg 69.000000)
[2m2026-04-14T17:55:51.138377Z[0m [32m INFO[0m [2mbevy_diagnostic[0m[2m:[0m started_load_count:   69.000000   (avg 69.000000)
[2m2026-04-14T17:55:52.133905Z[0m [32m INFO[0m [2mbevy_diagnostic[0m[2m:[0m started_load_count:   69.000000   (avg 69.000000)
[2m2026-04-14T17:55:53.135080Z[0m [32m INFO[0m [2mbevy_diagnostic[0m[2m:[0m started_load_count:   69.000000   (avg 69.000000)
[2m2026-04-14T17:55:54.140984Z[0m [32m INFO[0m [2madv_civ::civilization::concepts::population_expansion::population_expansion_systems[0m[2m:[0m [POP_EXP] Player 279v0 still needs expansion: human=false, manual=true, auto=false
[2m2026-04-14T17:55:54.141010Z[0m [32m INFO[0m [2madv_civ::civilization::concepts::population_expansion::population_expansion_systems[0m[2m:[0m [POP_EXP] Player 645v0 still needs expansion: human=false, manual=true, auto=false
[2m2026-04-14T17:55:54.141015Z[0m [32m INFO[0m [2madv_civ::civilization::concepts::population_expansion::population_expansion_systems[0m[2m:[0m [POP_EXP] Player 523v0 still needs expansion: human=false, manual=true, auto=false
[2m2026-04-14T17:55:54.141020Z[0m [32m INFO[0m [2madv_civ::civilization::concepts::population_expansion::population_expansion_systems[0m[2m:[0m [POP_EXP] Player 279v0 still needs expansion: human=false, manual=true, auto=false
[2m2026-04-14T17:55:54.141025Z[0m [32m INFO[0m [2madv_civ::civilization::concepts::population_expansion::population_expansion_systems[0m[2m:[0m [POP_EXP] Player 645v0 still needs expansion: human=false, manual=true, auto=false
[2m2026-04-14T17:55:54.141029Z[0m [32m INFO[0m [2madv_civ::civilization::concepts::population_expansion::population_expansion_systems[0m[2m:[0m [POP_EXP] Player 523v0 still needs expansion: human=false, manual=true, auto=false
[2m2026-04-14T17:55:54.142072Z[0m [32m INFO[0m [2mbevy_diagnostic[0m[2m:[0m started_load_count:   69.000000   (avg 69.000000)
[2m2026-04-14T17:55:55.162592Z[0m [32m INFO[0m [2mbevy_diagnostic[0m[2m:[0m started_load_count:   69.000000   (avg 69.000000)
[2m2026-04-14T17:55:56.183611Z[0m [32m INFO[0m [2mbevy_diagnostic[0m[2m:[0m started_load_count:   69.000000   (avg 69.000000)
[2m2026-04-14T17:55:57.200647Z[0m [32m INFO[0m [2mbevy_diagnostic[0m[2m:[0m started_load_count:   69.000000   (avg 69.000000)
[2m2026-04-14T17:55:58.201920Z[0m [32m INFO[0m [2mbevy_diagnostic[0m[2m:[0m started_load_count:   69.000000   (avg 69.000000)
[2m2026-04-14T17:55:59.201729Z[0m [32m INFO[0m [2mbevy_diagnostic[0m[2m:[0m started_load_count:   69.000000   (avg 69.000000)
[2m2026-04-14T17:56:00.197460Z[0m [32m INFO[0m [2madv_civ::civilization::concepts::population_expansion::population_expansion_systems[0m[2m:[0m [POP_EXP] Player 279v0 still needs expansion: human=false, manual=true, auto=false
[2m2026-04-14T17:56:00.197481Z[0m [32m INFO[0m [2madv_civ::civilization::concepts::population_expansion::population_expansion_systems[0m[2m:[0m [POP_EXP] Player 523v0 still needs expansion: human=false, manual=true, auto=false
[2m2026-04-14T17:56:00.199130Z[0m [32m INFO[0m [2mbevy_diagnostic[0m[2m:[0m started_load_count:   69.000000   (avg 69.000000)
[2m2026-04-14T17:56:01.200003Z[0m [32m INFO[0m [2mbevy_diagnostic[0m[2m:[0m started_load_count:   69.000000   (avg 69.000000)
[2m2026-04-14T17:56:02.201871Z[0m [32m INFO[0m [2mbevy_diagnostic[0m[2m:[0m started_load_count:   69.000000   (avg 69.000000)
[2m2026-04-14T17:56:03.199521Z[0m [32m INFO[0m [2madv_civ::civilization::concepts::population_expansion::population_expansion_systems[0m[2m:[0m [POP_EXP] Player 523v0 still needs expansion: human=false, manual=true, auto=false
[2m2026-04-14T17:56:03.200718Z[0m [32m INFO[0m [2mbevy_diagnostic[0m[2m:[0m started_load_count:   69.000000   (avg 69.000000)
[2m2026-04-14T17:56:04.200480Z[0m [32m INFO[0m [2mbevy_diagnostic[0m[2m:[0m started_load_count:   69.000000   (avg 69.000000)
[2m2026-04-14T17:56:05.220321Z[0m [32m INFO[0m [2mbevy_diagnostic[0m[2m:[0m started_load_count:   69.000000   (avg 69.000000)
[2m2026-04-14T17:56:06.217031Z[0m [32m INFO[0m [2madv_civ::civilization::concepts::population_expansion::population_expansion_systems[0m[2m:[0m [POP_EXP] All players done with expansion, transitioning to Census
[2m2026-04-14T17:56:06.218611Z[0m [32m INFO[0m [2mbevy_diagnostic[0m[2m:[0m started_load_count:   69.000000   (avg 69.000000)
[2m2026-04-14T17:56:07.219641Z[0m [32m INFO[0m [2mbevy_diagnostic[0m[2m:[0m started_load_count:   69.000000   (avg 69.000000)
[2m2026-04-14T17:56:08.218142Z[0m [32m INFO[0m [2madv_civ::civilization::concepts::ships::ship_systems[0m[2m:[0m [SHIPS] Ramesses of Crete cannot maintain ship at 230v0 — returned to stock
[2m2026-04-14T17:56:08.218160Z[0m [32m INFO[0m [2madv_civ::civilization::concepts::ships::ship_systems[0m[2m:[0m [SHIPS] Tutankhamun of Illyria cannot maintain ship at 145v0 — returned to stock
[2m2026-04-14T17:56:08.218171Z[0m [32m INFO[0m [2madv_civ::civilization::concepts::ships::ship_systems[0m[2m:[0m [SHIPS] Leonidas of Iberia builds a ship at 157v0 (fleet: 3/4)
[2m2026-04-14T17:56:08.220793Z[0m [32m INFO[0m [2mbevy_diagnostic[0m[2m:[0m started_load_count:   69.000000   (avg 69.000000)
[2m2026-04-14T17:56:09.219524Z[0m [32m INFO[0m [2mbevy_diagnostic[0m[2m:[0m started_load_count:   69.000000   (avg 69.000000)
[2m2026-04-14T17:56:10.218166Z[0m [32m INFO[0m [2mbevy_diagnostic[0m[2m:[0m started_load_count:   69.000000   (avg 69.000000)
[2m2026-04-14T17:56:11.216570Z[0m [32m INFO[0m [2mbevy_diagnostic[0m[2m:[0m started_load_count:   69.000000   (avg 69.000000)
[2m2026-04-14T17:56:12.217782Z[0m [32m INFO[0m [2mbevy_diagnostic[0m[2m:[0m started_load_count:   69.000000   (avg 69.000000)
[2m2026-04-14T17:56:13.218859Z[0m [32m INFO[0m [2mbevy_diagnostic[0m[2m:[0m started_load_count:   69.000000   (avg 69.000000)
[2m2026-04-14T17:56:14.216581Z[0m [32m INFO[0m [2mbevy_diagnostic[0m[2m:[0m started_load_count:   69.000000   (avg 69.000000)
[2m2026-04-14T17:56:15.217248Z[0m [32m INFO[0m [2mbevy_diagnostic[0m[2m:[0m started_load_count:   69.000000   (avg 69.000000)
[2m2026-04-14T17:56:16.219893Z[0m [32m INFO[0m [2madv_civ::civilization::concepts::movement::movement_systems[0m[2m:[0m Player Hammurabi of Asia has ended movement
[2m2026-04-14T17:56:16.221390Z[0m [32m INFO[0m [2mbevy_diagnostic[0m[2m:[0m started_load_count:   69.000000   (avg 69.000000)
[2m2026-04-14T17:56:17.230367Z[0m [32m INFO[0m [2mbevy_diagnostic[0m[2m:[0m started_load_count:   69.000000   (avg 69.000000)
[2m2026-04-14T17:56:18.246454Z[0m [32m INFO[0m [2mbevy_diagnostic[0m[2m:[0m started_load_count:   69.000000   (avg 69.000000)
[2m2026-04-14T17:56:19.250096Z[0m [32m INFO[0m [2madv_civ::civilization::concepts::movement::movement_systems[0m[2m:[0m Player Hatshepsut of Thrace has ended movement
[2m2026-04-14T17:56:19.251486Z[0m [32m INFO[0m [2mbevy_diagnostic[0m[2m:[0m started_load_count:   69.000000   (avg 69.000000)
[2m2026-04-14T17:56:20.249581Z[0m [32m INFO[0m [2mbevy_diagnostic[0m[2m:[0m started_load_count:   69.000000   (avg 69.000000)
[2m2026-04-14T17:56:21.249249Z[0m [32m INFO[0m [2mbevy_diagnostic[0m[2m:[0m started_load_count:   69.000000   (avg 69.000000)
[2m2026-04-14T17:56:22.250637Z[0m [32m INFO[0m [2mbevy_diagnostic[0m[2m:[0m started_load_count:   69.000000   (avg 69.000000)
[2m2026-04-14T17:56:23.254477Z[0m [32m INFO[0m [2mbevy_diagnostic[0m[2m:[0m started_load_count:   69.000000   (avg 69.000000)
[2m2026-04-14T17:56:24.251183Z[0m [32m INFO[0m [2mbevy_diagnostic[0m[2m:[0m started_load_count:   69.000000   (avg 69.000000)
[2m2026-04-14T17:56:25.250056Z[0m [32m INFO[0m [2mbevy_diagnostic[0m[2m:[0m started_load_count:   69.000000   (avg 69.000000)
[2m2026-04-14T17:56:26.268673Z[0m [32m INFO[0m [2madv_civ::civilization::concepts::movement::movement_systems[0m[2m:[0m Player Cleopatra of Africa has ended movement
[2m2026-04-14T17:56:26.269678Z[0m [32m INFO[0m [2mbevy_diagnostic[0m[2m:[0m started_load_count:   69.000000   (avg 69.000000)
[2m2026-04-14T17:56:27.271786Z[0m [32m INFO[0m [2mbevy_diagnostic[0m[2m:[0m started_load_count:   69.000000   (avg 69.000000)
[2m2026-04-14T17:56:28.265686Z[0m [32m INFO[0m [2mbevy_diagnostic[0m[2m:[0m started_load_count:   69.000000   (avg 69.000000)
[2m2026-04-14T17:56:29.268252Z[0m [32m INFO[0m [2mbevy_diagnostic[0m[2m:[0m started_load_count:   69.000000   (avg 69.000000)
[2m2026-04-14T17:56:30.267043Z[0m [32m INFO[0m [2mbevy_diagnostic[0m[2m:[0m started_load_count:   69.000000   (avg 69.000000)
[2m2026-04-14T17:56:31.261626Z[0m [32m INFO[0m [2mbevy_diagnostic[0m[2m:[0m started_load_count:   69.000000   (avg 69.000000)
[2m2026-04-14T17:56:32.275895Z[0m [32m INFO[0m [2mbevy_diagnostic[0m[2m:[0m started_load_count:   69.000000   (avg 69.000000)
[2m2026-04-14T17:56:33.272046Z[0m [32m INFO[0m [2mbevy_diagnostic[0m[2m:[0m started_load_count:   69.000000   (avg 69.000000)
[2m2026-04-14T17:56:34.268453Z[0m [32m INFO[0m [2mbevy_diagnostic[0m[2m:[0m started_load_count:   69.000000   (avg 69.000000)
[2m2026-04-14T17:56:35.266994Z[0m [32m INFO[0m [2mbevy_diagnostic[0m[2m:[0m started_load_count:   69.000000   (avg 69.000000)
[2m2026-04-14T17:56:36.266428Z[0m [32m INFO[0m [2mbevy_diagnostic[0m[2m:[0m started_load_count:   69.000000   (avg 69.000000)
[2m2026-04-14T17:56:37.268373Z[0m [32m INFO[0m [2mbevy_diagnostic[0m[2m:[0m started_load_count:   69.000000   (avg 69.000000)
[2m2026-04-14T17:56:38.291010Z[0m [32m INFO[0m [2mbevy_diagnostic[0m[2m:[0m started_load_count:   69.000000   (avg 69.000000)
[2m2026-04-14T17:56:39.300077Z[0m [32m INFO[0m [2mbevy_diagnostic[0m[2m:[0m started_load_count:   69.000000   (avg 69.000000)
[2m2026-04-14T17:56:40.300575Z[0m [32m INFO[0m [2mbevy_diagnostic[0m[2m:[0m started_load_count:   69.000000   (avg 69.000000)
[2m2026-04-14T17:56:41.302544Z[0m [32m INFO[0m [2mbevy_diagnostic[0m[2m:[0m started_load_count:   69.000000   (avg 69.000000)
[2m2026-04-14T17:56:42.303842Z[0m [32m INFO[0m [2mbevy_diagnostic[0m[2m:[0m started_load_count:   69.000000   (avg 69.000000)
[2m2026-04-14T17:56:43.300927Z[0m [32m INFO[0m [2mbevy_diagnostic[0m[2m:[0m started_load_count:   69.000000   (avg 69.000000)
[2m2026-04-14T17:56:44.318819Z[0m [32m INFO[0m [2mbevy_diagnostic[0m[2m:[0m started_load_count:   69.000000   (avg 69.000000)
[2m2026-04-14T17:56:45.319176Z[0m [32m INFO[0m [2mbevy_diagnostic[0m[2m:[0m started_load_count:   69.000000   (avg 69.000000)
[2m2026-04-14T17:56:46.320217Z[0m [32m INFO[0m [2mbevy_diagnostic[0m[2m:[0m started_load_count:   69.000000   (avg 69.000000)
[2m2026-04-14T17:56:47.321752Z[0m [32m INFO[0m [2mbevy_diagnostic[0m[2m:[0m started_load_count:   69.000000   (avg 69.000000)
[2m2026-04-14T17:56:48.321871Z[0m [32m INFO[0m [2mbevy_diagnostic[0m[2m:[0m started_load_count:   69.000000   (avg 69.000000)
[2m2026-04-14T17:56:49.318528Z[0m [32m INFO[0m [2mbevy_diagnostic[0m[2m:[0m started_load_count:   69.000000   (avg 69.000000)
[2m2026-04-14T17:56:50.320430Z[0m [32m INFO[0m [2mbevy_diagnostic[0m[2m:[0m started_load_count:   69.000000   (avg 69.000000)
[2m2026-04-14T17:56:51.318124Z[0m [32m INFO[0m [2mbevy_diagnostic[0m[2m:[0m started_load_count:   69.000000   (avg 69.000000)
[2m2026-04-14T17:56:52.321514Z[0m [32m INFO[0m [2mbevy_diagnostic[0m[2m:[0m started_load_count:   69.000000   (avg 69.000000)
[2m2026-04-14T17:56:53.320911Z[0m [32m INFO[0m [2mbevy_diagnostic[0m[2m:[0m started_load_count:   69.000000   (avg 69.000000)
[2m2026-04-14T17:56:54.317362Z[0m [32m INFO[0m [2mbevy_diagnostic[0m[2m:[0m started_load_count:   69.000000   (avg 69.000000)
[2m2026-04-14T17:56:55.319863Z[0m [32m INFO[0m [2mbevy_diagnostic[0m[2m:[0m started_load_count:   69.000000   (avg 69.000000)
[2m2026-04-14T17:56:56.312779Z[0m [32m INFO[0m [2mbevy_diagnostic[0m[2m:[0m started_load_count:   69.000000   (avg 69.000000)
[2m2026-04-14T17:56:57.318889Z[0m [32m INFO[0m [2mbevy_diagnostic[0m[2m:[0m started_load_count:   69.000000   (avg 69.000000)
[2m2026-04-14T17:56:58.318103Z[0m [32m INFO[0m [2mbevy_diagnostic[0m[2m:[0m started_load_count:   69.000000   (avg 69.000000)
[2m2026-04-14T17:56:59.318828Z[0m [32m INFO[0m [2mbevy_diagnostic[0m[2m:[0m started_load_count:   69.000000   (avg 69.000000)
[2m2026-04-14T17:57:00.321493Z[0m [32m INFO[0m [2mbevy_diagnostic[0m[2m:[0m started_load_count:   69.000000   (avg 69.000000)
[2m2026-04-14T17:57:01.319394Z[0m [32m INFO[0m [2mbevy_diagnostic[0m[2m:[0m started_load_count:   69.000000   (avg 69.000000)
[2m2026-04-14T17:57:02.325193Z[0m [32m INFO[0m [2mbevy_diagnostic[0m[2m:[0m started_load_count:   69.000000   (avg 69.000000)
[2m2026-04-14T17:57:03.338731Z[0m [32m INFO[0m [2mbevy_diagnostic[0m[2m:[0m started_load_count:   69.000000   (avg 69.000000)
[2m2026-04-14T17:57:04.336017Z[0m [32m INFO[0m [2mbevy_diagnostic[0m[2m:[0m started_load_count:   69.000000   (avg 69.000000)
[2m2026-04-14T17:57:05.336437Z[0m [32m INFO[0m [2mbevy_diagnostic[0m[2m:[0m started_load_count:   69.000000   (avg 69.000000)
[2m2026-04-14T17:57:06.334257Z[0m [32m INFO[0m [2mbevy_diagnostic[0m[2m:[0m started_load_count:   69.000000   (avg 69.000000)
[2m2026-04-14T17:57:07.340159Z[0m [32m INFO[0m [2mbevy_diagnostic[0m[2m:[0m started_load_count:   69.000000   (avg 69.000000)
[2m2026-04-14T17:57:08.342465Z[0m [32m INFO[0m [2mbevy_diagnostic[0m[2m:[0m started_load_count:   69.000000   (avg 69.000000)
[2m2026-04-14T17:57:09.367797Z[0m [32m INFO[0m [2mbevy_diagnostic[0m[2m:[0m started_load_count:   69.000000   (avg 69.000000)
[2m2026-04-14T17:57:10.387366Z[0m [32m INFO[0m [2mbevy_diagnostic[0m[2m:[0m started_load_count:   69.000000   (avg 69.000000)
[2m2026-04-14T17:57:11.384511Z[0m [32m INFO[0m [2mbevy_diagnostic[0m[2m:[0m started_load_count:   69.000000   (avg 69.000000)
[2m2026-04-14T17:57:12.383100Z[0m [32m INFO[0m [2mbevy_diagnostic[0m[2m:[0m started_load_count:   69.000000   (avg 69.000000)
[2m2026-04-14T17:57:13.384490Z[0m [32m INFO[0m [2mbevy_diagnostic[0m[2m:[0m started_load_count:   69.000000   (avg 69.000000)
[2m2026-04-14T17:57:14.383613Z[0m [32m INFO[0m [2mbevy_diagnostic[0m[2m:[0m started_load_count:   69.000000   (avg 69.000000)
[2m2026-04-14T17:57:15.384285Z[0m [32m INFO[0m [2mbevy_diagnostic[0m[2m:[0m started_load_count:   69.000000   (avg 69.000000)
[2m2026-04-14T17:57:16.385487Z[0m [32m INFO[0m [2mbevy_diagnostic[0m[2m:[0m started_load_count:   69.000000   (avg 69.000000)
[2m2026-04-14T17:57:17.383836Z[0m [32m INFO[0m [2madv_civ::civilization::concepts::movement::movement_systems[0m[2m:[0m Player Tutankhamun of Illyria has ended movement
[2m2026-04-14T17:57:17.385627Z[0m [32m INFO[0m [2mbevy_diagnostic[0m[2m:[0m started_load_count:   69.000000   (avg 69.000000)
[2m2026-04-14T17:57:18.384743Z[0m [32m INFO[0m [2mbevy_diagnostic[0m[2m:[0m started_load_count:   69.000000   (avg 69.000000)
[2m2026-04-14T17:57:19.385240Z[0m [32m INFO[0m [2mbevy_diagnostic[0m[2m:[0m started_load_count:   69.000000   (avg 69.000000)
[2m2026-04-14T17:57:20.386834Z[0m [32m INFO[0m [2mbevy_diagnostic[0m[2m:[0m started_load_count:   69.000000   (avg 69.000000)
[2m2026-04-14T17:57:21.384183Z[0m [32m INFO[0m [2mbevy_diagnostic[0m[2m:[0m started_load_count:   69.000000   (avg 69.000000)
[2m2026-04-14T17:57:22.385227Z[0m [32m INFO[0m [2mbevy_diagnostic[0m[2m:[0m started_load_count:   69.000000   (avg 69.000000)
[2m2026-04-14T17:57:23.384178Z[0m [32m INFO[0m [2mbevy_diagnostic[0m[2m:[0m started_load_count:   69.000000   (avg 69.000000)
[2m2026-04-14T17:57:24.383493Z[0m [32m INFO[0m [2mbevy_diagnostic[0m[2m:[0m started_load_count:   69.000000   (avg 69.000000)
[2m2026-04-14T17:57:25.384925Z[0m [32m INFO[0m [2mbevy_diagnostic[0m[2m:[0m started_load_count:   69.000000   (avg 69.000000)
[2m2026-04-14T17:57:26.383811Z[0m [32m INFO[0m [2mbevy_diagnostic[0m[2m:[0m started_load_count:   69.000000   (avg 69.000000)
[2m2026-04-14T17:57:27.386544Z[0m [32m INFO[0m [2mbevy_diagnostic[0m[2m:[0m started_load_count:   69.000000   (avg 69.000000)
[2m2026-04-14T17:57:28.386341Z[0m [32m INFO[0m [2mbevy_diagnostic[0m[2m:[0m started_load_count:   69.000000   (avg 69.000000)
[2m2026-04-14T17:57:29.386858Z[0m [32m INFO[0m [2mbevy_diagnostic[0m[2m:[0m started_load_count:   69.000000   (avg 69.000000)
[2m2026-04-14T17:57:30.384294Z[0m [32m INFO[0m [2mbevy_diagnostic[0m[2m:[0m started_load_count:   69.000000   (avg 69.000000)
[2m2026-04-14T17:57:31.385042Z[0m [32m INFO[0m [2mbevy_diagnostic[0m[2m:[0m started_load_count:   69.000000   (avg 69.000000)
[2m2026-04-14T17:57:32.384232Z[0m [32m INFO[0m [2mbevy_diagnostic[0m[2m:[0m started_load_count:   69.000000   (avg 69.000000)
[2m2026-04-14T17:57:33.402471Z[0m [32m INFO[0m [2mbevy_diagnostic[0m[2m:[0m started_load_count:   69.000000   (avg 69.000000)
[2m2026-04-14T17:57:34.403901Z[0m [32m INFO[0m [2mbevy_diagnostic[0m[2m:[0m started_load_count:   69.000000   (avg 69.000000)
[2m2026-04-14T17:57:35.400972Z[0m [32m INFO[0m [2mbevy_diagnostic[0m[2m:[0m started_load_count:   69.000000   (avg 69.000000)
[2m2026-04-14T17:57:36.400516Z[0m [32m INFO[0m [2mbevy_diagnostic[0m[2m:[0m started_load_count:   69.000000   (avg 69.000000)
[2m2026-04-14T17:57:37.404383Z[0m [32m INFO[0m [2mbevy_diagnostic[0m[2m:[0m started_load_count:   69.000000   (avg 69.000000)
[2m2026-04-14T17:57:38.405044Z[0m [32m INFO[0m [2mbevy_diagnostic[0m[2m:[0m started_load_count:   69.000000   (avg 69.000000)
[2m2026-04-14T17:57:39.405501Z[0m [32m INFO[0m [2mbevy_diagnostic[0m[2m:[0m started_load_count:   69.000000   (avg 69.000000)
[2m2026-04-14T17:57:40.402550Z[0m [32m INFO[0m [2mbevy_diagnostic[0m[2m:[0m started_load_count:   69.000000   (avg 69.000000)
[2m2026-04-14T17:57:41.400776Z[0m [32m INFO[0m [2mbevy_diagnostic[0m[2m:[0m started_load_count:   69.000000   (avg 69.000000)
[2m2026-04-14T17:57:42.403171Z[0m [32m INFO[0m [2mbevy_diagnostic[0m[2m:[0m started_load_count:   69.000000   (avg 69.000000)
[2m2026-04-14T17:57:43.405344Z[0m [32m INFO[0m [2mbevy_diagnostic[0m[2m:[0m started_load_count:   69.000000   (avg 69.000000)
[2m2026-04-14T17:57:44.402071Z[0m [32m INFO[0m [2mbevy_diagnostic[0m[2m:[0m started_load_count:   69.000000   (avg 69.000000)
[2m2026-04-14T17:57:45.403586Z[0m [32m INFO[0m [2mbevy_diagnostic[0m[2m:[0m started_load_count:   69.000000   (avg 69.000000)
[2m2026-04-14T17:57:46.404299Z[0m [32m INFO[0m [2mbevy_diagnostic[0m[2m:[0m started_load_count:   69.000000   (avg 69.000000)
[2m2026-04-14T17:57:47.403349Z[0m [32m INFO[0m [2mbevy_diagnostic[0m[2m:[0m started_load_count:   69.000000   (avg 69.000000)
[2m2026-04-14T17:57:48.415485Z[0m [32m INFO[0m [2mbevy_diagnostic[0m[2m:[0m started_load_count:   69.000000   (avg 69.000000)
[2m2026-04-14T17:57:49.416872Z[0m [32m INFO[0m [2madv_civ::civilization::concepts::movement::movement_systems[0m[2m:[0m Player Ramesses of Crete has ended movement
[2m2026-04-14T17:57:49.418847Z[0m [32m INFO[0m [2mbevy_diagnostic[0m[2m:[0m started_load_count:   69.000000   (avg 69.000000)
[2m2026-04-14T17:57:50.421110Z[0m [32m INFO[0m [2mbevy_diagnostic[0m[2m:[0m started_load_count:   69.000000   (avg 69.000000)
[2m2026-04-14T17:57:51.419943Z[0m [32m INFO[0m [2mbevy_diagnostic[0m[2m:[0m started_load_count:   69.000000   (avg 69.000000)
[2m2026-04-14T17:57:52.417943Z[0m [32m INFO[0m [2mbevy_diagnostic[0m[2m:[0m started_load_count:   69.000000   (avg 69.000000)
[2m2026-04-14T17:57:53.419782Z[0m [32m INFO[0m [2madv_civ::civilization::concepts::movement::movement_systems[0m[2m:[0m [SHIPS] Ferry: 1 token(s) moved 132v1 → 150v0; ship follows
[2m2026-04-14T17:57:53.420248Z[0m [32m INFO[0m [2mbevy_diagnostic[0m[2m:[0m started_load_count:   69.000000   (avg 69.000000)
[2m2026-04-14T17:57:54.416108Z[0m [32m INFO[0m [2mbevy_diagnostic[0m[2m:[0m started_load_count:   69.000000   (avg 69.000000)
[2m2026-04-14T17:57:55.432091Z[0m [32m INFO[0m [2mbevy_diagnostic[0m[2m:[0m started_load_count:   69.000000   (avg 69.000000)
[2m2026-04-14T17:57:56.449744Z[0m [32m INFO[0m [2mbevy_diagnostic[0m[2m:[0m started_load_count:   69.000000   (avg 69.000000)
[2m2026-04-14T17:57:57.469946Z[0m [32m INFO[0m [2mbevy_diagnostic[0m[2m:[0m started_load_count:   69.000000   (avg 69.000000)
[2m2026-04-14T17:57:58.488268Z[0m [32m INFO[0m [2mbevy_diagnostic[0m[2m:[0m started_load_count:   69.000000   (avg 69.000000)
[2m2026-04-14T17:57:59.502885Z[0m [32m INFO[0m [2madv_civ::civilization::concepts::movement::movement_systems[0m[2m:[0m [SHIPS] Ferry: 1 token(s) moved 132v1 → 137v1; ship follows
[2m2026-04-14T17:57:59.503200Z[0m [32m INFO[0m [2mbevy_diagnostic[0m[2m:[0m started_load_count:   69.000000   (avg 69.000000)
[2m2026-04-14T17:58:00.515982Z[0m [32m INFO[0m [2mbevy_diagnostic[0m[2m:[0m started_load_count:   69.000000   (avg 69.000000)
[2m2026-04-14T17:58:01.534580Z[0m [32m INFO[0m [2mbevy_diagnostic[0m[2m:[0m started_load_count:   69.000000   (avg 69.000000)
[2m2026-04-14T17:58:02.534497Z[0m [32m INFO[0m [2mbevy_diagnostic[0m[2m:[0m started_load_count:   69.000000   (avg 69.000000)
[2m2026-04-14T17:58:03.537081Z[0m [32m INFO[0m [2madv_civ::civilization::concepts::movement::movement_systems[0m[2m:[0m [SHIPS] Ferry: 1 token(s) moved 137v1 → 131v1; ship follows
[2m2026-04-14T17:58:03.537488Z[0m [32m INFO[0m [2mbevy_diagnostic[0m[2m:[0m started_load_count:   69.000000   (avg 69.000000)
[2m2026-04-14T17:58:04.533859Z[0m [32m INFO[0m [2mbevy_diagnostic[0m[2m:[0m started_load_count:   69.000000   (avg 69.000000)
[2m2026-04-14T17:58:05.535373Z[0m [32m INFO[0m [2mbevy_diagnostic[0m[2m:[0m started_load_count:   69.000000   (avg 69.000000)
[2m2026-04-14T17:58:06.535382Z[0m [32m INFO[0m [2mbevy_diagnostic[0m[2m:[0m started_load_count:   69.000000   (avg 69.000000)
[2m2026-04-14T17:58:07.538932Z[0m [32m INFO[0m [2madv_civ::civilization::concepts::movement::movement_systems[0m[2m:[0m [SHIPS] Ferry: 1 token(s) moved 131v1 → 137v1; ship follows
[2m2026-04-14T17:58:07.539375Z[0m [32m INFO[0m [2mbevy_diagnostic[0m[2m:[0m started_load_count:   69.000000   (avg 69.000000)
[2m2026-04-14T17:58:08.553355Z[0m [32m INFO[0m [2mbevy_diagnostic[0m[2m:[0m started_load_count:   69.000000   (avg 69.000000)
[2m2026-04-14T17:58:09.570570Z[0m [32m INFO[0m [2mbevy_diagnostic[0m[2m:[0m started_load_count:   69.000000   (avg 69.000000)
[2m2026-04-14T17:58:10.569254Z[0m [32m INFO[0m [2mbevy_diagnostic[0m[2m:[0m started_load_count:   69.000000   (avg 69.000000)
[2m2026-04-14T17:58:11.571453Z[0m [32m INFO[0m [2mbevy_diagnostic[0m[2m:[0m started_load_count:   69.000000   (avg 69.000000)
[2m2026-04-14T17:58:12.571417Z[0m [32m INFO[0m [2mbevy_diagnostic[0m[2m:[0m started_load_count:   69.000000   (avg 69.000000)
[2m2026-04-14T17:58:13.572737Z[0m [32m INFO[0m [2mbevy_diagnostic[0m[2m:[0m started_load_count:   69.000000   (avg 69.000000)
[2m2026-04-14T17:58:14.570843Z[0m [32m INFO[0m [2mbevy_diagnostic[0m[2m:[0m started_load_count:   69.000000   (avg 69.000000)
[2m2026-04-14T17:58:15.567582Z[0m [32m INFO[0m [2mbevy_diagnostic[0m[2m:[0m started_load_count:   69.000000   (avg 69.000000)
[2m2026-04-14T17:58:16.567737Z[0m [32m INFO[0m [2mbevy_diagnostic[0m[2m:[0m started_load_count:   69.000000   (avg 69.000000)
[2m2026-04-14T17:58:17.569028Z[0m [32m INFO[0m [2mbevy_diagnostic[0m[2m:[0m started_load_count:   69.000000   (avg 69.000000)
[2m2026-04-14T17:58:18.571410Z[0m [32m INFO[0m [2mbevy_diagnostic[0m[2m:[0m started_load_count:   69.000000   (avg 69.000000)
[2m2026-04-14T17:58:19.571652Z[0m [32m INFO[0m [2mbevy_diagnostic[0m[2m:[0m started_load_count:   69.000000   (avg 69.000000)
[2m2026-04-14T17:58:20.570249Z[0m [32m INFO[0m [2mbevy_diagnostic[0m[2m:[0m started_load_count:   69.000000   (avg 69.000000)
[2m2026-04-14T17:58:21.567346Z[0m [32m INFO[0m [2mbevy_diagnostic[0m[2m:[0m started_load_count:   69.000000   (avg 69.000000)
[2m2026-04-14T17:58:22.569063Z[0m [32m INFO[0m [2mbevy_diagnostic[0m[2m:[0m started_load_count:   69.000000   (avg 69.000000)
[2m2026-04-14T17:58:23.571147Z[0m [32m INFO[0m [2mbevy_diagnostic[0m[2m:[0m started_load_count:   69.000000   (avg 69.000000)
[2m2026-04-14T17:58:24.568294Z[0m [32m INFO[0m [2mbevy_diagnostic[0m[2m:[0m started_load_count:   69.000000   (avg 69.000000)
[2m2026-04-14T17:58:25.570323Z[0m [32m INFO[0m [2mbevy_diagnostic[0m[2m:[0m started_load_count:   69.000000   (avg 69.000000)
[2m2026-04-14T17:58:26.586510Z[0m [32m INFO[0m [2mbevy_diagnostic[0m[2m:[0m started_load_count:   69.000000   (avg 69.000000)
[2m2026-04-14T17:58:27.586472Z[0m [32m INFO[0m [2mbevy_diagnostic[0m[2m:[0m started_load_count:   69.000000   (avg 69.000000)
[2m2026-04-14T17:58:28.589354Z[0m [32m INFO[0m [2mbevy_diagnostic[0m[2m:[0m started_load_count:   69.000000   (avg 69.000000)
[2m2026-04-14T17:58:29.586192Z[0m [32m INFO[0m [2mbevy_diagnostic[0m[2m:[0m started_load_count:   69.000000   (avg 69.000000)
[2m2026-04-14T17:58:30.588998Z[0m [32m INFO[0m [2mbevy_diagnostic[0m[2m:[0m started_load_count:   69.000000   (avg 69.000000)
[2m2026-04-14T17:58:31.588210Z[0m [32m INFO[0m [2mbevy_diagnostic[0m[2m:[0m started_load_count:   69.000000   (avg 69.000000)
[2m2026-04-14T17:58:32.588881Z[0m [32m INFO[0m [2mbevy_diagnostic[0m[2m:[0m started_load_count:   69.000000   (avg 69.000000)
[2m2026-04-14T17:58:33.587914Z[0m [32m INFO[0m [2mbevy_diagnostic[0m[2m:[0m started_load_count:   69.000000   (avg 69.000000)
[2m2026-04-14T17:58:34.587919Z[0m [32m INFO[0m [2mbevy_diagnostic[0m[2m:[0m started_load_count:   69.000000   (avg 69.000000)
[2m2026-04-14T17:58:35.588461Z[0m [32m INFO[0m [2mbevy_diagnostic[0m[2m:[0m started_load_count:   69.000000   (avg 69.000000)
[2m2026-04-14T17:58:36.587437Z[0m [32m INFO[0m [2mbevy_diagnostic[0m[2m:[0m started_load_count:   69.000000   (avg 69.000000)
[2m2026-04-14T17:58:37.586491Z[0m [32m INFO[0m [2mbevy_diagnostic[0m[2m:[0m started_load_count:   69.000000   (avg 69.000000)
[2m2026-04-14T17:58:38.588194Z[0m [32m INFO[0m [2mbevy_diagnostic[0m[2m:[0m started_load_count:   69.000000   (avg 69.000000)
[2m2026-04-14T17:58:39.585475Z[0m [32m INFO[0m [2mbevy_diagnostic[0m[2m:[0m started_load_count:   69.000000   (avg 69.000000)
[2m2026-04-14T17:58:40.588289Z[0m [32m INFO[0m [2mbevy_diagnostic[0m[2m:[0m started_load_count:   69.000000   (avg 69.000000)
[2m2026-04-14T17:58:41.590241Z[0m [32m INFO[0m [2mbevy_diagnostic[0m[2m:[0m started_load_count:   69.000000   (avg 69.000000)
[2m2026-04-14T17:58:42.584134Z[0m [32m INFO[0m [2madv_civ::civilization::concepts::movement::movement_systems[0m[2m:[0m Player Alexander of Assyria has ended movement
[2m2026-04-14T17:58:42.585668Z[0m [32m INFO[0m [2mbevy_diagnostic[0m[2m:[0m started_load_count:   69.000000   (avg 69.000000)
[2m2026-04-14T17:58:43.587448Z[0m [32m INFO[0m [2mbevy_diagnostic[0m[2m:[0m started_load_count:   69.000000   (avg 69.000000)
[2m2026-04-14T17:58:44.588196Z[0m [32m INFO[0m [2mbevy_diagnostic[0m[2m:[0m started_load_count:   69.000000   (avg 69.000000)
[2m2026-04-14T17:58:45.586389Z[0m [32m INFO[0m [2mbevy_diagnostic[0m[2m:[0m started_load_count:   69.000000   (avg 69.000000)
[2m2026-04-14T17:58:46.589700Z[0m [32m INFO[0m [2mbevy_diagnostic[0m[2m:[0m started_load_count:   69.000000   (avg 69.000000)
[2m2026-04-14T17:58:47.587620Z[0m [32m INFO[0m [2mbevy_diagnostic[0m[2m:[0m started_load_count:   69.000000   (avg 69.000000)
[2m2026-04-14T17:58:48.589821Z[0m [32m INFO[0m [2mbevy_diagnostic[0m[2m:[0m started_load_count:   69.000000   (avg 69.000000)
[2m2026-04-14T17:58:49.586785Z[0m [32m INFO[0m [2mbevy_diagnostic[0m[2m:[0m started_load_count:   69.000000   (avg 69.000000)
[2m2026-04-14T17:58:50.585675Z[0m [32m INFO[0m [2mbevy_diagnostic[0m[2m:[0m started_load_count:   69.000000   (avg 69.000000)
[2m2026-04-14T17:58:51.586865Z[0m [32m INFO[0m [2mbevy_diagnostic[0m[2m:[0m started_load_count:   69.000000   (avg 69.000000)
[2m2026-04-14T17:58:52.586848Z[0m [32m INFO[0m [2mbevy_diagnostic[0m[2m:[0m started_load_count:   69.000000   (avg 69.000000)
[2m2026-04-14T17:58:53.588354Z[0m [32m INFO[0m [2mbevy_diagnostic[0m[2m:[0m started_load_count:   69.000000   (avg 69.000000)
[2m2026-04-14T17:58:54.586493Z[0m [32m INFO[0m [2mbevy_diagnostic[0m[2m:[0m started_load_count:   69.000000   (avg 69.000000)
[2m2026-04-14T17:58:55.586054Z[0m [32m INFO[0m [2mbevy_diagnostic[0m[2m:[0m started_load_count:   69.000000   (avg 69.000000)
[2m2026-04-14T17:58:56.589019Z[0m [32m INFO[0m [2madv_civ::civilization::concepts::movement::movement_systems[0m[2m:[0m [SHIPS] Ferry: 1 token(s) moved 153v0 → 154v0; ship follows
[2m2026-04-14T17:58:56.589329Z[0m [32m INFO[0m [2mbevy_diagnostic[0m[2m:[0m started_load_count:   69.000000   (avg 69.000000)
[2m2026-04-14T17:58:57.586611Z[0m [32m INFO[0m [2mbevy_diagnostic[0m[2m:[0m started_load_count:   69.000000   (avg 69.000000)
[2m2026-04-14T17:58:58.603824Z[0m [32m INFO[0m [2mbevy_diagnostic[0m[2m:[0m started_load_count:   69.000000   (avg 69.000000)
[2m2026-04-14T17:58:59.616075Z[0m [32m INFO[0m [2mbevy_diagnostic[0m[2m:[0m started_load_count:   69.000000   (avg 69.000000)
[2m2026-04-14T17:59:00.631262Z[0m [32m INFO[0m [2mbevy_diagnostic[0m[2m:[0m started_load_count:   69.000000   (avg 69.000000)
[2m2026-04-14T17:59:01.645817Z[0m [32m INFO[0m [2mbevy_diagnostic[0m[2m:[0m started_load_count:   69.000000   (avg 69.000000)
[2m2026-04-14T17:59:02.653550Z[0m [32m INFO[0m [2mbevy_diagnostic[0m[2m:[0m started_load_count:   69.000000   (avg 69.000000)
[2m2026-04-14T17:59:03.654799Z[0m [32m INFO[0m [2madv_civ::civilization::concepts::movement::movement_systems[0m[2m:[0m Player Leonidas of Iberia has ended movement
[2m2026-04-14T17:59:03.655946Z[0m [32m INFO[0m [2mbevy_diagnostic[0m[2m:[0m started_load_count:   69.000000   (avg 69.000000)
[2m2026-04-14T17:59:04.652621Z[0m [32m INFO[0m [2mbevy_diagnostic[0m[2m:[0m started_load_count:   69.000000   (avg 69.000000)
[2m2026-04-14T17:59:05.653917Z[0m [32m INFO[0m [2mbevy_diagnostic[0m[2m:[0m started_load_count:   69.000000   (avg 69.000000)
[2m2026-04-14T17:59:06.653984Z[0m [32m INFO[0m [2mbevy_diagnostic[0m[2m:[0m started_load_count:   69.000000   (avg 69.000000)
[2m2026-04-14T17:59:07.654285Z[0m [32m INFO[0m [2mbevy_diagnostic[0m[2m:[0m started_load_count:   69.000000   (avg 69.000000)
[2m2026-04-14T17:59:08.651857Z[0m [32m INFO[0m [2mbevy_diagnostic[0m[2m:[0m started_load_count:   69.000000   (avg 69.000000)
[2m2026-04-14T17:59:09.652092Z[0m [32m INFO[0m [2mbevy_diagnostic[0m[2m:[0m started_load_count:   69.000000   (avg 69.000000)
[2m2026-04-14T17:59:10.651717Z[0m [32m INFO[0m [2mbevy_diagnostic[0m[2m:[0m started_load_count:   69.000000   (avg 69.000000)
[2m2026-04-14T17:59:11.653648Z[0m [32m INFO[0m [2mbevy_diagnostic[0m[2m:[0m started_load_count:   69.000000   (avg 69.000000)
[2m2026-04-14T17:59:12.657871Z[0m [32m INFO[0m [2mbevy_diagnostic[0m[2m:[0m started_load_count:   69.000000   (avg 69.000000)
[2m2026-04-14T17:59:13.659861Z[0m [32m INFO[0m [2mbevy_diagnostic[0m[2m:[0m started_load_count:   69.000000   (avg 69.000000)
[2m2026-04-14T17:59:14.657532Z[0m [32m INFO[0m [2mbevy_diagnostic[0m[2m:[0m started_load_count:   69.000000   (avg 69.000000)
[2m2026-04-14T17:59:15.657410Z[0m [32m INFO[0m [2mbevy_diagnostic[0m[2m:[0m started_load_count:   69.000000   (avg 69.000000)
[2m2026-04-14T17:59:16.659017Z[0m [32m INFO[0m [2mbevy_diagnostic[0m[2m:[0m started_load_count:   69.000000   (avg 69.000000)
[2m2026-04-14T17:59:17.656289Z[0m [32m INFO[0m [2mbevy_diagnostic[0m[2m:[0m started_load_count:   69.000000   (avg 69.000000)
[2m2026-04-14T17:59:18.657474Z[0m [32m INFO[0m [2madv_civ::civilization::concepts::movement::movement_systems[0m[2m:[0m Player Pericles of Babylon has ended movement
[2m2026-04-14T17:59:18.657657Z[0m [32m INFO[0m [2madv_civ::civilization::concepts::movement::movement_systems[0m[2m:[0m No more players to move, transitioning to Conflict
[2m2026-04-14T17:59:18.657942Z[0m [32m INFO[0m [2mbevy_diagnostic[0m[2m:[0m started_load_count:   69.000000   (avg 69.000000)
[2m2026-04-14T17:59:19.652551Z[0m [32m INFO[0m [2madv_civ::civilization::concepts::conflict::conflict_systems[0m[2m:[0m Found 9 conflicts, remaining in Conflict
[2m2026-04-14T17:59:19.652617Z[0m [32m INFO[0m [2madv_civ::civilization::concepts::conflict::conflict_triggers[0m[2m:[0m [CONFLICT] Regular conflict in '6:Saguntum': 2 players, 3 tokens, max_pop=1, conflicts_pending=9, human_involved=false
[2m2026-04-14T17:59:19.652632Z[0m [32m INFO[0m [2madv_civ::civilization::concepts::conflict::conflict_triggers[0m[2m:[0m   Player 1 (523v0): 2 tokens
[2m2026-04-14T17:59:19.652638Z[0m [32m INFO[0m [2madv_civ::civilization::concepts::conflict::conflict_triggers[0m[2m:[0m   Player 2 (401v0): 1 tokens
[2m2026-04-14T17:59:19.652648Z[0m [32m INFO[0m [2madv_civ::civilization::concepts::conflict::conflict_triggers[0m[2m:[0m [CONFLICT] Resolved '6:Saguntum' via max_pop=1: 2 tokens remaining (was 3)
[2m2026-04-14T17:59:19.652653Z[0m [32m INFO[0m [2madv_civ::civilization::concepts::conflict::conflict_triggers[0m[2m:[0m [CONFLICT] Conflicts remaining: 8
[2m2026-04-14T17:59:19.652703Z[0m [32m INFO[0m [2madv_civ::civilization::concepts::conflict::conflict_triggers[0m[2m:[0m [CONFLICT] Regular conflict in '7:Joppa': 2 players, 5 tokens, max_pop=3, conflicts_pending=8, human_involved=false
[2m2026-04-14T17:59:19.652712Z[0m [32m INFO[0m [2madv_civ::civilization::concepts::conflict::conflict_triggers[0m[2m:[0m   Player 1 (523v0): 4 tokens
[2m2026-04-14T17:59:19.652716Z[0m [32m INFO[0m [2madv_civ::civilization::concepts::conflict::conflict_triggers[0m[2m:[0m   Player 2 (401v0): 1 tokens
[2m2026-04-14T17:59:19.652725Z[0m [32m INFO[0m [2madv_civ::civilization::concepts::conflict::conflict_triggers[0m[2m:[0m [CONFLICT] Resolved '7:Joppa' via unequal_lengths: 4 tokens remaining (was 5)
[2m2026-04-14T17:59:19.652730Z[0m [32m INFO[0m [2madv_civ::civilization::concepts::conflict::conflict_triggers[0m[2m:[0m [CONFLICT] Conflicts remaining: 7
[2m2026-04-14T17:59:19.652749Z[0m [32m INFO[0m [2madv_civ::civilization::concepts::conflict::conflict_triggers[0m[2m:[0m [CONFLICT] Regular conflict in '18:Cyrene': 2 players, 8 tokens, max_pop=3, conflicts_pending=7, human_involved=false
[2m2026-04-14T17:59:19.652755Z[0m [32m INFO[0m [2madv_civ::civilization::concepts::conflict::conflict_triggers[0m[2m:[0m   Player 1 (523v0): 4 tokens
[2m2026-04-14T17:59:19.652759Z[0m [32m INFO[0m [2madv_civ::civilization::concepts::conflict::conflict_triggers[0m[2m:[0m   Player 2 (401v0): 4 tokens
[2m2026-04-14T17:59:19.652765Z[0m [32m INFO[0m [2madv_civ::civilization::concepts::conflict::conflict_triggers[0m[2m:[0m [CONFLICT] Resolved '18:Cyrene' via all_lengths_equal: 2 tokens remaining (was 8)
[2m2026-04-14T17:59:19.652770Z[0m [32m INFO[0m [2madv_civ::civilization::concepts::conflict::conflict_triggers[0m[2m:[0m [CONFLICT] Conflicts remaining: 6
[2m2026-04-14T17:59:19.652798Z[0m [32m INFO[0m [2madv_civ::civilization::concepts::conflict::conflict_triggers[0m[2m:[0m [CONFLICT] Regular conflict in '4:Megiddo': 2 players, 5 tokens, max_pop=3, conflicts_pending=6, human_involved=false
[2m2026-04-14T17:59:19.652804Z[0m [32m INFO[0m [2madv_civ::civilization::concepts::conflict::conflict_triggers[0m[2m:[0m   Player 1 (523v0): 3 tokens
[2m2026-04-14T17:59:19.652808Z[0m [32m INFO[0m [2madv_civ::civilization::concepts::conflict::conflict_triggers[0m[2m:[0m   Player 2 (279v0): 2 tokens
[2m2026-04-14T17:59:19.652814Z[0m [32m INFO[0m [2madv_civ::civilization::concepts::conflict::conflict_triggers[0m[2m:[0m [CONFLICT] Resolved '4:Megiddo' via unequal_lengths: 3 tokens remaining (was 5)
[2m2026-04-14T17:59:19.652819Z[0m [32m INFO[0m [2madv_civ::civilization::concepts::conflict::conflict_triggers[0m[2m:[0m [CONFLICT] Conflicts remaining: 5
[2m2026-04-14T17:59:19.652837Z[0m [32m INFO[0m [2madv_civ::civilization::concepts::conflict::conflict_triggers[0m[2m:[0m [CONFLICT] Regular conflict in '21:Patavium': 2 players, 4 tokens, max_pop=1, conflicts_pending=5, human_involved=false
[2m2026-04-14T17:59:19.652843Z[0m [32m INFO[0m [2madv_civ::civilization::concepts::conflict::conflict_triggers[0m[2m:[0m   Player 1 (706v0): 3 tokens
[2m2026-04-14T17:59:19.652847Z[0m [32m INFO[0m [2madv_civ::civilization::concepts::conflict::conflict_triggers[0m[2m:[0m   Player 2 (401v0): 1 tokens
[2m2026-04-14T17:59:19.652852Z[0m [32m INFO[0m [2madv_civ::civilization::concepts::conflict::conflict_triggers[0m[2m:[0m [CONFLICT] Resolved '21:Patavium' via max_pop=1: 2 tokens remaining (was 4)
[2m2026-04-14T17:59:19.652857Z[0m [32m INFO[0m [2madv_civ::civilization::concepts::conflict::conflict_triggers[0m[2m:[0m [CONFLICT] Conflicts remaining: 4
[2m2026-04-14T17:59:19.652875Z[0m [32m INFO[0m [2madv_civ::civilization::concepts::conflict::conflict_triggers[0m[2m:[0m [CONFLICT] Regular conflict in '50:Emerita Augusta': 2 players, 3 tokens, max_pop=1, conflicts_pending=4, human_involved=false
[2m2026-04-14T17:59:19.652881Z[0m [32m INFO[0m [2madv_civ::civilization::concepts::conflict::conflict_triggers[0m[2m:[0m   Player 1 (523v0): 2 tokens
[2m2026-04-14T17:59:19.652885Z[0m [32m INFO[0m [2madv_civ::civilization::concepts::conflict::conflict_triggers[0m[2m:[0m   Player 2 (584v0): 1 tokens
[2m2026-04-14T17:59:19.652889Z[0m [32m INFO[0m [2madv_civ::civilization::concepts::conflict::conflict_triggers[0m[2m:[0m [CONFLICT] Resolved '50:Emerita Augusta' via max_pop=1: 2 tokens remaining (was 3)
[2m2026-04-14T17:59:19.652893Z[0m [32m INFO[0m [2madv_civ::civilization::concepts::conflict::conflict_triggers[0m[2m:[0m [CONFLICT] Conflicts remaining: 3
[2m2026-04-14T17:59:19.652912Z[0m [32m INFO[0m [2madv_civ::civilization::concepts::conflict::conflict_triggers[0m[2m:[0m [CONFLICT] Regular conflict in '52:Delphi': 2 players, 5 tokens, max_pop=3, conflicts_pending=3, human_involved=false
[2m2026-04-14T17:59:19.652920Z[0m [32m INFO[0m [2madv_civ::civilization::concepts::conflict::conflict_triggers[0m[2m:[0m   Player 1 (523v0): 4 tokens
[2m2026-04-14T17:59:19.652924Z[0m [32m INFO[0m [2madv_civ::civilization::concepts::conflict::conflict_triggers[0m[2m:[0m   Player 2 (401v0): 1 tokens
[2m2026-04-14T17:59:19.652929Z[0m [32m INFO[0m [2madv_civ::civilization::concepts::conflict::conflict_triggers[0m[2m:[0m [CONFLICT] Resolved '52:Delphi' via unequal_lengths: 4 tokens remaining (was 5)
[2m2026-04-14T17:59:19.652934Z[0m [32m INFO[0m [2madv_civ::civilization::concepts::conflict::conflict_triggers[0m[2m:[0m [CONFLICT] Conflicts remaining: 2
[2m2026-04-14T17:59:19.652952Z[0m [32m INFO[0m [2madv_civ::civilization::concepts::conflict::conflict_triggers[0m[2m:[0m [CONFLICT] Regular conflict in '39:Gortyn': 2 players, 7 tokens, max_pop=3, conflicts_pending=2, human_involved=false
[2m2026-04-14T17:59:19.652957Z[0m [32m INFO[0m [2madv_civ::civilization::concepts::conflict::conflict_triggers[0m[2m:[0m   Player 1 (340v0): 6 tokens
[2m2026-04-14T17:59:19.652961Z[0m [32m INFO[0m [2madv_civ::civilization::concepts::conflict::conflict_triggers[0m[2m:[0m   Player 2 (706v0): 1 tokens
[2m2026-04-14T17:59:19.652966Z[0m [32m INFO[0m [2madv_civ::civilization::concepts::conflict::conflict_triggers[0m[2m:[0m [CONFLICT] Resolved '39:Gortyn' via unequal_lengths: 6 tokens remaining (was 7)
[2m2026-04-14T17:59:19.652970Z[0m [32m INFO[0m [2madv_civ::civilization::concepts::conflict::conflict_triggers[0m[2m:[0m [CONFLICT] Conflicts remaining: 1
[2m2026-04-14T17:59:19.653063Z[0m [32m INFO[0m [2madv_civ::civilization::concepts::conflict::conflict_triggers[0m[2m:[0m [CITY CONFLICT] City conflict in '35:Palmyra': owner=523v0 (0 tokens), 2 invaders, total=4, max_pop=4, conflicts_pending=1
[2m2026-04-14T17:59:19.653072Z[0m [32m INFO[0m [2madv_civ::civilization::concepts::conflict::conflict_triggers[0m[2m:[0m   Invader 401v0: 3 tokens
[2m2026-04-14T17:59:19.653077Z[0m [32m INFO[0m [2madv_civ::civilization::concepts::conflict::conflict_triggers[0m[2m:[0m   Invader 279v0: 1 tokens
[2m2026-04-14T17:59:19.653082Z[0m [32m INFO[0m [2madv_civ::civilization::concepts::conflict::conflict_triggers[0m[2m:[0m [CITY CONFLICT] Small invaders (<=6 tokens each) - eliminating them
[2m2026-04-14T17:59:19.653090Z[0m [32m INFO[0m [2madv_civ::civilization::concepts::conflict::conflict_triggers[0m[2m:[0m [CITY CONFLICT] Returned 3 tokens to player 401v0
[2m2026-04-14T17:59:19.653097Z[0m [32m INFO[0m [2madv_civ::civilization::concepts::conflict::conflict_triggers[0m[2m:[0m [CITY CONFLICT] Returned 1 tokens to player 279v0
[2m2026-04-14T17:59:19.653102Z[0m [32m INFO[0m [2madv_civ::civilization::concepts::conflict::conflict_triggers[0m[2m:[0m [CITY CONFLICT] After resolution: 0 tokens remaining (was 4)
[2m2026-04-14T17:59:19.653107Z[0m [32m INFO[0m [2madv_civ::civilization::concepts::conflict::conflict_triggers[0m[2m:[0m [CITY CONFLICT] Conflicts remaining: 0
[2m2026-04-14T17:59:19.653110Z[0m [32m INFO[0m [2madv_civ::civilization::concepts::conflict::conflict_triggers[0m[2m:[0m [CITY CONFLICT] All conflicts resolved, transitioning to CityConstruction
[2m2026-04-14T17:59:19.657872Z[0m [32m INFO[0m [2mbevy_diagnostic[0m[2m:[0m started_load_count:   69.000000   (avg 69.000000)
[2m2026-04-14T17:59:20.650783Z[0m [32m INFO[0m [2madv_civ::civilization::concepts::city_construction::city_construction_systems[0m[2m:[0m [CITY_CONSTRUCTION] Entering city construction phase
[2m2026-04-14T17:59:20.650796Z[0m [32m INFO[0m [2madv_civ::civilization::concepts::city_construction::city_construction_systems[0m[2m:[0m [CITY_CONSTRUCTION] LoadingFromSave present: false
[2m2026-04-14T17:59:20.650801Z[0m [32m INFO[0m [2madv_civ::civilization::concepts::city_construction::city_construction_systems[0m[2m:[0m [CITY_CONSTRUCTION] Total players: 8
[2m2026-04-14T17:59:20.650804Z[0m [32m INFO[0m [2madv_civ::civilization::concepts::city_construction::city_construction_systems[0m[2m:[0m [CITY_CONSTRUCTION] Marking Crete for building
[2m2026-04-14T17:59:20.650808Z[0m [32m INFO[0m [2madv_civ::civilization::concepts::city_construction::city_construction_systems[0m[2m:[0m [CITY_CONSTRUCTION] Marking Iberia for building
[2m2026-04-14T17:59:20.650811Z[0m [32m INFO[0m [2madv_civ::civilization::concepts::city_construction::city_construction_systems[0m[2m:[0m [CITY_CONSTRUCTION] Marking Assyria for building
[2m2026-04-14T17:59:20.650813Z[0m [32m INFO[0m [2madv_civ::civilization::concepts::city_construction::city_construction_systems[0m[2m:[0m [CITY_CONSTRUCTION] Marking Asia for building
[2m2026-04-14T17:59:20.650815Z[0m [32m INFO[0m [2madv_civ::civilization::concepts::city_construction::city_construction_systems[0m[2m:[0m [CITY_CONSTRUCTION] Marking Thrace for building
[2m2026-04-14T17:59:20.650818Z[0m [32m INFO[0m [2madv_civ::civilization::concepts::city_construction::city_construction_systems[0m[2m:[0m [CITY_CONSTRUCTION] Marking Africa for building
[2m2026-04-14T17:59:20.650821Z[0m [32m INFO[0m [2madv_civ::civilization::concepts::city_construction::city_construction_systems[0m[2m:[0m [CITY_CONSTRUCTION] Marking Illyria for building
[2m2026-04-14T17:59:20.650823Z[0m [32m INFO[0m [2madv_civ::civilization::concepts::city_construction::city_construction_systems[0m[2m:[0m [CITY_CONSTRUCTION] Marking Babylon for building
[2m2026-04-14T17:59:20.650826Z[0m [32m INFO[0m [2madv_civ::civilization::concepts::city_construction::city_construction_systems[0m[2m:[0m [CITY_CONSTRUCTION] Summary: 8 marked for building, 0 skipped
[2m2026-04-14T17:59:20.650829Z[0m [32m INFO[0m [2madv_civ::civilization::concepts::city_construction::city_construction_systems[0m[2m:[0m [CITY_CONSTRUCTION] Inserted CityConstructionPhaseActive resource
[2m2026-04-14T17:59:20.653361Z[0m [32m INFO[0m [2mbevy_diagnostic[0m[2m:[0m started_load_count:   69.000000   (avg 69.000000)
[2m2026-04-14T17:59:21.653201Z[0m [32m INFO[0m [2mbevy_diagnostic[0m[2m:[0m started_load_count:   69.000000   (avg 69.000000)
[2m2026-04-14T17:59:22.655097Z[0m [32m INFO[0m [2mbevy_diagnostic[0m[2m:[0m started_load_count:   69.000000   (avg 69.000000)
[2m2026-04-14T17:59:23.653427Z[0m [32m INFO[0m [2madv_civ::civilization::concepts::city_construction::city_construction_systems[0m[2m:[0m [CITY_CONSTRUCTION] Gate: No players with IsBuilding, transitioning to RemoveSurplusPopulation
[2m2026-04-14T17:59:23.655390Z[0m [32m INFO[0m [2mbevy_diagnostic[0m[2m:[0m started_load_count:   69.000000   (avg 69.000000)
[2m2026-04-14T17:59:24.649586Z[0m [32m INFO[0m [2madv_civ::civilization::concepts::remove_surplus_population::remove_surplus_systems[0m[2m:[0m [SURPLUS] '93:Berenice' has surplus: total=4, max=2, surplus=2, players=1, has_city=false
[2m2026-04-14T17:59:24.649598Z[0m [32m INFO[0m [2madv_civ::civilization::concepts::remove_surplus_population::remove_surplus_systems[0m[2m:[0m [SURPLUS] '93:Berenice': Removing surplus tokens from single-player area
[2m2026-04-14T17:59:24.649604Z[0m [32m INFO[0m [2madv_civ::civilization::concepts::remove_surplus_population::remove_surplus_systems[0m[2m:[0m [SURPLUS] '93:Berenice': After removal: 4 -> 2 tokens, surplus=0
[2m2026-04-14T17:59:24.649606Z[0m [32m INFO[0m [2madv_civ::civilization::concepts::remove_surplus_population::remove_surplus_systems[0m[2m:[0m [SURPLUS] '109:Tanis' has surplus: total=4, max=3, surplus=1, players=1, has_city=false
[2m2026-04-14T17:59:24.649609Z[0m [32m INFO[0m [2madv_civ::civilization::concepts::remove_surplus_population::remove_surplus_systems[0m[2m:[0m [SURPLUS] '109:Tanis': Removing surplus tokens from single-player area
[2m2026-04-14T17:59:24.649611Z[0m [32m INFO[0m [2madv_civ::civilization::concepts::remove_surplus_population::remove_surplus_systems[0m[2m:[0m [SURPLUS] '109:Tanis': After removal: 4 -> 3 tokens, surplus=0
[2m2026-04-14T17:59:24.649613Z[0m [32m INFO[0m [2madv_civ::civilization::concepts::remove_surplus_population::remove_surplus_systems[0m[2m:[0m [SURPLUS] '108:Rhodes' has surplus: total=5, max=2, surplus=3, players=1, has_city=false
[2m2026-04-14T17:59:24.649615Z[0m [32m INFO[0m [2madv_civ::civilization::concepts::remove_surplus_population::remove_surplus_systems[0m[2m:[0m [SURPLUS] '108:Rhodes': Removing surplus tokens from single-player area
[2m2026-04-14T17:59:24.649618Z[0m [32m INFO[0m [2madv_civ::civilization::concepts::remove_surplus_population::remove_surplus_systems[0m[2m:[0m [SURPLUS] '108:Rhodes': After removal: 5 -> 2 tokens, surplus=0
[2m2026-04-14T17:59:24.649624Z[0m [32m INFO[0m [2madv_civ::civilization::concepts::remove_surplus_population::remove_surplus_systems[0m[2m:[0m [SURPLUS] '126:Homs' has surplus: total=2, max=1, surplus=1, players=1, has_city=false
[2m2026-04-14T17:59:24.649627Z[0m [32m INFO[0m [2madv_civ::civilization::concepts::remove_surplus_population::remove_surplus_systems[0m[2m:[0m [SURPLUS] '126:Homs': Removing surplus tokens from single-player area
[2m2026-04-14T17:59:24.649631Z[0m [32m INFO[0m [2madv_civ::civilization::concepts::remove_surplus_population::remove_surplus_systems[0m[2m:[0m [SURPLUS] '126:Homs': After removal: 2 -> 1 tokens, surplus=0
[2m2026-04-14T17:59:24.649636Z[0m [32m INFO[0m [2madv_civ::civilization::concepts::remove_surplus_population::remove_surplus_systems[0m[2m:[0m [SURPLUS] '44:Beroea' has surplus: total=2, max=1, surplus=1, players=1, has_city=false
[2m2026-04-14T17:59:24.649639Z[0m [32m INFO[0m [2madv_civ::civilization::concepts::remove_surplus_population::remove_surplus_systems[0m[2m:[0m [SURPLUS] '44:Beroea': Removing surplus tokens from single-player area
[2m2026-04-14T17:59:24.649642Z[0m [32m INFO[0m [2madv_civ::civilization::concepts::remove_surplus_population::remove_surplus_systems[0m[2m:[0m [SURPLUS] '44:Beroea': After removal: 2 -> 1 tokens, surplus=0
[2m2026-04-14T17:59:24.649647Z[0m [32m INFO[0m [2madv_civ::civilization::concepts::remove_surplus_population::remove_surplus_systems[0m[2m:[0m [SURPLUS] '29:Abdera' has surplus: total=2, max=1, surplus=1, players=1, has_city=false
[2m2026-04-14T17:59:24.649651Z[0m [32m INFO[0m [2madv_civ::civilization::concepts::remove_surplus_population::remove_surplus_systems[0m[2m:[0m [SURPLUS] '29:Abdera': Removing surplus tokens from single-player area
[2m2026-04-14T17:59:24.649654Z[0m [32m INFO[0m [2madv_civ::civilization::concepts::remove_surplus_population::remove_surplus_systems[0m[2m:[0m [SURPLUS] '29:Abdera': After removal: 2 -> 1 tokens, surplus=0
[2m2026-04-14T17:59:24.649658Z[0m [32m INFO[0m [2madv_civ::civilization::concepts::remove_surplus_population::remove_surplus_systems[0m[2m:[0m [SURPLUS] '16:Segesta' has surplus: total=2, max=1, surplus=1, players=1, has_city=false
[2m2026-04-14T17:59:24.649662Z[0m [32m INFO[0m [2madv_civ::civilization::concepts::remove_surplus_population::remove_surplus_systems[0m[2m:[0m [SURPLUS] '16:Segesta': Removing surplus tokens from single-player area
[2m2026-04-14T17:59:24.649666Z[0m [32m INFO[0m [2madv_civ::civilization::concepts::remove_surplus_population::remove_surplus_systems[0m[2m:[0m [SURPLUS] '16:Segesta': After removal: 2 -> 1 tokens, surplus=0
[2m2026-04-14T17:59:24.649671Z[0m [32m INFO[0m [2madv_civ::civilization::concepts::remove_surplus_population::remove_surplus_systems[0m[2m:[0m [SURPLUS] '129:Alalakh' has surplus: total=2, max=1, surplus=1, players=1, has_city=false
[2m2026-04-14T17:59:24.649675Z[0m [32m INFO[0m [2madv_civ::civilization::concepts::remove_surplus_population::remove_surplus_systems[0m[2m:[0m [SURPLUS] '129:Alalakh': Removing surplus tokens from single-player area
[2m2026-04-14T17:59:24.649678Z[0m [32m INFO[0m [2madv_civ::civilization::concepts::remove_surplus_population::remove_surplus_systems[0m[2m:[0m [SURPLUS] '129:Alalakh': After removal: 2 -> 1 tokens, surplus=0
[2m2026-04-14T17:59:24.649682Z[0m [32m INFO[0m [2madv_civ::civilization::concepts::remove_surplus_population::remove_surplus_systems[0m[2m:[0m [SURPLUS] '8:Trebizond' has surplus: total=2, max=1, surplus=1, players=1, has_city=false
[2m2026-04-14T17:59:24.649686Z[0m [32m INFO[0m [2madv_civ::civilization::concepts::remove_surplus_population::remove_surplus_systems[0m[2m:[0m [SURPLUS] '8:Trebizond': Removing surplus tokens from single-player area
[2m2026-04-14T17:59:24.649690Z[0m [32m INFO[0m [2madv_civ::civilization::concepts::remove_surplus_population::remove_surplus_systems[0m[2m:[0m [SURPLUS] '8:Trebizond': After removal: 2 -> 1 tokens, surplus=0
[2m2026-04-14T17:59:24.649694Z[0m [32m INFO[0m [2madv_civ::civilization::concepts::remove_surplus_population::remove_surplus_systems[0m[2m:[0m [SURPLUS] '24:Ascalon' has surplus: total=3, max=1, surplus=2, players=1, has_city=false
[2m2026-04-14T17:59:24.649698Z[0m [32m INFO[0m [2madv_civ::civilization::concepts::remove_surplus_population::remove_surplus_systems[0m[2m:[0m [SURPLUS] '24:Ascalon': Removing surplus tokens from single-player area
[2m2026-04-14T17:59:24.649702Z[0m [32m INFO[0m [2madv_civ::civilization::concepts::remove_surplus_population::remove_surplus_systems[0m[2m:[0m [SURPLUS] '24:Ascalon': After removal: 3 -> 1 tokens, surplus=0
[2m2026-04-14T17:59:24.649706Z[0m [32m INFO[0m [2madv_civ::civilization::concepts::remove_surplus_population::remove_surplus_systems[0m[2m:[0m [SURPLUS] '95:Arwad' has surplus: total=4, max=2, surplus=2, players=1, has_city=false
[2m2026-04-14T17:59:24.649710Z[0m [32m INFO[0m [2madv_civ::civilization::concepts::remove_surplus_population::remove_surplus_systems[0m[2m:[0m [SURPLUS] '95:Arwad': Removing surplus tokens from single-player area
[2m2026-04-14T17:59:24.649714Z[0m [32m INFO[0m [2madv_civ::civilization::concepts::remove_surplus_population::remove_surplus_systems[0m[2m:[0m [SURPLUS] '95:Arwad': After removal: 4 -> 2 tokens, surplus=0
[2m2026-04-14T17:59:24.649718Z[0m [32m INFO[0m [2madv_civ::civilization::concepts::remove_surplus_population::remove_surplus_systems[0m[2m:[0m [SURPLUS] '6:Saguntum' has surplus: total=2, max=1, surplus=1, players=1, has_city=false
[2m2026-04-14T17:59:24.649722Z[0m [32m INFO[0m [2madv_civ::civilization::concepts::remove_surplus_population::remove_surplus_systems[0m[2m:[0m [SURPLUS] '6:Saguntum': Removing surplus tokens from single-player area
[2m2026-04-14T17:59:24.649726Z[0m [32m INFO[0m [2madv_civ::civilization::concepts::remove_surplus_population::remove_surplus_systems[0m[2m:[0m [SURPLUS] '6:Saguntum': After removal: 2 -> 1 tokens, surplus=0
[2m2026-04-14T17:59:24.649730Z[0m [32m INFO[0m [2madv_civ::civilization::concepts::remove_surplus_population::remove_surplus_systems[0m[2m:[0m [SURPLUS] '7:Joppa' has surplus: total=4, max=3, surplus=1, players=1, has_city=false
[2m2026-04-14T17:59:24.649734Z[0m [32m INFO[0m [2madv_civ::civilization::concepts::remove_surplus_population::remove_surplus_systems[0m[2m:[0m [SURPLUS] '7:Joppa': Removing surplus tokens from single-player area
[2m2026-04-14T17:59:24.649738Z[0m [32m INFO[0m [2madv_civ::civilization::concepts::remove_surplus_population::remove_surplus_systems[0m[2m:[0m [SURPLUS] '7:Joppa': After removal: 4 -> 3 tokens, surplus=0
[2m2026-04-14T17:59:24.649743Z[0m [32m INFO[0m [2madv_civ::civilization::concepts::remove_surplus_population::remove_surplus_systems[0m[2m:[0m [SURPLUS] '46:Thonis' has surplus: total=4, max=2, surplus=2, players=1, has_city=false
[2m2026-04-14T17:59:24.649747Z[0m [32m INFO[0m [2madv_civ::civilization::concepts::remove_surplus_population::remove_surplus_systems[0m[2m:[0m [SURPLUS] '46:Thonis': Removing surplus tokens from single-player area
[2m2026-04-14T17:59:24.649750Z[0m [32m INFO[0m [2madv_civ::civilization::concepts::remove_surplus_population::remove_surplus_systems[0m[2m:[0m [SURPLUS] '46:Thonis': After removal: 4 -> 2 tokens, surplus=0
[2m2026-04-14T17:59:24.649755Z[0m [32m INFO[0m [2madv_civ::civilization::concepts::remove_surplus_population::remove_surplus_systems[0m[2m:[0m [SURPLUS] '106:Arretium' has surplus: total=4, max=1, surplus=3, players=1, has_city=false
[2m2026-04-14T17:59:24.649763Z[0m [32m INFO[0m [2madv_civ::civilization::concepts::remove_surplus_population::remove_surplus_systems[0m[2m:[0m [SURPLUS] '106:Arretium': Removing surplus tokens from single-player area
[2m2026-04-14T17:59:24.649767Z[0m [32m INFO[0m [2madv_civ::civilization::concepts::remove_surplus_population::remove_surplus_systems[0m[2m:[0m [SURPLUS] '106:Arretium': After removal: 4 -> 1 tokens, surplus=0
[2m2026-04-14T17:59:24.649774Z[0m [32m INFO[0m [2madv_civ::civilization::concepts::remove_surplus_population::remove_surplus_systems[0m[2m:[0m [SURPLUS] '82:Baalbek' has surplus: total=4, max=2, surplus=2, players=1, has_city=false
[2m2026-04-14T17:59:24.649778Z[0m [32m INFO[0m [2madv_civ::civilization::concepts::remove_surplus_population::remove_surplus_systems[0m[2m:[0m [SURPLUS] '82:Baalbek': Removing surplus tokens from single-player area
[2m2026-04-14T17:59:24.649782Z[0m [32m INFO[0m [2madv_civ::civilization::concepts::remove_surplus_population::remove_surplus_systems[0m[2m:[0m [SURPLUS] '82:Baalbek': After removal: 4 -> 2 tokens, surplus=0
[2m2026-04-14T17:59:24.649787Z[0m [32m INFO[0m [2madv_civ::civilization::concepts::remove_surplus_population::remove_surplus_systems[0m[2m:[0m [SURPLUS] '94:Amphipolis' has surplus: total=4, max=2, surplus=2, players=1, has_city=false
[2m2026-04-14T17:59:24.649791Z[0m [32m INFO[0m [2madv_civ::civilization::concepts::remove_surplus_population::remove_surplus_systems[0m[2m:[0m [SURPLUS] '94:Amphipolis': Removing surplus tokens from single-player area
[2m2026-04-14T17:59:24.649795Z[0m [32m INFO[0m [2madv_civ::civilization::concepts::remove_surplus_population::remove_surplus_systems[0m[2m:[0m [SURPLUS] '94:Amphipolis': After removal: 4 -> 2 tokens, surplus=0
[2m2026-04-14T17:59:24.649801Z[0m [32m INFO[0m [2madv_civ::civilization::concepts::remove_surplus_population::remove_surplus_systems[0m[2m:[0m [SURPLUS] '43:Himera' has surplus: total=2, max=1, surplus=1, players=1, has_city=false
[2m2026-04-14T17:59:24.649805Z[0m [32m INFO[0m [2madv_civ::civilization::concepts::remove_surplus_population::remove_surplus_systems[0m[2m:[0m [SURPLUS] '43:Himera': Removing surplus tokens from single-player area
[2m2026-04-14T17:59:24.649809Z[0m [32m INFO[0m [2madv_civ::civilization::concepts::remove_surplus_population::remove_surplus_systems[0m[2m:[0m [SURPLUS] '43:Himera': After removal: 2 -> 1 tokens, surplus=0
[2m2026-04-14T17:59:24.649813Z[0m [32m INFO[0m [2madv_civ::civilization::concepts::remove_surplus_population::remove_surplus_systems[0m[2m:[0m [SURPLUS] '25:Alexandria' has surplus: total=2, max=1, surplus=1, players=1, has_city=false
[2m2026-04-14T17:59:24.649817Z[0m [32m INFO[0m [2madv_civ::civilization::concepts::remove_surplus_population::remove_surplus_systems[0m[2m:[0m [SURPLUS] '25:Alexandria': Removing surplus tokens from single-player area
[2m2026-04-14T17:59:24.649821Z[0m [32m INFO[0m [2madv_civ::civilization::concepts::remove_surplus_population::remove_surplus_systems[0m[2m:[0m [SURPLUS] '25:Alexandria': After removal: 2 -> 1 tokens, surplus=0
[2m2026-04-14T17:59:24.649825Z[0m [32m INFO[0m [2madv_civ::civilization::concepts::remove_surplus_population::remove_surplus_systems[0m[2m:[0m [SURPLUS] '21:Patavium' has surplus: total=2, max=1, surplus=1, players=1, has_city=false
[2m2026-04-14T17:59:24.649829Z[0m [32m INFO[0m [2madv_civ::civilization::concepts::remove_surplus_population::remove_surplus_systems[0m[2m:[0m [SURPLUS] '21:Patavium': Removing surplus tokens from single-player area
[2m2026-04-14T17:59:24.649833Z[0m [32m INFO[0m [2madv_civ::civilization::concepts::remove_surplus_population::remove_surplus_systems[0m[2m:[0m [SURPLUS] '21:Patavium': After removal: 2 -> 1 tokens, surplus=0
[2m2026-04-14T17:59:24.649837Z[0m [32m INFO[0m [2madv_civ::civilization::concepts::remove_surplus_population::remove_surplus_systems[0m[2m:[0m [SURPLUS] '31:Polis' has surplus: total=2, max=1, surplus=1, players=1, has_city=false
[2m2026-04-14T17:59:24.649841Z[0m [32m INFO[0m [2madv_civ::civilization::concepts::remove_surplus_population::remove_surplus_systems[0m[2m:[0m [SURPLUS] '31:Polis': Removing surplus tokens from single-player area
[2m2026-04-14T17:59:24.649845Z[0m [32m INFO[0m [2madv_civ::civilization::concepts::remove_surplus_population::remove_surplus_systems[0m[2m:[0m [SURPLUS] '31:Polis': After removal: 2 -> 1 tokens, surplus=0
[2m2026-04-14T17:59:24.649852Z[0m [32m INFO[0m [2madv_civ::civilization::concepts::remove_surplus_population::remove_surplus_systems[0m[2m:[0m [SURPLUS] '50:Emerita Augusta' has surplus: total=2, max=1, surplus=1, players=1, has_city=false
[2m2026-04-14T17:59:24.649856Z[0m [32m INFO[0m [2madv_civ::civilization::concepts::remove_surplus_population::remove_surplus_systems[0m[2m:[0m [SURPLUS] '50:Emerita Augusta': Removing surplus tokens from single-player area
[2m2026-04-14T17:59:24.649860Z[0m [32m INFO[0m [2madv_civ::civilization::concepts::remove_surplus_population::remove_surplus_systems[0m[2m:[0m [SURPLUS] '50:Emerita Augusta': After removal: 2 -> 1 tokens, surplus=0
[2m2026-04-14T17:59:24.649865Z[0m [32m INFO[0m [2madv_civ::civilization::concepts::remove_surplus_population::remove_surplus_systems[0m[2m:[0m [SURPLUS] '62:Neapolis' has surplus: total=6, max=4, surplus=2, players=1, has_city=false
[2m2026-04-14T17:59:24.649869Z[0m [32m INFO[0m [2madv_civ::civilization::concepts::remove_surplus_population::remove_surplus_systems[0m[2m:[0m [SURPLUS] '62:Neapolis': Removing surplus tokens from single-player area
[2m2026-04-14T17:59:24.649873Z[0m [32m INFO[0m [2madv_civ::civilization::concepts::remove_surplus_population::remove_surplus_systems[0m[2m:[0m [SURPLUS] '62:Neapolis': After removal: 6 -> 4 tokens, surplus=0
[2m2026-04-14T17:59:24.649879Z[0m [32m INFO[0m [2madv_civ::civilization::concepts::remove_surplus_population::remove_surplus_systems[0m[2m:[0m [SURPLUS] '125:Beersheba' has surplus: total=2, max=1, surplus=1, players=1, has_city=false
[2m2026-04-14T17:59:24.649884Z[0m [32m INFO[0m [2madv_civ::civilization::concepts::remove_surplus_population::remove_surplus_systems[0m[2m:[0m [SURPLUS] '125:Beersheba': Removing surplus tokens from single-player area
[2m2026-04-14T17:59:24.649888Z[0m [32m INFO[0m [2madv_civ::civilization::concepts::remove_surplus_population::remove_surplus_systems[0m[2m:[0m [SURPLUS] '125:Beersheba': After removal: 2 -> 1 tokens, surplus=0
[2m2026-04-14T17:59:24.649893Z[0m [32m INFO[0m [2madv_civ::civilization::concepts::remove_surplus_population::remove_surplus_systems[0m[2m:[0m [SURPLUS] '28:Edessa' has surplus: total=4, max=2, surplus=2, players=1, has_city=false
[2m2026-04-14T17:59:24.649897Z[0m [32m INFO[0m [2madv_civ::civilization::concepts::remove_surplus_population::remove_surplus_systems[0m[2m:[0m [SURPLUS] '28:Edessa': Removing surplus tokens from single-player area
[2m2026-04-14T17:59:24.649901Z[0m [32m INFO[0m [2madv_civ::civilization::concepts::remove_surplus_population::remove_surplus_systems[0m[2m:[0m [SURPLUS] '28:Edessa': After removal: 4 -> 2 tokens, surplus=0
[2m2026-04-14T17:59:24.649905Z[0m [32m INFO[0m [2madv_civ::civilization::concepts::remove_surplus_population::remove_surplus_systems[0m[2m:[0m [SURPLUS] '52:Delphi' has surplus: total=4, max=3, surplus=1, players=1, has_city=false
[2m2026-04-14T17:59:24.649909Z[0m [32m INFO[0m [2madv_civ::civilization::concepts::remove_surplus_population::remove_surplus_systems[0m[2m:[0m [SURPLUS] '52:Delphi': Removing surplus tokens from single-player area
[2m2026-04-14T17:59:24.649913Z[0m [32m INFO[0m [2madv_civ::civilization::concepts::remove_surplus_population::remove_surplus_systems[0m[2m:[0m [SURPLUS] '52:Delphi': After removal: 4 -> 3 tokens, surplus=0
[2m2026-04-14T17:59:24.649922Z[0m [32m INFO[0m [2madv_civ::civilization::concepts::remove_surplus_population::remove_surplus_systems[0m[2m:[0m [SURPLUS] Phase complete: processed 149 areas, 26 had surplus, removed 38 tokens total
[2m2026-04-14T17:59:24.653040Z[0m [32m INFO[0m [2mbevy_diagnostic[0m[2m:[0m started_load_count:   69.000000   (avg 69.000000)
[2m2026-04-14T17:59:25.653037Z[0m [32m INFO[0m [2madv_civ::civilization::concepts::check_city_support::check_city_support_systems[0m[2m:[0m [CITY_SUPPORT] Starting city support check phase
[2m2026-04-14T17:59:25.653061Z[0m [32m INFO[0m [2madv_civ::civilization::concepts::check_city_support::check_city_support_systems[0m[2m:[0m [CITY_SUPPORT] 3 players need city support check
[2m2026-04-14T17:59:25.655603Z[0m [32m INFO[0m [2mbevy_diagnostic[0m[2m:[0m started_load_count:   69.000000   (avg 69.000000)
[2m2026-04-14T17:59:26.668510Z[0m [32m INFO[0m [2madv_civ::civilization::concepts::check_city_support::check_city_support_systems[0m[2m:[0m [CITY_SUPPORT] All checks complete, transitioning to AcquireTradeCards
[2m2026-04-14T17:59:26.669621Z[0m [32m INFO[0m [2mbevy_diagnostic[0m[2m:[0m started_load_count:   69.000000   (avg 69.000000)
[2m2026-04-14T17:59:27.669172Z[0m [32m INFO[0m [2madv_civ::civilization::concepts::acquire_trade_cards::trade_card_systems[0m[2m:[0m [TRADE_CARDS] Starting acquire trade cards phase
[2m2026-04-14T17:59:27.669199Z[0m [32m INFO[0m [2madv_civ::civilization::concepts::acquire_trade_cards::trade_card_systems[0m[2m:[0m [TRADE_CARDS] Iberia (AI) pulled cards, can_trade=false
[2m2026-04-14T17:59:27.669203Z[0m [32m INFO[0m [2madv_civ::civilization::concepts::acquire_trade_cards::trade_card_systems[0m[2m:[0m [TRADE_CARDS] Thrace (AI) pulled cards, can_trade=false
[2m2026-04-14T17:59:27.669208Z[0m [32m INFO[0m [2madv_civ::civilization::concepts::acquire_trade_cards::trade_card_systems[0m[2m:[0m [TRADE_CARDS] Asia (AI) pulled cards, can_trade=false
[2m2026-04-14T17:59:27.669212Z[0m [32m INFO[0m [2madv_civ::civilization::concepts::acquire_trade_cards::trade_card_systems[0m[2m:[0m [TRADE_CARDS] Processed 8 players, 3 have cities, sending CheckIfWeCanTrade
[2m2026-04-14T17:59:27.672718Z[0m [32m INFO[0m [2madv_civ::civilization::concepts::acquire_trade_cards::trade_card_systems[0m[2m:[0m [TRADE_CARDS] CheckIfWeCanTrade received: 0 players can trade
[2m2026-04-14T17:59:27.672757Z[0m [32m INFO[0m [2madv_civ::civilization::concepts::acquire_trade_cards::trade_card_systems[0m[2m:[0m [TRADE_CARDS] Not enough traders, transitioning to CollectTaxes
[2m2026-04-14T17:59:27.675668Z[0m [32m INFO[0m [2mbevy_diagnostic[0m[2m:[0m started_load_count:   69.000000   (avg 69.000000)
[2m2026-04-14T17:59:28.671624Z[0m [32m INFO[0m [2madv_civ::civilization::concepts::taxation::taxation_systems[0m[2m:[0m [TAXATION] Entering taxation phase — assigning tax obligations
[2m2026-04-14T17:59:28.673615Z[0m [32m INFO[0m [2madv_civ::civilization::concepts::taxation::taxation_systems[0m[2m:[0m [TAXATION] Leonidas of Iberia pays 2 tokens in full
[2m2026-04-14T17:59:28.673640Z[0m [32m INFO[0m [2madv_civ::civilization::concepts::taxation::taxation_systems[0m[2m:[0m [TAXATION] Hatshepsut of Thrace pays 2 tokens in full
[2m2026-04-14T17:59:28.673649Z[0m [32m INFO[0m [2madv_civ::civilization::concepts::taxation::taxation_systems[0m[2m:[0m [TAXATION] Hammurabi of Asia pays 2 tokens in full
[2m2026-04-14T17:59:28.677085Z[0m [32m INFO[0m [2madv_civ::civilization::concepts::taxation::taxation_systems[0m[2m:[0m [TAXATION] No revolts to resolve — transitioning to PopulationExpansion
[2m2026-04-14T17:59:28.677402Z[0m [32m INFO[0m [2mbevy_diagnostic[0m[2m:[0m started_load_count:   69.000000   (avg 69.000000)
[2m2026-04-14T17:59:29.668824Z[0m [32m INFO[0m [2madv_civ::civilization::concepts::population_expansion::population_expansion_systems[0m[2m:[0m [POP_EXP] Entering population expansion phase, round 10
[2m2026-04-14T17:59:29.669017Z[0m [32m INFO[0m [2madv_civ::civilization::concepts::population_expansion::population_expansion_systems[0m[2m:[0m [POP_EXP] 74 areas have population and need expansion
[2m2026-04-14T17:59:29.669045Z[0m [32m INFO[0m [2madv_civ::civilization::concepts::population_expansion::population_expansion_systems[0m[2m:[0m [POP_EXP] 0 human, 8 AI need expansion, 0 skipped (already done)
[2m2026-04-14T17:59:29.674009Z[0m [32m INFO[0m [2mbevy_diagnostic[0m[2m:[0m started_load_count:   69.000000   (avg 69.000000)
[2m2026-04-14T17:59:30.672076Z[0m [32m INFO[0m [2mbevy_diagnostic[0m[2m:[0m started_load_count:   69.000000   (avg 69.000000)
[2m2026-04-14T17:59:31.672118Z[0m [32m INFO[0m [2mbevy_diagnostic[0m[2m:[0m started_load_count:   69.000000   (avg 69.000000)
[2m2026-04-14T17:59:32.669748Z[0m [32m INFO[0m [2madv_civ::civilization::concepts::population_expansion::population_expansion_systems[0m[2m:[0m [POP_EXP] Player 584v0 still needs expansion: human=false, manual=false, auto=false
[2m2026-04-14T17:59:32.669763Z[0m [32m INFO[0m [2madv_civ::civilization::concepts::population_expansion::population_expansion_systems[0m[2m:[0m [POP_EXP] Player 279v0 still needs expansion: human=false, manual=false, auto=false
[2m2026-04-14T17:59:32.669769Z[0m [32m INFO[0m [2madv_civ::civilization::concepts::population_expansion::population_expansion_systems[0m[2m:[0m [POP_EXP] Player 645v0 still needs expansion: human=false, manual=false, auto=false
[2m2026-04-14T17:59:32.669773Z[0m [32m INFO[0m [2madv_civ::civilization::concepts::population_expansion::population_expansion_systems[0m[2m:[0m [POP_EXP] Player 523v0 still needs expansion: human=false, manual=false, auto=false
[2m2026-04-14T17:59:32.669777Z[0m [32m INFO[0m [2madv_civ::civilization::concepts::population_expansion::population_expansion_systems[0m[2m:[0m [POP_EXP] Player 340v0 still needs expansion: human=false, manual=false, auto=false
[2m2026-04-14T17:59:32.669782Z[0m [32m INFO[0m [2madv_civ::civilization::concepts::population_expansion::population_expansion_systems[0m[2m:[0m [POP_EXP] Player 584v0 still needs expansion: human=false, manual=false, auto=false
[2m2026-04-14T17:59:32.669786Z[0m [32m INFO[0m [2madv_civ::civilization::concepts::population_expansion::population_expansion_systems[0m[2m:[0m [POP_EXP] Player 279v0 still needs expansion: human=false, manual=false, auto=false
[2m2026-04-14T17:59:32.669790Z[0m [32m INFO[0m [2madv_civ::civilization::concepts::population_expansion::population_expansion_systems[0m[2m:[0m [POP_EXP] Player 645v0 still needs expansion: human=false, manual=false, auto=false
[2m2026-04-14T17:59:32.669794Z[0m [32m INFO[0m [2madv_civ::civilization::concepts::population_expansion::population_expansion_systems[0m[2m:[0m [POP_EXP] Player 523v0 still needs expansion: human=false, manual=false, auto=false
[2m2026-04-14T17:59:32.669798Z[0m [32m INFO[0m [2madv_civ::civilization::concepts::population_expansion::population_expansion_systems[0m[2m:[0m [POP_EXP] Player 340v0 still needs expansion: human=false, manual=false, auto=false
[2m2026-04-14T17:59:32.669802Z[0m [32m INFO[0m [2madv_civ::civilization::concepts::population_expansion::population_expansion_systems[0m[2m:[0m [POP_EXP] Player 584v0 still needs expansion: human=false, manual=false, auto=false
[2m2026-04-14T17:59:32.669806Z[0m [32m INFO[0m [2madv_civ::civilization::concepts::population_expansion::population_expansion_systems[0m[2m:[0m [POP_EXP] Player 279v0 still needs expansion: human=false, manual=false, auto=false
[2m2026-04-14T17:59:32.669810Z[0m [32m INFO[0m [2madv_civ::civilization::concepts::population_expansion::population_expansion_systems[0m[2m:[0m [POP_EXP] Player 645v0 still needs expansion: human=false, manual=false, auto=false
[2m2026-04-14T17:59:32.669814Z[0m [32m INFO[0m [2madv_civ::civilization::concepts::population_expansion::population_expansion_systems[0m[2m:[0m [POP_EXP] Player 523v0 still needs expansion: human=false, manual=false, auto=false
[2m2026-04-14T17:59:32.669819Z[0m [32m INFO[0m [2madv_civ::civilization::concepts::population_expansion::population_expansion_systems[0m[2m:[0m [POP_EXP] Player 340v0 still needs expansion: human=false, manual=false, auto=false
[2m2026-04-14T17:59:32.670925Z[0m [32m INFO[0m [2mbevy_diagnostic[0m[2m:[0m started_load_count:   69.000000   (avg 69.000000)
[2m2026-04-14T17:59:33.672528Z[0m [32m INFO[0m [2mbevy_diagnostic[0m[2m:[0m started_load_count:   69.000000   (avg 69.000000)
[2m2026-04-14T17:59:34.672520Z[0m [32m INFO[0m [2mbevy_diagnostic[0m[2m:[0m started_load_count:   69.000000   (avg 69.000000)
[2m2026-04-14T17:59:35.672292Z[0m [32m INFO[0m [2mbevy_diagnostic[0m[2m:[0m started_load_count:   69.000000   (avg 69.000000)
[2m2026-04-14T17:59:36.670824Z[0m [32m INFO[0m [2mbevy_diagnostic[0m[2m:[0m started_load_count:   69.000000   (avg 69.000000)
[2m2026-04-14T17:59:37.674234Z[0m [32m INFO[0m [2mbevy_diagnostic[0m[2m:[0m started_load_count:   69.000000   (avg 69.000000)
[2m2026-04-14T17:59:38.670415Z[0m [32m INFO[0m [2mbevy_diagnostic[0m[2m:[0m started_load_count:   69.000000   (avg 69.000000)
[2m2026-04-14T17:59:39.674384Z[0m [32m INFO[0m [2mbevy_diagnostic[0m[2m:[0m started_load_count:   69.000000   (avg 69.000000)
[2m2026-04-14T17:59:40.671941Z[0m [32m INFO[0m [2mbevy_diagnostic[0m[2m:[0m started_load_count:   69.000000   (avg 69.000000)
[2m2026-04-14T17:59:41.672534Z[0m [32m INFO[0m [2mbevy_diagnostic[0m[2m:[0m started_load_count:   69.000000   (avg 69.000000)
[2m2026-04-14T17:59:42.686182Z[0m [32m INFO[0m [2madv_civ::civilization::concepts::population_expansion::population_expansion_systems[0m[2m:[0m [POP_EXP] Player 584v0 still needs expansion: human=false, manual=true, auto=false
[2m2026-04-14T17:59:42.686205Z[0m [32m INFO[0m [2madv_civ::civilization::concepts::population_expansion::population_expansion_systems[0m[2m:[0m [POP_EXP] Player 279v0 still needs expansion: human=false, manual=true, auto=false
[2m2026-04-14T17:59:42.686210Z[0m [32m INFO[0m [2madv_civ::civilization::concepts::population_expansion::population_expansion_systems[0m[2m:[0m [POP_EXP] Player 645v0 still needs expansion: human=false, manual=true, auto=false
[2m2026-04-14T17:59:42.686215Z[0m [32m INFO[0m [2madv_civ::civilization::concepts::population_expansion::population_expansion_systems[0m[2m:[0m [POP_EXP] Player 340v0 still needs expansion: human=false, manual=true, auto=false
[2m2026-04-14T17:59:42.687236Z[0m [32m INFO[0m [2mbevy_diagnostic[0m[2m:[0m started_load_count:   69.000000   (avg 69.000000)
[2m2026-04-14T17:59:43.687183Z[0m [32m INFO[0m [2mbevy_diagnostic[0m[2m:[0m started_load_count:   69.000000   (avg 69.000000)
[2m2026-04-14T17:59:44.689976Z[0m [32m INFO[0m [2mbevy_diagnostic[0m[2m:[0m started_load_count:   69.000000   (avg 69.000000)
[2m2026-04-14T17:59:45.687592Z[0m [32m INFO[0m [2madv_civ::civilization::concepts::population_expansion::population_expansion_systems[0m[2m:[0m [POP_EXP] Player 279v0 still needs expansion: human=false, manual=true, auto=false
[2m2026-04-14T17:59:45.687610Z[0m [32m INFO[0m [2madv_civ::civilization::concepts::population_expansion::population_expansion_systems[0m[2m:[0m [POP_EXP] Player 645v0 still needs expansion: human=false, manual=true, auto=false
[2m2026-04-14T17:59:45.687615Z[0m [32m INFO[0m [2madv_civ::civilization::concepts::population_expansion::population_expansion_systems[0m[2m:[0m [POP_EXP] Player 279v0 still needs expansion: human=false, manual=true, auto=false
[2m2026-04-14T17:59:45.687619Z[0m [32m INFO[0m [2madv_civ::civilization::concepts::population_expansion::population_expansion_systems[0m[2m:[0m [POP_EXP] Player 645v0 still needs expansion: human=false, manual=true, auto=false
[2m2026-04-14T17:59:45.689223Z[0m [32m INFO[0m [2mbevy_diagnostic[0m[2m:[0m started_load_count:   69.000000   (avg 69.000000)
[2m2026-04-14T17:59:46.689096Z[0m [32m INFO[0m [2mbevy_diagnostic[0m[2m:[0m started_load_count:   69.000000   (avg 69.000000)
[2m2026-04-14T17:59:47.687739Z[0m [32m INFO[0m [2mbevy_diagnostic[0m[2m:[0m started_load_count:   69.000000   (avg 69.000000)
[2m2026-04-14T17:59:48.686703Z[0m [32m INFO[0m [2madv_civ::civilization::concepts::population_expansion::population_expansion_systems[0m[2m:[0m [POP_EXP] All players done with expansion, transitioning to Census
[2m2026-04-14T17:59:48.686727Z[0m [32m INFO[0m [2madv_civ::civilization::concepts::population_expansion::population_expansion_systems[0m[2m:[0m [POP_EXP] All players done with expansion, transitioning to Census
[2m2026-04-14T17:59:48.688513Z[0m [32m INFO[0m [2mbevy_diagnostic[0m[2m:[0m started_load_count:   69.000000   (avg 69.000000)
[2m2026-04-14T17:59:49.710071Z[0m [32m INFO[0m [2mbevy_diagnostic[0m[2m:[0m started_load_count:   69.000000   (avg 69.000000)
[2m2026-04-14T17:59:50.704158Z[0m [32m INFO[0m [2madv_civ::civilization::concepts::ships::ship_systems[0m[2m:[0m [SHIPS] Hatshepsut of Thrace builds a ship at 179v0 (fleet: 2/4)
[2m2026-04-14T17:59:50.704202Z[0m [32m INFO[0m [2madv_civ::civilization::concepts::ships::ship_systems[0m[2m:[0m [SHIPS] Hammurabi of Asia builds a ship at 191v0 (fleet: 1/4)
[2m2026-04-14T17:59:50.708493Z[0m [32m INFO[0m [2mbevy_diagnostic[0m[2m:[0m started_load_count:   69.000000   (avg 69.000000)
[2m2026-04-14T17:59:51.707199Z[0m [32m INFO[0m [2mbevy_diagnostic[0m[2m:[0m started_load_count:   69.000000   (avg 69.000000)
[2m2026-04-14T17:59:52.708398Z[0m [32m INFO[0m [2mbevy_diagnostic[0m[2m:[0m started_load_count:   69.000000   (avg 69.000000)
[2m2026-04-14T17:59:53.706127Z[0m [32m INFO[0m [2mbevy_diagnostic[0m[2m:[0m started_load_count:   69.000000   (avg 69.000000)
[2m2026-04-14T17:59:54.705496Z[0m [32m INFO[0m [2mbevy_diagnostic[0m[2m:[0m started_load_count:   69.000000   (avg 69.000000)
[2m2026-04-14T17:59:55.706729Z[0m [32m INFO[0m [2mbevy_diagnostic[0m[2m:[0m started_load_count:   69.000000   (avg 69.000000)
[2m2026-04-14T17:59:56.705970Z[0m [32m INFO[0m [2mbevy_diagnostic[0m[2m:[0m started_load_count:   69.000000   (avg 69.000000)
[2m2026-04-14T17:59:57.705730Z[0m [32m INFO[0m [2mbevy_diagnostic[0m[2m:[0m started_load_count:   69.000000   (avg 69.000000)
[2m2026-04-14T17:59:58.718576Z[0m [32m INFO[0m [2mbevy_diagnostic[0m[2m:[0m started_load_count:   69.000000   (avg 69.000000)
[2m2026-04-14T17:59:59.739189Z[0m [32m INFO[0m [2mbevy_diagnostic[0m[2m:[0m started_load_count:   69.000000   (avg 69.000000)
[2m2026-04-14T18:00:00.757491Z[0m [32m INFO[0m [2mbevy_diagnostic[0m[2m:[0m started_load_count:   69.000000   (avg 69.000000)
[2m2026-04-14T18:00:01.756581Z[0m [32m INFO[0m [2mbevy_diagnostic[0m[2m:[0m started_load_count:   69.000000   (avg 69.000000)
[2m2026-04-14T18:00:02.754055Z[0m [32m INFO[0m [2mbevy_diagnostic[0m[2m:[0m started_load_count:   69.000000   (avg 69.000000)
[2m2026-04-14T18:00:03.754507Z[0m [32m INFO[0m [2mbevy_diagnostic[0m[2m:[0m started_load_count:   69.000000   (avg 69.000000)
[2m2026-04-14T18:00:04.755445Z[0m [32m INFO[0m [2mbevy_diagnostic[0m[2m:[0m started_load_count:   69.000000   (avg 69.000000)
[2m2026-04-14T18:00:05.752752Z[0m [32m INFO[0m [2mbevy_diagnostic[0m[2m:[0m started_load_count:   69.000000   (avg 69.000000)
[2m2026-04-14T18:00:06.748160Z[0m [32m INFO[0m [2mbevy_diagnostic[0m[2m:[0m started_load_count:   69.000000   (avg 69.000000)
[2m2026-04-14T18:00:07.772375Z[0m [32m INFO[0m [2mbevy_diagnostic[0m[2m:[0m started_load_count:   69.000000   (avg 69.000000)
[2m2026-04-14T18:00:08.771834Z[0m [32m INFO[0m [2mbevy_diagnostic[0m[2m:[0m started_load_count:   69.000000   (avg 69.000000)
[2m2026-04-14T18:00:09.772781Z[0m [32m INFO[0m [2mbevy_diagnostic[0m[2m:[0m started_load_count:   69.000000   (avg 69.000000)
[2m2026-04-14T18:00:10.772445Z[0m [32m INFO[0m [2mbevy_diagnostic[0m[2m:[0m started_load_count:   69.000000   (avg 69.000000)
[2m2026-04-14T18:00:11.771501Z[0m [32m INFO[0m [2mbevy_diagnostic[0m[2m:[0m started_load_count:   69.000000   (avg 69.000000)
[2m2026-04-14T18:00:12.770163Z[0m [32m INFO[0m [2mbevy_diagnostic[0m[2m:[0m started_load_count:   69.000000   (avg 69.000000)
[2m2026-04-14T18:00:13.773148Z[0m [32m INFO[0m [2mbevy_diagnostic[0m[2m:[0m started_load_count:   69.000000   (avg 69.000000)
[2m2026-04-14T18:00:14.769845Z[0m [32m INFO[0m [2mbevy_diagnostic[0m[2m:[0m started_load_count:   69.000000   (avg 69.000000)
[2m2026-04-14T18:00:15.771206Z[0m [32m INFO[0m [2mbevy_diagnostic[0m[2m:[0m started_load_count:   69.000000   (avg 69.000000)
[2m2026-04-14T18:00:16.770855Z[0m [32m INFO[0m [2mbevy_diagnostic[0m[2m:[0m started_load_count:   69.000000   (avg 69.000000)
[2m2026-04-14T18:00:17.770350Z[0m [32m INFO[0m [2mbevy_diagnostic[0m[2m:[0m started_load_count:   69.000000   (avg 69.000000)
[2m2026-04-14T18:00:18.773500Z[0m [32m INFO[0m [2mbevy_diagnostic[0m[2m:[0m started_load_count:   69.000000   (avg 69.000000)
[2m2026-04-14T18:00:19.774456Z[0m [32m INFO[0m [2mbevy_diagnostic[0m[2m:[0m started_load_count:   69.000000   (avg 69.000000)
[2m2026-04-14T18:00:20.784479Z[0m [32m INFO[0m [2mbevy_diagnostic[0m[2m:[0m started_load_count:   69.000000   (avg 69.000000)
[2m2026-04-14T18:00:21.791011Z[0m [32m INFO[0m [2mbevy_diagnostic[0m[2m:[0m started_load_count:   69.000000   (avg 69.000000)
[2m2026-04-14T18:00:22.787691Z[0m [32m INFO[0m [2mbevy_diagnostic[0m[2m:[0m started_load_count:   69.000000   (avg 69.000000)
[2m2026-04-14T18:00:23.786849Z[0m [32m INFO[0m [2mbevy_diagnostic[0m[2m:[0m started_load_count:   69.000000   (avg 69.000000)
[2m2026-04-14T18:00:24.786547Z[0m [32m INFO[0m [2mbevy_diagnostic[0m[2m:[0m started_load_count:   69.000000   (avg 69.000000)
[2m2026-04-14T18:00:25.788467Z[0m [32m INFO[0m [2mbevy_diagnostic[0m[2m:[0m started_load_count:   69.000000   (avg 69.000000)
[2m2026-04-14T18:00:26.787711Z[0m [32m INFO[0m [2mbevy_diagnostic[0m[2m:[0m started_load_count:   69.000000   (avg 69.000000)
[2m2026-04-14T18:00:27.788096Z[0m [32m INFO[0m [2mbevy_diagnostic[0m[2m:[0m started_load_count:   69.000000   (avg 69.000000)
[2m2026-04-14T18:00:28.790884Z[0m [32m INFO[0m [2mbevy_diagnostic[0m[2m:[0m started_load_count:   69.000000   (avg 69.000000)
[2m2026-04-14T18:00:29.798599Z[0m [32m INFO[0m [2mbevy_diagnostic[0m[2m:[0m started_load_count:   69.000000   (avg 69.000000)
[2m2026-04-14T18:00:30.803621Z[0m [32m INFO[0m [2mbevy_diagnostic[0m[2m:[0m started_load_count:   69.000000   (avg 69.000000)
[2m2026-04-14T18:00:31.806272Z[0m [32m INFO[0m [2mbevy_diagnostic[0m[2m:[0m started_load_count:   69.000000   (avg 69.000000)
[2m2026-04-14T18:00:32.802518Z[0m [32m INFO[0m [2mbevy_diagnostic[0m[2m:[0m started_load_count:   69.000000   (avg 69.000000)
[2m2026-04-14T18:00:33.808155Z[0m [32m INFO[0m [2mbevy_diagnostic[0m[2m:[0m started_load_count:   69.000000   (avg 69.000000)
[2m2026-04-14T18:00:34.806587Z[0m [32m INFO[0m [2mbevy_diagnostic[0m[2m:[0m started_load_count:   69.000000   (avg 69.000000)
[2m2026-04-14T18:00:35.802199Z[0m [32m INFO[0m [2mbevy_diagnostic[0m[2m:[0m started_load_count:   69.000000   (avg 69.000000)
[2m2026-04-14T18:00:36.806167Z[0m [32m INFO[0m [2mbevy_diagnostic[0m[2m:[0m started_load_count:   69.000000   (avg 69.000000)
[2m2026-04-14T18:00:37.807709Z[0m [32m INFO[0m [2mbevy_diagnostic[0m[2m:[0m started_load_count:   69.000000   (avg 69.000000)
[2m2026-04-14T18:00:38.804309Z[0m [32m INFO[0m [2mbevy_diagnostic[0m[2m:[0m started_load_count:   69.000000   (avg 69.000000)
[2m2026-04-14T18:00:39.806604Z[0m [32m INFO[0m [2mbevy_diagnostic[0m[2m:[0m started_load_count:   69.000000   (avg 69.000000)
[2m2026-04-14T18:00:40.803258Z[0m [32m INFO[0m [2mbevy_diagnostic[0m[2m:[0m started_load_count:   69.000000   (avg 69.000000)
[2m2026-04-14T18:00:41.808075Z[0m [32m INFO[0m [2mbevy_diagnostic[0m[2m:[0m started_load_count:   69.000000   (avg 69.000000)
[2m2026-04-14T18:00:42.806258Z[0m [32m INFO[0m [2mbevy_diagnostic[0m[2m:[0m started_load_count:   69.000000   (avg 69.000000)
[2m2026-04-14T18:00:43.805105Z[0m [32m INFO[0m [2mbevy_diagnostic[0m[2m:[0m started_load_count:   69.000000   (avg 69.000000)
[2m2026-04-14T18:00:44.807343Z[0m [32m INFO[0m [2mbevy_diagnostic[0m[2m:[0m started_load_count:   69.000000   (avg 69.000000)
[2m2026-04-14T18:00:45.806991Z[0m [32m INFO[0m [2mbevy_diagnostic[0m[2m:[0m started_load_count:   69.000000   (avg 69.000000)
[2m2026-04-14T18:00:46.806681Z[0m [32m INFO[0m [2mbevy_diagnostic[0m[2m:[0m started_load_count:   69.000000   (avg 69.000000)
[2m2026-04-14T18:00:47.807077Z[0m [32m INFO[0m [2mbevy_diagnostic[0m[2m:[0m started_load_count:   69.000000   (avg 69.000000)
[2m2026-04-14T18:00:48.810460Z[0m [32m INFO[0m [2mbevy_diagnostic[0m[2m:[0m started_load_count:   69.000000   (avg 69.000000)
[2m2026-04-14T18:00:49.806271Z[0m [32m INFO[0m [2mbevy_diagnostic[0m[2m:[0m started_load_count:   69.000000   (avg 69.000000)
[2m2026-04-14T18:00:50.804107Z[0m [32m INFO[0m [2mbevy_diagnostic[0m[2m:[0m started_load_count:   69.000000   (avg 69.000000)
[2m2026-04-14T18:00:51.806457Z[0m [32m INFO[0m [2mbevy_diagnostic[0m[2m:[0m started_load_count:   69.000000   (avg 69.000000)
[2m2026-04-14T18:00:52.804820Z[0m [32m INFO[0m [2mbevy_diagnostic[0m[2m:[0m started_load_count:   69.000000   (avg 69.000000)
[2m2026-04-14T18:00:53.806239Z[0m [32m INFO[0m [2mbevy_diagnostic[0m[2m:[0m started_load_count:   69.000000   (avg 69.000000)
[2m2026-04-14T18:00:54.805807Z[0m [32m INFO[0m [2mbevy_diagnostic[0m[2m:[0m started_load_count:   69.000000   (avg 69.000000)
[2m2026-04-14T18:00:55.805071Z[0m [32m INFO[0m [2madv_civ::civilization::concepts::movement::movement_systems[0m[2m:[0m Player Hammurabi of Asia has ended movement
[2m2026-04-14T18:00:55.806408Z[0m [32m INFO[0m [2mbevy_diagnostic[0m[2m:[0m started_load_count:   69.000000   (avg 69.000000)
[2m2026-04-14T18:00:56.805737Z[0m [32m INFO[0m [2mbevy_diagnostic[0m[2m:[0m started_load_count:   69.000000   (avg 69.000000)
[2m2026-04-14T18:00:57.803567Z[0m [32m INFO[0m [2mbevy_diagnostic[0m[2m:[0m started_load_count:   69.000000   (avg 69.000000)
[2m2026-04-14T18:00:58.803636Z[0m [32m INFO[0m [2mbevy_diagnostic[0m[2m:[0m started_load_count:   69.000000   (avg 69.000000)
[2m2026-04-14T18:00:59.807448Z[0m [32m INFO[0m [2mbevy_diagnostic[0m[2m:[0m started_load_count:   69.000000   (avg 69.000000)
[2m2026-04-14T18:01:00.808924Z[0m [32m INFO[0m [2mbevy_diagnostic[0m[2m:[0m started_load_count:   69.000000   (avg 69.000000)
[2m2026-04-14T18:01:01.833668Z[0m [32m INFO[0m [2mbevy_diagnostic[0m[2m:[0m started_load_count:   69.000000   (avg 69.000000)
[2m2026-04-14T18:01:02.855752Z[0m [32m INFO[0m [2mbevy_diagnostic[0m[2m:[0m started_load_count:   69.000000   (avg 69.000000)
[2m2026-04-14T18:01:03.855329Z[0m [32m INFO[0m [2mbevy_diagnostic[0m[2m:[0m started_load_count:   69.000000   (avg 69.000000)
[2m2026-04-14T18:01:04.857153Z[0m [32m INFO[0m [2mbevy_diagnostic[0m[2m:[0m started_load_count:   69.000000   (avg 69.000000)
[2m2026-04-14T18:01:05.858344Z[0m [32m INFO[0m [2mbevy_diagnostic[0m[2m:[0m started_load_count:   69.000000   (avg 69.000000)
[2m2026-04-14T18:01:06.855598Z[0m [32m INFO[0m [2mbevy_diagnostic[0m[2m:[0m started_load_count:   69.000000   (avg 69.000000)
[2m2026-04-14T18:01:07.855630Z[0m [32m INFO[0m [2mbevy_diagnostic[0m[2m:[0m started_load_count:   69.000000   (avg 69.000000)
[2m2026-04-14T18:01:08.849269Z[0m [32m INFO[0m [2mbevy_diagnostic[0m[2m:[0m started_load_count:   69.000000   (avg 69.000000)
[2m2026-04-14T18:01:09.855773Z[0m [32m INFO[0m [2mbevy_diagnostic[0m[2m:[0m started_load_count:   69.000000   (avg 69.000000)
[2m2026-04-14T18:01:10.854773Z[0m [32m INFO[0m [2mbevy_diagnostic[0m[2m:[0m started_load_count:   69.000000   (avg 69.000000)
[2m2026-04-14T18:01:11.888455Z[0m [32m INFO[0m [2mbevy_diagnostic[0m[2m:[0m started_load_count:   69.000000   (avg 69.000000)
[2m2026-04-14T18:01:12.883059Z[0m [32m INFO[0m [2mbevy_diagnostic[0m[2m:[0m started_load_count:   69.000000   (avg 69.000000)
[2m2026-04-14T18:01:13.931972Z[0m [32m INFO[0m [2mbevy_diagnostic[0m[2m:[0m started_load_count:   69.000000   (avg 69.000000)
[2m2026-04-14T18:01:14.939266Z[0m [32m INFO[0m [2mbevy_diagnostic[0m[2m:[0m started_load_count:   69.000000   (avg 69.000000)
[2m2026-04-14T18:01:15.940904Z[0m [32m INFO[0m [2mbevy_diagnostic[0m[2m:[0m started_load_count:   69.000000   (avg 69.000000)
[2m2026-04-14T18:01:16.940872Z[0m [32m INFO[0m [2mbevy_diagnostic[0m[2m:[0m started_load_count:   69.000000   (avg 69.000000)
[2m2026-04-14T18:01:17.946748Z[0m [32m INFO[0m [2mbevy_diagnostic[0m[2m:[0m started_load_count:   69.000000   (avg 69.000000)
[2m2026-04-14T18:01:18.939095Z[0m [32m INFO[0m [2mbevy_diagnostic[0m[2m:[0m started_load_count:   69.000000   (avg 69.000000)
[2m2026-04-14T18:01:19.941077Z[0m [32m INFO[0m [2mbevy_diagnostic[0m[2m:[0m started_load_count:   69.000000   (avg 69.000000)
[2m2026-04-14T18:01:20.937403Z[0m [32m INFO[0m [2mbevy_diagnostic[0m[2m:[0m started_load_count:   69.000000   (avg 69.000000)
[2m2026-04-14T18:01:21.942795Z[0m [32m INFO[0m [2mbevy_diagnostic[0m[2m:[0m started_load_count:   69.000000   (avg 69.000000)
[2m2026-04-14T18:01:22.951241Z[0m [32m INFO[0m [2mbevy_diagnostic[0m[2m:[0m started_load_count:   69.000000   (avg 69.000000)
[2m2026-04-14T18:01:23.941905Z[0m [32m INFO[0m [2mbevy_diagnostic[0m[2m:[0m started_load_count:   69.000000   (avg 69.000000)
[2m2026-04-14T18:01:24.938451Z[0m [32m INFO[0m [2mbevy_diagnostic[0m[2m:[0m started_load_count:   69.000000   (avg 69.000000)
[2m2026-04-14T18:01:25.949220Z[0m [32m INFO[0m [2mbevy_diagnostic[0m[2m:[0m started_load_count:   69.000000   (avg 69.000000)
[2m2026-04-14T18:01:26.958938Z[0m [32m INFO[0m [2mbevy_diagnostic[0m[2m:[0m started_load_count:   69.000000   (avg 69.000000)
[2m2026-04-14T18:01:27.955727Z[0m [32m INFO[0m [2mbevy_diagnostic[0m[2m:[0m started_load_count:   69.000000   (avg 69.000000)
[2m2026-04-14T18:01:28.955442Z[0m [32m INFO[0m [2mbevy_diagnostic[0m[2m:[0m started_load_count:   69.000000   (avg 69.000000)
[2m2026-04-14T18:01:29.961474Z[0m [32m INFO[0m [2mbevy_diagnostic[0m[2m:[0m started_load_count:   69.000000   (avg 69.000000)
[2m2026-04-14T18:01:30.958766Z[0m [32m INFO[0m [2mbevy_diagnostic[0m[2m:[0m started_load_count:   69.000000   (avg 69.000000)
[2m2026-04-14T18:01:31.958256Z[0m [32m INFO[0m [2mbevy_diagnostic[0m[2m:[0m started_load_count:   69.000000   (avg 69.000000)
[2m2026-04-14T18:01:32.955849Z[0m [32m INFO[0m [2mbevy_diagnostic[0m[2m:[0m started_load_count:   69.000000   (avg 69.000000)
[2m2026-04-14T18:01:33.963021Z[0m [32m INFO[0m [2mbevy_diagnostic[0m[2m:[0m started_load_count:   69.000000   (avg 69.000000)
[2m2026-04-14T18:01:34.958234Z[0m [32m INFO[0m [2mbevy_diagnostic[0m[2m:[0m started_load_count:   69.000000   (avg 69.000000)
[2m2026-04-14T18:01:35.955122Z[0m [32m INFO[0m [2mbevy_diagnostic[0m[2m:[0m started_load_count:   69.000000   (avg 69.000000)
[2m2026-04-14T18:01:36.949418Z[0m [32m INFO[0m [2mbevy_diagnostic[0m[2m:[0m started_load_count:   69.000000   (avg 69.000000)
[2m2026-04-14T18:01:37.971629Z[0m [32m INFO[0m [2mbevy_diagnostic[0m[2m:[0m started_load_count:   69.000000   (avg 69.000000)
[2m2026-04-14T18:01:38.975486Z[0m [32m INFO[0m [2mbevy_diagnostic[0m[2m:[0m started_load_count:   69.000000   (avg 69.000000)
[2m2026-04-14T18:01:39.974894Z[0m [32m INFO[0m [2mbevy_diagnostic[0m[2m:[0m started_load_count:   69.000000   (avg 69.000000)
[2m2026-04-14T18:01:40.971849Z[0m [32m INFO[0m [2mbevy_diagnostic[0m[2m:[0m started_load_count:   69.000000   (avg 69.000000)
[2m2026-04-14T18:01:41.975075Z[0m [32m INFO[0m [2mbevy_diagnostic[0m[2m:[0m started_load_count:   69.000000   (avg 69.000000)
[2m2026-04-14T18:01:42.970295Z[0m [32m INFO[0m [2madv_civ::civilization::concepts::movement::movement_systems[0m[2m:[0m Player Cleopatra of Africa has ended movement
[2m2026-04-14T18:01:42.972088Z[0m [32m INFO[0m [2mbevy_diagnostic[0m[2m:[0m started_load_count:   69.000000   (avg 69.000000)
[2m2026-04-14T18:01:43.984298Z[0m [32m INFO[0m [2mbevy_diagnostic[0m[2m:[0m started_load_count:   69.000000   (avg 69.000000)
[2m2026-04-14T18:01:45.005446Z[0m [32m INFO[0m [2mbevy_diagnostic[0m[2m:[0m started_load_count:   69.000000   (avg 69.000000)
[2m2026-04-14T18:01:46.018883Z[0m [32m INFO[0m [2mbevy_diagnostic[0m[2m:[0m started_load_count:   69.000000   (avg 69.000000)
[2m2026-04-14T18:01:47.041195Z[0m [32m INFO[0m [2mbevy_diagnostic[0m[2m:[0m started_load_count:   69.000000   (avg 69.000000)
[2m2026-04-14T18:01:48.040971Z[0m [32m INFO[0m [2mbevy_diagnostic[0m[2m:[0m started_load_count:   69.000000   (avg 69.000000)
[2m2026-04-14T18:01:49.044726Z[0m [32m INFO[0m [2mbevy_diagnostic[0m[2m:[0m started_load_count:   69.000000   (avg 69.000000)
[2m2026-04-14T18:01:50.038739Z[0m [32m INFO[0m [2mbevy_diagnostic[0m[2m:[0m started_load_count:   69.000000   (avg 69.000000)
[2m2026-04-14T18:01:51.047148Z[0m [32m INFO[0m [2mbevy_diagnostic[0m[2m:[0m started_load_count:   69.000000   (avg 69.000000)
[2m2026-04-14T18:01:52.055764Z[0m [32m INFO[0m [2madv_civ::civilization::concepts::movement::movement_systems[0m[2m:[0m Player Hatshepsut of Thrace has ended movement
[2m2026-04-14T18:01:52.056758Z[0m [32m INFO[0m [2mbevy_diagnostic[0m[2m:[0m started_load_count:   69.000000   (avg 69.000000)
[2m2026-04-14T18:01:53.059036Z[0m [32m INFO[0m [2mbevy_diagnostic[0m[2m:[0m started_load_count:   69.000000   (avg 69.000000)
[2m2026-04-14T18:01:54.057741Z[0m [32m INFO[0m [2mbevy_diagnostic[0m[2m:[0m started_load_count:   69.000000   (avg 69.000000)
[2m2026-04-14T18:01:55.056353Z[0m [32m INFO[0m [2mbevy_diagnostic[0m[2m:[0m started_load_count:   69.000000   (avg 69.000000)
[2m2026-04-14T18:01:56.061860Z[0m [32m INFO[0m [2mbevy_diagnostic[0m[2m:[0m started_load_count:   69.000000   (avg 69.000000)
[2m2026-04-14T18:01:57.058930Z[0m [32m INFO[0m [2mbevy_diagnostic[0m[2m:[0m started_load_count:   69.000000   (avg 69.000000)
[2m2026-04-14T18:01:58.054664Z[0m [32m INFO[0m [2mbevy_diagnostic[0m[2m:[0m started_load_count:   69.000000   (avg 69.000000)
[2m2026-04-14T18:01:59.059334Z[0m [32m INFO[0m [2mbevy_diagnostic[0m[2m:[0m started_load_count:   69.000000   (avg 69.000000)
[2m2026-04-14T18:02:00.064192Z[0m [32m INFO[0m [2mbevy_diagnostic[0m[2m:[0m started_load_count:   69.000000   (avg 69.000000)
[2m2026-04-14T18:02:01.123940Z[0m [32m INFO[0m [2mbevy_diagnostic[0m[2m:[0m started_load_count:   69.000000   (avg 69.000000)
[2m2026-04-14T18:02:02.123490Z[0m [32m INFO[0m [2mbevy_diagnostic[0m[2m:[0m started_load_count:   69.000000   (avg 69.000000)
[2m2026-04-14T18:02:03.141308Z[0m [32m INFO[0m [2mbevy_diagnostic[0m[2m:[0m started_load_count:   69.000000   (avg 69.000000)
[2m2026-04-14T18:02:04.142423Z[0m [32m INFO[0m [2mbevy_diagnostic[0m[2m:[0m started_load_count:   69.000000   (avg 69.000000)
[2m2026-04-14T18:02:05.122286Z[0m [32m INFO[0m [2mbevy_diagnostic[0m[2m:[0m started_load_count:   69.000000   (avg 69.000000)
[2m2026-04-14T18:02:06.126550Z[0m [32m INFO[0m [2mbevy_diagnostic[0m[2m:[0m started_load_count:   69.000000   (avg 69.000000)
[2m2026-04-14T18:02:07.124612Z[0m [32m INFO[0m [2mbevy_diagnostic[0m[2m:[0m started_load_count:   69.000000   (avg 69.000000)
[2m2026-04-14T18:02:08.124312Z[0m [32m INFO[0m [2mbevy_diagnostic[0m[2m:[0m started_load_count:   69.000000   (avg 69.000000)
[2m2026-04-14T18:02:09.148834Z[0m [32m INFO[0m [2mbevy_diagnostic[0m[2m:[0m started_load_count:   69.000000   (avg 69.000000)
[2m2026-04-14T18:02:10.157759Z[0m [32m INFO[0m [2mbevy_diagnostic[0m[2m:[0m started_load_count:   69.000000   (avg 69.000000)
[2m2026-04-14T18:02:11.142364Z[0m [32m INFO[0m [2mbevy_diagnostic[0m[2m:[0m started_load_count:   69.000000   (avg 69.000000)
[2m2026-04-14T18:02:12.142307Z[0m [32m INFO[0m [2mbevy_diagnostic[0m[2m:[0m started_load_count:   69.000000   (avg 69.000000)
[2m2026-04-14T18:02:13.139017Z[0m [32m INFO[0m [2mbevy_diagnostic[0m[2m:[0m started_load_count:   69.000000   (avg 69.000000)
[2m2026-04-14T18:02:14.138602Z[0m [32m INFO[0m [2mbevy_diagnostic[0m[2m:[0m started_load_count:   69.000000   (avg 69.000000)
[2m2026-04-14T18:02:15.139135Z[0m [32m INFO[0m [2mbevy_diagnostic[0m[2m:[0m started_load_count:   69.000000   (avg 69.000000)
[2m2026-04-14T18:02:16.158534Z[0m [32m INFO[0m [2mbevy_diagnostic[0m[2m:[0m started_load_count:   69.000000   (avg 69.000000)
[2m2026-04-14T18:02:17.161434Z[0m [32m INFO[0m [2mbevy_diagnostic[0m[2m:[0m started_load_count:   69.000000   (avg 69.000000)
[2m2026-04-14T18:02:18.158997Z[0m [32m INFO[0m [2mbevy_diagnostic[0m[2m:[0m started_load_count:   69.000000   (avg 69.000000)
[2m2026-04-14T18:02:19.163028Z[0m [32m INFO[0m [2mbevy_diagnostic[0m[2m:[0m started_load_count:   69.000000   (avg 69.000000)
[2m2026-04-14T18:02:20.156371Z[0m [32m INFO[0m [2mbevy_diagnostic[0m[2m:[0m started_load_count:   69.000000   (avg 69.000000)
[2m2026-04-14T18:02:21.158612Z[0m [32m INFO[0m [2mbevy_diagnostic[0m[2m:[0m started_load_count:   69.000000   (avg 69.000000)
[2m2026-04-14T18:02:22.159155Z[0m [32m INFO[0m [2mbevy_diagnostic[0m[2m:[0m started_load_count:   69.000000   (avg 69.000000)
[2m2026-04-14T18:02:23.157061Z[0m [32m INFO[0m [2mbevy_diagnostic[0m[2m:[0m started_load_count:   69.000000   (avg 69.000000)
[2m2026-04-14T18:02:24.158565Z[0m [32m INFO[0m [2mbevy_diagnostic[0m[2m:[0m started_load_count:   69.000000   (avg 69.000000)
[2m2026-04-14T18:02:25.159385Z[0m [32m INFO[0m [2mbevy_diagnostic[0m[2m:[0m started_load_count:   69.000000   (avg 69.000000)
[2m2026-04-14T18:02:26.162643Z[0m [32m INFO[0m [2mbevy_diagnostic[0m[2m:[0m started_load_count:   69.000000   (avg 69.000000)
[2m2026-04-14T18:02:27.190726Z[0m [32m INFO[0m [2mbevy_diagnostic[0m[2m:[0m started_load_count:   69.000000   (avg 69.000000)
[2m2026-04-14T18:02:28.204550Z[0m [32m INFO[0m [2mbevy_diagnostic[0m[2m:[0m started_load_count:   69.000000   (avg 69.000000)
[2m2026-04-14T18:02:29.208490Z[0m [32m INFO[0m [2mbevy_diagnostic[0m[2m:[0m started_load_count:   69.000000   (avg 69.000000)
[2m2026-04-14T18:02:30.208842Z[0m [32m INFO[0m [2mbevy_diagnostic[0m[2m:[0m started_load_count:   69.000000   (avg 69.000000)
[2m2026-04-14T18:02:31.206496Z[0m [32m INFO[0m [2mbevy_diagnostic[0m[2m:[0m started_load_count:   69.000000   (avg 69.000000)
[2m2026-04-14T18:02:32.205930Z[0m [32m INFO[0m [2mbevy_diagnostic[0m[2m:[0m started_load_count:   69.000000   (avg 69.000000)
[2m2026-04-14T18:02:33.205031Z[0m [32m INFO[0m [2mbevy_diagnostic[0m[2m:[0m started_load_count:   69.000000   (avg 69.000000)
[2m2026-04-14T18:02:34.207046Z[0m [32m INFO[0m [2mbevy_diagnostic[0m[2m:[0m started_load_count:   69.000000   (avg 69.000000)
[2m2026-04-14T18:02:35.210566Z[0m [32m INFO[0m [2mbevy_diagnostic[0m[2m:[0m started_load_count:   69.000000   (avg 69.000000)
[2m2026-04-14T18:02:36.205206Z[0m [32m INFO[0m [2mbevy_diagnostic[0m[2m:[0m started_load_count:   69.000000   (avg 69.000000)
[2m2026-04-14T18:02:37.207035Z[0m [32m INFO[0m [2mbevy_diagnostic[0m[2m:[0m started_load_count:   69.000000   (avg 69.000000)
[2m2026-04-14T18:02:38.207465Z[0m [32m INFO[0m [2mbevy_diagnostic[0m[2m:[0m started_load_count:   69.000000   (avg 69.000000)
[2m2026-04-14T18:02:39.209777Z[0m [32m INFO[0m [2mbevy_diagnostic[0m[2m:[0m started_load_count:   69.000000   (avg 69.000000)
[2m2026-04-14T18:02:40.212923Z[0m [32m INFO[0m [2mbevy_diagnostic[0m[2m:[0m started_load_count:   69.000000   (avg 69.000000)
[2m2026-04-14T18:02:41.209347Z[0m [32m INFO[0m [2mbevy_diagnostic[0m[2m:[0m started_load_count:   69.000000   (avg 69.000000)
[2m2026-04-14T18:02:42.210897Z[0m [32m INFO[0m [2mbevy_diagnostic[0m[2m:[0m started_load_count:   69.000000   (avg 69.000000)
[2m2026-04-14T18:02:43.213472Z[0m [32m INFO[0m [2mbevy_diagnostic[0m[2m:[0m started_load_count:   69.000000   (avg 69.000000)
[2m2026-04-14T18:02:44.207177Z[0m [32m INFO[0m [2mbevy_diagnostic[0m[2m:[0m started_load_count:   69.000000   (avg 69.000000)
[2m2026-04-14T18:02:45.208048Z[0m [32m INFO[0m [2mbevy_diagnostic[0m[2m:[0m started_load_count:   69.000000   (avg 69.000000)
[2m2026-04-14T18:02:46.205782Z[0m [32m INFO[0m [2mbevy_diagnostic[0m[2m:[0m started_load_count:   69.000000   (avg 69.000000)
[2m2026-04-14T18:02:47.207482Z[0m [32m INFO[0m [2madv_civ::civilization::concepts::movement::movement_systems[0m[2m:[0m Player Tutankhamun of Illyria has ended movement
[2m2026-04-14T18:02:47.208552Z[0m [32m INFO[0m [2mbevy_diagnostic[0m[2m:[0m started_load_count:   69.000000   (avg 69.000000)
[2m2026-04-14T18:02:48.206546Z[0m [32m INFO[0m [2mbevy_diagnostic[0m[2m:[0m started_load_count:   69.000000   (avg 69.000000)
[2m2026-04-14T18:02:49.215851Z[0m [32m INFO[0m [2mbevy_diagnostic[0m[2m:[0m started_load_count:   69.000000   (avg 69.000000)
[2m2026-04-14T18:02:50.212150Z[0m [32m INFO[0m [2mbevy_diagnostic[0m[2m:[0m started_load_count:   69.000000   (avg 69.000000)
[2m2026-04-14T18:02:51.228822Z[0m [32m INFO[0m [2mbevy_diagnostic[0m[2m:[0m started_load_count:   69.000000   (avg 69.000000)
[2m2026-04-14T18:02:52.226865Z[0m [32m INFO[0m [2mbevy_diagnostic[0m[2m:[0m started_load_count:   69.000000   (avg 69.000000)
[2m2026-04-14T18:02:53.226673Z[0m [32m INFO[0m [2mbevy_diagnostic[0m[2m:[0m started_load_count:   69.000000   (avg 69.000000)
[2m2026-04-14T18:02:54.223526Z[0m [32m INFO[0m [2mbevy_diagnostic[0m[2m:[0m started_load_count:   69.000000   (avg 69.000000)
[2m2026-04-14T18:02:55.226001Z[0m [32m INFO[0m [2mbevy_diagnostic[0m[2m:[0m started_load_count:   69.000000   (avg 69.000000)
[2m2026-04-14T18:02:56.226837Z[0m [32m INFO[0m [2mbevy_diagnostic[0m[2m:[0m started_load_count:   69.000000   (avg 69.000000)
[2m2026-04-14T18:02:57.224285Z[0m [32m INFO[0m [2mbevy_diagnostic[0m[2m:[0m started_load_count:   69.000000   (avg 69.000000)
[2m2026-04-14T18:02:58.225775Z[0m [32m INFO[0m [2mbevy_diagnostic[0m[2m:[0m started_load_count:   69.000000   (avg 69.000000)
[2m2026-04-14T18:02:59.225706Z[0m [32m INFO[0m [2mbevy_diagnostic[0m[2m:[0m started_load_count:   69.000000   (avg 69.000000)
[2m2026-04-14T18:03:00.222235Z[0m [32m INFO[0m [2mbevy_diagnostic[0m[2m:[0m started_load_count:   69.000000   (avg 69.000000)
[2m2026-04-14T18:03:01.226694Z[0m [32m INFO[0m [2mbevy_diagnostic[0m[2m:[0m started_load_count:   69.000000   (avg 69.000000)
[2m2026-04-14T18:03:02.224333Z[0m [32m INFO[0m [2mbevy_diagnostic[0m[2m:[0m started_load_count:   69.000000   (avg 69.000000)
[2m2026-04-14T18:03:03.217302Z[0m [32m INFO[0m [2mbevy_diagnostic[0m[2m:[0m started_load_count:   69.000000   (avg 69.000000)
[2m2026-04-14T18:03:04.227410Z[0m [32m INFO[0m [2mbevy_diagnostic[0m[2m:[0m started_load_count:   69.000000   (avg 69.000000)
[2m2026-04-14T18:03:05.229244Z[0m [32m INFO[0m [2mbevy_diagnostic[0m[2m:[0m started_load_count:   69.000000   (avg 69.000000)
[2m2026-04-14T18:03:06.224607Z[0m [32m INFO[0m [2mbevy_diagnostic[0m[2m:[0m started_load_count:   69.000000   (avg 69.000000)
[2m2026-04-14T18:03:07.224307Z[0m [32m INFO[0m [2mbevy_diagnostic[0m[2m:[0m started_load_count:   69.000000   (avg 69.000000)
[2m2026-04-14T18:03:08.226147Z[0m [32m INFO[0m [2mbevy_diagnostic[0m[2m:[0m started_load_count:   69.000000   (avg 69.000000)
[2m2026-04-14T18:03:09.226062Z[0m [32m INFO[0m [2mbevy_diagnostic[0m[2m:[0m started_load_count:   69.000000   (avg 69.000000)
[2m2026-04-14T18:03:10.223303Z[0m [32m INFO[0m [2mbevy_diagnostic[0m[2m:[0m started_load_count:   69.000000   (avg 69.000000)
[2m2026-04-14T18:03:11.228635Z[0m [32m INFO[0m [2mbevy_diagnostic[0m[2m:[0m started_load_count:   69.000000   (avg 69.000000)
[2m2026-04-14T18:03:12.225888Z[0m [32m INFO[0m [2mbevy_diagnostic[0m[2m:[0m started_load_count:   69.000000   (avg 69.000000)
[2m2026-04-14T18:03:13.225834Z[0m [32m INFO[0m [2madv_civ::civilization::concepts::movement::movement_systems[0m[2m:[0m Player Ramesses of Crete has ended movement
[2m2026-04-14T18:03:13.227058Z[0m [32m INFO[0m [2mbevy_diagnostic[0m[2m:[0m started_load_count:   69.000000   (avg 69.000000)
[2m2026-04-14T18:03:14.225697Z[0m [32m INFO[0m [2mbevy_diagnostic[0m[2m:[0m started_load_count:   69.000000   (avg 69.000000)
[2m2026-04-14T18:03:15.257288Z[0m [32m INFO[0m [2mbevy_diagnostic[0m[2m:[0m started_load_count:   69.000000   (avg 69.000000)
[2m2026-04-14T18:03:16.260217Z[0m [32m INFO[0m [2mbevy_diagnostic[0m[2m:[0m started_load_count:   69.000000   (avg 69.000000)
[2m2026-04-14T18:03:17.268998Z[0m [32m INFO[0m [2mbevy_diagnostic[0m[2m:[0m started_load_count:   69.000000   (avg 69.000000)
[2m2026-04-14T18:03:18.270176Z[0m [32m INFO[0m [2mbevy_diagnostic[0m[2m:[0m started_load_count:   69.000000   (avg 69.000000)
[2m2026-04-14T18:03:19.274873Z[0m [32m INFO[0m [2mbevy_diagnostic[0m[2m:[0m started_load_count:   69.000000   (avg 69.000000)
[2m2026-04-14T18:03:20.273930Z[0m [32m INFO[0m [2mbevy_diagnostic[0m[2m:[0m started_load_count:   69.000000   (avg 69.000000)
[2m2026-04-14T18:03:21.274815Z[0m [32m INFO[0m [2mbevy_diagnostic[0m[2m:[0m started_load_count:   69.000000   (avg 69.000000)
[2m2026-04-14T18:03:22.274367Z[0m [32m INFO[0m [2mbevy_diagnostic[0m[2m:[0m started_load_count:   69.000000   (avg 69.000000)
[2m2026-04-14T18:03:23.277119Z[0m [32m INFO[0m [2mbevy_diagnostic[0m[2m:[0m started_load_count:   69.000000   (avg 69.000000)
[2m2026-04-14T18:03:24.284693Z[0m [32m INFO[0m [2mbevy_diagnostic[0m[2m:[0m started_load_count:   69.000000   (avg 69.000000)
[2m2026-04-14T18:03:25.277746Z[0m [32m INFO[0m [2mbevy_diagnostic[0m[2m:[0m started_load_count:   69.000000   (avg 69.000000)
[2m2026-04-14T18:03:26.293055Z[0m [32m INFO[0m [2mbevy_diagnostic[0m[2m:[0m started_load_count:   69.000000   (avg 69.000000)
[2m2026-04-14T18:03:27.300141Z[0m [32m INFO[0m [2mbevy_diagnostic[0m[2m:[0m started_load_count:   69.000000   (avg 69.000000)
[2m2026-04-14T18:03:28.316371Z[0m [32m INFO[0m [2mbevy_diagnostic[0m[2m:[0m started_load_count:   69.000000   (avg 69.000000)
[2m2026-04-14T18:03:29.322766Z[0m [32m INFO[0m [2mbevy_diagnostic[0m[2m:[0m started_load_count:   69.000000   (avg 69.000000)
[2m2026-04-14T18:03:30.310209Z[0m [32m INFO[0m [2mbevy_diagnostic[0m[2m:[0m started_load_count:   69.000000   (avg 69.000000)
[2m2026-04-14T18:03:31.312623Z[0m [32m INFO[0m [2mbevy_diagnostic[0m[2m:[0m started_load_count:   69.000000   (avg 69.000000)
[2m2026-04-14T18:03:32.319909Z[0m [32m INFO[0m [2mbevy_diagnostic[0m[2m:[0m started_load_count:   69.000000   (avg 69.000000)
[2m2026-04-14T18:03:33.313139Z[0m [32m INFO[0m [2mbevy_diagnostic[0m[2m:[0m started_load_count:   69.000000   (avg 69.000000)
[2m2026-04-14T18:03:34.319974Z[0m [32m INFO[0m [2mbevy_diagnostic[0m[2m:[0m started_load_count:   69.000000   (avg 69.000000)
[2m2026-04-14T18:03:35.307198Z[0m [32m INFO[0m [2mbevy_diagnostic[0m[2m:[0m started_load_count:   69.000000   (avg 69.000000)
[2m2026-04-14T18:03:36.310944Z[0m [32m INFO[0m [2mbevy_diagnostic[0m[2m:[0m started_load_count:   69.000000   (avg 69.000000)
[2m2026-04-14T18:03:37.316058Z[0m [32m INFO[0m [2mbevy_diagnostic[0m[2m:[0m started_load_count:   69.000000   (avg 69.000000)
[2m2026-04-14T18:03:38.316975Z[0m [32m INFO[0m [2mbevy_diagnostic[0m[2m:[0m started_load_count:   69.000000   (avg 69.000000)
[2m2026-04-14T18:03:39.318073Z[0m [32m INFO[0m [2mbevy_diagnostic[0m[2m:[0m started_load_count:   69.000000   (avg 69.000000)
[2m2026-04-14T18:03:40.328078Z[0m [32m INFO[0m [2madv_civ::civilization::concepts::movement::movement_systems[0m[2m:[0m Player Alexander of Assyria has ended movement
[2m2026-04-14T18:03:40.329656Z[0m [32m INFO[0m [2mbevy_diagnostic[0m[2m:[0m started_load_count:   69.000000   (avg 69.000000)
[2m2026-04-14T18:03:41.344146Z[0m [32m INFO[0m [2mbevy_diagnostic[0m[2m:[0m started_load_count:   69.000000   (avg 69.000000)
[2m2026-04-14T18:03:42.341459Z[0m [32m INFO[0m [2mbevy_diagnostic[0m[2m:[0m started_load_count:   69.000000   (avg 69.000000)
[2m2026-04-14T18:03:43.340683Z[0m [32m INFO[0m [2mbevy_diagnostic[0m[2m:[0m started_load_count:   69.000000   (avg 69.000000)
[2m2026-04-14T18:03:44.349591Z[0m [32m INFO[0m [2mbevy_diagnostic[0m[2m:[0m started_load_count:   69.000000   (avg 69.000000)
[2m2026-04-14T18:03:45.357365Z[0m [32m INFO[0m [2madv_civ::civilization::concepts::movement::movement_systems[0m[2m:[0m Player Leonidas of Iberia has ended movement
[2m2026-04-14T18:03:45.358509Z[0m [32m INFO[0m [2mbevy_diagnostic[0m[2m:[0m started_load_count:   69.000000   (avg 69.000000)
[2m2026-04-14T18:03:46.359240Z[0m [32m INFO[0m [2mbevy_diagnostic[0m[2m:[0m started_load_count:   69.000000   (avg 69.000000)
[2m2026-04-14T18:03:47.358919Z[0m [32m INFO[0m [2mbevy_diagnostic[0m[2m:[0m started_load_count:   69.000000   (avg 69.000000)
[2m2026-04-14T18:03:48.357630Z[0m [32m INFO[0m [2mbevy_diagnostic[0m[2m:[0m started_load_count:   69.000000   (avg 69.000000)
[2m2026-04-14T18:03:49.358685Z[0m [32m INFO[0m [2mbevy_diagnostic[0m[2m:[0m started_load_count:   69.000000   (avg 69.000000)
[2m2026-04-14T18:03:50.367810Z[0m [32m INFO[0m [2mbevy_diagnostic[0m[2m:[0m started_load_count:   69.000000   (avg 69.000000)
[2m2026-04-14T18:03:51.374462Z[0m [32m INFO[0m [2mbevy_diagnostic[0m[2m:[0m started_load_count:   69.000000   (avg 69.000000)
[2m2026-04-14T18:03:52.373489Z[0m [32m INFO[0m [2mbevy_diagnostic[0m[2m:[0m started_load_count:   69.000000   (avg 69.000000)
[2m2026-04-14T18:03:53.373002Z[0m [32m INFO[0m [2mbevy_diagnostic[0m[2m:[0m started_load_count:   69.000000   (avg 69.000000)
[2m2026-04-14T18:03:54.373880Z[0m [32m INFO[0m [2mbevy_diagnostic[0m[2m:[0m started_load_count:   69.000000   (avg 69.000000)
[2m2026-04-14T18:03:55.374693Z[0m [32m INFO[0m [2mbevy_diagnostic[0m[2m:[0m started_load_count:   69.000000   (avg 69.000000)
[2m2026-04-14T18:03:56.384961Z[0m [32m INFO[0m [2mbevy_diagnostic[0m[2m:[0m started_load_count:   69.000000   (avg 69.000000)
[2m2026-04-14T18:03:57.391568Z[0m [32m INFO[0m [2mbevy_diagnostic[0m[2m:[0m started_load_count:   69.000000   (avg 69.000000)
[2m2026-04-14T18:03:58.393388Z[0m [32m INFO[0m [2mbevy_diagnostic[0m[2m:[0m started_load_count:   69.000000   (avg 69.000000)
[2m2026-04-14T18:03:59.393795Z[0m [32m INFO[0m [2mbevy_diagnostic[0m[2m:[0m started_load_count:   69.000000   (avg 69.000000)
[2m2026-04-14T18:04:00.388311Z[0m [32m INFO[0m [2mbevy_diagnostic[0m[2m:[0m started_load_count:   69.000000   (avg 69.000000)
[2m2026-04-14T18:04:01.391489Z[0m [32m INFO[0m [2mbevy_diagnostic[0m[2m:[0m started_load_count:   69.000000   (avg 69.000000)
[2m2026-04-14T18:04:02.394120Z[0m [32m INFO[0m [2mbevy_diagnostic[0m[2m:[0m started_load_count:   69.000000   (avg 69.000000)
[2m2026-04-14T18:04:03.394998Z[0m [32m INFO[0m [2mbevy_diagnostic[0m[2m:[0m started_load_count:   69.000000   (avg 69.000000)
[2m2026-04-14T18:04:04.400112Z[0m [32m INFO[0m [2mbevy_diagnostic[0m[2m:[0m started_load_count:   69.000000   (avg 69.000000)
[2m2026-04-14T18:04:05.406967Z[0m [32m INFO[0m [2mbevy_diagnostic[0m[2m:[0m started_load_count:   69.000000   (avg 69.000000)
[2m2026-04-14T18:04:06.406163Z[0m [32m INFO[0m [2mbevy_diagnostic[0m[2m:[0m started_load_count:   69.000000   (avg 69.000000)
[2m2026-04-14T18:04:07.411886Z[0m [32m INFO[0m [2mbevy_diagnostic[0m[2m:[0m started_load_count:   69.000000   (avg 69.000000)
[2m2026-04-14T18:04:08.407400Z[0m [32m INFO[0m [2mbevy_diagnostic[0m[2m:[0m started_load_count:   69.000000   (avg 69.000000)
[2m2026-04-14T18:04:09.410250Z[0m [32m INFO[0m [2mbevy_diagnostic[0m[2m:[0m started_load_count:   69.000000   (avg 69.000000)
[2m2026-04-14T18:04:10.406365Z[0m [32m INFO[0m [2mbevy_diagnostic[0m[2m:[0m started_load_count:   69.000000   (avg 69.000000)
[2m2026-04-14T18:04:11.406843Z[0m [32m INFO[0m [2mbevy_diagnostic[0m[2m:[0m started_load_count:   69.000000   (avg 69.000000)
[2m2026-04-14T18:04:12.415186Z[0m [32m INFO[0m [2mbevy_diagnostic[0m[2m:[0m started_load_count:   69.000000   (avg 69.000000)
[2m2026-04-14T18:04:13.423702Z[0m [32m INFO[0m [2madv_civ::civilization::concepts::movement::movement_systems[0m[2m:[0m Player Pericles of Babylon has ended movement
[2m2026-04-14T18:04:13.424021Z[0m [32m INFO[0m [2madv_civ::civilization::concepts::movement::movement_systems[0m[2m:[0m No more players to move, transitioning to Conflict
[2m2026-04-14T18:04:13.425086Z[0m [32m INFO[0m [2mbevy_diagnostic[0m[2m:[0m started_load_count:   69.000000   (avg 69.000000)
[2m2026-04-14T18:04:14.421874Z[0m [32m INFO[0m [2madv_civ::civilization::concepts::conflict::conflict_systems[0m[2m:[0m Found 6 conflicts, remaining in Conflict
[2m2026-04-14T18:04:14.421905Z[0m [32m INFO[0m [2madv_civ::civilization::concepts::conflict::conflict_triggers[0m[2m:[0m [CONFLICT] Regular conflict in '7:Joppa': 3 players, 5 tokens, max_pop=3, conflicts_pending=6, human_involved=false
[2m2026-04-14T18:04:14.421917Z[0m [32m INFO[0m [2madv_civ::civilization::concepts::conflict::conflict_triggers[0m[2m:[0m   Player 1 (523v0): 3 tokens
[2m2026-04-14T18:04:14.421922Z[0m [32m INFO[0m [2madv_civ::civilization::concepts::conflict::conflict_triggers[0m[2m:[0m   Player 2 (401v0): 1 tokens
[2m2026-04-14T18:04:14.421924Z[0m [32m INFO[0m [2madv_civ::civilization::concepts::conflict::conflict_triggers[0m[2m:[0m   Player 3 (279v0): 1 tokens
[2m2026-04-14T18:04:14.421934Z[0m [32m INFO[0m [2madv_civ::civilization::concepts::conflict::conflict_triggers[0m[2m:[0m [CONFLICT] Resolved '7:Joppa' via unequal_lengths: 3 tokens remaining (was 5)
[2m2026-04-14T18:04:14.421936Z[0m [32m INFO[0m [2madv_civ::civilization::concepts::conflict::conflict_triggers[0m[2m:[0m [CONFLICT] Conflicts remaining: 5
[2m2026-04-14T18:04:14.421976Z[0m [32m INFO[0m [2madv_civ::civilization::concepts::conflict::conflict_triggers[0m[2m:[0m [CONFLICT] Regular conflict in '49:Gaza': 2 players, 3 tokens, max_pop=1, conflicts_pending=5, human_involved=false
[2m2026-04-14T18:04:14.421981Z[0m [32m INFO[0m [2madv_civ::civilization::concepts::conflict::conflict_triggers[0m[2m:[0m   Player 1 (401v0): 2 tokens
[2m2026-04-14T18:04:14.421984Z[0m [32m INFO[0m [2madv_civ::civilization::concepts::conflict::conflict_triggers[0m[2m:[0m   Player 2 (279v0): 1 tokens
[2m2026-04-14T18:04:14.421989Z[0m [32m INFO[0m [2madv_civ::civilization::concepts::conflict::conflict_triggers[0m[2m:[0m [CONFLICT] Resolved '49:Gaza' via max_pop=1: 2 tokens remaining (was 3)
[2m2026-04-14T18:04:14.421992Z[0m [32m INFO[0m [2madv_civ::civilization::concepts::conflict::conflict_triggers[0m[2m:[0m [CONFLICT] Conflicts remaining: 4
[2m2026-04-14T18:04:14.422005Z[0m [32m INFO[0m [2madv_civ::civilization::concepts::conflict::conflict_triggers[0m[2m:[0m [CONFLICT] Regular conflict in '4:Megiddo': 2 players, 12 tokens, max_pop=3, conflicts_pending=4, human_involved=false
[2m2026-04-14T18:04:14.422009Z[0m [32m INFO[0m [2madv_civ::civilization::concepts::conflict::conflict_triggers[0m[2m:[0m   Player 1 (523v0): 11 tokens
[2m2026-04-14T18:04:14.422011Z[0m [32m INFO[0m [2madv_civ::civilization::concepts::conflict::conflict_triggers[0m[2m:[0m   Player 2 (279v0): 1 tokens
[2m2026-04-14T18:04:14.422013Z[0m [32m INFO[0m [2madv_civ::civilization::concepts::conflict::conflict_triggers[0m[2m:[0m [CONFLICT] Resolved '4:Megiddo' via unequal_lengths: 11 tokens remaining (was 12)
[2m2026-04-14T18:04:14.422016Z[0m [32m INFO[0m [2madv_civ::civilization::concepts::conflict::conflict_triggers[0m[2m:[0m [CONFLICT] Conflicts remaining: 3
[2m2026-04-14T18:04:14.422026Z[0m [32m INFO[0m [2madv_civ::civilization::concepts::conflict::conflict_triggers[0m[2m:[0m [CONFLICT] Regular conflict in '23:Jerusalem': 2 players, 2 tokens, max_pop=1, conflicts_pending=3, human_involved=false
[2m2026-04-14T18:04:14.422032Z[0m [32m INFO[0m [2madv_civ::civilization::concepts::conflict::conflict_triggers[0m[2m:[0m   Player 1 (340v0): 1 tokens
[2m2026-04-14T18:04:14.422034Z[0m [32m INFO[0m [2madv_civ::civilization::concepts::conflict::conflict_triggers[0m[2m:[0m   Player 2 (706v0): 1 tokens
[2m2026-04-14T18:04:14.422040Z[0m [32m INFO[0m [2madv_civ::civilization::concepts::conflict::conflict_triggers[0m[2m:[0m [CONFLICT] Resolved '23:Jerusalem' via max_pop=1: 0 tokens remaining (was 2)
[2m2026-04-14T18:04:14.422043Z[0m [32m INFO[0m [2madv_civ::civilization::concepts::conflict::conflict_triggers[0m[2m:[0m [CONFLICT] Conflicts remaining: 2
[2m2026-04-14T18:04:14.422063Z[0m [32m INFO[0m [2madv_civ::civilization::concepts::conflict::conflict_triggers[0m[2m:[0m [CONFLICT] Regular conflict in '48:Athribis': 2 players, 2 tokens, max_pop=1, conflicts_pending=2, human_involved=false
[2m2026-04-14T18:04:14.422070Z[0m [32m INFO[0m [2madv_civ::civilization::concepts::conflict::conflict_triggers[0m[2m:[0m   Player 1 (401v0): 1 tokens
[2m2026-04-14T18:04:14.422073Z[0m [32m INFO[0m [2madv_civ::civilization::concepts::conflict::conflict_triggers[0m[2m:[0m   Player 2 (279v0): 1 tokens
[2m2026-04-14T18:04:14.422076Z[0m [32m INFO[0m [2madv_civ::civilization::concepts::conflict::conflict_triggers[0m[2m:[0m [CONFLICT] Resolved '48:Athribis' via max_pop=1: 0 tokens remaining (was 2)
[2m2026-04-14T18:04:14.422079Z[0m [32m INFO[0m [2madv_civ::civilization::concepts::conflict::conflict_triggers[0m[2m:[0m [CONFLICT] Conflicts remaining: 1
[2m2026-04-14T18:04:14.422096Z[0m [32m INFO[0m [2madv_civ::civilization::concepts::conflict::conflict_triggers[0m[2m:[0m [CONFLICT] Regular conflict in '37:Hattusa': 2 players, 4 tokens, max_pop=2, conflicts_pending=1, human_involved=false
[2m2026-04-14T18:04:14.422100Z[0m [32m INFO[0m [2madv_civ::civilization::concepts::conflict::conflict_triggers[0m[2m:[0m   Player 1 (401v0): 2 tokens
[2m2026-04-14T18:04:14.422102Z[0m [32m INFO[0m [2madv_civ::civilization::concepts::conflict::conflict_triggers[0m[2m:[0m   Player 2 (706v0): 2 tokens
[2m2026-04-14T18:04:14.422105Z[0m [32m INFO[0m [2madv_civ::civilization::concepts::conflict::conflict_triggers[0m[2m:[0m [CONFLICT] Resolved '37:Hattusa' via all_lengths_equal: 2 tokens remaining (was 4)
[2m2026-04-14T18:04:14.422107Z[0m [32m INFO[0m [2madv_civ::civilization::concepts::conflict::conflict_triggers[0m[2m:[0m [CONFLICT] Conflicts remaining: 0
[2m2026-04-14T18:04:14.422108Z[0m [32m INFO[0m [2madv_civ::civilization::concepts::conflict::conflict_triggers[0m[2m:[0m [CONFLICT] All conflicts resolved, transitioning to CityConstruction
[2m2026-04-14T18:04:14.424079Z[0m [32m INFO[0m [2mbevy_diagnostic[0m[2m:[0m started_load_count:   69.000000   (avg 69.000000)
[2m2026-04-14T18:04:15.421434Z[0m [32m INFO[0m [2madv_civ::civilization::concepts::city_construction::city_construction_systems[0m[2m:[0m [CITY_CONSTRUCTION] Entering city construction phase
[2m2026-04-14T18:04:15.421443Z[0m [32m INFO[0m [2madv_civ::civilization::concepts::city_construction::city_construction_systems[0m[2m:[0m [CITY_CONSTRUCTION] LoadingFromSave present: false
[2m2026-04-14T18:04:15.421446Z[0m [32m INFO[0m [2madv_civ::civilization::concepts::city_construction::city_construction_systems[0m[2m:[0m [CITY_CONSTRUCTION] Total players: 8
[2m2026-04-14T18:04:15.421448Z[0m [32m INFO[0m [2madv_civ::civilization::concepts::city_construction::city_construction_systems[0m[2m:[0m [CITY_CONSTRUCTION] Marking Crete for building
[2m2026-04-14T18:04:15.421470Z[0m [32m INFO[0m [2madv_civ::civilization::concepts::city_construction::city_construction_systems[0m[2m:[0m [CITY_CONSTRUCTION] Marking Iberia for building
[2m2026-04-14T18:04:15.421472Z[0m [32m INFO[0m [2madv_civ::civilization::concepts::city_construction::city_construction_systems[0m[2m:[0m [CITY_CONSTRUCTION] Marking Assyria for building
[2m2026-04-14T18:04:15.421473Z[0m [32m INFO[0m [2madv_civ::civilization::concepts::city_construction::city_construction_systems[0m[2m:[0m [CITY_CONSTRUCTION] Marking Asia for building
[2m2026-04-14T18:04:15.421475Z[0m [32m INFO[0m [2madv_civ::civilization::concepts::city_construction::city_construction_systems[0m[2m:[0m [CITY_CONSTRUCTION] Marking Africa for building
[2m2026-04-14T18:04:15.421476Z[0m [32m INFO[0m [2madv_civ::civilization::concepts::city_construction::city_construction_systems[0m[2m:[0m [CITY_CONSTRUCTION] Marking Thrace for building
[2m2026-04-14T18:04:15.421478Z[0m [32m INFO[0m [2madv_civ::civilization::concepts::city_construction::city_construction_systems[0m[2m:[0m [CITY_CONSTRUCTION] Marking Illyria for building
[2m2026-04-14T18:04:15.421480Z[0m [32m INFO[0m [2madv_civ::civilization::concepts::city_construction::city_construction_systems[0m[2m:[0m [CITY_CONSTRUCTION] Marking Babylon for building
[2m2026-04-14T18:04:15.421482Z[0m [32m INFO[0m [2madv_civ::civilization::concepts::city_construction::city_construction_systems[0m[2m:[0m [CITY_CONSTRUCTION] Summary: 8 marked for building, 0 skipped
[2m2026-04-14T18:04:15.421484Z[0m [32m INFO[0m [2madv_civ::civilization::concepts::city_construction::city_construction_systems[0m[2m:[0m [CITY_CONSTRUCTION] Inserted CityConstructionPhaseActive resource
[2m2026-04-14T18:04:15.425361Z[0m [32m INFO[0m [2mbevy_diagnostic[0m[2m:[0m started_load_count:   69.000000   (avg 69.000000)
[2m2026-04-14T18:04:16.424141Z[0m [32m INFO[0m [2madv_civ::civilization::concepts::city_construction::city_construction_systems[0m[2m:[0m [CITY_CONSTRUCTION] Gate: No players with IsBuilding, transitioning to RemoveSurplusPopulation
[2m2026-04-14T18:04:16.425463Z[0m [32m INFO[0m [2mbevy_diagnostic[0m[2m:[0m started_load_count:   69.000000   (avg 69.000000)
[2m2026-04-14T18:04:17.424073Z[0m [32m INFO[0m [2madv_civ::civilization::concepts::remove_surplus_population::remove_surplus_systems[0m[2m:[0m [SURPLUS] '108:Rhodes' has surplus: total=5, max=2, surplus=3, players=1, has_city=false
[2m2026-04-14T18:04:17.424089Z[0m [32m INFO[0m [2madv_civ::civilization::concepts::remove_surplus_population::remove_surplus_systems[0m[2m:[0m [SURPLUS] '108:Rhodes': Removing surplus tokens from single-player area
[2m2026-04-14T18:04:17.424097Z[0m [32m INFO[0m [2madv_civ::civilization::concepts::remove_surplus_population::remove_surplus_systems[0m[2m:[0m [SURPLUS] '108:Rhodes': After removal: 5 -> 2 tokens, surplus=0
[2m2026-04-14T18:04:17.424102Z[0m [32m INFO[0m [2madv_civ::civilization::concepts::remove_surplus_population::remove_surplus_systems[0m[2m:[0m [SURPLUS] '71:Tarsus' has surplus: total=3, max=1, surplus=2, players=1, has_city=false
[2m2026-04-14T18:04:17.424104Z[0m [32m INFO[0m [2madv_civ::civilization::concepts::remove_surplus_population::remove_surplus_systems[0m[2m:[0m [SURPLUS] '71:Tarsus': Removing surplus tokens from single-player area
[2m2026-04-14T18:04:17.424106Z[0m [32m INFO[0m [2madv_civ::civilization::concepts::remove_surplus_population::remove_surplus_systems[0m[2m:[0m [SURPLUS] '71:Tarsus': After removal: 3 -> 1 tokens, surplus=0
[2m2026-04-14T18:04:17.424108Z[0m [32m INFO[0m [2madv_civ::civilization::concepts::remove_surplus_population::remove_surplus_systems[0m[2m:[0m [SURPLUS] '88:Carthage' has surplus: total=3, max=2, surplus=1, players=1, has_city=false
[2m2026-04-14T18:04:17.424110Z[0m [32m INFO[0m [2madv_civ::civilization::concepts::remove_surplus_population::remove_surplus_systems[0m[2m:[0m [SURPLUS] '88:Carthage': Removing surplus tokens from single-player area
[2m2026-04-14T18:04:17.424112Z[0m [32m INFO[0m [2madv_civ::civilization::concepts::remove_surplus_population::remove_surplus_systems[0m[2m:[0m [SURPLUS] '88:Carthage': After removal: 3 -> 2 tokens, surplus=0
[2m2026-04-14T18:04:17.424119Z[0m [32m INFO[0m [2madv_civ::civilization::concepts::remove_surplus_population::remove_surplus_systems[0m[2m:[0m [SURPLUS] '147:Aquileia' has surplus: total=3, max=1, surplus=2, players=1, has_city=false
[2m2026-04-14T18:04:17.424122Z[0m [32m INFO[0m [2madv_civ::civilization::concepts::remove_surplus_population::remove_surplus_systems[0m[2m:[0m [SURPLUS] '147:Aquileia': Removing surplus tokens from single-player area
[2m2026-04-14T18:04:17.424125Z[0m [32m INFO[0m [2madv_civ::civilization::concepts::remove_surplus_population::remove_surplus_systems[0m[2m:[0m [SURPLUS] '147:Aquileia': After removal: 3 -> 1 tokens, surplus=0
[2m2026-04-14T18:04:17.424133Z[0m [32m INFO[0m [2madv_civ::civilization::concepts::remove_surplus_population::remove_surplus_systems[0m[2m:[0m [SURPLUS] '8:Trebizond' has surplus: total=2, max=1, surplus=1, players=1, has_city=false
[2m2026-04-14T18:04:17.424135Z[0m [32m INFO[0m [2madv_civ::civilization::concepts::remove_surplus_population::remove_surplus_systems[0m[2m:[0m [SURPLUS] '8:Trebizond': Removing surplus tokens from single-player area
[2m2026-04-14T18:04:17.424138Z[0m [32m INFO[0m [2madv_civ::civilization::concepts::remove_surplus_population::remove_surplus_systems[0m[2m:[0m [SURPLUS] '8:Trebizond': After removal: 2 -> 1 tokens, surplus=0
[2m2026-04-14T18:04:17.424140Z[0m [32m INFO[0m [2madv_civ::civilization::concepts::remove_surplus_population::remove_surplus_systems[0m[2m:[0m [SURPLUS] '24:Ascalon' has surplus: total=2, max=1, surplus=1, players=1, has_city=false
[2m2026-04-14T18:04:17.424142Z[0m [32m INFO[0m [2madv_civ::civilization::concepts::remove_surplus_population::remove_surplus_systems[0m[2m:[0m [SURPLUS] '24:Ascalon': Removing surplus tokens from single-player area
[2m2026-04-14T18:04:17.424145Z[0m [32m INFO[0m [2madv_civ::civilization::concepts::remove_surplus_population::remove_surplus_systems[0m[2m:[0m [SURPLUS] '24:Ascalon': After removal: 2 -> 1 tokens, surplus=0
[2m2026-04-14T18:04:17.424148Z[0m [32m INFO[0m [2madv_civ::civilization::concepts::remove_surplus_population::remove_surplus_systems[0m[2m:[0m [SURPLUS] '42:Potidaea' has surplus: total=2, max=1, surplus=1, players=1, has_city=false
[2m2026-04-14T18:04:17.424168Z[0m [32m INFO[0m [2madv_civ::civilization::concepts::remove_surplus_population::remove_surplus_systems[0m[2m:[0m [SURPLUS] '42:Potidaea': Removing surplus tokens from single-player area
[2m2026-04-14T18:04:17.424170Z[0m [32m INFO[0m [2madv_civ::civilization::concepts::remove_surplus_population::remove_surplus_systems[0m[2m:[0m [SURPLUS] '42:Potidaea': After removal: 2 -> 1 tokens, surplus=0
[2m2026-04-14T18:04:17.424172Z[0m [32m INFO[0m [2madv_civ::civilization::concepts::remove_surplus_population::remove_surplus_systems[0m[2m:[0m [SURPLUS] '6:Saguntum' has surplus: total=2, max=1, surplus=1, players=1, has_city=false
[2m2026-04-14T18:04:17.424174Z[0m [32m INFO[0m [2madv_civ::civilization::concepts::remove_surplus_population::remove_surplus_systems[0m[2m:[0m [SURPLUS] '6:Saguntum': Removing surplus tokens from single-player area
[2m2026-04-14T18:04:17.424193Z[0m [32m INFO[0m [2madv_civ::civilization::concepts::remove_surplus_population::remove_surplus_systems[0m[2m:[0m [SURPLUS] '6:Saguntum': After removal: 2 -> 1 tokens, surplus=0
[2m2026-04-14T18:04:17.424196Z[0m [32m INFO[0m [2madv_civ::civilization::concepts::remove_surplus_population::remove_surplus_systems[0m[2m:[0m [SURPLUS] '126:Homs' has surplus: total=3, max=1, surplus=2, players=1, has_city=false
[2m2026-04-14T18:04:17.424199Z[0m [32m INFO[0m [2madv_civ::civilization::concepts::remove_surplus_population::remove_surplus_systems[0m[2m:[0m [SURPLUS] '126:Homs': Removing surplus tokens from single-player area
[2m2026-04-14T18:04:17.424202Z[0m [32m INFO[0m [2madv_civ::civilization::concepts::remove_surplus_population::remove_surplus_systems[0m[2m:[0m [SURPLUS] '126:Homs': After removal: 3 -> 1 tokens, surplus=0
[2m2026-04-14T18:04:17.424206Z[0m [32m INFO[0m [2madv_civ::civilization::concepts::remove_surplus_population::remove_surplus_systems[0m[2m:[0m [SURPLUS] '122:Teotoburgum' has surplus: total=2, max=1, surplus=1, players=1, has_city=false
[2m2026-04-14T18:04:17.424209Z[0m [32m INFO[0m [2madv_civ::civilization::concepts::remove_surplus_population::remove_surplus_systems[0m[2m:[0m [SURPLUS] '122:Teotoburgum': Removing surplus tokens from single-player area
[2m2026-04-14T18:04:17.424212Z[0m [32m INFO[0m [2madv_civ::civilization::concepts::remove_surplus_population::remove_surplus_systems[0m[2m:[0m [SURPLUS] '122:Teotoburgum': After removal: 2 -> 1 tokens, surplus=0
[2m2026-04-14T18:04:17.424223Z[0m [32m INFO[0m [2madv_civ::civilization::concepts::remove_surplus_population::remove_surplus_systems[0m[2m:[0m [SURPLUS] '14:Petra' has surplus: total=2, max=1, surplus=1, players=1, has_city=false
[2m2026-04-14T18:04:17.424225Z[0m [32m INFO[0m [2madv_civ::civilization::concepts::remove_surplus_population::remove_surplus_systems[0m[2m:[0m [SURPLUS] '14:Petra': Removing surplus tokens from single-player area
[2m2026-04-14T18:04:17.424228Z[0m [32m INFO[0m [2madv_civ::civilization::concepts::remove_surplus_population::remove_surplus_systems[0m[2m:[0m [SURPLUS] '14:Petra': After removal: 2 -> 1 tokens, surplus=0
[2m2026-04-14T18:04:17.424231Z[0m [32m INFO[0m [2madv_civ::civilization::concepts::remove_surplus_population::remove_surplus_systems[0m[2m:[0m [SURPLUS] '44:Beroea' has surplus: total=3, max=1, surplus=2, players=1, has_city=false
[2m2026-04-14T18:04:17.424232Z[0m [32m INFO[0m [2madv_civ::civilization::concepts::remove_surplus_population::remove_surplus_systems[0m[2m:[0m [SURPLUS] '44:Beroea': Removing surplus tokens from single-player area
[2m2026-04-14T18:04:17.424234Z[0m [32m INFO[0m [2madv_civ::civilization::concepts::remove_surplus_population::remove_surplus_systems[0m[2m:[0m [SURPLUS] '44:Beroea': After removal: 3 -> 1 tokens, surplus=0
[2m2026-04-14T18:04:17.424237Z[0m [32m INFO[0m [2madv_civ::civilization::concepts::remove_surplus_population::remove_surplus_systems[0m[2m:[0m [SURPLUS] '49:Gaza' has surplus: total=2, max=1, surplus=1, players=1, has_city=false
[2m2026-04-14T18:04:17.424241Z[0m [32m INFO[0m [2madv_civ::civilization::concepts::remove_surplus_population::remove_surplus_systems[0m[2m:[0m [SURPLUS] '49:Gaza': Removing surplus tokens from single-player area
[2m2026-04-14T18:04:17.424244Z[0m [32m INFO[0m [2madv_civ::civilization::concepts::remove_surplus_population::remove_surplus_systems[0m[2m:[0m [SURPLUS] '49:Gaza': After removal: 2 -> 1 tokens, surplus=0
[2m2026-04-14T18:04:17.424247Z[0m [32m INFO[0m [2madv_civ::civilization::concepts::remove_surplus_population::remove_surplus_systems[0m[2m:[0m [SURPLUS] '25:Alexandria' has surplus: total=2, max=1, surplus=1, players=1, has_city=false
[2m2026-04-14T18:04:17.424250Z[0m [32m INFO[0m [2madv_civ::civilization::concepts::remove_surplus_population::remove_surplus_systems[0m[2m:[0m [SURPLUS] '25:Alexandria': Removing surplus tokens from single-player area
[2m2026-04-14T18:04:17.424253Z[0m [32m INFO[0m [2madv_civ::civilization::concepts::remove_surplus_population::remove_surplus_systems[0m[2m:[0m [SURPLUS] '25:Alexandria': After removal: 2 -> 1 tokens, surplus=0
[2m2026-04-14T18:04:17.424261Z[0m [32m INFO[0m [2madv_civ::civilization::concepts::remove_surplus_population::remove_surplus_systems[0m[2m:[0m [SURPLUS] '94:Amphipolis' has surplus: total=4, max=2, surplus=2, players=1, has_city=false
[2m2026-04-14T18:04:17.424264Z[0m [32m INFO[0m [2madv_civ::civilization::concepts::remove_surplus_population::remove_surplus_systems[0m[2m:[0m [SURPLUS] '94:Amphipolis': Removing surplus tokens from single-player area
[2m2026-04-14T18:04:17.424267Z[0m [32m INFO[0m [2madv_civ::civilization::concepts::remove_surplus_population::remove_surplus_systems[0m[2m:[0m [SURPLUS] '94:Amphipolis': After removal: 4 -> 2 tokens, surplus=0
[2m2026-04-14T18:04:17.424271Z[0m [32m INFO[0m [2madv_civ::civilization::concepts::remove_surplus_population::remove_surplus_systems[0m[2m:[0m [SURPLUS] '4:Megiddo' has surplus: total=11, max=3, surplus=8, players=1, has_city=false
[2m2026-04-14T18:04:17.424274Z[0m [32m INFO[0m [2madv_civ::civilization::concepts::remove_surplus_population::remove_surplus_systems[0m[2m:[0m [SURPLUS] '4:Megiddo': Removing surplus tokens from single-player area
[2m2026-04-14T18:04:17.424278Z[0m [32m INFO[0m [2madv_civ::civilization::concepts::remove_surplus_population::remove_surplus_systems[0m[2m:[0m [SURPLUS] '4:Megiddo': After removal: 11 -> 3 tokens, surplus=0
[2m2026-04-14T18:04:17.424282Z[0m [32m INFO[0m [2madv_civ::civilization::concepts::remove_surplus_population::remove_surplus_systems[0m[2m:[0m [SURPLUS] '31:Polis' has surplus: total=2, max=1, surplus=1, players=1, has_city=false
[2m2026-04-14T18:04:17.424285Z[0m [32m INFO[0m [2madv_civ::civilization::concepts::remove_surplus_population::remove_surplus_systems[0m[2m:[0m [SURPLUS] '31:Polis': Removing surplus tokens from single-player area
[2m2026-04-14T18:04:17.424288Z[0m [32m INFO[0m [2madv_civ::civilization::concepts::remove_surplus_population::remove_surplus_systems[0m[2m:[0m [SURPLUS] '31:Polis': After removal: 2 -> 1 tokens, surplus=0
[2m2026-04-14T18:04:17.424294Z[0m [32m INFO[0m [2madv_civ::civilization::concepts::remove_surplus_population::remove_surplus_systems[0m[2m:[0m [SURPLUS] '62:Neapolis' has surplus: total=8, max=4, surplus=4, players=1, has_city=false
[2m2026-04-14T18:04:17.424297Z[0m [32m INFO[0m [2madv_civ::civilization::concepts::remove_surplus_population::remove_surplus_systems[0m[2m:[0m [SURPLUS] '62:Neapolis': Removing surplus tokens from single-player area
[2m2026-04-14T18:04:17.424300Z[0m [32m INFO[0m [2madv_civ::civilization::concepts::remove_surplus_population::remove_surplus_systems[0m[2m:[0m [SURPLUS] '62:Neapolis': After removal: 8 -> 4 tokens, surplus=0
[2m2026-04-14T18:04:17.424305Z[0m [32m INFO[0m [2madv_civ::civilization::concepts::remove_surplus_population::remove_surplus_systems[0m[2m:[0m [SURPLUS] '101:Marsa Matruh' has surplus: total=4, max=2, surplus=2, players=1, has_city=false
[2m2026-04-14T18:04:17.424309Z[0m [32m INFO[0m [2madv_civ::civilization::concepts::remove_surplus_population::remove_surplus_systems[0m[2m:[0m [SURPLUS] '101:Marsa Matruh': Removing surplus tokens from single-player area
[2m2026-04-14T18:04:17.424312Z[0m [32m INFO[0m [2madv_civ::civilization::concepts::remove_surplus_population::remove_surplus_systems[0m[2m:[0m [SURPLUS] '101:Marsa Matruh': After removal: 4 -> 2 tokens, surplus=0
[2m2026-04-14T18:04:17.424316Z[0m [32m INFO[0m [2madv_civ::civilization::concepts::remove_surplus_population::remove_surplus_systems[0m[2m:[0m [SURPLUS] '28:Edessa' has surplus: total=4, max=2, surplus=2, players=1, has_city=false
[2m2026-04-14T18:04:17.424319Z[0m [32m INFO[0m [2madv_civ::civilization::concepts::remove_surplus_population::remove_surplus_systems[0m[2m:[0m [SURPLUS] '28:Edessa': Removing surplus tokens from single-player area
[2m2026-04-14T18:04:17.424323Z[0m [32m INFO[0m [2madv_civ::civilization::concepts::remove_surplus_population::remove_surplus_systems[0m[2m:[0m [SURPLUS] '28:Edessa': After removal: 4 -> 2 tokens, surplus=0
[2m2026-04-14T18:04:17.424326Z[0m [32m INFO[0m [2madv_civ::civilization::concepts::remove_surplus_population::remove_surplus_systems[0m[2m:[0m [SURPLUS] '110:Nemausus' has surplus: total=4, max=2, surplus=2, players=1, has_city=false
[2m2026-04-14T18:04:17.424329Z[0m [32m INFO[0m [2madv_civ::civilization::concepts::remove_surplus_population::remove_surplus_systems[0m[2m:[0m [SURPLUS] '110:Nemausus': Removing surplus tokens from single-player area
[2m2026-04-14T18:04:17.424332Z[0m [32m INFO[0m [2madv_civ::civilization::concepts::remove_surplus_population::remove_surplus_systems[0m[2m:[0m [SURPLUS] '110:Nemausus': After removal: 4 -> 2 tokens, surplus=0
[2m2026-04-14T18:04:17.424338Z[0m [32m INFO[0m [2madv_civ::civilization::concepts::remove_surplus_population::remove_surplus_systems[0m[2m:[0m [SURPLUS] '124:Bubastis' has surplus: total=5, max=3, surplus=2, players=1, has_city=false
[2m2026-04-14T18:04:17.424342Z[0m [32m INFO[0m [2madv_civ::civilization::concepts::remove_surplus_population::remove_surplus_systems[0m[2m:[0m [SURPLUS] '124:Bubastis': Removing surplus tokens from single-player area
[2m2026-04-14T18:04:17.424344Z[0m [32m INFO[0m [2madv_civ::civilization::concepts::remove_surplus_population::remove_surplus_systems[0m[2m:[0m [SURPLUS] '124:Bubastis': After removal: 5 -> 3 tokens, surplus=0
[2m2026-04-14T18:04:17.424382Z[0m [32m INFO[0m [2madv_civ::civilization::concepts::remove_surplus_population::remove_surplus_systems[0m[2m:[0m [SURPLUS] Phase complete: processed 149 areas, 22 had surplus, removed 43 tokens total
[2m2026-04-14T18:04:17.426725Z[0m [32m INFO[0m [2mbevy_diagnostic[0m[2m:[0m started_load_count:   69.000000   (avg 69.000000)
[2m2026-04-14T18:04:18.424740Z[0m [32m INFO[0m [2madv_civ::civilization::concepts::check_city_support::check_city_support_systems[0m[2m:[0m [CITY_SUPPORT] Starting city support check phase
[2m2026-04-14T18:04:18.424754Z[0m [32m INFO[0m [2madv_civ::civilization::concepts::check_city_support::check_city_support_systems[0m[2m:[0m [CITY_SUPPORT] 3 players need city support check
[2m2026-04-14T18:04:18.428330Z[0m [32m INFO[0m [2mbevy_diagnostic[0m[2m:[0m started_load_count:   69.000000   (avg 69.000000)
[2m2026-04-14T18:04:19.423620Z[0m [32m INFO[0m [2madv_civ::civilization::concepts::check_city_support::check_city_support_systems[0m[2m:[0m [CITY_SUPPORT] All checks complete, transitioning to AcquireTradeCards
[2m2026-04-14T18:04:19.424582Z[0m [32m INFO[0m [2mbevy_diagnostic[0m[2m:[0m started_load_count:   69.000000   (avg 69.000000)
[2m2026-04-14T18:04:20.417944Z[0m [32m INFO[0m [2madv_civ::civilization::concepts::acquire_trade_cards::trade_card_systems[0m[2m:[0m [TRADE_CARDS] Starting acquire trade cards phase
[2m2026-04-14T18:04:20.417968Z[0m [32m INFO[0m [2madv_civ::civilization::concepts::acquire_trade_cards::trade_card_systems[0m[2m:[0m [TRADE_CARDS] Iberia (AI) pulled cards, can_trade=false
[2m2026-04-14T18:04:20.417972Z[0m [32m INFO[0m [2madv_civ::civilization::concepts::acquire_trade_cards::trade_card_systems[0m[2m:[0m [TRADE_CARDS] Asia (AI) pulled cards, can_trade=false
[2m2026-04-14T18:04:20.417975Z[0m [32m INFO[0m [2madv_civ::civilization::concepts::acquire_trade_cards::trade_card_systems[0m[2m:[0m [TRADE_CARDS] Thrace (AI) pulled cards, can_trade=false
[2m2026-04-14T18:04:20.417978Z[0m [32m INFO[0m [2madv_civ::civilization::concepts::acquire_trade_cards::trade_card_systems[0m[2m:[0m [TRADE_CARDS] Processed 8 players, 3 have cities, sending CheckIfWeCanTrade
[2m2026-04-14T18:04:20.419666Z[0m [32m INFO[0m [2madv_civ::civilization::concepts::acquire_trade_cards::trade_card_systems[0m[2m:[0m [TRADE_CARDS] CheckIfWeCanTrade received: 0 players can trade
[2m2026-04-14T18:04:20.419680Z[0m [32m INFO[0m [2madv_civ::civilization::concepts::acquire_trade_cards::trade_card_systems[0m[2m:[0m [TRADE_CARDS] Not enough traders, transitioning to CollectTaxes
[2m2026-04-14T18:04:20.421583Z[0m [32m INFO[0m [2mbevy_diagnostic[0m[2m:[0m started_load_count:   69.000000   (avg 69.000000)
[2m2026-04-14T18:04:21.424649Z[0m [32m INFO[0m [2madv_civ::civilization::concepts::taxation::taxation_systems[0m[2m:[0m [TAXATION] Entering taxation phase — assigning tax obligations
[2m2026-04-14T18:04:21.426634Z[0m [32m INFO[0m [2madv_civ::civilization::concepts::taxation::taxation_systems[0m[2m:[0m [TAXATION] Leonidas of Iberia pays 2 tokens in full
[2m2026-04-14T18:04:21.426650Z[0m [32m INFO[0m [2madv_civ::civilization::concepts::taxation::taxation_systems[0m[2m:[0m [TAXATION] Hammurabi of Asia pays 2 tokens in full
[2m2026-04-14T18:04:21.426654Z[0m [32m INFO[0m [2madv_civ::civilization::concepts::taxation::taxation_systems[0m[2m:[0m [TAXATION] Hatshepsut of Thrace pays 2 tokens in full
[2m2026-04-14T18:04:21.427769Z[0m [32m INFO[0m [2madv_civ::civilization::concepts::taxation::taxation_systems[0m[2m:[0m [TAXATION] No revolts to resolve — transitioning to PopulationExpansion
[2m2026-04-14T18:04:21.427900Z[0m [32m INFO[0m [2mbevy_diagnostic[0m[2m:[0m started_load_count:   69.000000   (avg 69.000000)
[2m2026-04-14T18:04:22.421987Z[0m [32m INFO[0m [2madv_civ::civilization::concepts::population_expansion::population_expansion_systems[0m[2m:[0m [POP_EXP] Entering population expansion phase, round 11
[2m2026-04-14T18:04:22.422053Z[0m [32m INFO[0m [2madv_civ::civilization::concepts::population_expansion::population_expansion_systems[0m[2m:[0m [POP_EXP] 82 areas have population and need expansion
[2m2026-04-14T18:04:22.422066Z[0m [32m INFO[0m [2madv_civ::civilization::concepts::population_expansion::population_expansion_systems[0m[2m:[0m [POP_EXP] 0 human, 8 AI need expansion, 0 skipped (already done)
[2m2026-04-14T18:04:22.424399Z[0m [32m INFO[0m [2mbevy_diagnostic[0m[2m:[0m started_load_count:   69.000000   (avg 69.000000)
[2m2026-04-14T18:04:23.424090Z[0m [32m INFO[0m [2mbevy_diagnostic[0m[2m:[0m started_load_count:   69.000000   (avg 69.000000)
[2m2026-04-14T18:04:24.426575Z[0m [32m INFO[0m [2mbevy_diagnostic[0m[2m:[0m started_load_count:   69.000000   (avg 69.000000)
[2m2026-04-14T18:04:25.429000Z[0m [32m INFO[0m [2madv_civ::civilization::concepts::population_expansion::population_expansion_systems[0m[2m:[0m [POP_EXP] Player 584v0 still needs expansion: human=false, manual=false, auto=false
[2m2026-04-14T18:04:25.429021Z[0m [32m INFO[0m [2madv_civ::civilization::concepts::population_expansion::population_expansion_systems[0m[2m:[0m [POP_EXP] Player 401v0 still needs expansion: human=false, manual=false, auto=false
[2m2026-04-14T18:04:25.429025Z[0m [32m INFO[0m [2madv_civ::civilization::concepts::population_expansion::population_expansion_systems[0m[2m:[0m [POP_EXP] Player 279v0 still needs expansion: human=false, manual=false, auto=false
[2m2026-04-14T18:04:25.429030Z[0m [32m INFO[0m [2madv_civ::civilization::concepts::population_expansion::population_expansion_systems[0m[2m:[0m [POP_EXP] Player 645v0 still needs expansion: human=false, manual=false, auto=false
[2m2026-04-14T18:04:25.429033Z[0m [32m INFO[0m [2madv_civ::civilization::concepts::population_expansion::population_expansion_systems[0m[2m:[0m [POP_EXP] Player 462v0 still needs expansion: human=false, manual=false, auto=false
[2m2026-04-14T18:04:25.429036Z[0m [32m INFO[0m [2madv_civ::civilization::concepts::population_expansion::population_expansion_systems[0m[2m:[0m [POP_EXP] Player 340v0 still needs expansion: human=false, manual=false, auto=false
[2m2026-04-14T18:04:25.429038Z[0m [32m INFO[0m [2madv_civ::civilization::concepts::population_expansion::population_expansion_systems[0m[2m:[0m [POP_EXP] Player 523v0 still needs expansion: human=false, manual=false, auto=false
[2m2026-04-14T18:04:25.430647Z[0m [32m INFO[0m [2mbevy_diagnostic[0m[2m:[0m started_load_count:   69.000000   (avg 69.000000)
[2m2026-04-14T18:04:26.423614Z[0m [32m INFO[0m [2mbevy_diagnostic[0m[2m:[0m started_load_count:   69.000000   (avg 69.000000)
[2m2026-04-14T18:04:27.427388Z[0m [32m INFO[0m [2mbevy_diagnostic[0m[2m:[0m started_load_count:   69.000000   (avg 69.000000)
[2m2026-04-14T18:04:28.438608Z[0m [32m INFO[0m [2mbevy_diagnostic[0m[2m:[0m started_load_count:   69.000000   (avg 69.000000)
[2m2026-04-14T18:04:29.442526Z[0m [32m INFO[0m [2mbevy_diagnostic[0m[2m:[0m started_load_count:   69.000000   (avg 69.000000)
[2m2026-04-14T18:04:30.442441Z[0m [32m INFO[0m [2mbevy_diagnostic[0m[2m:[0m started_load_count:   69.000000   (avg 69.000000)
[2m2026-04-14T18:04:31.443354Z[0m [32m INFO[0m [2mbevy_diagnostic[0m[2m:[0m started_load_count:   69.000000   (avg 69.000000)
[2m2026-04-14T18:04:32.443473Z[0m [32m INFO[0m [2mbevy_diagnostic[0m[2m:[0m started_load_count:   69.000000   (avg 69.000000)
[2m2026-04-14T18:04:33.443436Z[0m [32m INFO[0m [2mbevy_diagnostic[0m[2m:[0m started_load_count:   69.000000   (avg 69.000000)
[2m2026-04-14T18:04:34.443004Z[0m [32m INFO[0m [2mbevy_diagnostic[0m[2m:[0m started_load_count:   69.000000   (avg 69.000000)
[2m2026-04-14T18:04:35.439597Z[0m [32m INFO[0m [2madv_civ::civilization::concepts::population_expansion::population_expansion_systems[0m[2m:[0m [POP_EXP] Player 401v0 still needs expansion: human=false, manual=true, auto=false
[2m2026-04-14T18:04:35.439611Z[0m [32m INFO[0m [2madv_civ::civilization::concepts::population_expansion::population_expansion_systems[0m[2m:[0m [POP_EXP] Player 279v0 still needs expansion: human=false, manual=true, auto=false
[2m2026-04-14T18:04:35.439614Z[0m [32m INFO[0m [2madv_civ::civilization::concepts::population_expansion::population_expansion_systems[0m[2m:[0m [POP_EXP] Player 645v0 still needs expansion: human=false, manual=true, auto=false
[2m2026-04-14T18:04:35.439617Z[0m [32m INFO[0m [2madv_civ::civilization::concepts::population_expansion::population_expansion_systems[0m[2m:[0m [POP_EXP] Player 523v0 still needs expansion: human=false, manual=true, auto=false
[2m2026-04-14T18:04:35.439619Z[0m [32m INFO[0m [2madv_civ::civilization::concepts::population_expansion::population_expansion_systems[0m[2m:[0m [POP_EXP] Player 401v0 still needs expansion: human=false, manual=true, auto=false
[2m2026-04-14T18:04:35.439621Z[0m [32m INFO[0m [2madv_civ::civilization::concepts::population_expansion::population_expansion_systems[0m[2m:[0m [POP_EXP] Player 279v0 still needs expansion: human=false, manual=true, auto=false
[2m2026-04-14T18:04:35.439623Z[0m [32m INFO[0m [2madv_civ::civilization::concepts::population_expansion::population_expansion_systems[0m[2m:[0m [POP_EXP] Player 645v0 still needs expansion: human=false, manual=true, auto=false
[2m2026-04-14T18:04:35.439625Z[0m [32m INFO[0m [2madv_civ::civilization::concepts::population_expansion::population_expansion_systems[0m[2m:[0m [POP_EXP] Player 523v0 still needs expansion: human=false, manual=true, auto=false
[2m2026-04-14T18:04:35.439627Z[0m [32m INFO[0m [2madv_civ::civilization::concepts::population_expansion::population_expansion_systems[0m[2m:[0m [POP_EXP] Player 401v0 still needs expansion: human=false, manual=true, auto=false
[2m2026-04-14T18:04:35.439629Z[0m [32m INFO[0m [2madv_civ::civilization::concepts::population_expansion::population_expansion_systems[0m[2m:[0m [POP_EXP] Player 279v0 still needs expansion: human=false, manual=true, auto=false
[2m2026-04-14T18:04:35.439631Z[0m [32m INFO[0m [2madv_civ::civilization::concepts::population_expansion::population_expansion_systems[0m[2m:[0m [POP_EXP] Player 645v0 still needs expansion: human=false, manual=true, auto=false
[2m2026-04-14T18:04:35.439633Z[0m [32m INFO[0m [2madv_civ::civilization::concepts::population_expansion::population_expansion_systems[0m[2m:[0m [POP_EXP] Player 523v0 still needs expansion: human=false, manual=true, auto=false
[2m2026-04-14T18:04:35.440377Z[0m [32m INFO[0m [2mbevy_diagnostic[0m[2m:[0m started_load_count:   69.000000   (avg 69.000000)
[2m2026-04-14T18:04:36.440731Z[0m [32m INFO[0m [2mbevy_diagnostic[0m[2m:[0m started_load_count:   69.000000   (avg 69.000000)
[2m2026-04-14T18:04:37.445354Z[0m [32m INFO[0m [2mbevy_diagnostic[0m[2m:[0m started_load_count:   69.000000   (avg 69.000000)
[2m2026-04-14T18:04:38.441393Z[0m [32m INFO[0m [2madv_civ::civilization::concepts::population_expansion::population_expansion_systems[0m[2m:[0m [POP_EXP] Player 401v0 still needs expansion: human=false, manual=true, auto=false
[2m2026-04-14T18:04:38.441427Z[0m [32m INFO[0m [2madv_civ::civilization::concepts::population_expansion::population_expansion_systems[0m[2m:[0m [POP_EXP] Player 279v0 still needs expansion: human=false, manual=true, auto=false
[2m2026-04-14T18:04:38.441432Z[0m [32m INFO[0m [2madv_civ::civilization::concepts::population_expansion::population_expansion_systems[0m[2m:[0m [POP_EXP] Player 401v0 still needs expansion: human=false, manual=true, auto=false
[2m2026-04-14T18:04:38.441435Z[0m [32m INFO[0m [2madv_civ::civilization::concepts::population_expansion::population_expansion_systems[0m[2m:[0m [POP_EXP] Player 279v0 still needs expansion: human=false, manual=true, auto=false
[2m2026-04-14T18:04:38.442630Z[0m [32m INFO[0m [2mbevy_diagnostic[0m[2m:[0m started_load_count:   69.000000   (avg 69.000000)
[2m2026-04-14T18:04:39.440339Z[0m [32m INFO[0m [2mbevy_diagnostic[0m[2m:[0m started_load_count:   69.000000   (avg 69.000000)
[2m2026-04-14T18:04:40.442811Z[0m [32m INFO[0m [2mbevy_diagnostic[0m[2m:[0m started_load_count:   69.000000   (avg 69.000000)
[2m2026-04-14T18:04:41.442749Z[0m [32m INFO[0m [2mbevy_diagnostic[0m[2m:[0m started_load_count:   69.000000   (avg 69.000000)
[2m2026-04-14T18:04:42.443941Z[0m [32m INFO[0m [2mbevy_diagnostic[0m[2m:[0m started_load_count:   69.000000   (avg 69.000000)
[2m2026-04-14T18:04:43.444108Z[0m [32m INFO[0m [2mbevy_diagnostic[0m[2m:[0m started_load_count:   69.000000   (avg 69.000000)
[2m2026-04-14T18:04:44.442448Z[0m [32m INFO[0m [2madv_civ::civilization::concepts::population_expansion::population_expansion_systems[0m[2m:[0m [POP_EXP] Player 401v0 still needs expansion: human=false, manual=true, auto=false
[2m2026-04-14T18:04:44.444060Z[0m [32m INFO[0m [2mbevy_diagnostic[0m[2m:[0m started_load_count:   69.000000   (avg 69.000000)
[2m2026-04-14T18:04:45.440539Z[0m [32m INFO[0m [2mbevy_diagnostic[0m[2m:[0m started_load_count:   69.000000   (avg 69.000000)
[2m2026-04-14T18:04:46.442258Z[0m [32m INFO[0m [2mbevy_diagnostic[0m[2m:[0m started_load_count:   69.000000   (avg 69.000000)
[2m2026-04-14T18:04:47.445840Z[0m [32m INFO[0m [2mbevy_diagnostic[0m[2m:[0m started_load_count:   69.000000   (avg 69.000000)
[2m2026-04-14T18:04:48.440960Z[0m [32m INFO[0m [2mbevy_diagnostic[0m[2m:[0m started_load_count:   69.000000   (avg 69.000000)
[2m2026-04-14T18:04:49.445297Z[0m [32m INFO[0m [2mbevy_diagnostic[0m[2m:[0m started_load_count:   69.000000   (avg 69.000000)
[2m2026-04-14T18:04:50.443528Z[0m [32m INFO[0m [2madv_civ::civilization::concepts::population_expansion::population_expansion_systems[0m[2m:[0m [POP_EXP] All players done with expansion, transitioning to Census
[2m2026-04-14T18:04:50.445009Z[0m [32m INFO[0m [2mbevy_diagnostic[0m[2m:[0m started_load_count:   69.000000   (avg 69.000000)
[2m2026-04-14T18:04:51.443484Z[0m [32m INFO[0m [2mbevy_diagnostic[0m[2m:[0m started_load_count:   69.000000   (avg 69.000000)
[2m2026-04-14T18:04:52.440713Z[0m [32m INFO[0m [2madv_civ::civilization::concepts::ships::ship_systems[0m[2m:[0m [SHIPS] Leonidas of Iberia cannot maintain ship at 154v0 — returned to stock
[2m2026-04-14T18:04:52.440735Z[0m [32m INFO[0m [2madv_civ::civilization::concepts::ships::ship_systems[0m[2m:[0m [SHIPS] Alexander of Assyria cannot maintain ship at 132v1 — returned to stock
[2m2026-04-14T18:04:52.440740Z[0m [32m INFO[0m [2madv_civ::civilization::concepts::ships::ship_systems[0m[2m:[0m [SHIPS] Alexander of Assyria cannot maintain ship at 150v0 — returned to stock
[2m2026-04-14T18:04:52.440743Z[0m [32m INFO[0m [2madv_civ::civilization::concepts::ships::ship_systems[0m[2m:[0m [SHIPS] Alexander of Assyria cannot maintain ship at 137v1 — returned to stock
[2m2026-04-14T18:04:52.443280Z[0m [32m INFO[0m [2mbevy_diagnostic[0m[2m:[0m started_load_count:   69.000000   (avg 69.000000)
[2m2026-04-14T18:04:53.442843Z[0m [32m INFO[0m [2mbevy_diagnostic[0m[2m:[0m started_load_count:   69.000000   (avg 69.000000)
[2m2026-04-14T18:04:54.445165Z[0m [32m INFO[0m [2mbevy_diagnostic[0m[2m:[0m started_load_count:   69.000000   (avg 69.000000)
[2m2026-04-14T18:04:55.442444Z[0m [32m INFO[0m [2mbevy_diagnostic[0m[2m:[0m started_load_count:   69.000000   (avg 69.000000)
[2m2026-04-14T18:04:56.440457Z[0m [32m INFO[0m [2mbevy_diagnostic[0m[2m:[0m started_load_count:   69.000000   (avg 69.000000)
[2m2026-04-14T18:04:57.441080Z[0m [32m INFO[0m [2mbevy_diagnostic[0m[2m:[0m started_load_count:   69.000000   (avg 69.000000)
[2m2026-04-14T18:04:58.441125Z[0m [32m INFO[0m [2mbevy_diagnostic[0m[2m:[0m started_load_count:   69.000000   (avg 69.000000)
[2m2026-04-14T18:04:59.441064Z[0m [32m INFO[0m [2mbevy_diagnostic[0m[2m:[0m started_load_count:   69.000000   (avg 69.000000)
[2m2026-04-14T18:05:00.443708Z[0m [32m INFO[0m [2mbevy_diagnostic[0m[2m:[0m started_load_count:   69.000000   (avg 69.000000)
[2m2026-04-14T18:05:01.453632Z[0m [32m INFO[0m [2mbevy_diagnostic[0m[2m:[0m started_load_count:   69.000000   (avg 69.000000)
[2m2026-04-14T18:05:02.457154Z[0m [32m INFO[0m [2mbevy_diagnostic[0m[2m:[0m started_load_count:   69.000000   (avg 69.000000)
[2m2026-04-14T18:05:03.459247Z[0m [32m INFO[0m [2mbevy_diagnostic[0m[2m:[0m started_load_count:   69.000000   (avg 69.000000)
[2m2026-04-14T18:05:04.459254Z[0m [32m INFO[0m [2mbevy_diagnostic[0m[2m:[0m started_load_count:   69.000000   (avg 69.000000)
[2m2026-04-14T18:05:05.458587Z[0m [32m INFO[0m [2mbevy_diagnostic[0m[2m:[0m started_load_count:   69.000000   (avg 69.000000)
[2m2026-04-14T18:05:06.459469Z[0m [32m INFO[0m [2mbevy_diagnostic[0m[2m:[0m started_load_count:   69.000000   (avg 69.000000)
[2m2026-04-14T18:05:07.463793Z[0m [32m INFO[0m [2mbevy_diagnostic[0m[2m:[0m started_load_count:   69.000000   (avg 69.000000)
[2m2026-04-14T18:05:08.457884Z[0m [32m INFO[0m [2mbevy_diagnostic[0m[2m:[0m started_load_count:   69.000000   (avg 69.000000)
[2m2026-04-14T18:05:09.482571Z[0m [32m INFO[0m [2mbevy_diagnostic[0m[2m:[0m started_load_count:   69.000000   (avg 69.000000)
[2m2026-04-14T18:05:10.477416Z[0m [32m INFO[0m [2mbevy_diagnostic[0m[2m:[0m started_load_count:   69.000000   (avg 69.000000)
[2m2026-04-14T18:05:11.479456Z[0m [32m INFO[0m [2mbevy_diagnostic[0m[2m:[0m started_load_count:   69.000000   (avg 69.000000)
[2m2026-04-14T18:05:12.476114Z[0m [32m INFO[0m [2mbevy_diagnostic[0m[2m:[0m started_load_count:   69.000000   (avg 69.000000)
[2m2026-04-14T18:05:13.476419Z[0m [32m INFO[0m [2mbevy_diagnostic[0m[2m:[0m started_load_count:   69.000000   (avg 69.000000)
[2m2026-04-14T18:05:14.474519Z[0m [32m INFO[0m [2mbevy_diagnostic[0m[2m:[0m started_load_count:   69.000000   (avg 69.000000)
[2m2026-04-14T18:05:15.477034Z[0m [32m INFO[0m [2mbevy_diagnostic[0m[2m:[0m started_load_count:   69.000000   (avg 69.000000)
[2m2026-04-14T18:05:16.474828Z[0m [32m INFO[0m [2mbevy_diagnostic[0m[2m:[0m started_load_count:   69.000000   (avg 69.000000)
[2m2026-04-14T18:05:17.491348Z[0m [32m INFO[0m [2mbevy_diagnostic[0m[2m:[0m started_load_count:   69.000000   (avg 69.000000)
[2m2026-04-14T18:05:18.492978Z[0m [32m INFO[0m [2mbevy_diagnostic[0m[2m:[0m started_load_count:   69.000000   (avg 69.000000)
[2m2026-04-14T18:05:19.493797Z[0m [32m INFO[0m [2mbevy_diagnostic[0m[2m:[0m started_load_count:   69.000000   (avg 69.000000)
[2m2026-04-14T18:05:20.493653Z[0m [32m INFO[0m [2mbevy_diagnostic[0m[2m:[0m started_load_count:   69.000000   (avg 69.000000)
[2m2026-04-14T18:05:21.491423Z[0m [32m INFO[0m [2mbevy_diagnostic[0m[2m:[0m started_load_count:   69.000000   (avg 69.000000)
[2m2026-04-14T18:05:22.493520Z[0m [32m INFO[0m [2mbevy_diagnostic[0m[2m:[0m started_load_count:   69.000000   (avg 69.000000)
[2m2026-04-14T18:05:23.492928Z[0m [32m INFO[0m [2mbevy_diagnostic[0m[2m:[0m started_load_count:   69.000000   (avg 69.000000)
[2m2026-04-14T18:05:24.502488Z[0m [32m INFO[0m [2mbevy_diagnostic[0m[2m:[0m started_load_count:   69.000000   (avg 69.000000)
[2m2026-04-14T18:05:25.493987Z[0m [32m INFO[0m [2mbevy_diagnostic[0m[2m:[0m started_load_count:   69.000000   (avg 69.000000)
[2m2026-04-14T18:05:26.497058Z[0m [32m INFO[0m [2mbevy_diagnostic[0m[2m:[0m started_load_count:   69.000000   (avg 69.000000)
[2m2026-04-14T18:05:27.492258Z[0m [32m INFO[0m [2mbevy_diagnostic[0m[2m:[0m started_load_count:   69.000000   (avg 69.000000)
[2m2026-04-14T18:05:28.492305Z[0m [32m INFO[0m [2mbevy_diagnostic[0m[2m:[0m started_load_count:   69.000000   (avg 69.000000)
[2m2026-04-14T18:05:29.492139Z[0m [32m INFO[0m [2mbevy_diagnostic[0m[2m:[0m started_load_count:   69.000000   (avg 69.000000)
[2m2026-04-14T18:05:30.492593Z[0m [32m INFO[0m [2mbevy_diagnostic[0m[2m:[0m started_load_count:   69.000000   (avg 69.000000)
[2m2026-04-14T18:05:31.495534Z[0m [32m INFO[0m [2mbevy_diagnostic[0m[2m:[0m started_load_count:   69.000000   (avg 69.000000)
[2m2026-04-14T18:05:32.492466Z[0m [32m INFO[0m [2mbevy_diagnostic[0m[2m:[0m started_load_count:   69.000000   (avg 69.000000)
[2m2026-04-14T18:05:33.493212Z[0m [32m INFO[0m [2mbevy_diagnostic[0m[2m:[0m started_load_count:   69.000000   (avg 69.000000)
[2m2026-04-14T18:05:34.492007Z[0m [32m INFO[0m [2mbevy_diagnostic[0m[2m:[0m started_load_count:   69.000000   (avg 69.000000)
[2m2026-04-14T18:05:35.494055Z[0m [32m INFO[0m [2mbevy_diagnostic[0m[2m:[0m started_load_count:   69.000000   (avg 69.000000)
[2m2026-04-14T18:05:36.495465Z[0m [32m INFO[0m [2mbevy_diagnostic[0m[2m:[0m started_load_count:   69.000000   (avg 69.000000)
[2m2026-04-14T18:05:37.496845Z[0m [32m INFO[0m [2mbevy_diagnostic[0m[2m:[0m started_load_count:   69.000000   (avg 69.000000)
[2m2026-04-14T18:05:38.493506Z[0m [32m INFO[0m [2mbevy_diagnostic[0m[2m:[0m started_load_count:   69.000000   (avg 69.000000)
[2m2026-04-14T18:05:39.494571Z[0m [32m INFO[0m [2mbevy_diagnostic[0m[2m:[0m started_load_count:   69.000000   (avg 69.000000)
[2m2026-04-14T18:05:40.490709Z[0m [32m INFO[0m [2mbevy_diagnostic[0m[2m:[0m started_load_count:   69.000000   (avg 69.000000)
[2m2026-04-14T18:05:41.495072Z[0m [32m INFO[0m [2mbevy_diagnostic[0m[2m:[0m started_load_count:   69.000000   (avg 69.000000)
[2m2026-04-14T18:05:42.516716Z[0m [32m INFO[0m [2mbevy_diagnostic[0m[2m:[0m started_load_count:   69.000000   (avg 69.000000)
[2m2026-04-14T18:05:43.511520Z[0m [32m INFO[0m [2mbevy_diagnostic[0m[2m:[0m started_load_count:   69.000000   (avg 69.000000)
[2m2026-04-14T18:05:44.507456Z[0m [32m INFO[0m [2mbevy_diagnostic[0m[2m:[0m started_load_count:   69.000000   (avg 69.000000)
[2m2026-04-14T18:05:45.510372Z[0m [32m INFO[0m [2mbevy_diagnostic[0m[2m:[0m started_load_count:   69.000000   (avg 69.000000)
[2m2026-04-14T18:05:46.511332Z[0m [32m INFO[0m [2mbevy_diagnostic[0m[2m:[0m started_load_count:   69.000000   (avg 69.000000)
[2m2026-04-14T18:05:47.507896Z[0m [32m INFO[0m [2mbevy_diagnostic[0m[2m:[0m started_load_count:   69.000000   (avg 69.000000)
[2m2026-04-14T18:05:48.506791Z[0m [32m INFO[0m [2mbevy_diagnostic[0m[2m:[0m started_load_count:   69.000000   (avg 69.000000)
[2m2026-04-14T18:05:49.509891Z[0m [32m INFO[0m [2mbevy_diagnostic[0m[2m:[0m started_load_count:   69.000000   (avg 69.000000)
[2m2026-04-14T18:05:50.509009Z[0m [32m INFO[0m [2mbevy_diagnostic[0m[2m:[0m started_load_count:   69.000000   (avg 69.000000)
[2m2026-04-14T18:05:51.513874Z[0m [32m INFO[0m [2mbevy_diagnostic[0m[2m:[0m started_load_count:   69.000000   (avg 69.000000)
[2m2026-04-14T18:05:52.512084Z[0m [32m INFO[0m [2mbevy_diagnostic[0m[2m:[0m started_load_count:   69.000000   (avg 69.000000)
[2m2026-04-14T18:05:53.510220Z[0m [32m INFO[0m [2mbevy_diagnostic[0m[2m:[0m started_load_count:   69.000000   (avg 69.000000)
[2m2026-04-14T18:05:54.507796Z[0m [32m INFO[0m [2mbevy_diagnostic[0m[2m:[0m started_load_count:   69.000000   (avg 69.000000)
[2m2026-04-14T18:05:55.511319Z[0m [32m INFO[0m [2mbevy_diagnostic[0m[2m:[0m started_load_count:   69.000000   (avg 69.000000)
[2m2026-04-14T18:05:56.511535Z[0m [32m INFO[0m [2mbevy_diagnostic[0m[2m:[0m started_load_count:   69.000000   (avg 69.000000)
[2m2026-04-14T18:05:57.512585Z[0m [32m INFO[0m [2mbevy_diagnostic[0m[2m:[0m started_load_count:   69.000000   (avg 69.000000)
[2m2026-04-14T18:05:58.509876Z[0m [32m INFO[0m [2mbevy_diagnostic[0m[2m:[0m started_load_count:   69.000000   (avg 69.000000)
[2m2026-04-14T18:05:59.509395Z[0m [32m INFO[0m [2mbevy_diagnostic[0m[2m:[0m started_load_count:   69.000000   (avg 69.000000)
[2m2026-04-14T18:06:00.510828Z[0m [32m INFO[0m [2madv_civ::civilization::concepts::movement::movement_systems[0m[2m:[0m Player Hammurabi of Asia has ended movement
[2m2026-04-14T18:06:00.511595Z[0m [32m INFO[0m [2mbevy_diagnostic[0m[2m:[0m started_load_count:   69.000000   (avg 69.000000)
[2m2026-04-14T18:06:01.509600Z[0m [32m INFO[0m [2mbevy_diagnostic[0m[2m:[0m started_load_count:   69.000000   (avg 69.000000)
[2m2026-04-14T18:06:02.514649Z[0m [32m INFO[0m [2mbevy_diagnostic[0m[2m:[0m started_load_count:   69.000000   (avg 69.000000)
[2m2026-04-14T18:06:03.508312Z[0m [32m INFO[0m [2mbevy_diagnostic[0m[2m:[0m started_load_count:   69.000000   (avg 69.000000)
[2m2026-04-14T18:06:04.510116Z[0m [32m INFO[0m [2mbevy_diagnostic[0m[2m:[0m started_load_count:   69.000000   (avg 69.000000)
[2m2026-04-14T18:06:05.521888Z[0m [32m INFO[0m [2mbevy_diagnostic[0m[2m:[0m started_load_count:   69.000000   (avg 69.000000)
[2m2026-04-14T18:06:06.511682Z[0m [32m INFO[0m [2mbevy_diagnostic[0m[2m:[0m started_load_count:   69.000000   (avg 69.000000)
[2m2026-04-14T18:06:07.509784Z[0m [32m INFO[0m [2mbevy_diagnostic[0m[2m:[0m started_load_count:   69.000000   (avg 69.000000)
[2m2026-04-14T18:06:08.528203Z[0m [32m INFO[0m [2mbevy_diagnostic[0m[2m:[0m started_load_count:   69.000000   (avg 69.000000)
[2m2026-04-14T18:06:09.526511Z[0m [32m INFO[0m [2mbevy_diagnostic[0m[2m:[0m started_load_count:   69.000000   (avg 69.000000)
[2m2026-04-14T18:06:10.528257Z[0m [32m INFO[0m [2mbevy_diagnostic[0m[2m:[0m started_load_count:   69.000000   (avg 69.000000)
[2m2026-04-14T18:06:11.527147Z[0m [32m INFO[0m [2mbevy_diagnostic[0m[2m:[0m started_load_count:   69.000000   (avg 69.000000)
[2m2026-04-14T18:06:12.544452Z[0m [32m INFO[0m [2mbevy_diagnostic[0m[2m:[0m started_load_count:   69.000000   (avg 69.000000)
[2m2026-04-14T18:06:13.546787Z[0m [32m INFO[0m [2mbevy_diagnostic[0m[2m:[0m started_load_count:   69.000000   (avg 69.000000)
[2m2026-04-14T18:06:14.543485Z[0m [32m INFO[0m [2mbevy_diagnostic[0m[2m:[0m started_load_count:   69.000000   (avg 69.000000)
[2m2026-04-14T18:06:15.543669Z[0m [32m INFO[0m [2mbevy_diagnostic[0m[2m:[0m started_load_count:   69.000000   (avg 69.000000)
[2m2026-04-14T18:06:16.541463Z[0m [32m INFO[0m [2mbevy_diagnostic[0m[2m:[0m started_load_count:   69.000000   (avg 69.000000)
[2m2026-04-14T18:06:17.541351Z[0m [32m INFO[0m [2mbevy_diagnostic[0m[2m:[0m started_load_count:   69.000000   (avg 69.000000)
[2m2026-04-14T18:06:18.542271Z[0m [32m INFO[0m [2mbevy_diagnostic[0m[2m:[0m started_load_count:   69.000000   (avg 69.000000)
[2m2026-04-14T18:06:19.545000Z[0m [32m INFO[0m [2mbevy_diagnostic[0m[2m:[0m started_load_count:   69.000000   (avg 69.000000)
[2m2026-04-14T18:06:20.545901Z[0m [32m INFO[0m [2mbevy_diagnostic[0m[2m:[0m started_load_count:   69.000000   (avg 69.000000)
[2m2026-04-14T18:06:21.542530Z[0m [32m INFO[0m [2mbevy_diagnostic[0m[2m:[0m started_load_count:   69.000000   (avg 69.000000)
[2m2026-04-14T18:06:22.542496Z[0m [32m INFO[0m [2mbevy_diagnostic[0m[2m:[0m started_load_count:   69.000000   (avg 69.000000)
[2m2026-04-14T18:06:23.544695Z[0m [32m INFO[0m [2mbevy_diagnostic[0m[2m:[0m started_load_count:   69.000000   (avg 69.000000)
[2m2026-04-14T18:06:24.544361Z[0m [32m INFO[0m [2mbevy_diagnostic[0m[2m:[0m started_load_count:   69.000000   (avg 69.000000)
[2m2026-04-14T18:06:25.545453Z[0m [32m INFO[0m [2mbevy_diagnostic[0m[2m:[0m started_load_count:   69.000000   (avg 69.000000)
[2m2026-04-14T18:06:26.544779Z[0m [32m INFO[0m [2mbevy_diagnostic[0m[2m:[0m started_load_count:   69.000000   (avg 69.000000)
[2m2026-04-14T18:06:27.542206Z[0m [32m INFO[0m [2mbevy_diagnostic[0m[2m:[0m started_load_count:   69.000000   (avg 69.000000)
[2m2026-04-14T18:06:28.544309Z[0m [32m INFO[0m [2mbevy_diagnostic[0m[2m:[0m started_load_count:   69.000000   (avg 69.000000)
[2m2026-04-14T18:06:29.542643Z[0m [32m INFO[0m [2mbevy_diagnostic[0m[2m:[0m started_load_count:   69.000000   (avg 69.000000)
[2m2026-04-14T18:06:30.550810Z[0m [32m INFO[0m [2mbevy_diagnostic[0m[2m:[0m started_load_count:   69.000000   (avg 69.000000)
[2m2026-04-14T18:06:31.545438Z[0m [32m INFO[0m [2mbevy_diagnostic[0m[2m:[0m started_load_count:   69.000000   (avg 69.000000)
[2m2026-04-14T18:06:32.544284Z[0m [32m INFO[0m [2mbevy_diagnostic[0m[2m:[0m started_load_count:   69.000000   (avg 69.000000)
[2m2026-04-14T18:06:33.545010Z[0m [32m INFO[0m [2mbevy_diagnostic[0m[2m:[0m started_load_count:   69.000000   (avg 69.000000)
[2m2026-04-14T18:06:34.546036Z[0m [32m INFO[0m [2mbevy_diagnostic[0m[2m:[0m started_load_count:   69.000000   (avg 69.000000)
[2m2026-04-14T18:06:35.543532Z[0m [32m INFO[0m [2mbevy_diagnostic[0m[2m:[0m started_load_count:   69.000000   (avg 69.000000)
[2m2026-04-14T18:06:36.542486Z[0m [32m INFO[0m [2mbevy_diagnostic[0m[2m:[0m started_load_count:   69.000000   (avg 69.000000)
[2m2026-04-14T18:06:37.545570Z[0m [32m INFO[0m [2mbevy_diagnostic[0m[2m:[0m started_load_count:   69.000000   (avg 69.000000)
[2m2026-04-14T18:06:38.544945Z[0m [32m INFO[0m [2mbevy_diagnostic[0m[2m:[0m started_load_count:   69.000000   (avg 69.000000)
[2m2026-04-14T18:06:39.545285Z[0m [32m INFO[0m [2mbevy_diagnostic[0m[2m:[0m started_load_count:   69.000000   (avg 69.000000)
[2m2026-04-14T18:06:40.544388Z[0m [32m INFO[0m [2mbevy_diagnostic[0m[2m:[0m started_load_count:   69.000000   (avg 69.000000)
[2m2026-04-14T18:06:41.543862Z[0m [32m INFO[0m [2mbevy_diagnostic[0m[2m:[0m started_load_count:   69.000000   (avg 69.000000)
[2m2026-04-14T18:06:42.543812Z[0m [32m INFO[0m [2mbevy_diagnostic[0m[2m:[0m started_load_count:   69.000000   (avg 69.000000)
[2m2026-04-14T18:06:43.544491Z[0m [32m INFO[0m [2mbevy_diagnostic[0m[2m:[0m started_load_count:   69.000000   (avg 69.000000)
[2m2026-04-14T18:06:44.544647Z[0m [32m INFO[0m [2mbevy_diagnostic[0m[2m:[0m started_load_count:   69.000000   (avg 69.000000)
[2m2026-04-14T18:06:45.543730Z[0m [32m INFO[0m [2mbevy_diagnostic[0m[2m:[0m started_load_count:   69.000000   (avg 69.000000)
[2m2026-04-14T18:06:46.545563Z[0m [32m INFO[0m [2mbevy_diagnostic[0m[2m:[0m started_load_count:   69.000000   (avg 69.000000)
[2m2026-04-14T18:06:47.542498Z[0m [32m INFO[0m [2mbevy_diagnostic[0m[2m:[0m started_load_count:   69.000000   (avg 69.000000)
[2m2026-04-14T18:06:48.543118Z[0m [32m INFO[0m [2mbevy_diagnostic[0m[2m:[0m started_load_count:   69.000000   (avg 69.000000)
[2m2026-04-14T18:06:49.543360Z[0m [32m INFO[0m [2madv_civ::civilization::concepts::movement::movement_systems[0m[2m:[0m Player Cleopatra of Africa has ended movement
[2m2026-04-14T18:06:49.543684Z[0m [32m INFO[0m [2mbevy_diagnostic[0m[2m:[0m started_load_count:   69.000000   (avg 69.000000)
[2m2026-04-14T18:06:50.541549Z[0m [32m INFO[0m [2mbevy_diagnostic[0m[2m:[0m started_load_count:   69.000000   (avg 69.000000)
[2m2026-04-14T18:06:51.544064Z[0m [32m INFO[0m [2mbevy_diagnostic[0m[2m:[0m started_load_count:   69.000000   (avg 69.000000)
[2m2026-04-14T18:06:52.545887Z[0m [32m INFO[0m [2mbevy_diagnostic[0m[2m:[0m started_load_count:   69.000000   (avg 69.000000)
[2m2026-04-14T18:06:53.544234Z[0m [32m INFO[0m [2mbevy_diagnostic[0m[2m:[0m started_load_count:   69.000000   (avg 69.000000)
[2m2026-04-14T18:06:54.539414Z[0m [32m INFO[0m [2mbevy_diagnostic[0m[2m:[0m started_load_count:   69.000000   (avg 69.000000)
[2m2026-04-14T18:06:55.546015Z[0m [32m INFO[0m [2mbevy_diagnostic[0m[2m:[0m started_load_count:   69.000000   (avg 69.000000)
[2m2026-04-14T18:06:56.542221Z[0m [32m INFO[0m [2mbevy_diagnostic[0m[2m:[0m started_load_count:   69.000000   (avg 69.000000)
[2m2026-04-14T18:06:57.545413Z[0m [32m INFO[0m [2mbevy_diagnostic[0m[2m:[0m started_load_count:   69.000000   (avg 69.000000)
[2m2026-04-14T18:06:58.543405Z[0m [32m INFO[0m [2mbevy_diagnostic[0m[2m:[0m started_load_count:   69.000000   (avg 69.000000)
[2m2026-04-14T18:06:59.543258Z[0m [32m INFO[0m [2mbevy_diagnostic[0m[2m:[0m started_load_count:   69.000000   (avg 69.000000)
[2m2026-04-14T18:07:00.543941Z[0m [32m INFO[0m [2mbevy_diagnostic[0m[2m:[0m started_load_count:   69.000000   (avg 69.000000)
[2m2026-04-14T18:07:01.552287Z[0m [32m INFO[0m [2mbevy_diagnostic[0m[2m:[0m started_load_count:   69.000000   (avg 69.000000)
[2m2026-04-14T18:07:02.563212Z[0m [32m INFO[0m [2mbevy_diagnostic[0m[2m:[0m started_load_count:   69.000000   (avg 69.000000)
[2m2026-04-14T18:07:03.562620Z[0m [32m INFO[0m [2mbevy_diagnostic[0m[2m:[0m started_load_count:   69.000000   (avg 69.000000)
[2m2026-04-14T18:07:04.562523Z[0m [32m INFO[0m [2mbevy_diagnostic[0m[2m:[0m started_load_count:   69.000000   (avg 69.000000)
[2m2026-04-14T18:07:05.563139Z[0m [32m INFO[0m [2mbevy_diagnostic[0m[2m:[0m started_load_count:   69.000000   (avg 69.000000)
[2m2026-04-14T18:07:06.563398Z[0m [32m INFO[0m [2mbevy_diagnostic[0m[2m:[0m started_load_count:   69.000000   (avg 69.000000)
[2m2026-04-14T18:07:07.563096Z[0m [32m INFO[0m [2mbevy_diagnostic[0m[2m:[0m started_load_count:   69.000000   (avg 69.000000)
[2m2026-04-14T18:07:08.561251Z[0m [32m INFO[0m [2mbevy_diagnostic[0m[2m:[0m started_load_count:   69.000000   (avg 69.000000)
[2m2026-04-14T18:07:09.561963Z[0m [32m INFO[0m [2mbevy_diagnostic[0m[2m:[0m started_load_count:   69.000000   (avg 69.000000)
[2m2026-04-14T18:07:10.561206Z[0m [32m INFO[0m [2mbevy_diagnostic[0m[2m:[0m started_load_count:   69.000000   (avg 69.000000)
[2m2026-04-14T18:07:11.563117Z[0m [32m INFO[0m [2mbevy_diagnostic[0m[2m:[0m started_load_count:   69.000000   (avg 69.000000)
[2m2026-04-14T18:07:12.567744Z[0m [32m INFO[0m [2mbevy_diagnostic[0m[2m:[0m started_load_count:   69.000000   (avg 69.000000)
[2m2026-04-14T18:07:13.577781Z[0m [32m INFO[0m [2mbevy_diagnostic[0m[2m:[0m started_load_count:   69.000000   (avg 69.000000)
[2m2026-04-14T18:07:14.577294Z[0m [32m INFO[0m [2mbevy_diagnostic[0m[2m:[0m started_load_count:   69.000000   (avg 69.000000)
[2m2026-04-14T18:07:15.577486Z[0m [32m INFO[0m [2mbevy_diagnostic[0m[2m:[0m started_load_count:   69.000000   (avg 69.000000)
[2m2026-04-14T18:07:16.579500Z[0m [32m INFO[0m [2mbevy_diagnostic[0m[2m:[0m started_load_count:   69.000000   (avg 69.000000)
[2m2026-04-14T18:07:17.578138Z[0m [32m INFO[0m [2mbevy_diagnostic[0m[2m:[0m started_load_count:   69.000000   (avg 69.000000)
[2m2026-04-14T18:07:18.578622Z[0m [32m INFO[0m [2mbevy_diagnostic[0m[2m:[0m started_load_count:   69.000000   (avg 69.000000)
[2m2026-04-14T18:07:19.579336Z[0m [32m INFO[0m [2mbevy_diagnostic[0m[2m:[0m started_load_count:   69.000000   (avg 69.000000)
[2m2026-04-14T18:07:20.580078Z[0m [32m INFO[0m [2mbevy_diagnostic[0m[2m:[0m started_load_count:   69.000000   (avg 69.000000)
[2m2026-04-14T18:07:21.577849Z[0m [32m INFO[0m [2mbevy_diagnostic[0m[2m:[0m started_load_count:   69.000000   (avg 69.000000)
[2m2026-04-14T18:07:22.580185Z[0m [32m INFO[0m [2mbevy_diagnostic[0m[2m:[0m started_load_count:   69.000000   (avg 69.000000)
[2m2026-04-14T18:07:23.578101Z[0m [32m INFO[0m [2mbevy_diagnostic[0m[2m:[0m started_load_count:   69.000000   (avg 69.000000)
[2m2026-04-14T18:07:24.577053Z[0m [32m INFO[0m [2mbevy_diagnostic[0m[2m:[0m started_load_count:   69.000000   (avg 69.000000)
[2m2026-04-14T18:07:25.580643Z[0m [32m INFO[0m [2mbevy_diagnostic[0m[2m:[0m started_load_count:   69.000000   (avg 69.000000)
[2m2026-04-14T18:07:26.578521Z[0m [32m INFO[0m [2mbevy_diagnostic[0m[2m:[0m started_load_count:   69.000000   (avg 69.000000)
[2m2026-04-14T18:07:27.576270Z[0m [32m INFO[0m [2mbevy_diagnostic[0m[2m:[0m started_load_count:   69.000000   (avg 69.000000)
[2m2026-04-14T18:07:28.574314Z[0m [32m INFO[0m [2mbevy_diagnostic[0m[2m:[0m started_load_count:   69.000000   (avg 69.000000)
[2m2026-04-14T18:07:29.578307Z[0m [32m INFO[0m [2mbevy_diagnostic[0m[2m:[0m started_load_count:   69.000000   (avg 69.000000)
[2m2026-04-14T18:07:30.576077Z[0m [32m INFO[0m [2mbevy_diagnostic[0m[2m:[0m started_load_count:   69.000000   (avg 69.000000)
[2m2026-04-14T18:07:31.577762Z[0m [32m INFO[0m [2mbevy_diagnostic[0m[2m:[0m started_load_count:   69.000000   (avg 69.000000)
[2m2026-04-14T18:07:32.580171Z[0m [32m INFO[0m [2mbevy_diagnostic[0m[2m:[0m started_load_count:   69.000000   (avg 69.000000)
[2m2026-04-14T18:07:33.577606Z[0m [32m INFO[0m [2mbevy_diagnostic[0m[2m:[0m started_load_count:   69.000000   (avg 69.000000)
[2m2026-04-14T18:07:34.579805Z[0m [32m INFO[0m [2mbevy_diagnostic[0m[2m:[0m started_load_count:   69.000000   (avg 69.000000)
[2m2026-04-14T18:07:35.579034Z[0m [32m INFO[0m [2mbevy_diagnostic[0m[2m:[0m started_load_count:   69.000000   (avg 69.000000)
[2m2026-04-14T18:07:36.579180Z[0m [32m INFO[0m [2mbevy_diagnostic[0m[2m:[0m started_load_count:   69.000000   (avg 69.000000)
[2m2026-04-14T18:07:37.581091Z[0m [32m INFO[0m [2mbevy_diagnostic[0m[2m:[0m started_load_count:   69.000000   (avg 69.000000)
[2m2026-04-14T18:07:38.578839Z[0m [32m INFO[0m [2mbevy_diagnostic[0m[2m:[0m started_load_count:   69.000000   (avg 69.000000)
[2m2026-04-14T18:07:39.576246Z[0m [32m INFO[0m [2mbevy_diagnostic[0m[2m:[0m started_load_count:   69.000000   (avg 69.000000)
[2m2026-04-14T18:07:40.576953Z[0m [32m INFO[0m [2mbevy_diagnostic[0m[2m:[0m started_load_count:   69.000000   (avg 69.000000)
[2m2026-04-14T18:07:41.578501Z[0m [32m INFO[0m [2mbevy_diagnostic[0m[2m:[0m started_load_count:   69.000000   (avg 69.000000)
[2m2026-04-14T18:07:42.580463Z[0m [32m INFO[0m [2mbevy_diagnostic[0m[2m:[0m started_load_count:   69.000000   (avg 69.000000)
[2m2026-04-14T18:07:43.589075Z[0m [32m INFO[0m [2mbevy_diagnostic[0m[2m:[0m started_load_count:   69.000000   (avg 69.000000)
[2m2026-04-14T18:07:44.593350Z[0m [32m INFO[0m [2mbevy_diagnostic[0m[2m:[0m started_load_count:   69.000000   (avg 69.000000)
[2m2026-04-14T18:07:45.595527Z[0m [32m INFO[0m [2mbevy_diagnostic[0m[2m:[0m started_load_count:   69.000000   (avg 69.000000)
[2m2026-04-14T18:07:46.594310Z[0m [32m INFO[0m [2mbevy_diagnostic[0m[2m:[0m started_load_count:   69.000000   (avg 69.000000)
[2m2026-04-14T18:07:47.596404Z[0m [32m INFO[0m [2mbevy_diagnostic[0m[2m:[0m started_load_count:   69.000000   (avg 69.000000)
[2m2026-04-14T18:07:48.598180Z[0m [32m INFO[0m [2mbevy_diagnostic[0m[2m:[0m started_load_count:   69.000000   (avg 69.000000)
[2m2026-04-14T18:07:49.595722Z[0m [32m INFO[0m [2mbevy_diagnostic[0m[2m:[0m started_load_count:   69.000000   (avg 69.000000)
[2m2026-04-14T18:07:50.594650Z[0m [32m INFO[0m [2mbevy_diagnostic[0m[2m:[0m started_load_count:   69.000000   (avg 69.000000)
[2m2026-04-14T18:07:51.595157Z[0m [32m INFO[0m [2mbevy_diagnostic[0m[2m:[0m started_load_count:   69.000000   (avg 69.000000)
[2m2026-04-14T18:07:52.598726Z[0m [32m INFO[0m [2mbevy_diagnostic[0m[2m:[0m started_load_count:   69.000000   (avg 69.000000)
[2m2026-04-14T18:07:53.598635Z[0m [32m INFO[0m [2madv_civ::civilization::concepts::movement::movement_systems[0m[2m:[0m Player Tutankhamun of Illyria has ended movement
[2m2026-04-14T18:07:53.600473Z[0m [32m INFO[0m [2mbevy_diagnostic[0m[2m:[0m started_load_count:   69.000000   (avg 69.000000)
[2m2026-04-14T18:07:54.597379Z[0m [32m INFO[0m [2mbevy_diagnostic[0m[2m:[0m started_load_count:   69.000000   (avg 69.000000)
[2m2026-04-14T18:07:55.594406Z[0m [32m INFO[0m [2mbevy_diagnostic[0m[2m:[0m started_load_count:   69.000000   (avg 69.000000)
[2m2026-04-14T18:07:56.594146Z[0m [32m INFO[0m [2mbevy_diagnostic[0m[2m:[0m started_load_count:   69.000000   (avg 69.000000)
[2m2026-04-14T18:07:57.595284Z[0m [32m INFO[0m [2mbevy_diagnostic[0m[2m:[0m started_load_count:   69.000000   (avg 69.000000)
[2m2026-04-14T18:07:58.594452Z[0m [32m INFO[0m [2mbevy_diagnostic[0m[2m:[0m started_load_count:   69.000000   (avg 69.000000)
[2m2026-04-14T18:07:59.600633Z[0m [32m INFO[0m [2mbevy_diagnostic[0m[2m:[0m started_load_count:   69.000000   (avg 69.000000)
[2m2026-04-14T18:08:00.596497Z[0m [32m INFO[0m [2mbevy_diagnostic[0m[2m:[0m started_load_count:   69.000000   (avg 69.000000)
[2m2026-04-14T18:08:01.594543Z[0m [32m INFO[0m [2mbevy_diagnostic[0m[2m:[0m started_load_count:   69.000000   (avg 69.000000)
[2m2026-04-14T18:08:02.594858Z[0m [32m INFO[0m [2mbevy_diagnostic[0m[2m:[0m started_load_count:   69.000000   (avg 69.000000)
[2m2026-04-14T18:08:03.595239Z[0m [32m INFO[0m [2mbevy_diagnostic[0m[2m:[0m started_load_count:   69.000000   (avg 69.000000)
[2m2026-04-14T18:08:04.595324Z[0m [32m INFO[0m [2mbevy_diagnostic[0m[2m:[0m started_load_count:   69.000000   (avg 69.000000)
[2m2026-04-14T18:08:05.593478Z[0m [32m INFO[0m [2mbevy_diagnostic[0m[2m:[0m started_load_count:   69.000000   (avg 69.000000)
[2m2026-04-14T18:08:06.594164Z[0m [32m INFO[0m [2mbevy_diagnostic[0m[2m:[0m started_load_count:   69.000000   (avg 69.000000)
[2m2026-04-14T18:08:07.596279Z[0m [32m INFO[0m [2mbevy_diagnostic[0m[2m:[0m started_load_count:   69.000000   (avg 69.000000)
[2m2026-04-14T18:08:08.593785Z[0m [32m INFO[0m [2mbevy_diagnostic[0m[2m:[0m started_load_count:   69.000000   (avg 69.000000)
[2m2026-04-14T18:08:09.594465Z[0m [32m INFO[0m [2mbevy_diagnostic[0m[2m:[0m started_load_count:   69.000000   (avg 69.000000)
[2m2026-04-14T18:08:10.595593Z[0m [32m INFO[0m [2mbevy_diagnostic[0m[2m:[0m started_load_count:   69.000000   (avg 69.000000)
[2m2026-04-14T18:08:11.595573Z[0m [32m INFO[0m [2mbevy_diagnostic[0m[2m:[0m started_load_count:   69.000000   (avg 69.000000)
[2m2026-04-14T18:08:12.594445Z[0m [32m INFO[0m [2mbevy_diagnostic[0m[2m:[0m started_load_count:   69.000000   (avg 69.000000)
[2m2026-04-14T18:08:13.593634Z[0m [32m INFO[0m [2mbevy_diagnostic[0m[2m:[0m started_load_count:   69.000000   (avg 69.000000)
[2m2026-04-14T18:08:14.594315Z[0m [32m INFO[0m [2mbevy_diagnostic[0m[2m:[0m started_load_count:   69.000000   (avg 69.000000)
[2m2026-04-14T18:08:15.588928Z[0m [32m INFO[0m [2mbevy_diagnostic[0m[2m:[0m started_load_count:   69.000000   (avg 69.000000)
[2m2026-04-14T18:08:16.595677Z[0m [32m INFO[0m [2mbevy_diagnostic[0m[2m:[0m started_load_count:   69.000000   (avg 69.000000)
[2m2026-04-14T18:08:17.595027Z[0m [32m INFO[0m [2mbevy_diagnostic[0m[2m:[0m started_load_count:   69.000000   (avg 69.000000)
[2m2026-04-14T18:08:18.593570Z[0m [32m INFO[0m [2mbevy_diagnostic[0m[2m:[0m started_load_count:   69.000000   (avg 69.000000)
[2m2026-04-14T18:08:19.596358Z[0m [32m INFO[0m [2mbevy_diagnostic[0m[2m:[0m started_load_count:   69.000000   (avg 69.000000)
[2m2026-04-14T18:08:20.594542Z[0m [32m INFO[0m [2mbevy_diagnostic[0m[2m:[0m started_load_count:   69.000000   (avg 69.000000)
[2m2026-04-14T18:08:21.593935Z[0m [32m INFO[0m [2mbevy_diagnostic[0m[2m:[0m started_load_count:   69.000000   (avg 69.000000)
[2m2026-04-14T18:08:22.594099Z[0m [32m INFO[0m [2mbevy_diagnostic[0m[2m:[0m started_load_count:   69.000000   (avg 69.000000)
[2m2026-04-14T18:08:23.590997Z[0m [32m INFO[0m [2mbevy_diagnostic[0m[2m:[0m started_load_count:   69.000000   (avg 69.000000)
[2m2026-04-14T18:08:24.594185Z[0m [32m INFO[0m [2mbevy_diagnostic[0m[2m:[0m started_load_count:   69.000000   (avg 69.000000)
[2m2026-04-14T18:08:25.594917Z[0m [32m INFO[0m [2mbevy_diagnostic[0m[2m:[0m started_load_count:   69.000000   (avg 69.000000)
[2m2026-04-14T18:08:26.594001Z[0m [32m INFO[0m [2mbevy_diagnostic[0m[2m:[0m started_load_count:   69.000000   (avg 69.000000)
[2m2026-04-14T18:08:27.596444Z[0m [32m INFO[0m [2mbevy_diagnostic[0m[2m:[0m started_load_count:   69.000000   (avg 69.000000)
[2m2026-04-14T18:08:28.595894Z[0m [32m INFO[0m [2mbevy_diagnostic[0m[2m:[0m started_load_count:   69.000000   (avg 69.000000)
[2m2026-04-14T18:08:29.593917Z[0m [32m INFO[0m [2mbevy_diagnostic[0m[2m:[0m started_load_count:   69.000000   (avg 69.000000)
[2m2026-04-14T18:08:30.595221Z[0m [32m INFO[0m [2mbevy_diagnostic[0m[2m:[0m started_load_count:   69.000000   (avg 69.000000)
[2m2026-04-14T18:08:31.596406Z[0m [32m INFO[0m [2mbevy_diagnostic[0m[2m:[0m started_load_count:   69.000000   (avg 69.000000)
[2m2026-04-14T18:08:32.593991Z[0m [32m INFO[0m [2mbevy_diagnostic[0m[2m:[0m started_load_count:   69.000000   (avg 69.000000)
[2m2026-04-14T18:08:33.595939Z[0m [32m INFO[0m [2mbevy_diagnostic[0m[2m:[0m started_load_count:   69.000000   (avg 69.000000)
[2m2026-04-14T18:08:34.598355Z[0m [32m INFO[0m [2mbevy_diagnostic[0m[2m:[0m started_load_count:   69.000000   (avg 69.000000)
[2m2026-04-14T18:08:35.596157Z[0m [32m INFO[0m [2mbevy_diagnostic[0m[2m:[0m started_load_count:   69.000000   (avg 69.000000)
[2m2026-04-14T18:08:36.593982Z[0m [32m INFO[0m [2mbevy_diagnostic[0m[2m:[0m started_load_count:   69.000000   (avg 69.000000)
[2m2026-04-14T18:08:37.596945Z[0m [32m INFO[0m [2mbevy_diagnostic[0m[2m:[0m started_load_count:   69.000000   (avg 69.000000)
[2m2026-04-14T18:08:38.593917Z[0m [32m INFO[0m [2mbevy_diagnostic[0m[2m:[0m started_load_count:   69.000000   (avg 69.000000)
[2m2026-04-14T18:08:39.597432Z[0m [32m INFO[0m [2mbevy_diagnostic[0m[2m:[0m started_load_count:   69.000000   (avg 69.000000)
[2m2026-04-14T18:08:40.599607Z[0m [32m INFO[0m [2mbevy_diagnostic[0m[2m:[0m started_load_count:   69.000000   (avg 69.000000)
[2m2026-04-14T18:08:41.595004Z[0m [32m INFO[0m [2mbevy_diagnostic[0m[2m:[0m started_load_count:   69.000000   (avg 69.000000)
[2m2026-04-14T18:08:42.593243Z[0m [32m INFO[0m [2mbevy_diagnostic[0m[2m:[0m started_load_count:   69.000000   (avg 69.000000)
[2m2026-04-14T18:08:43.595017Z[0m [32m INFO[0m [2mbevy_diagnostic[0m[2m:[0m started_load_count:   69.000000   (avg 69.000000)
[2m2026-04-14T18:08:44.595276Z[0m [32m INFO[0m [2mbevy_diagnostic[0m[2m:[0m started_load_count:   69.000000   (avg 69.000000)
[2m2026-04-14T18:08:45.594516Z[0m [32m INFO[0m [2mbevy_diagnostic[0m[2m:[0m started_load_count:   69.000000   (avg 69.000000)
[2m2026-04-14T18:08:46.593789Z[0m [32m INFO[0m [2mbevy_diagnostic[0m[2m:[0m started_load_count:   69.000000   (avg 69.000000)
[2m2026-04-14T18:08:47.595367Z[0m [32m INFO[0m [2mbevy_diagnostic[0m[2m:[0m started_load_count:   69.000000   (avg 69.000000)
[2m2026-04-14T18:08:48.600055Z[0m [32m INFO[0m [2mbevy_diagnostic[0m[2m:[0m started_load_count:   69.000000   (avg 69.000000)
[2m2026-04-14T18:08:49.598193Z[0m [32m INFO[0m [2mbevy_diagnostic[0m[2m:[0m started_load_count:   69.000000   (avg 69.000000)
[2m2026-04-14T18:08:50.595494Z[0m [32m INFO[0m [2mbevy_diagnostic[0m[2m:[0m started_load_count:   69.000000   (avg 69.000000)
[2m2026-04-14T18:08:51.593549Z[0m [32m INFO[0m [2mbevy_diagnostic[0m[2m:[0m started_load_count:   69.000000   (avg 69.000000)
[2m2026-04-14T18:08:52.593929Z[0m [32m INFO[0m [2mbevy_diagnostic[0m[2m:[0m started_load_count:   69.000000   (avg 69.000000)
[2m2026-04-14T18:08:53.595358Z[0m [32m INFO[0m [2mbevy_diagnostic[0m[2m:[0m started_load_count:   69.000000   (avg 69.000000)
[2m2026-04-14T18:08:54.599175Z[0m [32m INFO[0m [2mbevy_diagnostic[0m[2m:[0m started_load_count:   69.000000   (avg 69.000000)
[2m2026-04-14T18:08:55.597714Z[0m [32m INFO[0m [2mbevy_diagnostic[0m[2m:[0m started_load_count:   69.000000   (avg 69.000000)
[2m2026-04-14T18:08:56.598439Z[0m [32m INFO[0m [2mbevy_diagnostic[0m[2m:[0m started_load_count:   69.000000   (avg 69.000000)
[2m2026-04-14T18:08:57.597061Z[0m [32m INFO[0m [2mbevy_diagnostic[0m[2m:[0m started_load_count:   69.000000   (avg 69.000000)
[2m2026-04-14T18:08:58.595017Z[0m [32m INFO[0m [2mbevy_diagnostic[0m[2m:[0m started_load_count:   69.000000   (avg 69.000000)
[2m2026-04-14T18:08:59.604200Z[0m [32m INFO[0m [2mbevy_diagnostic[0m[2m:[0m started_load_count:   69.000000   (avg 69.000000)
[2m2026-04-14T18:09:00.611662Z[0m [32m INFO[0m [2mbevy_diagnostic[0m[2m:[0m started_load_count:   69.000000   (avg 69.000000)
[2m2026-04-14T18:09:01.612116Z[0m [32m INFO[0m [2mbevy_diagnostic[0m[2m:[0m started_load_count:   69.000000   (avg 69.000000)
[2m2026-04-14T18:09:02.611175Z[0m [32m INFO[0m [2mbevy_diagnostic[0m[2m:[0m started_load_count:   69.000000   (avg 69.000000)
[2m2026-04-14T18:09:03.613453Z[0m [32m INFO[0m [2mbevy_diagnostic[0m[2m:[0m started_load_count:   69.000000   (avg 69.000000)
[2m2026-04-14T18:09:04.611214Z[0m [32m INFO[0m [2mbevy_diagnostic[0m[2m:[0m started_load_count:   69.000000   (avg 69.000000)
[2m2026-04-14T18:09:05.614380Z[0m [32m INFO[0m [2mbevy_diagnostic[0m[2m:[0m started_load_count:   69.000000   (avg 69.000000)
[2m2026-04-14T18:09:06.610670Z[0m [32m INFO[0m [2madv_civ::civilization::concepts::movement::movement_systems[0m[2m:[0m Player Alexander of Assyria has ended movement
[2m2026-04-14T18:09:06.612072Z[0m [32m INFO[0m [2mbevy_diagnostic[0m[2m:[0m started_load_count:   69.000000   (avg 69.000000)
[2m2026-04-14T18:09:07.610444Z[0m [32m INFO[0m [2mbevy_diagnostic[0m[2m:[0m started_load_count:   69.000000   (avg 69.000000)
[2m2026-04-14T18:09:08.611452Z[0m [32m INFO[0m [2mbevy_diagnostic[0m[2m:[0m started_load_count:   69.000000   (avg 69.000000)
[2m2026-04-14T18:09:09.610851Z[0m [32m INFO[0m [2mbevy_diagnostic[0m[2m:[0m started_load_count:   69.000000   (avg 69.000000)
[2m2026-04-14T18:09:10.612452Z[0m [32m INFO[0m [2mbevy_diagnostic[0m[2m:[0m started_load_count:   69.000000   (avg 69.000000)
[2m2026-04-14T18:09:11.611590Z[0m [32m INFO[0m [2mbevy_diagnostic[0m[2m:[0m started_load_count:   69.000000   (avg 69.000000)
[2m2026-04-14T18:09:12.611425Z[0m [32m INFO[0m [2mbevy_diagnostic[0m[2m:[0m started_load_count:   69.000000   (avg 69.000000)
[2m2026-04-14T18:09:13.613282Z[0m [32m INFO[0m [2mbevy_diagnostic[0m[2m:[0m started_load_count:   69.000000   (avg 69.000000)
[2m2026-04-14T18:09:14.615527Z[0m [32m INFO[0m [2mbevy_diagnostic[0m[2m:[0m started_load_count:   69.000000   (avg 69.000000)
[2m2026-04-14T18:09:15.615194Z[0m [32m INFO[0m [2mbevy_diagnostic[0m[2m:[0m started_load_count:   69.000000   (avg 69.000000)
[2m2026-04-14T18:09:16.611906Z[0m [32m INFO[0m [2mbevy_diagnostic[0m[2m:[0m started_load_count:   69.000000   (avg 69.000000)
[2m2026-04-14T18:09:17.611964Z[0m [32m INFO[0m [2mbevy_diagnostic[0m[2m:[0m started_load_count:   69.000000   (avg 69.000000)
[2m2026-04-14T18:09:18.611208Z[0m [32m INFO[0m [2mbevy_diagnostic[0m[2m:[0m started_load_count:   69.000000   (avg 69.000000)
[2m2026-04-14T18:09:19.615655Z[0m [32m INFO[0m [2mbevy_diagnostic[0m[2m:[0m started_load_count:   69.000000   (avg 69.000000)
[2m2026-04-14T18:09:20.611563Z[0m [32m INFO[0m [2mbevy_diagnostic[0m[2m:[0m started_load_count:   69.000000   (avg 69.000000)
[2m2026-04-14T18:09:21.611486Z[0m [32m INFO[0m [2mbevy_diagnostic[0m[2m:[0m started_load_count:   69.000000   (avg 69.000000)
[2m2026-04-14T18:09:22.613032Z[0m [32m INFO[0m [2mbevy_diagnostic[0m[2m:[0m started_load_count:   69.000000   (avg 69.000000)
[2m2026-04-14T18:09:23.615999Z[0m [32m INFO[0m [2mbevy_diagnostic[0m[2m:[0m started_load_count:   69.000000   (avg 69.000000)
[2m2026-04-14T18:09:24.613708Z[0m [32m INFO[0m [2mbevy_diagnostic[0m[2m:[0m started_load_count:   69.000000   (avg 69.000000)
[2m2026-04-14T18:09:25.612982Z[0m [32m INFO[0m [2mbevy_diagnostic[0m[2m:[0m started_load_count:   69.000000   (avg 69.000000)
[2m2026-04-14T18:09:26.613897Z[0m [32m INFO[0m [2mbevy_diagnostic[0m[2m:[0m started_load_count:   69.000000   (avg 69.000000)
[2m2026-04-14T18:09:27.612037Z[0m [32m INFO[0m [2mbevy_diagnostic[0m[2m:[0m started_load_count:   69.000000   (avg 69.000000)
[2m2026-04-14T18:09:28.611990Z[0m [32m INFO[0m [2mbevy_diagnostic[0m[2m:[0m started_load_count:   69.000000   (avg 69.000000)
[2m2026-04-14T18:09:29.612895Z[0m [32m INFO[0m [2mbevy_diagnostic[0m[2m:[0m started_load_count:   69.000000   (avg 69.000000)
[2m2026-04-14T18:09:30.612023Z[0m [32m INFO[0m [2mbevy_diagnostic[0m[2m:[0m started_load_count:   69.000000   (avg 69.000000)
[2m2026-04-14T18:09:31.614552Z[0m [32m INFO[0m [2mbevy_diagnostic[0m[2m:[0m started_load_count:   69.000000   (avg 69.000000)
[2m2026-04-14T18:09:32.613520Z[0m [32m INFO[0m [2mbevy_diagnostic[0m[2m:[0m started_load_count:   69.000000   (avg 69.000000)
[2m2026-04-14T18:09:33.614780Z[0m [32m INFO[0m [2mbevy_diagnostic[0m[2m:[0m started_load_count:   69.000000   (avg 69.000000)
[2m2026-04-14T18:09:34.612533Z[0m [32m INFO[0m [2mbevy_diagnostic[0m[2m:[0m started_load_count:   69.000000   (avg 69.000000)
[2m2026-04-14T18:09:35.611690Z[0m [32m INFO[0m [2mbevy_diagnostic[0m[2m:[0m started_load_count:   69.000000   (avg 69.000000)
[2m2026-04-14T18:09:36.610900Z[0m [32m INFO[0m [2mbevy_diagnostic[0m[2m:[0m started_load_count:   69.000000   (avg 69.000000)
[2m2026-04-14T18:09:37.615401Z[0m [32m INFO[0m [2mbevy_diagnostic[0m[2m:[0m started_load_count:   69.000000   (avg 69.000000)
[2m2026-04-14T18:09:38.611394Z[0m [32m INFO[0m [2mbevy_diagnostic[0m[2m:[0m started_load_count:   69.000000   (avg 69.000000)
[2m2026-04-14T18:09:39.611564Z[0m [32m INFO[0m [2mbevy_diagnostic[0m[2m:[0m started_load_count:   69.000000   (avg 69.000000)
[2m2026-04-14T18:09:40.622024Z[0m [32m INFO[0m [2mbevy_diagnostic[0m[2m:[0m started_load_count:   69.000000   (avg 69.000000)
[2m2026-04-14T18:09:41.628113Z[0m [32m INFO[0m [2mbevy_diagnostic[0m[2m:[0m started_load_count:   69.000000   (avg 69.000000)
[2m2026-04-14T18:09:42.627929Z[0m [32m INFO[0m [2mbevy_diagnostic[0m[2m:[0m started_load_count:   69.000000   (avg 69.000000)
[2m2026-04-14T18:09:43.630182Z[0m [32m INFO[0m [2mbevy_diagnostic[0m[2m:[0m started_load_count:   69.000000   (avg 69.000000)
[2m2026-04-14T18:09:44.628594Z[0m [32m INFO[0m [2mbevy_diagnostic[0m[2m:[0m started_load_count:   69.000000   (avg 69.000000)
[2m2026-04-14T18:09:45.632318Z[0m [32m INFO[0m [2mbevy_diagnostic[0m[2m:[0m started_load_count:   69.000000   (avg 69.000000)
[2m2026-04-14T18:09:46.628071Z[0m [32m INFO[0m [2mbevy_diagnostic[0m[2m:[0m started_load_count:   69.000000   (avg 69.000000)
[2m2026-04-14T18:09:47.627836Z[0m [32m INFO[0m [2mbevy_diagnostic[0m[2m:[0m started_load_count:   69.000000   (avg 69.000000)
[2m2026-04-14T18:09:48.632576Z[0m [32m INFO[0m [2mbevy_diagnostic[0m[2m:[0m started_load_count:   69.000000   (avg 69.000000)
[2m2026-04-14T18:09:49.631848Z[0m [32m INFO[0m [2mbevy_diagnostic[0m[2m:[0m started_load_count:   69.000000   (avg 69.000000)
[2m2026-04-14T18:09:50.629986Z[0m [32m INFO[0m [2mbevy_diagnostic[0m[2m:[0m started_load_count:   69.000000   (avg 69.000000)
[2m2026-04-14T18:09:51.628608Z[0m [32m INFO[0m [2mbevy_diagnostic[0m[2m:[0m started_load_count:   69.000000   (avg 69.000000)
[2m2026-04-14T18:09:52.629254Z[0m [32m INFO[0m [2mbevy_diagnostic[0m[2m:[0m started_load_count:   69.000000   (avg 69.000000)
[2m2026-04-14T18:09:53.628412Z[0m [32m INFO[0m [2mbevy_diagnostic[0m[2m:[0m started_load_count:   69.000000   (avg 69.000000)
[2m2026-04-14T18:09:54.629097Z[0m [32m INFO[0m [2mbevy_diagnostic[0m[2m:[0m started_load_count:   69.000000   (avg 69.000000)
[2m2026-04-14T18:09:55.635851Z[0m [32m INFO[0m [2mbevy_diagnostic[0m[2m:[0m started_load_count:   69.000000   (avg 69.000000)
[2m2026-04-14T18:09:56.640492Z[0m [32m INFO[0m [2mbevy_diagnostic[0m[2m:[0m started_load_count:   69.000000   (avg 69.000000)
[2m2026-04-14T18:09:57.645450Z[0m [32m INFO[0m [2mbevy_diagnostic[0m[2m:[0m started_load_count:   69.000000   (avg 69.000000)
[2m2026-04-14T18:09:58.645265Z[0m [32m INFO[0m [2mbevy_diagnostic[0m[2m:[0m started_load_count:   69.000000   (avg 69.000000)
[2m2026-04-14T18:09:59.645305Z[0m [32m INFO[0m [2mbevy_diagnostic[0m[2m:[0m started_load_count:   69.000000   (avg 69.000000)
[2m2026-04-14T18:10:00.645501Z[0m [32m INFO[0m [2mbevy_diagnostic[0m[2m:[0m started_load_count:   69.000000   (avg 69.000000)
[2m2026-04-14T18:10:01.646697Z[0m [32m INFO[0m [2mbevy_diagnostic[0m[2m:[0m started_load_count:   69.000000   (avg 69.000000)
[2m2026-04-14T18:10:02.645470Z[0m [32m INFO[0m [2mbevy_diagnostic[0m[2m:[0m started_load_count:   69.000000   (avg 69.000000)
[2m2026-04-14T18:10:03.645473Z[0m [32m INFO[0m [2mbevy_diagnostic[0m[2m:[0m started_load_count:   69.000000   (avg 69.000000)
[2m2026-04-14T18:10:04.650951Z[0m [32m INFO[0m [2mbevy_diagnostic[0m[2m:[0m started_load_count:   69.000000   (avg 69.000000)
[2m2026-04-14T18:10:05.646884Z[0m [32m INFO[0m [2mbevy_diagnostic[0m[2m:[0m started_load_count:   69.000000   (avg 69.000000)
[2m2026-04-14T18:10:06.645468Z[0m [32m INFO[0m [2mbevy_diagnostic[0m[2m:[0m started_load_count:   69.000000   (avg 69.000000)
[2m2026-04-14T18:10:07.648402Z[0m [32m INFO[0m [2mbevy_diagnostic[0m[2m:[0m started_load_count:   69.000000   (avg 69.000000)
[2m2026-04-14T18:10:08.645636Z[0m [32m INFO[0m [2mbevy_diagnostic[0m[2m:[0m started_load_count:   69.000000   (avg 69.000000)
[2m2026-04-14T18:10:09.645062Z[0m [32m INFO[0m [2mbevy_diagnostic[0m[2m:[0m started_load_count:   69.000000   (avg 69.000000)
[2m2026-04-14T18:10:10.644862Z[0m [32m INFO[0m [2mbevy_diagnostic[0m[2m:[0m started_load_count:   69.000000   (avg 69.000000)
[2m2026-04-14T18:10:11.645515Z[0m [32m INFO[0m [2mbevy_diagnostic[0m[2m:[0m started_load_count:   69.000000   (avg 69.000000)
[2m2026-04-14T18:10:12.648751Z[0m [32m INFO[0m [2mbevy_diagnostic[0m[2m:[0m started_load_count:   69.000000   (avg 69.000000)
[2m2026-04-14T18:10:13.645580Z[0m [32m INFO[0m [2mbevy_diagnostic[0m[2m:[0m started_load_count:   69.000000   (avg 69.000000)
[2m2026-04-14T18:10:14.645595Z[0m [32m INFO[0m [2mbevy_diagnostic[0m[2m:[0m started_load_count:   69.000000   (avg 69.000000)
[2m2026-04-14T18:10:15.645457Z[0m [32m INFO[0m [2mbevy_diagnostic[0m[2m:[0m started_load_count:   69.000000   (avg 69.000000)
[2m2026-04-14T18:10:16.645480Z[0m [32m INFO[0m [2mbevy_diagnostic[0m[2m:[0m started_load_count:   69.000000   (avg 69.000000)
[2m2026-04-14T18:10:17.645293Z[0m [32m INFO[0m [2mbevy_diagnostic[0m[2m:[0m started_load_count:   69.000000   (avg 69.000000)
[2m2026-04-14T18:10:18.645422Z[0m [32m INFO[0m [2mbevy_diagnostic[0m[2m:[0m started_load_count:   69.000000   (avg 69.000000)
[2m2026-04-14T18:10:19.651396Z[0m [32m INFO[0m [2mbevy_diagnostic[0m[2m:[0m started_load_count:   69.000000   (avg 69.000000)
[2m2026-04-14T18:10:20.665782Z[0m [32m INFO[0m [2mbevy_diagnostic[0m[2m:[0m started_load_count:   69.000000   (avg 69.000000)
[2m2026-04-14T18:10:21.664894Z[0m [32m INFO[0m [2mbevy_diagnostic[0m[2m:[0m started_load_count:   69.000000   (avg 69.000000)
[2m2026-04-14T18:10:22.669801Z[0m [32m INFO[0m [2mbevy_diagnostic[0m[2m:[0m started_load_count:   69.000000   (avg 69.000000)
[2m2026-04-14T18:10:23.669378Z[0m [32m INFO[0m [2mbevy_diagnostic[0m[2m:[0m started_load_count:   69.000000   (avg 69.000000)
[2m2026-04-14T18:10:24.673235Z[0m [32m INFO[0m [2mbevy_diagnostic[0m[2m:[0m started_load_count:   69.000000   (avg 69.000000)
[2m2026-04-14T18:10:25.679167Z[0m [32m INFO[0m [2mbevy_diagnostic[0m[2m:[0m started_load_count:   69.000000   (avg 69.000000)
[2m2026-04-14T18:10:26.678376Z[0m [32m INFO[0m [2mbevy_diagnostic[0m[2m:[0m started_load_count:   69.000000   (avg 69.000000)
[2m2026-04-14T18:10:27.699208Z[0m [32m INFO[0m [2mbevy_diagnostic[0m[2m:[0m started_load_count:   69.000000   (avg 69.000000)
[2m2026-04-14T18:10:28.694978Z[0m [32m INFO[0m [2mbevy_diagnostic[0m[2m:[0m started_load_count:   69.000000   (avg 69.000000)
[2m2026-04-14T18:10:29.695746Z[0m [32m INFO[0m [2mbevy_diagnostic[0m[2m:[0m started_load_count:   69.000000   (avg 69.000000)
[2m2026-04-14T18:10:30.695642Z[0m [32m INFO[0m [2mbevy_diagnostic[0m[2m:[0m started_load_count:   69.000000   (avg 69.000000)
[2m2026-04-14T18:10:31.698537Z[0m [32m INFO[0m [2mbevy_diagnostic[0m[2m:[0m started_load_count:   69.000000   (avg 69.000000)
[2m2026-04-14T18:10:32.697565Z[0m [32m INFO[0m [2mbevy_diagnostic[0m[2m:[0m started_load_count:   69.000000   (avg 69.000000)
[2m2026-04-14T18:10:33.696148Z[0m [32m INFO[0m [2madv_civ::civilization::concepts::movement::movement_systems[0m[2m:[0m Player Hatshepsut of Thrace has ended movement
[2m2026-04-14T18:10:33.697075Z[0m [32m INFO[0m [2mbevy_diagnostic[0m[2m:[0m started_load_count:   69.000000   (avg 69.000000)
[2m2026-04-14T18:10:34.698563Z[0m [32m INFO[0m [2mbevy_diagnostic[0m[2m:[0m started_load_count:   69.000000   (avg 69.000000)
[2m2026-04-14T18:10:35.696529Z[0m [32m INFO[0m [2mbevy_diagnostic[0m[2m:[0m started_load_count:   69.000000   (avg 69.000000)
[2m2026-04-14T18:10:36.695470Z[0m [32m INFO[0m [2mbevy_diagnostic[0m[2m:[0m started_load_count:   69.000000   (avg 69.000000)
[2m2026-04-14T18:10:37.696612Z[0m [32m INFO[0m [2mbevy_diagnostic[0m[2m:[0m started_load_count:   69.000000   (avg 69.000000)
[2m2026-04-14T18:10:38.699315Z[0m [32m INFO[0m [2mbevy_diagnostic[0m[2m:[0m started_load_count:   69.000000   (avg 69.000000)
[2m2026-04-14T18:10:39.696172Z[0m [32m INFO[0m [2mbevy_diagnostic[0m[2m:[0m started_load_count:   69.000000   (avg 69.000000)
[2m2026-04-14T18:10:40.696699Z[0m [32m INFO[0m [2mbevy_diagnostic[0m[2m:[0m started_load_count:   69.000000   (avg 69.000000)
[2m2026-04-14T18:10:41.696696Z[0m [32m INFO[0m [2mbevy_diagnostic[0m[2m:[0m started_load_count:   69.000000   (avg 69.000000)
[2m2026-04-14T18:10:42.697610Z[0m [32m INFO[0m [2mbevy_diagnostic[0m[2m:[0m started_load_count:   69.000000   (avg 69.000000)
[2m2026-04-14T18:10:43.699577Z[0m [32m INFO[0m [2mbevy_diagnostic[0m[2m:[0m started_load_count:   69.000000   (avg 69.000000)
[2m2026-04-14T18:10:44.696815Z[0m [32m INFO[0m [2mbevy_diagnostic[0m[2m:[0m started_load_count:   69.000000   (avg 69.000000)
[2m2026-04-14T18:10:45.697032Z[0m [32m INFO[0m [2mbevy_diagnostic[0m[2m:[0m started_load_count:   69.000000   (avg 69.000000)
[2m2026-04-14T18:10:46.707719Z[0m [32m INFO[0m [2mbevy_diagnostic[0m[2m:[0m started_load_count:   69.000000   (avg 69.000000)
[2m2026-04-14T18:10:47.714409Z[0m [32m INFO[0m [2mbevy_diagnostic[0m[2m:[0m started_load_count:   69.000000   (avg 69.000000)
[2m2026-04-14T18:10:48.712378Z[0m [32m INFO[0m [2mbevy_diagnostic[0m[2m:[0m started_load_count:   69.000000   (avg 69.000000)
[2m2026-04-14T18:10:49.716788Z[0m [32m INFO[0m [2mbevy_diagnostic[0m[2m:[0m started_load_count:   69.000000   (avg 69.000000)
[2m2026-04-14T18:10:50.712303Z[0m [32m INFO[0m [2mbevy_diagnostic[0m[2m:[0m started_load_count:   69.000000   (avg 69.000000)
[2m2026-04-14T18:10:51.713967Z[0m [32m INFO[0m [2mbevy_diagnostic[0m[2m:[0m started_load_count:   69.000000   (avg 69.000000)
[2m2026-04-14T18:10:52.715207Z[0m [32m INFO[0m [2mbevy_diagnostic[0m[2m:[0m started_load_count:   69.000000   (avg 69.000000)
[2m2026-04-14T18:10:53.714997Z[0m [32m INFO[0m [2mbevy_diagnostic[0m[2m:[0m started_load_count:   69.000000   (avg 69.000000)
[2m2026-04-14T18:10:54.713216Z[0m [32m INFO[0m [2mbevy_diagnostic[0m[2m:[0m started_load_count:   69.000000   (avg 69.000000)
[2m2026-04-14T18:10:55.714068Z[0m [32m INFO[0m [2mbevy_diagnostic[0m[2m:[0m started_load_count:   69.000000   (avg 69.000000)
[2m2026-04-14T18:10:56.712940Z[0m [32m INFO[0m [2mbevy_diagnostic[0m[2m:[0m started_load_count:   69.000000   (avg 69.000000)
[2m2026-04-14T18:10:57.712960Z[0m [32m INFO[0m [2mbevy_diagnostic[0m[2m:[0m started_load_count:   69.000000   (avg 69.000000)
[2m2026-04-14T18:10:58.712974Z[0m [32m INFO[0m [2mbevy_diagnostic[0m[2m:[0m started_load_count:   69.000000   (avg 69.000000)
[2m2026-04-14T18:10:59.713327Z[0m [32m INFO[0m [2mbevy_diagnostic[0m[2m:[0m started_load_count:   69.000000   (avg 69.000000)
[2m2026-04-14T18:11:00.716417Z[0m [32m INFO[0m [2mbevy_diagnostic[0m[2m:[0m started_load_count:   69.000000   (avg 69.000000)
[2m2026-04-14T18:11:01.714315Z[0m [32m INFO[0m [2mbevy_diagnostic[0m[2m:[0m started_load_count:   69.000000   (avg 69.000000)
[2m2026-04-14T18:11:02.715150Z[0m [32m INFO[0m [2mbevy_diagnostic[0m[2m:[0m started_load_count:   69.000000   (avg 69.000000)
[2m2026-04-14T18:11:03.163396Z[0m [32m INFO[0m [2mbevy_diagnostic[0m[2m:[0m started_load_count:   69.000000   (avg 69.000000)
[2m2026-04-14T18:11:03.297895Z[0m [32m INFO[0m [2madv_civ::civilization::concepts::movement::movement_systems[0m[2m:[0m Player Ramesses of Crete has ended movement
[2m2026-04-14T18:11:03.381386Z[0m [32m INFO[0m [2madv_civ::civilization::concepts::movement::movement_systems[0m[2m:[0m [SHIPS] Ferry: 1 token(s) moved 157v0 → 174v0; ship follows
[2m2026-04-14T18:11:03.914518Z[0m [32m INFO[0m [2madv_civ::civilization::concepts::movement::movement_systems[0m[2m:[0m Player Leonidas of Iberia has ended movement
[2m2026-04-14T18:11:03.999173Z[0m [32m INFO[0m [2madv_civ::civilization::concepts::movement::movement_systems[0m[2m:[0m Player Pericles of Babylon has ended movement
[2m2026-04-14T18:11:03.999208Z[0m [32m INFO[0m [2madv_civ::civilization::concepts::movement::movement_systems[0m[2m:[0m No more players to move, transitioning to Conflict
[2m2026-04-14T18:11:04.011959Z[0m [32m INFO[0m [2madv_civ::civilization::concepts::conflict::conflict_systems[0m[2m:[0m Found 9 conflicts, remaining in Conflict
[2m2026-04-14T18:11:04.012032Z[0m [32m INFO[0m [2madv_civ::civilization::concepts::conflict::conflict_triggers[0m[2m:[0m [CONFLICT] Regular conflict in '15:Olynthus': 2 players, 5 tokens, max_pop=1, conflicts_pending=9, human_involved=false
[2m2026-04-14T18:11:04.012050Z[0m [32m INFO[0m [2madv_civ::civilization::concepts::conflict::conflict_triggers[0m[2m:[0m   Player 1 (279v0): 3 tokens
[2m2026-04-14T18:11:04.012056Z[0m [32m INFO[0m [2madv_civ::civilization::concepts::conflict::conflict_triggers[0m[2m:[0m   Player 2 (523v0): 2 tokens
[2m2026-04-14T18:11:04.012067Z[0m [32m INFO[0m [2madv_civ::civilization::concepts::conflict::conflict_triggers[0m[2m:[0m [CONFLICT] Resolved '15:Olynthus' via max_pop=1: 2 tokens remaining (was 5)
[2m2026-04-14T18:11:04.012072Z[0m [32m INFO[0m [2madv_civ::civilization::concepts::conflict::conflict_triggers[0m[2m:[0m [CONFLICT] Conflicts remaining: 8
[2m2026-04-14T18:11:04.012124Z[0m [32m INFO[0m [2madv_civ::civilization::concepts::conflict::conflict_triggers[0m[2m:[0m [CONFLICT] Regular conflict in '59:Mycenae': 2 players, 6 tokens, max_pop=4, conflicts_pending=8, human_involved=false
[2m2026-04-14T18:11:04.012132Z[0m [32m INFO[0m [2madv_civ::civilization::concepts::conflict::conflict_triggers[0m[2m:[0m   Player 1 (340v0): 4 tokens
[2m2026-04-14T18:11:04.012136Z[0m [32m INFO[0m [2madv_civ::civilization::concepts::conflict::conflict_triggers[0m[2m:[0m   Player 2 (706v0): 2 tokens
[2m2026-04-14T18:11:04.012143Z[0m [32m INFO[0m [2madv_civ::civilization::concepts::conflict::conflict_triggers[0m[2m:[0m [CONFLICT] Resolved '59:Mycenae' via unequal_lengths: 4 tokens remaining (was 6)
[2m2026-04-14T18:11:04.012147Z[0m [32m INFO[0m [2madv_civ::civilization::concepts::conflict::conflict_triggers[0m[2m:[0m [CONFLICT] Conflicts remaining: 7
[2m2026-04-14T18:11:04.012167Z[0m [32m INFO[0m [2madv_civ::civilization::concepts::conflict::conflict_triggers[0m[2m:[0m [CONFLICT] Regular conflict in '51:Thebes': 2 players, 3 tokens, max_pop=2, conflicts_pending=7, human_involved=false
[2m2026-04-14T18:11:04.012174Z[0m [32m INFO[0m [2madv_civ::civilization::concepts::conflict::conflict_triggers[0m[2m:[0m   Player 1 (523v0): 2 tokens
[2m2026-04-14T18:11:04.012178Z[0m [32m INFO[0m [2madv_civ::civilization::concepts::conflict::conflict_triggers[0m[2m:[0m   Player 2 (279v0): 1 tokens
[2m2026-04-14T18:11:04.012183Z[0m [32m INFO[0m [2madv_civ::civilization::concepts::conflict::conflict_triggers[0m[2m:[0m [CONFLICT] Resolved '51:Thebes' via unequal_lengths: 2 tokens remaining (was 3)
[2m2026-04-14T18:11:04.012188Z[0m [32m INFO[0m [2madv_civ::civilization::concepts::conflict::conflict_triggers[0m[2m:[0m [CONFLICT] Conflicts remaining: 6
[2m2026-04-14T18:11:04.012201Z[0m [32m INFO[0m [2madv_civ::civilization::concepts::conflict::conflict_triggers[0m[2m:[0m [CONFLICT] Regular conflict in '34:Hippo Regius': 2 players, 5 tokens, max_pop=2, conflicts_pending=6, human_involved=false
[2m2026-04-14T18:11:04.012207Z[0m [32m INFO[0m [2madv_civ::civilization::concepts::conflict::conflict_triggers[0m[2m:[0m   Player 1 (523v0): 3 tokens
[2m2026-04-14T18:11:04.012211Z[0m [32m INFO[0m [2madv_civ::civilization::concepts::conflict::conflict_triggers[0m[2m:[0m   Player 2 (401v0): 2 tokens
[2m2026-04-14T18:11:04.012217Z[0m [32m INFO[0m [2madv_civ::civilization::concepts::conflict::conflict_triggers[0m[2m:[0m [CONFLICT] Resolved '34:Hippo Regius' via unequal_lengths: 2 tokens remaining (was 5)
[2m2026-04-14T18:11:04.012222Z[0m [32m INFO[0m [2madv_civ::civilization::concepts::conflict::conflict_triggers[0m[2m:[0m [CONFLICT] Conflicts remaining: 5
[2m2026-04-14T18:11:04.012243Z[0m [32m INFO[0m [2madv_civ::civilization::concepts::conflict::conflict_triggers[0m[2m:[0m [CONFLICT] Regular conflict in '14:Petra': 3 players, 3 tokens, max_pop=1, conflicts_pending=5, human_involved=false
[2m2026-04-14T18:11:04.012250Z[0m [32m INFO[0m [2madv_civ::civilization::concepts::conflict::conflict_triggers[0m[2m:[0m   Player 1 (523v0): 1 tokens
[2m2026-04-14T18:11:04.012254Z[0m [32m INFO[0m [2madv_civ::civilization::concepts::conflict::conflict_triggers[0m[2m:[0m   Player 2 (462v0): 1 tokens
[2m2026-04-14T18:11:04.012258Z[0m [32m INFO[0m [2madv_civ::civilization::concepts::conflict::conflict_triggers[0m[2m:[0m   Player 3 (279v0): 1 tokens
[2m2026-04-14T18:11:04.012266Z[0m [32m INFO[0m [2madv_civ::civilization::concepts::conflict::conflict_triggers[0m[2m:[0m [CONFLICT] Resolved '14:Petra' via max_pop=1: 0 tokens remaining (was 3)
[2m2026-04-14T18:11:04.012271Z[0m [32m INFO[0m [2madv_civ::civilization::concepts::conflict::conflict_triggers[0m[2m:[0m [CONFLICT] Conflicts remaining: 4
[2m2026-04-14T18:11:04.012293Z[0m [32m INFO[0m [2madv_civ::civilization::concepts::conflict::conflict_triggers[0m[2m:[0m [CONFLICT] Regular conflict in '19:Ashkelon': 3 players, 6 tokens, max_pop=5, conflicts_pending=4, human_involved=false
[2m2026-04-14T18:11:04.012299Z[0m [32m INFO[0m [2madv_civ::civilization::concepts::conflict::conflict_triggers[0m[2m:[0m   Player 1 (523v0): 4 tokens
[2m2026-04-14T18:11:04.012303Z[0m [32m INFO[0m [2madv_civ::civilization::concepts::conflict::conflict_triggers[0m[2m:[0m   Player 2 (401v0): 1 tokens
[2m2026-04-14T18:11:04.012307Z[0m [32m INFO[0m [2madv_civ::civilization::concepts::conflict::conflict_triggers[0m[2m:[0m   Player 3 (279v0): 1 tokens
[2m2026-04-14T18:11:04.012312Z[0m [32m INFO[0m [2madv_civ::civilization::concepts::conflict::conflict_triggers[0m[2m:[0m [CONFLICT] Resolved '19:Ashkelon' via unequal_lengths: 5 tokens remaining (was 6)
[2m2026-04-14T18:11:04.012317Z[0m [32m INFO[0m [2madv_civ::civilization::concepts::conflict::conflict_triggers[0m[2m:[0m [CONFLICT] Conflicts remaining: 3
[2m2026-04-14T18:11:04.012333Z[0m [32m INFO[0m [2madv_civ::civilization::concepts::conflict::conflict_triggers[0m[2m:[0m [CONFLICT] Regular conflict in '37:Hattusa': 2 players, 4 tokens, max_pop=2, conflicts_pending=3, human_involved=false
[2m2026-04-14T18:11:04.012340Z[0m [32m INFO[0m [2madv_civ::civilization::concepts::conflict::conflict_triggers[0m[2m:[0m   Player 1 (401v0): 2 tokens
[2m2026-04-14T18:11:04.012344Z[0m [32m INFO[0m [2madv_civ::civilization::concepts::conflict::conflict_triggers[0m[2m:[0m   Player 2 (706v0): 2 tokens
[2m2026-04-14T18:11:04.012349Z[0m [32m INFO[0m [2madv_civ::civilization::concepts::conflict::conflict_triggers[0m[2m:[0m [CONFLICT] Resolved '37:Hattusa' via all_lengths_equal: 2 tokens remaining (was 4)
[2m2026-04-14T18:11:04.012353Z[0m [32m INFO[0m [2madv_civ::civilization::concepts::conflict::conflict_triggers[0m[2m:[0m [CONFLICT] Conflicts remaining: 2
[2m2026-04-14T18:11:04.012388Z[0m [32m INFO[0m [2madv_civ::civilization::concepts::conflict::conflict_triggers[0m[2m:[0m [CITY CONFLICT] City conflict in '35:Palmyra': owner=523v0 (0 tokens), 1 invaders, total=3, max_pop=4, conflicts_pending=2
[2m2026-04-14T18:11:04.012395Z[0m [32m INFO[0m [2madv_civ::civilization::concepts::conflict::conflict_triggers[0m[2m:[0m   Invader 401v0: 3 tokens
[2m2026-04-14T18:11:04.012400Z[0m [32m INFO[0m [2madv_civ::civilization::concepts::conflict::conflict_triggers[0m[2m:[0m [CITY CONFLICT] Small invaders (<=6 tokens each) - eliminating them
[2m2026-04-14T18:11:04.012407Z[0m [32m INFO[0m [2madv_civ::civilization::concepts::conflict::conflict_triggers[0m[2m:[0m [CITY CONFLICT] Returned 3 tokens to player 401v0
[2m2026-04-14T18:11:04.012411Z[0m [32m INFO[0m [2madv_civ::civilization::concepts::conflict::conflict_triggers[0m[2m:[0m [CITY CONFLICT] After resolution: 0 tokens remaining (was 3)
[2m2026-04-14T18:11:04.012416Z[0m [32m INFO[0m [2madv_civ::civilization::concepts::conflict::conflict_triggers[0m[2m:[0m [CITY CONFLICT] Conflicts remaining: 1
[2m2026-04-14T18:11:04.012458Z[0m [32m INFO[0m [2madv_civ::civilization::concepts::conflict::conflict_triggers[0m[2m:[0m [CITY CONFLICT] City conflict in '39:Gortyn': owner=340v0 (0 tokens), 1 invaders, total=1, max_pop=3, conflicts_pending=1
[2m2026-04-14T18:11:04.012464Z[0m [32m INFO[0m [2madv_civ::civilization::concepts::conflict::conflict_triggers[0m[2m:[0m   Invader 401v0: 1 tokens
[2m2026-04-14T18:11:04.012468Z[0m [32m INFO[0m [2madv_civ::civilization::concepts::conflict::conflict_triggers[0m[2m:[0m [CITY CONFLICT] Small invaders (<=6 tokens each) - eliminating them
[2m2026-04-14T18:11:04.012474Z[0m [32m INFO[0m [2madv_civ::civilization::concepts::conflict::conflict_triggers[0m[2m:[0m [CITY CONFLICT] Returned 1 tokens to player 401v0
[2m2026-04-14T18:11:04.012478Z[0m [32m INFO[0m [2madv_civ::civilization::concepts::conflict::conflict_triggers[0m[2m:[0m [CITY CONFLICT] After resolution: 0 tokens remaining (was 1)
[2m2026-04-14T18:11:04.012482Z[0m [32m INFO[0m [2madv_civ::civilization::concepts::conflict::conflict_triggers[0m[2m:[0m [CITY CONFLICT] Conflicts remaining: 0
[2m2026-04-14T18:11:04.012485Z[0m [32m INFO[0m [2madv_civ::civilization::concepts::conflict::conflict_triggers[0m[2m:[0m [CITY CONFLICT] All conflicts resolved, transitioning to CityConstruction
[2m2026-04-14T18:11:04.031092Z[0m [32m INFO[0m [2madv_civ::civilization::concepts::city_construction::city_construction_systems[0m[2m:[0m [CITY_CONSTRUCTION] Entering city construction phase
[2m2026-04-14T18:11:04.031108Z[0m [32m INFO[0m [2madv_civ::civilization::concepts::city_construction::city_construction_systems[0m[2m:[0m [CITY_CONSTRUCTION] LoadingFromSave present: false
[2m2026-04-14T18:11:04.031114Z[0m [32m INFO[0m [2madv_civ::civilization::concepts::city_construction::city_construction_systems[0m[2m:[0m [CITY_CONSTRUCTION] Total players: 8
[2m2026-04-14T18:11:04.031119Z[0m [32m INFO[0m [2madv_civ::civilization::concepts::city_construction::city_construction_systems[0m[2m:[0m [CITY_CONSTRUCTION] Marking Iberia for building
[2m2026-04-14T18:11:04.031123Z[0m [32m INFO[0m [2madv_civ::civilization::concepts::city_construction::city_construction_systems[0m[2m:[0m [CITY_CONSTRUCTION] Marking Asia for building
[2m2026-04-14T18:11:04.031127Z[0m [32m INFO[0m [2madv_civ::civilization::concepts::city_construction::city_construction_systems[0m[2m:[0m [CITY_CONSTRUCTION] Marking Africa for building
[2m2026-04-14T18:11:04.031131Z[0m [32m INFO[0m [2madv_civ::civilization::concepts::city_construction::city_construction_systems[0m[2m:[0m [CITY_CONSTRUCTION] Marking Illyria for building
[2m2026-04-14T18:11:04.031135Z[0m [32m INFO[0m [2madv_civ::civilization::concepts::city_construction::city_construction_systems[0m[2m:[0m [CITY_CONSTRUCTION] Marking Assyria for building
[2m2026-04-14T18:11:04.031138Z[0m [32m INFO[0m [2madv_civ::civilization::concepts::city_construction::city_construction_systems[0m[2m:[0m [CITY_CONSTRUCTION] Marking Thrace for building
[2m2026-04-14T18:11:04.031142Z[0m [32m INFO[0m [2madv_civ::civilization::concepts::city_construction::city_construction_systems[0m[2m:[0m [CITY_CONSTRUCTION] Marking Crete for building
[2m2026-04-14T18:11:04.031145Z[0m [32m INFO[0m [2madv_civ::civilization::concepts::city_construction::city_construction_systems[0m[2m:[0m [CITY_CONSTRUCTION] Marking Babylon for building
[2m2026-04-14T18:11:04.031149Z[0m [32m INFO[0m [2madv_civ::civilization::concepts::city_construction::city_construction_systems[0m[2m:[0m [CITY_CONSTRUCTION] Summary: 8 marked for building, 0 skipped
[2m2026-04-14T18:11:04.031154Z[0m [32m INFO[0m [2madv_civ::civilization::concepts::city_construction::city_construction_systems[0m[2m:[0m [CITY_CONSTRUCTION] Inserted CityConstructionPhaseActive resource
[2m2026-04-14T18:11:04.049365Z[0m [32m INFO[0m [2madv_civ::civilization::concepts::city_construction::city_construction_systems[0m[2m:[0m [CITY_CONSTRUCTION] Gate: No players with IsBuilding, transitioning to RemoveSurplusPopulation
[2m2026-04-14T18:11:04.059047Z[0m [32m INFO[0m [2madv_civ::civilization::concepts::remove_surplus_population::remove_surplus_systems[0m[2m:[0m [SURPLUS] '61:Nicopolis' has surplus: total=4, max=3, surplus=1, players=1, has_city=false
[2m2026-04-14T18:11:04.059064Z[0m [32m INFO[0m [2madv_civ::civilization::concepts::remove_surplus_population::remove_surplus_systems[0m[2m:[0m [SURPLUS] '61:Nicopolis': Removing surplus tokens from single-player area
[2m2026-04-14T18:11:04.059073Z[0m [32m INFO[0m [2madv_civ::civilization::concepts::remove_surplus_population::remove_surplus_systems[0m[2m:[0m [SURPLUS] '61:Nicopolis': After removal: 4 -> 3 tokens, surplus=0
[2m2026-04-14T18:11:04.059077Z[0m [32m INFO[0m [2madv_civ::civilization::concepts::remove_surplus_population::remove_surplus_systems[0m[2m:[0m [SURPLUS] '108:Rhodes' has surplus: total=4, max=2, surplus=2, players=1, has_city=false
[2m2026-04-14T18:11:04.059080Z[0m [32m INFO[0m [2madv_civ::civilization::concepts::remove_surplus_population::remove_surplus_systems[0m[2m:[0m [SURPLUS] '108:Rhodes': Removing surplus tokens from single-player area
[2m2026-04-14T18:11:04.059083Z[0m [32m INFO[0m [2madv_civ::civilization::concepts::remove_surplus_population::remove_surplus_systems[0m[2m:[0m [SURPLUS] '108:Rhodes': After removal: 4 -> 2 tokens, surplus=0
[2m2026-04-14T18:11:04.059089Z[0m [32m INFO[0m [2madv_civ::civilization::concepts::remove_surplus_population::remove_surplus_systems[0m[2m:[0m [SURPLUS] '63:Timgad' has surplus: total=3, max=2, surplus=1, players=1, has_city=false
[2m2026-04-14T18:11:04.059093Z[0m [32m INFO[0m [2madv_civ::civilization::concepts::remove_surplus_population::remove_surplus_systems[0m[2m:[0m [SURPLUS] '63:Timgad': Removing surplus tokens from single-player area
[2m2026-04-14T18:11:04.059098Z[0m [32m INFO[0m [2madv_civ::civilization::concepts::remove_surplus_population::remove_surplus_systems[0m[2m:[0m [SURPLUS] '63:Timgad': After removal: 3 -> 2 tokens, surplus=0
[2m2026-04-14T18:11:04.059103Z[0m [32m INFO[0m [2madv_civ::civilization::concepts::remove_surplus_population::remove_surplus_systems[0m[2m:[0m [SURPLUS] '127:Volubilis' has surplus: total=2, max=1, surplus=1, players=1, has_city=false
[2m2026-04-14T18:11:04.059107Z[0m [32m INFO[0m [2madv_civ::civilization::concepts::remove_surplus_population::remove_surplus_systems[0m[2m:[0m [SURPLUS] '127:Volubilis': Removing surplus tokens from single-player area
[2m2026-04-14T18:11:04.059111Z[0m [32m INFO[0m [2madv_civ::civilization::concepts::remove_surplus_population::remove_surplus_systems[0m[2m:[0m [SURPLUS] '127:Volubilis': After removal: 2 -> 1 tokens, surplus=0
[2m2026-04-14T18:11:04.059116Z[0m [32m INFO[0m [2madv_civ::civilization::concepts::remove_surplus_population::remove_surplus_systems[0m[2m:[0m [SURPLUS] '16:Segesta' has surplus: total=2, max=1, surplus=1, players=1, has_city=false
[2m2026-04-14T18:11:04.059121Z[0m [32m INFO[0m [2madv_civ::civilization::concepts::remove_surplus_population::remove_surplus_systems[0m[2m:[0m [SURPLUS] '16:Segesta': Removing surplus tokens from single-player area
[2m2026-04-14T18:11:04.059125Z[0m [32m INFO[0m [2madv_civ::civilization::concepts::remove_surplus_population::remove_surplus_systems[0m[2m:[0m [SURPLUS] '16:Segesta': After removal: 2 -> 1 tokens, surplus=0
[2m2026-04-14T18:11:04.059129Z[0m [32m INFO[0m [2madv_civ::civilization::concepts::remove_surplus_population::remove_surplus_systems[0m[2m:[0m [SURPLUS] '15:Olynthus' has surplus: total=2, max=1, surplus=1, players=1, has_city=false
[2m2026-04-14T18:11:04.059134Z[0m [32m INFO[0m [2madv_civ::civilization::concepts::remove_surplus_population::remove_surplus_systems[0m[2m:[0m [SURPLUS] '15:Olynthus': Removing surplus tokens from single-player area
[2m2026-04-14T18:11:04.059139Z[0m [32m INFO[0m [2madv_civ::civilization::concepts::remove_surplus_population::remove_surplus_systems[0m[2m:[0m [SURPLUS] '15:Olynthus': After removal: 2 -> 1 tokens, surplus=0
[2m2026-04-14T18:11:04.059144Z[0m [32m INFO[0m [2madv_civ::civilization::concepts::remove_surplus_population::remove_surplus_systems[0m[2m:[0m [SURPLUS] '95:Arwad' has surplus: total=3, max=2, surplus=1, players=1, has_city=false
[2m2026-04-14T18:11:04.059149Z[0m [32m INFO[0m [2madv_civ::civilization::concepts::remove_surplus_population::remove_surplus_systems[0m[2m:[0m [SURPLUS] '95:Arwad': Removing surplus tokens from single-player area
[2m2026-04-14T18:11:04.059154Z[0m [32m INFO[0m [2madv_civ::civilization::concepts::remove_surplus_population::remove_surplus_systems[0m[2m:[0m [SURPLUS] '95:Arwad': After removal: 3 -> 2 tokens, surplus=0
[2m2026-04-14T18:11:04.059158Z[0m [32m INFO[0m [2madv_civ::civilization::concepts::remove_surplus_population::remove_surplus_systems[0m[2m:[0m [SURPLUS] '10:Aelia Capitolina' has surplus: total=3, max=1, surplus=2, players=1, has_city=false
[2m2026-04-14T18:11:04.059163Z[0m [32m INFO[0m [2madv_civ::civilization::concepts::remove_surplus_population::remove_surplus_systems[0m[2m:[0m [SURPLUS] '10:Aelia Capitolina': Removing surplus tokens from single-player area
[2m2026-04-14T18:11:04.059167Z[0m [32m INFO[0m [2madv_civ::civilization::concepts::remove_surplus_population::remove_surplus_systems[0m[2m:[0m [SURPLUS] '10:Aelia Capitolina': After removal: 3 -> 1 tokens, surplus=0
[2m2026-04-14T18:11:04.059173Z[0m [32m INFO[0m [2madv_civ::civilization::concepts::remove_surplus_population::remove_surplus_systems[0m[2m:[0m [SURPLUS] '126:Homs' has surplus: total=3, max=1, surplus=2, players=1, has_city=false
[2m2026-04-14T18:11:04.059178Z[0m [32m INFO[0m [2madv_civ::civilization::concepts::remove_surplus_population::remove_surplus_systems[0m[2m:[0m [SURPLUS] '126:Homs': Removing surplus tokens from single-player area
[2m2026-04-14T18:11:04.059182Z[0m [32m INFO[0m [2madv_civ::civilization::concepts::remove_surplus_population::remove_surplus_systems[0m[2m:[0m [SURPLUS] '126:Homs': After removal: 3 -> 1 tokens, surplus=0
[2m2026-04-14T18:11:04.059186Z[0m [32m INFO[0m [2madv_civ::civilization::concepts::remove_surplus_population::remove_surplus_systems[0m[2m:[0m [SURPLUS] '8:Trebizond' has surplus: total=5, max=1, surplus=4, players=1, has_city=false
[2m2026-04-14T18:11:04.059191Z[0m [32m INFO[0m [2madv_civ::civilization::concepts::remove_surplus_population::remove_surplus_systems[0m[2m:[0m [SURPLUS] '8:Trebizond': Removing surplus tokens from single-player area
[2m2026-04-14T18:11:04.059196Z[0m [32m INFO[0m [2madv_civ::civilization::concepts::remove_surplus_population::remove_surplus_systems[0m[2m:[0m [SURPLUS] '8:Trebizond': After removal: 5 -> 1 tokens, surplus=0
[2m2026-04-14T18:11:04.059203Z[0m [32m INFO[0m [2madv_civ::civilization::concepts::remove_surplus_population::remove_surplus_systems[0m[2m:[0m [SURPLUS] '48:Athribis' has surplus: total=2, max=1, surplus=1, players=1, has_city=false
[2m2026-04-14T18:11:04.059208Z[0m [32m INFO[0m [2madv_civ::civilization::concepts::remove_surplus_population::remove_surplus_systems[0m[2m:[0m [SURPLUS] '48:Athribis': Removing surplus tokens from single-player area
[2m2026-04-14T18:11:04.059212Z[0m [32m INFO[0m [2madv_civ::civilization::concepts::remove_surplus_population::remove_surplus_systems[0m[2m:[0m [SURPLUS] '48:Athribis': After removal: 2 -> 1 tokens, surplus=0
[2m2026-04-14T18:11:04.059221Z[0m [32m INFO[0m [2madv_civ::civilization::concepts::remove_surplus_population::remove_surplus_systems[0m[2m:[0m [SURPLUS] '94:Amphipolis' has surplus: total=4, max=2, surplus=2, players=1, has_city=false
[2m2026-04-14T18:11:04.059226Z[0m [32m INFO[0m [2madv_civ::civilization::concepts::remove_surplus_population::remove_surplus_systems[0m[2m:[0m [SURPLUS] '94:Amphipolis': Removing surplus tokens from single-player area
[2m2026-04-14T18:11:04.059231Z[0m [32m INFO[0m [2madv_civ::civilization::concepts::remove_surplus_population::remove_surplus_systems[0m[2m:[0m [SURPLUS] '94:Amphipolis': After removal: 4 -> 2 tokens, surplus=0
[2m2026-04-14T18:11:04.059236Z[0m [32m INFO[0m [2madv_civ::civilization::concepts::remove_surplus_population::remove_surplus_systems[0m[2m:[0m [SURPLUS] '55:Thugga' has surplus: total=2, max=1, surplus=1, players=1, has_city=false
[2m2026-04-14T18:11:04.059240Z[0m [32m INFO[0m [2madv_civ::civilization::concepts::remove_surplus_population::remove_surplus_systems[0m[2m:[0m [SURPLUS] '55:Thugga': Removing surplus tokens from single-player area
[2m2026-04-14T18:11:04.059245Z[0m [32m INFO[0m [2madv_civ::civilization::concepts::remove_surplus_population::remove_surplus_systems[0m[2m:[0m [SURPLUS] '55:Thugga': After removal: 2 -> 1 tokens, surplus=0
[2m2026-04-14T18:11:04.059251Z[0m [32m INFO[0m [2madv_civ::civilization::concepts::remove_surplus_population::remove_surplus_systems[0m[2m:[0m [SURPLUS] '38:Cirta' has surplus: total=4, max=3, surplus=1, players=1, has_city=false
[2m2026-04-14T18:11:04.059255Z[0m [32m INFO[0m [2madv_civ::civilization::concepts::remove_surplus_population::remove_surplus_systems[0m[2m:[0m [SURPLUS] '38:Cirta': Removing surplus tokens from single-player area
[2m2026-04-14T18:11:04.059260Z[0m [32m INFO[0m [2madv_civ::civilization::concepts::remove_surplus_population::remove_surplus_systems[0m[2m:[0m [SURPLUS] '38:Cirta': After removal: 4 -> 3 tokens, surplus=0
[2m2026-04-14T18:11:04.059269Z[0m [32m INFO[0m [2madv_civ::civilization::concepts::remove_surplus_population::remove_surplus_systems[0m[2m:[0m [SURPLUS] '43:Himera' has surplus: total=4, max=1, surplus=3, players=1, has_city=false
[2m2026-04-14T18:11:04.059273Z[0m [32m INFO[0m [2madv_civ::civilization::concepts::remove_surplus_population::remove_surplus_systems[0m[2m:[0m [SURPLUS] '43:Himera': Removing surplus tokens from single-player area
[2m2026-04-14T18:11:04.059278Z[0m [32m INFO[0m [2madv_civ::civilization::concepts::remove_surplus_population::remove_surplus_systems[0m[2m:[0m [SURPLUS] '43:Himera': After removal: 4 -> 1 tokens, surplus=0
[2m2026-04-14T18:11:04.059283Z[0m [32m INFO[0m [2madv_civ::civilization::concepts::remove_surplus_population::remove_surplus_systems[0m[2m:[0m [SURPLUS] '25:Alexandria' has surplus: total=2, max=1, surplus=1, players=1, has_city=false
[2m2026-04-14T18:11:04.059288Z[0m [32m INFO[0m [2madv_civ::civilization::concepts::remove_surplus_population::remove_surplus_systems[0m[2m:[0m [SURPLUS] '25:Alexandria': Removing surplus tokens from single-player area
[2m2026-04-14T18:11:04.059292Z[0m [32m INFO[0m [2madv_civ::civilization::concepts::remove_surplus_population::remove_surplus_systems[0m[2m:[0m [SURPLUS] '25:Alexandria': After removal: 2 -> 1 tokens, surplus=0
[2m2026-04-14T18:11:04.059300Z[0m [32m INFO[0m [2madv_civ::civilization::concepts::remove_surplus_population::remove_surplus_systems[0m[2m:[0m [SURPLUS] '106:Arretium' has surplus: total=4, max=1, surplus=3, players=1, has_city=false
[2m2026-04-14T18:11:04.059304Z[0m [32m INFO[0m [2madv_civ::civilization::concepts::remove_surplus_population::remove_surplus_systems[0m[2m:[0m [SURPLUS] '106:Arretium': Removing surplus tokens from single-player area
[2m2026-04-14T18:11:04.059309Z[0m [32m INFO[0m [2madv_civ::civilization::concepts::remove_surplus_population::remove_surplus_systems[0m[2m:[0m [SURPLUS] '106:Arretium': After removal: 4 -> 1 tokens, surplus=0
[2m2026-04-14T18:11:04.059314Z[0m [32m INFO[0m [2madv_civ::civilization::concepts::remove_surplus_population::remove_surplus_systems[0m[2m:[0m [SURPLUS] '124:Bubastis' has surplus: total=5, max=3, surplus=2, players=1, has_city=false
[2m2026-04-14T18:11:04.059319Z[0m [32m INFO[0m [2madv_civ::civilization::concepts::remove_surplus_population::remove_surplus_systems[0m[2m:[0m [SURPLUS] '124:Bubastis': Removing surplus tokens from single-player area
[2m2026-04-14T18:11:04.059323Z[0m [32m INFO[0m [2madv_civ::civilization::concepts::remove_surplus_population::remove_surplus_systems[0m[2m:[0m [SURPLUS] '124:Bubastis': After removal: 5 -> 3 tokens, surplus=0
[2m2026-04-14T18:11:04.059328Z[0m [32m INFO[0m [2madv_civ::civilization::concepts::remove_surplus_population::remove_surplus_systems[0m[2m:[0m [SURPLUS] '77:Sardis' has surplus: total=2, max=1, surplus=1, players=1, has_city=false
[2m2026-04-14T18:11:04.059333Z[0m [32m INFO[0m [2madv_civ::civilization::concepts::remove_surplus_population::remove_surplus_systems[0m[2m:[0m [SURPLUS] '77:Sardis': Removing surplus tokens from single-player area
[2m2026-04-14T18:11:04.059337Z[0m [32m INFO[0m [2madv_civ::civilization::concepts::remove_surplus_population::remove_surplus_systems[0m[2m:[0m [SURPLUS] '77:Sardis': After removal: 2 -> 1 tokens, surplus=0
[2m2026-04-14T18:11:04.059346Z[0m [32m INFO[0m [2madv_civ::civilization::concepts::remove_surplus_population::remove_surplus_systems[0m[2m:[0m [SURPLUS] '107:Gadara' has surplus: total=4, max=2, surplus=2, players=1, has_city=false
[2m2026-04-14T18:11:04.059357Z[0m [32m INFO[0m [2madv_civ::civilization::concepts::remove_surplus_population::remove_surplus_systems[0m[2m:[0m [SURPLUS] '107:Gadara': Removing surplus tokens from single-player area
[2m2026-04-14T18:11:04.059361Z[0m [32m INFO[0m [2madv_civ::civilization::concepts::remove_surplus_population::remove_surplus_systems[0m[2m:[0m [SURPLUS] '107:Gadara': After removal: 4 -> 2 tokens, surplus=0
[2m2026-04-14T18:11:04.059366Z[0m [32m INFO[0m [2madv_civ::civilization::concepts::remove_surplus_population::remove_surplus_systems[0m[2m:[0m [SURPLUS] '71:Tarsus' has surplus: total=2, max=1, surplus=1, players=1, has_city=false
[2m2026-04-14T18:11:04.059371Z[0m [32m INFO[0m [2madv_civ::civilization::concepts::remove_surplus_population::remove_surplus_systems[0m[2m:[0m [SURPLUS] '71:Tarsus': Removing surplus tokens from single-player area
[2m2026-04-14T18:11:04.059375Z[0m [32m INFO[0m [2madv_civ::civilization::concepts::remove_surplus_population::remove_surplus_systems[0m[2m:[0m [SURPLUS] '71:Tarsus': After removal: 2 -> 1 tokens, surplus=0
[2m2026-04-14T18:11:04.059382Z[0m [32m INFO[0m [2madv_civ::civilization::concepts::remove_surplus_population::remove_surplus_systems[0m[2m:[0m [SURPLUS] Phase complete: processed 149 areas, 21 had surplus, removed 34 tokens total
[2m2026-04-14T18:11:04.062889Z[0m [32m INFO[0m [2mbevy_diagnostic[0m[2m:[0m started_load_count:   69.000000   (avg 69.000000)
[2m2026-04-14T18:11:04.077028Z[0m [32m INFO[0m [2madv_civ::civilization::concepts::check_city_support::check_city_support_systems[0m[2m:[0m [CITY_SUPPORT] Starting city support check phase
[2m2026-04-14T18:11:04.077045Z[0m [32m INFO[0m [2madv_civ::civilization::concepts::check_city_support::check_city_support_systems[0m[2m:[0m [CITY_SUPPORT] 3 players need city support check
[2m2026-04-14T18:11:04.092240Z[0m [32m INFO[0m [2madv_civ::civilization::concepts::check_city_support::check_city_support_systems[0m[2m:[0m [CITY_SUPPORT] All checks complete, transitioning to AcquireTradeCards
[2m2026-04-14T18:11:04.127504Z[0m [32m INFO[0m [2madv_civ::civilization::concepts::acquire_trade_cards::trade_card_systems[0m[2m:[0m [TRADE_CARDS] Starting acquire trade cards phase
[2m2026-04-14T18:11:04.127543Z[0m [32m INFO[0m [2madv_civ::civilization::concepts::acquire_trade_cards::trade_card_systems[0m[2m:[0m [TRADE_CARDS] Iberia (AI) pulled cards, can_trade=false
[2m2026-04-14T18:11:04.127550Z[0m [32m INFO[0m [2madv_civ::civilization::concepts::acquire_trade_cards::trade_card_systems[0m[2m:[0m [TRADE_CARDS] Asia (AI) pulled cards, can_trade=false
[2m2026-04-14T18:11:04.127566Z[0m [32m INFO[0m [2madv_civ::civilization::concepts::acquire_trade_cards::trade_card_systems[0m[2m:[0m [TRADE_CARDS] Thrace (AI) pulled cards, can_trade=false
[2m2026-04-14T18:11:04.127570Z[0m [32m INFO[0m [2madv_civ::civilization::concepts::acquire_trade_cards::trade_card_systems[0m[2m:[0m [TRADE_CARDS] Processed 8 players, 3 have cities, sending CheckIfWeCanTrade
[2m2026-04-14T18:11:04.127953Z[0m [32m INFO[0m [2madv_civ::civilization::concepts::acquire_trade_cards::trade_card_systems[0m[2m:[0m [TRADE_CARDS] CheckIfWeCanTrade received: 0 players can trade
[2m2026-04-14T18:11:04.127962Z[0m [32m INFO[0m [2madv_civ::civilization::concepts::acquire_trade_cards::trade_card_systems[0m[2m:[0m [TRADE_CARDS] Not enough traders, transitioning to CollectTaxes
[2m2026-04-14T18:11:04.138106Z[0m [32m INFO[0m [2madv_civ::civilization::concepts::taxation::taxation_systems[0m[2m:[0m [TAXATION] Entering taxation phase — assigning tax obligations
[2m2026-04-14T18:11:04.138301Z[0m [32m INFO[0m [2madv_civ::civilization::concepts::taxation::taxation_systems[0m[2m:[0m [TAXATION] Leonidas of Iberia pays 2 tokens in full
[2m2026-04-14T18:11:04.138314Z[0m [32m INFO[0m [2madv_civ::civilization::concepts::taxation::taxation_systems[0m[2m:[0m [TAXATION] Hammurabi of Asia pays 2 tokens in full
[2m2026-04-14T18:11:04.138320Z[0m [32m INFO[0m [2madv_civ::civilization::concepts::taxation::taxation_systems[0m[2m:[0m [TAXATION] Hatshepsut of Thrace pays 2 tokens in full
[2m2026-04-14T18:11:04.140015Z[0m [32m INFO[0m [2madv_civ::civilization::concepts::taxation::taxation_systems[0m[2m:[0m [TAXATION] No revolts to resolve — transitioning to PopulationExpansion
[2m2026-04-14T18:11:04.149164Z[0m [32m INFO[0m [2madv_civ::civilization::concepts::population_expansion::population_expansion_systems[0m[2m:[0m [POP_EXP] Entering population expansion phase, round 12
[2m2026-04-14T18:11:04.149255Z[0m [32m INFO[0m [2madv_civ::civilization::concepts::population_expansion::population_expansion_systems[0m[2m:[0m [POP_EXP] 85 areas have population and need expansion
[2m2026-04-14T18:11:04.149276Z[0m [32m INFO[0m [2madv_civ::civilization::concepts::population_expansion::population_expansion_systems[0m[2m:[0m [POP_EXP] 0 human, 8 AI need expansion, 0 skipped (already done)
[2m2026-04-14T18:11:04.198394Z[0m [32m INFO[0m [2madv_civ::civilization::concepts::population_expansion::population_expansion_systems[0m[2m:[0m [POP_EXP] Player 584v0 still needs expansion: human=false, manual=false, auto=false
[2m2026-04-14T18:11:04.198419Z[0m [32m INFO[0m [2madv_civ::civilization::concepts::population_expansion::population_expansion_systems[0m[2m:[0m [POP_EXP] Player 645v0 still needs expansion: human=false, manual=false, auto=false
[2m2026-04-14T18:11:04.198425Z[0m [32m INFO[0m [2madv_civ::civilization::concepts::population_expansion::population_expansion_systems[0m[2m:[0m [POP_EXP] Player 279v0 still needs expansion: human=false, manual=false, auto=false
[2m2026-04-14T18:11:04.198430Z[0m [32m INFO[0m [2madv_civ::civilization::concepts::population_expansion::population_expansion_systems[0m[2m:[0m [POP_EXP] Player 462v0 still needs expansion: human=false, manual=false, auto=false
[2m2026-04-14T18:11:04.198435Z[0m [32m INFO[0m [2madv_civ::civilization::concepts::population_expansion::population_expansion_systems[0m[2m:[0m [POP_EXP] Player 340v0 still needs expansion: human=false, manual=false, auto=false
[2m2026-04-14T18:11:04.198440Z[0m [32m INFO[0m [2madv_civ::civilization::concepts::population_expansion::population_expansion_systems[0m[2m:[0m [POP_EXP] Player 523v0 still needs expansion: human=false, manual=false, auto=false
[2m2026-04-14T18:11:04.198446Z[0m [32m INFO[0m [2madv_civ::civilization::concepts::population_expansion::population_expansion_systems[0m[2m:[0m [POP_EXP] Player 584v0 still needs expansion: human=false, manual=false, auto=false
[2m2026-04-14T18:11:04.198450Z[0m [32m INFO[0m [2madv_civ::civilization::concepts::population_expansion::population_expansion_systems[0m[2m:[0m [POP_EXP] Player 645v0 still needs expansion: human=false, manual=false, auto=false
[2m2026-04-14T18:11:04.198455Z[0m [32m INFO[0m [2madv_civ::civilization::concepts::population_expansion::population_expansion_systems[0m[2m:[0m [POP_EXP] Player 279v0 still needs expansion: human=false, manual=false, auto=false
[2m2026-04-14T18:11:04.198460Z[0m [32m INFO[0m [2madv_civ::civilization::concepts::population_expansion::population_expansion_systems[0m[2m:[0m [POP_EXP] Player 462v0 still needs expansion: human=false, manual=false, auto=false
[2m2026-04-14T18:11:04.198466Z[0m [32m INFO[0m [2madv_civ::civilization::concepts::population_expansion::population_expansion_systems[0m[2m:[0m [POP_EXP] Player 340v0 still needs expansion: human=false, manual=false, auto=false
[2m2026-04-14T18:11:04.198471Z[0m [32m INFO[0m [2madv_civ::civilization::concepts::population_expansion::population_expansion_systems[0m[2m:[0m [POP_EXP] Player 523v0 still needs expansion: human=false, manual=false, auto=false
[2m2026-04-14T18:11:04.214528Z[0m [32m INFO[0m [2madv_civ::civilization::concepts::population_expansion::population_expansion_systems[0m[2m:[0m [POP_EXP] Player 584v0 still needs expansion: human=false, manual=true, auto=false
[2m2026-04-14T18:11:04.214549Z[0m [32m INFO[0m [2madv_civ::civilization::concepts::population_expansion::population_expansion_systems[0m[2m:[0m [POP_EXP] Player 645v0 still needs expansion: human=false, manual=true, auto=false
[2m2026-04-14T18:11:04.214572Z[0m [32m INFO[0m [2madv_civ::civilization::concepts::population_expansion::population_expansion_systems[0m[2m:[0m [POP_EXP] Player 279v0 still needs expansion: human=false, manual=true, auto=false
[2m2026-04-14T18:11:04.214578Z[0m [32m INFO[0m [2madv_civ::civilization::concepts::population_expansion::population_expansion_systems[0m[2m:[0m [POP_EXP] Player 462v0 still needs expansion: human=false, manual=true, auto=false
[2m2026-04-14T18:11:04.214583Z[0m [32m INFO[0m [2madv_civ::civilization::concepts::population_expansion::population_expansion_systems[0m[2m:[0m [POP_EXP] Player 523v0 still needs expansion: human=false, manual=true, auto=false
[2m2026-04-14T18:11:04.264791Z[0m [32m INFO[0m [2madv_civ::civilization::concepts::population_expansion::population_expansion_systems[0m[2m:[0m [POP_EXP] Player 584v0 still needs expansion: human=false, manual=true, auto=false
[2m2026-04-14T18:11:04.264817Z[0m [32m INFO[0m [2madv_civ::civilization::concepts::population_expansion::population_expansion_systems[0m[2m:[0m [POP_EXP] Player 645v0 still needs expansion: human=false, manual=true, auto=false
[2m2026-04-14T18:11:04.264823Z[0m [32m INFO[0m [2madv_civ::civilization::concepts::population_expansion::population_expansion_systems[0m[2m:[0m [POP_EXP] Player 279v0 still needs expansion: human=false, manual=true, auto=false
[2m2026-04-14T18:11:04.264829Z[0m [32m INFO[0m [2madv_civ::civilization::concepts::population_expansion::population_expansion_systems[0m[2m:[0m [POP_EXP] Player 462v0 still needs expansion: human=false, manual=true, auto=false
[2m2026-04-14T18:11:04.315778Z[0m [32m INFO[0m [2madv_civ::civilization::concepts::population_expansion::population_expansion_systems[0m[2m:[0m [POP_EXP] Player 584v0 still needs expansion: human=false, manual=true, auto=false
[2m2026-04-14T18:11:04.315801Z[0m [32m INFO[0m [2madv_civ::civilization::concepts::population_expansion::population_expansion_systems[0m[2m:[0m [POP_EXP] Player 645v0 still needs expansion: human=false, manual=true, auto=false
[2m2026-04-14T18:11:04.315807Z[0m [32m INFO[0m [2madv_civ::civilization::concepts::population_expansion::population_expansion_systems[0m[2m:[0m [POP_EXP] Player 279v0 still needs expansion: human=false, manual=true, auto=false
[2m2026-04-14T18:11:04.364968Z[0m [32m INFO[0m [2madv_civ::civilization::concepts::population_expansion::population_expansion_systems[0m[2m:[0m [POP_EXP] Player 645v0 still needs expansion: human=false, manual=true, auto=false
[2m2026-04-14T18:11:04.364994Z[0m [32m INFO[0m [2madv_civ::civilization::concepts::population_expansion::population_expansion_systems[0m[2m:[0m [POP_EXP] Player 645v0 still needs expansion: human=false, manual=true, auto=false
[2m2026-04-14T18:11:04.484705Z[0m [32m INFO[0m [2madv_civ::civilization::concepts::population_expansion::population_expansion_systems[0m[2m:[0m [POP_EXP] All players done with expansion, transitioning to Census
[2m2026-04-14T18:11:04.514531Z[0m [32m INFO[0m [2madv_civ::civilization::concepts::ships::ship_systems[0m[2m:[0m [SHIPS] Alexander of Assyria builds a ship at 132v1 (fleet: 2/4)
[2m2026-04-14T18:11:04.514551Z[0m [32m INFO[0m [2madv_civ::civilization::concepts::ships::ship_systems[0m[2m:[0m [SHIPS] Hammurabi of Asia builds a ship at 191v0 (fleet: 2/4)
[2m2026-04-14T18:11:05.049106Z[0m [32m INFO[0m [2mbevy_diagnostic[0m[2m:[0m started_load_count:   69.000000   (avg 69.000000)
[2m2026-04-14T18:11:05.364439Z[0m [32m INFO[0m [2madv_civ::civilization::concepts::movement::movement_systems[0m[2m:[0m Player Cleopatra of Africa has ended movement
[2m2026-04-14T18:11:05.415757Z[0m [32m INFO[0m [2madv_civ::civilization::concepts::movement::movement_systems[0m[2m:[0m Player Tutankhamun of Illyria has ended movement
[2m2026-04-14T18:11:06.062264Z[0m [32m INFO[0m [2mbevy_diagnostic[0m[2m:[0m started_load_count:   69.000000   (avg 69.000000)
[2m2026-04-14T18:11:06.194340Z[0m [32m INFO[0m [2madv_civ::civilization::concepts::movement::movement_systems[0m[2m:[0m Player Hammurabi of Asia has ended movement
[2m2026-04-14T18:11:07.062070Z[0m [32m INFO[0m [2mbevy_diagnostic[0m[2m:[0m started_load_count:   69.000000   (avg 69.000000)
[2m2026-04-14T18:11:07.264468Z[0m [32m INFO[0m [2madv_civ::civilization::concepts::movement::movement_systems[0m[2m:[0m Player Hatshepsut of Thrace has ended movement
[2m2026-04-14T18:11:07.931225Z[0m [32m INFO[0m [2madv_civ::civilization::concepts::movement::movement_systems[0m[2m:[0m Player Alexander of Assyria has ended movement
[2m2026-04-14T18:11:07.982039Z[0m [32m INFO[0m [2madv_civ::civilization::concepts::movement::movement_systems[0m[2m:[0m Player Ramesses of Crete has ended movement
[2m2026-04-14T18:11:08.015330Z[0m [32m INFO[0m [2madv_civ::civilization::concepts::movement::movement_systems[0m[2m:[0m [SHIPS] Ferry: 1 token(s) moved 174v0 → 175v0; ship follows
[2m2026-04-14T18:11:08.049012Z[0m [32m INFO[0m [2mbevy_diagnostic[0m[2m:[0m started_load_count:   69.000000   (avg 69.000000)
[2m2026-04-14T18:11:08.384917Z[0m [32m INFO[0m [2madv_civ::civilization::concepts::movement::movement_systems[0m[2m:[0m Player Leonidas of Iberia has ended movement
[2m2026-04-14T18:11:08.535219Z[0m [32m INFO[0m [2madv_civ::civilization::concepts::movement::movement_systems[0m[2m:[0m Player Pericles of Babylon has ended movement
[2m2026-04-14T18:11:08.535245Z[0m [32m INFO[0m [2madv_civ::civilization::concepts::movement::movement_systems[0m[2m:[0m No more players to move, transitioning to Conflict
[2m2026-04-14T18:11:08.551488Z[0m [32m INFO[0m [2madv_civ::civilization::concepts::conflict::conflict_systems[0m[2m:[0m Found 7 conflicts, remaining in Conflict
[2m2026-04-14T18:11:08.551583Z[0m [32m INFO[0m [2madv_civ::civilization::concepts::conflict::conflict_triggers[0m[2m:[0m [CONFLICT] Regular conflict in '18:Cyrene': 2 players, 10 tokens, max_pop=3, conflicts_pending=7, human_involved=false
[2m2026-04-14T18:11:08.551610Z[0m [32m INFO[0m [2madv_civ::civilization::concepts::conflict::conflict_triggers[0m[2m:[0m   Player 1 (523v0): 9 tokens
[2m2026-04-14T18:11:08.551618Z[0m [32m INFO[0m [2madv_civ::civilization::concepts::conflict::conflict_triggers[0m[2m:[0m   Player 2 (401v0): 1 tokens
[2m2026-04-14T18:11:08.551641Z[0m [32m INFO[0m [2madv_civ::civilization::concepts::conflict::conflict_triggers[0m[2m:[0m [CONFLICT] Resolved '18:Cyrene' via unequal_lengths: 9 tokens remaining (was 10)
[2m2026-04-14T18:11:08.551648Z[0m [32m INFO[0m [2madv_civ::civilization::concepts::conflict::conflict_triggers[0m[2m:[0m [CONFLICT] Conflicts remaining: 6
[2m2026-04-14T18:11:08.551706Z[0m [32m INFO[0m [2madv_civ::civilization::concepts::conflict::conflict_triggers[0m[2m:[0m [CONFLICT] Regular conflict in '33:Lutetia': 2 players, 3 tokens, max_pop=2, conflicts_pending=6, human_involved=false
[2m2026-04-14T18:11:08.551712Z[0m [32m INFO[0m [2madv_civ::civilization::concepts::conflict::conflict_triggers[0m[2m:[0m   Player 1 (279v0): 2 tokens
[2m2026-04-14T18:11:08.551715Z[0m [32m INFO[0m [2madv_civ::civilization::concepts::conflict::conflict_triggers[0m[2m:[0m   Player 2 (523v0): 1 tokens
[2m2026-04-14T18:11:08.551719Z[0m [32m INFO[0m [2madv_civ::civilization::concepts::conflict::conflict_triggers[0m[2m:[0m [CONFLICT] Resolved '33:Lutetia' via unequal_lengths: 2 tokens remaining (was 3)
[2m2026-04-14T18:11:08.551722Z[0m [32m INFO[0m [2madv_civ::civilization::concepts::conflict::conflict_triggers[0m[2m:[0m [CONFLICT] Conflicts remaining: 5
[2m2026-04-14T18:11:08.551739Z[0m [32m INFO[0m [2madv_civ::civilization::concepts::conflict::conflict_triggers[0m[2m:[0m [CONFLICT] Regular conflict in '59:Mycenae': 2 players, 5 tokens, max_pop=4, conflicts_pending=5, human_involved=false
[2m2026-04-14T18:11:08.551746Z[0m [32m INFO[0m [2madv_civ::civilization::concepts::conflict::conflict_triggers[0m[2m:[0m   Player 1 (340v0): 3 tokens
[2m2026-04-14T18:11:08.551750Z[0m [32m INFO[0m [2madv_civ::civilization::concepts::conflict::conflict_triggers[0m[2m:[0m   Player 2 (706v0): 2 tokens
[2m2026-04-14T18:11:08.551757Z[0m [32m INFO[0m [2madv_civ::civilization::concepts::conflict::conflict_triggers[0m[2m:[0m [CONFLICT] Resolved '59:Mycenae' via unequal_lengths: 4 tokens remaining (was 5)
[2m2026-04-14T18:11:08.551763Z[0m [32m INFO[0m [2madv_civ::civilization::concepts::conflict::conflict_triggers[0m[2m:[0m [CONFLICT] Conflicts remaining: 4
[2m2026-04-14T18:11:08.551787Z[0m [32m INFO[0m [2madv_civ::civilization::concepts::conflict::conflict_triggers[0m[2m:[0m [CONFLICT] Regular conflict in '50:Emerita Augusta': 2 players, 4 tokens, max_pop=1, conflicts_pending=4, human_involved=false
[2m2026-04-14T18:11:08.551792Z[0m [32m INFO[0m [2madv_civ::civilization::concepts::conflict::conflict_triggers[0m[2m:[0m   Player 1 (523v0): 3 tokens
[2m2026-04-14T18:11:08.551794Z[0m [32m INFO[0m [2madv_civ::civilization::concepts::conflict::conflict_triggers[0m[2m:[0m   Player 2 (279v0): 1 tokens
[2m2026-04-14T18:11:08.551803Z[0m [32m INFO[0m [2madv_civ::civilization::concepts::conflict::conflict_triggers[0m[2m:[0m [CONFLICT] Resolved '50:Emerita Augusta' via max_pop=1: 2 tokens remaining (was 4)
[2m2026-04-14T18:11:08.551807Z[0m [32m INFO[0m [2madv_civ::civilization::concepts::conflict::conflict_triggers[0m[2m:[0m [CONFLICT] Conflicts remaining: 3
[2m2026-04-14T18:11:08.551867Z[0m [32m INFO[0m [2madv_civ::civilization::concepts::conflict::conflict_triggers[0m[2m:[0m [CONFLICT] Regular conflict in '46:Thonis': 2 players, 3 tokens, max_pop=2, conflicts_pending=3, human_involved=false
[2m2026-04-14T18:11:08.551878Z[0m [32m INFO[0m [2madv_civ::civilization::concepts::conflict::conflict_triggers[0m[2m:[0m   Player 1 (279v0): 2 tokens
[2m2026-04-14T18:11:08.551883Z[0m [32m INFO[0m [2madv_civ::civilization::concepts::conflict::conflict_triggers[0m[2m:[0m   Player 2 (462v0): 1 tokens
[2m2026-04-14T18:11:08.551888Z[0m [32m INFO[0m [2madv_civ::civilization::concepts::conflict::conflict_triggers[0m[2m:[0m [CONFLICT] Resolved '46:Thonis' via unequal_lengths: 2 tokens remaining (was 3)
[2m2026-04-14T18:11:08.551893Z[0m [32m INFO[0m [2madv_civ::civilization::concepts::conflict::conflict_triggers[0m[2m:[0m [CONFLICT] Conflicts remaining: 2
[2m2026-04-14T18:11:08.551924Z[0m [32m INFO[0m [2madv_civ::civilization::concepts::conflict::conflict_triggers[0m[2m:[0m [CONFLICT] Regular conflict in '37:Hattusa': 2 players, 7 tokens, max_pop=2, conflicts_pending=2, human_involved=false
[2m2026-04-14T18:11:08.551935Z[0m [32m INFO[0m [2madv_civ::civilization::concepts::conflict::conflict_triggers[0m[2m:[0m   Player 1 (706v0): 6 tokens
[2m2026-04-14T18:11:08.551939Z[0m [32m INFO[0m [2madv_civ::civilization::concepts::conflict::conflict_triggers[0m[2m:[0m   Player 2 (401v0): 1 tokens
[2m2026-04-14T18:11:08.551945Z[0m [32m INFO[0m [2madv_civ::civilization::concepts::conflict::conflict_triggers[0m[2m:[0m [CONFLICT] Resolved '37:Hattusa' via unequal_lengths: 6 tokens remaining (was 7)
[2m2026-04-14T18:11:08.551950Z[0m [32m INFO[0m [2madv_civ::civilization::concepts::conflict::conflict_triggers[0m[2m:[0m [CONFLICT] Conflicts remaining: 1
[2m2026-04-14T18:11:08.552000Z[0m [32m INFO[0m [2madv_civ::civilization::concepts::conflict::conflict_triggers[0m[2m:[0m [CITY CONFLICT] City conflict in '35:Palmyra': owner=523v0 (0 tokens), 1 invaders, total=1, max_pop=4, conflicts_pending=1
[2m2026-04-14T18:11:08.552007Z[0m [32m INFO[0m [2madv_civ::civilization::concepts::conflict::conflict_triggers[0m[2m:[0m   Invader 401v0: 1 tokens
[2m2026-04-14T18:11:08.552012Z[0m [32m INFO[0m [2madv_civ::civilization::concepts::conflict::conflict_triggers[0m[2m:[0m [CITY CONFLICT] Small invaders (<=6 tokens each) - eliminating them
[2m2026-04-14T18:11:08.552025Z[0m [32m INFO[0m [2madv_civ::civilization::concepts::conflict::conflict_triggers[0m[2m:[0m [CITY CONFLICT] Returned 1 tokens to player 401v0
[2m2026-04-14T18:11:08.552030Z[0m [32m INFO[0m [2madv_civ::civilization::concepts::conflict::conflict_triggers[0m[2m:[0m [CITY CONFLICT] After resolution: 0 tokens remaining (was 1)
[2m2026-04-14T18:11:08.552033Z[0m [32m INFO[0m [2madv_civ::civilization::concepts::conflict::conflict_triggers[0m[2m:[0m [CITY CONFLICT] Conflicts remaining: 0
[2m2026-04-14T18:11:08.552037Z[0m [32m INFO[0m [2madv_civ::civilization::concepts::conflict::conflict_triggers[0m[2m:[0m [CITY CONFLICT] All conflicts resolved, transitioning to CityConstruction
[2m2026-04-14T18:11:08.568211Z[0m [32m INFO[0m [2madv_civ::civilization::concepts::city_construction::city_construction_systems[0m[2m:[0m [CITY_CONSTRUCTION] Entering city construction phase
[2m2026-04-14T18:11:08.568235Z[0m [32m INFO[0m [2madv_civ::civilization::concepts::city_construction::city_construction_systems[0m[2m:[0m [CITY_CONSTRUCTION] LoadingFromSave present: false
[2m2026-04-14T18:11:08.568241Z[0m [32m INFO[0m [2madv_civ::civilization::concepts::city_construction::city_construction_systems[0m[2m:[0m [CITY_CONSTRUCTION] Total players: 8
[2m2026-04-14T18:11:08.568246Z[0m [32m INFO[0m [2madv_civ::civilization::concepts::city_construction::city_construction_systems[0m[2m:[0m [CITY_CONSTRUCTION] Marking Iberia for building
[2m2026-04-14T18:11:08.568248Z[0m [32m INFO[0m [2madv_civ::civilization::concepts::city_construction::city_construction_systems[0m[2m:[0m [CITY_CONSTRUCTION] Marking Thrace for building
[2m2026-04-14T18:11:08.568251Z[0m [32m INFO[0m [2madv_civ::civilization::concepts::city_construction::city_construction_systems[0m[2m:[0m [CITY_CONSTRUCTION] Marking Africa for building
[2m2026-04-14T18:11:08.568253Z[0m [32m INFO[0m [2madv_civ::civilization::concepts::city_construction::city_construction_systems[0m[2m:[0m [CITY_CONSTRUCTION] Marking Illyria for building
[2m2026-04-14T18:11:08.568255Z[0m [32m INFO[0m [2madv_civ::civilization::concepts::city_construction::city_construction_systems[0m[2m:[0m [CITY_CONSTRUCTION] Marking Asia for building
[2m2026-04-14T18:11:08.568257Z[0m [32m INFO[0m [2madv_civ::civilization::concepts::city_construction::city_construction_systems[0m[2m:[0m [CITY_CONSTRUCTION] Marking Assyria for building
[2m2026-04-14T18:11:08.568259Z[0m [32m INFO[0m [2madv_civ::civilization::concepts::city_construction::city_construction_systems[0m[2m:[0m [CITY_CONSTRUCTION] Marking Crete for building
[2m2026-04-14T18:11:08.568262Z[0m [32m INFO[0m [2madv_civ::civilization::concepts::city_construction::city_construction_systems[0m[2m:[0m [CITY_CONSTRUCTION] Marking Babylon for building
[2m2026-04-14T18:11:08.568265Z[0m [32m INFO[0m [2madv_civ::civilization::concepts::city_construction::city_construction_systems[0m[2m:[0m [CITY_CONSTRUCTION] Summary: 8 marked for building, 0 skipped
[2m2026-04-14T18:11:08.568269Z[0m [32m INFO[0m [2madv_civ::civilization::concepts::city_construction::city_construction_systems[0m[2m:[0m [CITY_CONSTRUCTION] Inserted CityConstructionPhaseActive resource
[2m2026-04-14T18:11:08.631001Z[0m [32m INFO[0m [2madv_civ::civilization::concepts::city_construction::city_construction_systems[0m[2m:[0m [CITY_CONSTRUCTION] Gate: No players with IsBuilding, transitioning to RemoveSurplusPopulation
[2m2026-04-14T18:11:08.647922Z[0m [32m INFO[0m [2madv_civ::civilization::concepts::remove_surplus_population::remove_surplus_systems[0m[2m:[0m [SURPLUS] '108:Rhodes' has surplus: total=4, max=2, surplus=2, players=1, has_city=false
[2m2026-04-14T18:11:08.647937Z[0m [32m INFO[0m [2madv_civ::civilization::concepts::remove_surplus_population::remove_surplus_systems[0m[2m:[0m [SURPLUS] '108:Rhodes': Removing surplus tokens from single-player area
[2m2026-04-14T18:11:08.647944Z[0m [32m INFO[0m [2madv_civ::civilization::concepts::remove_surplus_population::remove_surplus_systems[0m[2m:[0m [SURPLUS] '108:Rhodes': After removal: 4 -> 2 tokens, surplus=0
[2m2026-04-14T18:11:08.647947Z[0m [32m INFO[0m [2madv_civ::civilization::concepts::remove_surplus_population::remove_surplus_systems[0m[2m:[0m [SURPLUS] '109:Tanis' has surplus: total=4, max=3, surplus=1, players=1, has_city=false
[2m2026-04-14T18:11:08.647949Z[0m [32m INFO[0m [2madv_civ::civilization::concepts::remove_surplus_population::remove_surplus_systems[0m[2m:[0m [SURPLUS] '109:Tanis': Removing surplus tokens from single-player area
[2m2026-04-14T18:11:08.647952Z[0m [32m INFO[0m [2madv_civ::civilization::concepts::remove_surplus_population::remove_surplus_systems[0m[2m:[0m [SURPLUS] '109:Tanis': After removal: 4 -> 3 tokens, surplus=0
[2m2026-04-14T18:11:08.647958Z[0m [32m INFO[0m [2madv_civ::civilization::concepts::remove_surplus_population::remove_surplus_systems[0m[2m:[0m [SURPLUS] '129:Alalakh' has surplus: total=3, max=1, surplus=2, players=1, has_city=false
[2m2026-04-14T18:11:08.647961Z[0m [32m INFO[0m [2madv_civ::civilization::concepts::remove_surplus_population::remove_surplus_systems[0m[2m:[0m [SURPLUS] '129:Alalakh': Removing surplus tokens from single-player area
[2m2026-04-14T18:11:08.647963Z[0m [32m INFO[0m [2madv_civ::civilization::concepts::remove_surplus_population::remove_surplus_systems[0m[2m:[0m [SURPLUS] '129:Alalakh': After removal: 3 -> 1 tokens, surplus=0
[2m2026-04-14T18:11:08.647967Z[0m [32m INFO[0m [2madv_civ::civilization::concepts::remove_surplus_population::remove_surplus_systems[0m[2m:[0m [SURPLUS] '75:Assyria' has surplus: total=2, max=1, surplus=1, players=1, has_city=false
[2m2026-04-14T18:11:08.647970Z[0m [32m INFO[0m [2madv_civ::civilization::concepts::remove_surplus_population::remove_surplus_systems[0m[2m:[0m [SURPLUS] '75:Assyria': Removing surplus tokens from single-player area
[2m2026-04-14T18:11:08.647972Z[0m [32m INFO[0m [2madv_civ::civilization::concepts::remove_surplus_population::remove_surplus_systems[0m[2m:[0m [SURPLUS] '75:Assyria': After removal: 2 -> 1 tokens, surplus=0
[2m2026-04-14T18:11:08.647978Z[0m [32m INFO[0m [2madv_civ::civilization::concepts::remove_surplus_population::remove_surplus_systems[0m[2m:[0m [SURPLUS] '11:Susa' has surplus: total=2, max=1, surplus=1, players=1, has_city=false
[2m2026-04-14T18:11:08.647981Z[0m [32m INFO[0m [2madv_civ::civilization::concepts::remove_surplus_population::remove_surplus_systems[0m[2m:[0m [SURPLUS] '11:Susa': Removing surplus tokens from single-player area
[2m2026-04-14T18:11:08.647983Z[0m [32m INFO[0m [2madv_civ::civilization::concepts::remove_surplus_population::remove_surplus_systems[0m[2m:[0m [SURPLUS] '11:Susa': After removal: 2 -> 1 tokens, surplus=0
[2m2026-04-14T18:11:08.647986Z[0m [32m INFO[0m [2madv_civ::civilization::concepts::remove_surplus_population::remove_surplus_systems[0m[2m:[0m [SURPLUS] '8:Trebizond' has surplus: total=2, max=1, surplus=1, players=1, has_city=false
[2m2026-04-14T18:11:08.647988Z[0m [32m INFO[0m [2madv_civ::civilization::concepts::remove_surplus_population::remove_surplus_systems[0m[2m:[0m [SURPLUS] '8:Trebizond': Removing surplus tokens from single-player area
[2m2026-04-14T18:11:08.647991Z[0m [32m INFO[0m [2madv_civ::civilization::concepts::remove_surplus_population::remove_surplus_systems[0m[2m:[0m [SURPLUS] '8:Trebizond': After removal: 2 -> 1 tokens, surplus=0
[2m2026-04-14T18:11:08.647994Z[0m [32m INFO[0m [2madv_civ::civilization::concepts::remove_surplus_population::remove_surplus_systems[0m[2m:[0m [SURPLUS] '10:Aelia Capitolina' has surplus: total=2, max=1, surplus=1, players=1, has_city=false
[2m2026-04-14T18:11:08.647996Z[0m [32m INFO[0m [2madv_civ::civilization::concepts::remove_surplus_population::remove_surplus_systems[0m[2m:[0m [SURPLUS] '10:Aelia Capitolina': Removing surplus tokens from single-player area
[2m2026-04-14T18:11:08.647999Z[0m [32m INFO[0m [2madv_civ::civilization::concepts::remove_surplus_population::remove_surplus_systems[0m[2m:[0m [SURPLUS] '10:Aelia Capitolina': After removal: 2 -> 1 tokens, surplus=0
[2m2026-04-14T18:11:08.648001Z[0m [32m INFO[0m [2madv_civ::civilization::concepts::remove_surplus_population::remove_surplus_systems[0m[2m:[0m [SURPLUS] '9:Syracuse' has surplus: total=3, max=2, surplus=1, players=1, has_city=false
[2m2026-04-14T18:11:08.648004Z[0m [32m INFO[0m [2madv_civ::civilization::concepts::remove_surplus_population::remove_surplus_systems[0m[2m:[0m [SURPLUS] '9:Syracuse': Removing surplus tokens from single-player area
[2m2026-04-14T18:11:08.648006Z[0m [32m INFO[0m [2madv_civ::civilization::concepts::remove_surplus_population::remove_surplus_systems[0m[2m:[0m [SURPLUS] '9:Syracuse': After removal: 3 -> 2 tokens, surplus=0
[2m2026-04-14T18:11:08.648015Z[0m [32m INFO[0m [2madv_civ::civilization::concepts::remove_surplus_population::remove_surplus_systems[0m[2m:[0m [SURPLUS] '13:Corduba' has surplus: total=5, max=3, surplus=2, players=1, has_city=false
[2m2026-04-14T18:11:08.648020Z[0m [32m INFO[0m [2madv_civ::civilization::concepts::remove_surplus_population::remove_surplus_systems[0m[2m:[0m [SURPLUS] '13:Corduba': Removing surplus tokens from single-player area
[2m2026-04-14T18:11:08.648025Z[0m [32m INFO[0m [2madv_civ::civilization::concepts::remove_surplus_population::remove_surplus_systems[0m[2m:[0m [SURPLUS] '13:Corduba': After removal: 5 -> 3 tokens, surplus=0
[2m2026-04-14T18:11:08.648029Z[0m [32m INFO[0m [2madv_civ::civilization::concepts::remove_surplus_population::remove_surplus_systems[0m[2m:[0m [SURPLUS] '34:Hippo Regius' has surplus: total=3, max=2, surplus=1, players=1, has_city=false
[2m2026-04-14T18:11:08.648034Z[0m [32m INFO[0m [2madv_civ::civilization::concepts::remove_surplus_population::remove_surplus_systems[0m[2m:[0m [SURPLUS] '34:Hippo Regius': Removing surplus tokens from single-player area
[2m2026-04-14T18:11:08.648037Z[0m [32m INFO[0m [2madv_civ::civilization::concepts::remove_surplus_population::remove_surplus_systems[0m[2m:[0m [SURPLUS] '34:Hippo Regius': After removal: 3 -> 2 tokens, surplus=0
[2m2026-04-14T18:11:08.648040Z[0m [32m INFO[0m [2madv_civ::civilization::concepts::remove_surplus_population::remove_surplus_systems[0m[2m:[0m [SURPLUS] '146:Leptis Magna' has surplus: total=2, max=1, surplus=1, players=1, has_city=false
[2m2026-04-14T18:11:08.648043Z[0m [32m INFO[0m [2madv_civ::civilization::concepts::remove_surplus_population::remove_surplus_systems[0m[2m:[0m [SURPLUS] '146:Leptis Magna': Removing surplus tokens from single-player area
[2m2026-04-14T18:11:08.648046Z[0m [32m INFO[0m [2madv_civ::civilization::concepts::remove_surplus_population::remove_surplus_systems[0m[2m:[0m [SURPLUS] '146:Leptis Magna': After removal: 2 -> 1 tokens, surplus=0
[2m2026-04-14T18:11:08.648049Z[0m [32m INFO[0m [2madv_civ::civilization::concepts::remove_surplus_population::remove_surplus_systems[0m[2m:[0m [SURPLUS] '18:Cyrene' has surplus: total=9, max=3, surplus=6, players=1, has_city=false
[2m2026-04-14T18:11:08.648051Z[0m [32m INFO[0m [2madv_civ::civilization::concepts::remove_surplus_population::remove_surplus_systems[0m[2m:[0m [SURPLUS] '18:Cyrene': Removing surplus tokens from single-player area
[2m2026-04-14T18:11:08.648054Z[0m [32m INFO[0m [2madv_civ::civilization::concepts::remove_surplus_population::remove_surplus_systems[0m[2m:[0m [SURPLUS] '18:Cyrene': After removal: 9 -> 3 tokens, surplus=0
[2m2026-04-14T18:11:08.648058Z[0m [32m INFO[0m [2madv_civ::civilization::concepts::remove_surplus_population::remove_surplus_systems[0m[2m:[0m [SURPLUS] '23:Jerusalem' has surplus: total=2, max=1, surplus=1, players=1, has_city=false
[2m2026-04-14T18:11:08.648060Z[0m [32m INFO[0m [2madv_civ::civilization::concepts::remove_surplus_population::remove_surplus_systems[0m[2m:[0m [SURPLUS] '23:Jerusalem': Removing surplus tokens from single-player area
[2m2026-04-14T18:11:08.648063Z[0m [32m INFO[0m [2madv_civ::civilization::concepts::remove_surplus_population::remove_surplus_systems[0m[2m:[0m [SURPLUS] '23:Jerusalem': After removal: 2 -> 1 tokens, surplus=0
[2m2026-04-14T18:11:08.648070Z[0m [32m INFO[0m [2madv_civ::civilization::concepts::remove_surplus_population::remove_surplus_systems[0m[2m:[0m [SURPLUS] '43:Himera' has surplus: total=3, max=1, surplus=2, players=1, has_city=false
[2m2026-04-14T18:11:08.648072Z[0m [32m INFO[0m [2madv_civ::civilization::concepts::remove_surplus_population::remove_surplus_systems[0m[2m:[0m [SURPLUS] '43:Himera': Removing surplus tokens from single-player area
[2m2026-04-14T18:11:08.648076Z[0m [32m INFO[0m [2madv_civ::civilization::concepts::remove_surplus_population::remove_surplus_systems[0m[2m:[0m [SURPLUS] '43:Himera': After removal: 3 -> 1 tokens, surplus=0
[2m2026-04-14T18:11:08.648080Z[0m [32m INFO[0m [2madv_civ::civilization::concepts::remove_surplus_population::remove_surplus_systems[0m[2m:[0m [SURPLUS] '47:Troy' has surplus: total=4, max=2, surplus=2, players=1, has_city=false
[2m2026-04-14T18:11:08.648085Z[0m [32m INFO[0m [2madv_civ::civilization::concepts::remove_surplus_population::remove_surplus_systems[0m[2m:[0m [SURPLUS] '47:Troy': Removing surplus tokens from single-player area
[2m2026-04-14T18:11:08.648090Z[0m [32m INFO[0m [2madv_civ::civilization::concepts::remove_surplus_population::remove_surplus_systems[0m[2m:[0m [SURPLUS] '47:Troy': After removal: 4 -> 2 tokens, surplus=0
[2m2026-04-14T18:11:08.648095Z[0m [32m INFO[0m [2madv_civ::civilization::concepts::remove_surplus_population::remove_surplus_systems[0m[2m:[0m [SURPLUS] '94:Amphipolis' has surplus: total=4, max=2, surplus=2, players=1, has_city=false
[2m2026-04-14T18:11:08.648097Z[0m [32m INFO[0m [2madv_civ::civilization::concepts::remove_surplus_population::remove_surplus_systems[0m[2m:[0m [SURPLUS] '94:Amphipolis': Removing surplus tokens from single-player area
[2m2026-04-14T18:11:08.648102Z[0m [32m INFO[0m [2madv_civ::civilization::concepts::remove_surplus_population::remove_surplus_systems[0m[2m:[0m [SURPLUS] '94:Amphipolis': After removal: 4 -> 2 tokens, surplus=0
[2m2026-04-14T18:11:08.648107Z[0m [32m INFO[0m [2madv_civ::civilization::concepts::remove_surplus_population::remove_surplus_systems[0m[2m:[0m [SURPLUS] '50:Emerita Augusta' has surplus: total=2, max=1, surplus=1, players=1, has_city=false
[2m2026-04-14T18:11:08.648111Z[0m [32m INFO[0m [2madv_civ::civilization::concepts::remove_surplus_population::remove_surplus_systems[0m[2m:[0m [SURPLUS] '50:Emerita Augusta': Removing surplus tokens from single-player area
[2m2026-04-14T18:11:08.648115Z[0m [32m INFO[0m [2madv_civ::civilization::concepts::remove_surplus_population::remove_surplus_systems[0m[2m:[0m [SURPLUS] '50:Emerita Augusta': After removal: 2 -> 1 tokens, surplus=0
[2m2026-04-14T18:11:08.648119Z[0m [32m INFO[0m [2madv_civ::civilization::concepts::remove_surplus_population::remove_surplus_systems[0m[2m:[0m [SURPLUS] '32:Avaris' has surplus: total=5, max=3, surplus=2, players=1, has_city=false
[2m2026-04-14T18:11:08.648123Z[0m [32m INFO[0m [2madv_civ::civilization::concepts::remove_surplus_population::remove_surplus_systems[0m[2m:[0m [SURPLUS] '32:Avaris': Removing surplus tokens from single-player area
[2m2026-04-14T18:11:08.648126Z[0m [32m INFO[0m [2madv_civ::civilization::concepts::remove_surplus_population::remove_surplus_systems[0m[2m:[0m [SURPLUS] '32:Avaris': After removal: 5 -> 3 tokens, surplus=0
[2m2026-04-14T18:11:08.648133Z[0m [32m INFO[0m [2madv_civ::civilization::concepts::remove_surplus_population::remove_surplus_systems[0m[2m:[0m [SURPLUS] '125:Beersheba' has surplus: total=3, max=1, surplus=2, players=1, has_city=false
[2m2026-04-14T18:11:08.648135Z[0m [32m INFO[0m [2madv_civ::civilization::concepts::remove_surplus_population::remove_surplus_systems[0m[2m:[0m [SURPLUS] '125:Beersheba': Removing surplus tokens from single-player area
[2m2026-04-14T18:11:08.648138Z[0m [32m INFO[0m [2madv_civ::civilization::concepts::remove_surplus_population::remove_surplus_systems[0m[2m:[0m [SURPLUS] '125:Beersheba': After removal: 3 -> 1 tokens, surplus=0
[2m2026-04-14T18:11:08.648142Z[0m [32m INFO[0m [2madv_civ::civilization::concepts::remove_surplus_population::remove_surplus_systems[0m[2m:[0m [SURPLUS] '110:Nemausus' has surplus: total=4, max=2, surplus=2, players=1, has_city=false
[2m2026-04-14T18:11:08.648144Z[0m [32m INFO[0m [2madv_civ::civilization::concepts::remove_surplus_population::remove_surplus_systems[0m[2m:[0m [SURPLUS] '110:Nemausus': Removing surplus tokens from single-player area
[2m2026-04-14T18:11:08.648147Z[0m [32m INFO[0m [2madv_civ::civilization::concepts::remove_surplus_population::remove_surplus_systems[0m[2m:[0m [SURPLUS] '110:Nemausus': After removal: 4 -> 2 tokens, surplus=0
[2m2026-04-14T18:11:08.648150Z[0m [32m INFO[0m [2madv_civ::civilization::concepts::remove_surplus_population::remove_surplus_systems[0m[2m:[0m [SURPLUS] '57:Apamea' has surplus: total=4, max=2, surplus=2, players=1, has_city=false
[2m2026-04-14T18:11:08.648154Z[0m [32m INFO[0m [2madv_civ::civilization::concepts::remove_surplus_population::remove_surplus_systems[0m[2m:[0m [SURPLUS] '57:Apamea': Removing surplus tokens from single-player area
[2m2026-04-14T18:11:08.648158Z[0m [32m INFO[0m [2madv_civ::civilization::concepts::remove_surplus_population::remove_surplus_systems[0m[2m:[0m [SURPLUS] '57:Apamea': After removal: 4 -> 2 tokens, surplus=0
[2m2026-04-14T18:11:08.648163Z[0m [32m INFO[0m [2madv_civ::civilization::concepts::remove_surplus_population::remove_surplus_systems[0m[2m:[0m [SURPLUS] '37:Hattusa' has surplus: total=6, max=2, surplus=4, players=1, has_city=false
[2m2026-04-14T18:11:08.648165Z[0m [32m INFO[0m [2madv_civ::civilization::concepts::remove_surplus_population::remove_surplus_systems[0m[2m:[0m [SURPLUS] '37:Hattusa': Removing surplus tokens from single-player area
[2m2026-04-14T18:11:08.648168Z[0m [32m INFO[0m [2madv_civ::civilization::concepts::remove_surplus_population::remove_surplus_systems[0m[2m:[0m [SURPLUS] '37:Hattusa': After removal: 6 -> 2 tokens, surplus=0
[2m2026-04-14T18:11:08.648176Z[0m [32m INFO[0m [2madv_civ::civilization::concepts::remove_surplus_population::remove_surplus_systems[0m[2m:[0m [SURPLUS] Phase complete: processed 149 areas, 22 had surplus, removed 40 tokens total
[2m2026-04-14T18:11:08.665358Z[0m [32m INFO[0m [2madv_civ::civilization::concepts::check_city_support::check_city_support_systems[0m[2m:[0m [CITY_SUPPORT] Starting city support check phase
[2m2026-04-14T18:11:08.665372Z[0m [32m INFO[0m [2madv_civ::civilization::concepts::check_city_support::check_city_support_systems[0m[2m:[0m [CITY_SUPPORT] 3 players need city support check
[2m2026-04-14T18:11:08.681225Z[0m [32m INFO[0m [2madv_civ::civilization::concepts::check_city_support::check_city_support_systems[0m[2m:[0m [CITY_SUPPORT] All checks complete, transitioning to AcquireTradeCards
[2m2026-04-14T18:11:08.697823Z[0m [32m INFO[0m [2madv_civ::civilization::concepts::acquire_trade_cards::trade_card_systems[0m[2m:[0m [TRADE_CARDS] Starting acquire trade cards phase
[2m2026-04-14T18:11:08.697855Z[0m [32m INFO[0m [2madv_civ::civilization::concepts::acquire_trade_cards::trade_card_systems[0m[2m:[0m [TRADE_CARDS] Iberia (AI) pulled cards, can_trade=true
[2m2026-04-14T18:11:08.697862Z[0m [32m INFO[0m [2madv_civ::civilization::concepts::acquire_trade_cards::trade_card_systems[0m[2m:[0m [TRADE_CARDS] Thrace (AI) pulled cards, can_trade=true
[2m2026-04-14T18:11:08.697866Z[0m [32m INFO[0m [2madv_civ::civilization::concepts::acquire_trade_cards::trade_card_systems[0m[2m:[0m [TRADE_CARDS] Asia (AI) pulled cards, can_trade=false
[2m2026-04-14T18:11:08.697870Z[0m [32m INFO[0m [2madv_civ::civilization::concepts::acquire_trade_cards::trade_card_systems[0m[2m:[0m [TRADE_CARDS] Processed 8 players, 3 have cities, sending CheckIfWeCanTrade
[2m2026-04-14T18:11:08.698102Z[0m [32m INFO[0m [2madv_civ::civilization::concepts::acquire_trade_cards::trade_card_systems[0m[2m:[0m [TRADE_CARDS] CheckIfWeCanTrade received: 2 players can trade
[2m2026-04-14T18:11:08.698115Z[0m [32m INFO[0m [2madv_civ::civilization::concepts::acquire_trade_cards::trade_card_systems[0m[2m:[0m [TRADE_CARDS] Transitioning to Trade phase
[2m2026-04-14T18:11:09.049469Z[0m [32m INFO[0m [2mbevy_diagnostic[0m[2m:[0m started_load_count:   69.000000   (avg 69.000000)
[2m2026-04-14T18:11:10.049026Z[0m [32m INFO[0m [2mbevy_diagnostic[0m[2m:[0m started_load_count:   69.000000   (avg 69.000000)
[2m2026-04-14T18:11:11.049739Z[0m [32m INFO[0m [2mbevy_diagnostic[0m[2m:[0m started_load_count:   69.000000   (avg 69.000000)
[2m2026-04-14T18:11:12.071705Z[0m [32m INFO[0m [2mbevy_diagnostic[0m[2m:[0m started_load_count:   69.000000   (avg 69.000000)
[2m2026-04-14T18:11:13.051231Z[0m [32m INFO[0m [2mbevy_diagnostic[0m[2m:[0m started_load_count:   69.000000   (avg 69.000000)
[2m2026-04-14T18:11:14.069764Z[0m [32m INFO[0m [2mbevy_diagnostic[0m[2m:[0m started_load_count:   69.000000   (avg 69.000000)
[2m2026-04-14T18:11:15.050513Z[0m [32m INFO[0m [2mbevy_diagnostic[0m[2m:[0m started_load_count:   69.000000   (avg 69.000000)
[2m2026-04-14T18:11:16.050402Z[0m [32m INFO[0m [2mbevy_diagnostic[0m[2m:[0m started_load_count:   69.000000   (avg 69.000000)
[2m2026-04-14T18:11:17.714791Z[0m [32m INFO[0m [2mbevy_diagnostic[0m[2m:[0m started_load_count:   69.000000   (avg 69.000000)
[2m2026-04-14T18:11:18.716813Z[0m [32m INFO[0m [2mbevy_diagnostic[0m[2m:[0m started_load_count:   69.000000   (avg 69.000000)
[2m2026-04-14T18:11:19.713955Z[0m [32m INFO[0m [2mbevy_diagnostic[0m[2m:[0m started_load_count:   69.000000   (avg 69.000000)
[2m2026-04-14T18:11:20.713299Z[0m [32m INFO[0m [2mbevy_diagnostic[0m[2m:[0m started_load_count:   69.000000   (avg 69.000000)
[2m2026-04-14T18:11:21.714185Z[0m [32m INFO[0m [2mbevy_diagnostic[0m[2m:[0m started_load_count:   69.000000   (avg 69.000000)
[2m2026-04-14T18:11:22.713930Z[0m [32m INFO[0m [2mbevy_diagnostic[0m[2m:[0m started_load_count:   69.000000   (avg 69.000000)
[2m2026-04-14T18:11:23.719838Z[0m [32m INFO[0m [2mbevy_diagnostic[0m[2m:[0m started_load_count:   69.000000   (avg 69.000000)
[2m2026-04-14T18:11:24.715075Z[0m [32m INFO[0m [2mbevy_diagnostic[0m[2m:[0m started_load_count:   69.000000   (avg 69.000000)
[2m2026-04-14T18:11:25.716160Z[0m [32m INFO[0m [2mbevy_diagnostic[0m[2m:[0m started_load_count:   69.000000   (avg 69.000000)
[2m2026-04-14T18:11:26.713129Z[0m [32m INFO[0m [2mbevy_diagnostic[0m[2m:[0m started_load_count:   69.000000   (avg 69.000000)
[2m2026-04-14T18:11:27.713260Z[0m [32m INFO[0m [2mbevy_diagnostic[0m[2m:[0m started_load_count:   69.000000   (avg 69.000000)
[2m2026-04-14T18:11:28.717289Z[0m [32m INFO[0m [2mbevy_diagnostic[0m[2m:[0m started_load_count:   69.000000   (avg 69.000000)
[2m2026-04-14T18:11:29.717493Z[0m [32m INFO[0m [2mbevy_diagnostic[0m[2m:[0m started_load_count:   69.000000   (avg 69.000000)
[2m2026-04-14T18:11:30.713235Z[0m [32m INFO[0m [2mbevy_diagnostic[0m[2m:[0m started_load_count:   69.000000   (avg 69.000000)
[2m2026-04-14T18:11:31.714835Z[0m [32m INFO[0m [2mbevy_diagnostic[0m[2m:[0m started_load_count:   69.000000   (avg 69.000000)
[2m2026-04-14T18:11:32.713715Z[0m [32m INFO[0m [2mbevy_diagnostic[0m[2m:[0m started_load_count:   69.000000   (avg 69.000000)
[2m2026-04-14T18:11:33.713883Z[0m [32m INFO[0m [2mbevy_diagnostic[0m[2m:[0m started_load_count:   69.000000   (avg 69.000000)
[2m2026-04-14T18:11:34.721892Z[0m [32m INFO[0m [2mbevy_diagnostic[0m[2m:[0m started_load_count:   69.000000   (avg 69.000000)
[2m2026-04-14T18:11:35.731655Z[0m [32m INFO[0m [2mbevy_diagnostic[0m[2m:[0m started_load_count:   69.000000   (avg 69.000000)
[2m2026-04-14T18:11:36.732495Z[0m [32m INFO[0m [2mbevy_diagnostic[0m[2m:[0m started_load_count:   69.000000   (avg 69.000000)
[2m2026-04-14T18:11:37.730282Z[0m [32m INFO[0m [2mbevy_diagnostic[0m[2m:[0m started_load_count:   69.000000   (avg 69.000000)
[2m2026-04-14T18:11:38.734433Z[0m [32m INFO[0m [2mbevy_diagnostic[0m[2m:[0m started_load_count:   69.000000   (avg 69.000000)
[2m2026-04-14T18:11:39.733152Z[0m [32m INFO[0m [2mbevy_diagnostic[0m[2m:[0m started_load_count:   69.000000   (avg 69.000000)
[2m2026-04-14T18:11:40.733779Z[0m [32m INFO[0m [2mbevy_diagnostic[0m[2m:[0m started_load_count:   69.000000   (avg 69.000000)
[2m2026-04-14T18:11:41.733420Z[0m [32m INFO[0m [2mbevy_diagnostic[0m[2m:[0m started_load_count:   69.000000   (avg 69.000000)
[2m2026-04-14T18:11:42.733991Z[0m [32m INFO[0m [2mbevy_diagnostic[0m[2m:[0m started_load_count:   69.000000   (avg 69.000000)
[2m2026-04-14T18:11:43.734928Z[0m [32m INFO[0m [2mbevy_diagnostic[0m[2m:[0m started_load_count:   69.000000   (avg 69.000000)
[2m2026-04-14T18:11:44.754872Z[0m [32m INFO[0m [2mbevy_diagnostic[0m[2m:[0m started_load_count:   69.000000   (avg 69.000000)
[2m2026-04-14T18:11:45.734831Z[0m [32m INFO[0m [2mbevy_diagnostic[0m[2m:[0m started_load_count:   69.000000   (avg 69.000000)
[2m2026-04-14T18:11:46.733499Z[0m [32m INFO[0m [2mbevy_diagnostic[0m[2m:[0m started_load_count:   69.000000   (avg 69.000000)
[2m2026-04-14T18:11:47.734632Z[0m [32m INFO[0m [2mbevy_diagnostic[0m[2m:[0m started_load_count:   69.000000   (avg 69.000000)
[2m2026-04-14T18:11:48.731643Z[0m [32m INFO[0m [2mbevy_diagnostic[0m[2m:[0m started_load_count:   69.000000   (avg 69.000000)
[2m2026-04-14T18:11:49.732434Z[0m [32m INFO[0m [2mbevy_diagnostic[0m[2m:[0m started_load_count:   69.000000   (avg 69.000000)
[2m2026-04-14T18:11:50.733662Z[0m [32m INFO[0m [2mbevy_diagnostic[0m[2m:[0m started_load_count:   69.000000   (avg 69.000000)
[2m2026-04-14T18:11:51.752166Z[0m [32m INFO[0m [2mbevy_diagnostic[0m[2m:[0m started_load_count:   69.000000   (avg 69.000000)
[2m2026-04-14T18:11:52.750755Z[0m [32m INFO[0m [2mbevy_diagnostic[0m[2m:[0m started_load_count:   69.000000   (avg 69.000000)
[2m2026-04-14T18:11:53.747604Z[0m [32m INFO[0m [2mbevy_diagnostic[0m[2m:[0m started_load_count:   69.000000   (avg 69.000000)
[2m2026-04-14T18:11:54.749707Z[0m [32m INFO[0m [2mbevy_diagnostic[0m[2m:[0m started_load_count:   69.000000   (avg 69.000000)
[2m2026-04-14T18:11:55.749903Z[0m [32m INFO[0m [2mbevy_diagnostic[0m[2m:[0m started_load_count:   69.000000   (avg 69.000000)
[2m2026-04-14T18:11:56.750123Z[0m [32m INFO[0m [2mbevy_diagnostic[0m[2m:[0m started_load_count:   69.000000   (avg 69.000000)
[2m2026-04-14T18:11:57.749508Z[0m [32m INFO[0m [2mbevy_diagnostic[0m[2m:[0m started_load_count:   69.000000   (avg 69.000000)
[2m2026-04-14T18:11:58.748164Z[0m [32m INFO[0m [2mbevy_diagnostic[0m[2m:[0m started_load_count:   69.000000   (avg 69.000000)
[2m2026-04-14T18:11:59.751064Z[0m [32m INFO[0m [2mbevy_diagnostic[0m[2m:[0m started_load_count:   69.000000   (avg 69.000000)
[2m2026-04-14T18:12:00.748195Z[0m [32m INFO[0m [2mbevy_diagnostic[0m[2m:[0m started_load_count:   69.000000   (avg 69.000000)
[2m2026-04-14T18:12:01.747389Z[0m [32m INFO[0m [2mbevy_diagnostic[0m[2m:[0m started_load_count:   69.000000   (avg 69.000000)
[2m2026-04-14T18:12:02.747734Z[0m [32m INFO[0m [2mbevy_diagnostic[0m[2m:[0m started_load_count:   69.000000   (avg 69.000000)
[2m2026-04-14T18:12:03.747440Z[0m [32m INFO[0m [2mbevy_diagnostic[0m[2m:[0m started_load_count:   69.000000   (avg 69.000000)
[2m2026-04-14T18:12:04.750850Z[0m [32m INFO[0m [2mbevy_diagnostic[0m[2m:[0m started_load_count:   69.000000   (avg 69.000000)
[2m2026-04-14T18:12:05.747502Z[0m [32m INFO[0m [2mbevy_diagnostic[0m[2m:[0m started_load_count:   69.000000   (avg 69.000000)
[2m2026-04-14T18:12:06.761840Z[0m [32m INFO[0m [2mbevy_diagnostic[0m[2m:[0m started_load_count:   69.000000   (avg 69.000000)
[2m2026-04-14T18:12:07.783391Z[0m [32m INFO[0m [2mbevy_diagnostic[0m[2m:[0m started_load_count:   69.000000   (avg 69.000000)
[2m2026-04-14T18:12:08.783429Z[0m [32m INFO[0m [2mbevy_diagnostic[0m[2m:[0m started_load_count:   69.000000   (avg 69.000000)
[2m2026-04-14T18:12:09.780502Z[0m [32m INFO[0m [2mbevy_diagnostic[0m[2m:[0m started_load_count:   69.000000   (avg 69.000000)
[2m2026-04-14T18:12:10.781001Z[0m [32m INFO[0m [2mbevy_diagnostic[0m[2m:[0m started_load_count:   69.000000   (avg 69.000000)
[2m2026-04-14T18:12:11.783897Z[0m [32m INFO[0m [2mbevy_diagnostic[0m[2m:[0m started_load_count:   69.000000   (avg 69.000000)
[2m2026-04-14T18:12:12.783695Z[0m [32m INFO[0m [2mbevy_diagnostic[0m[2m:[0m started_load_count:   69.000000   (avg 69.000000)
[2m2026-04-14T18:12:13.784765Z[0m [32m INFO[0m [2mbevy_diagnostic[0m[2m:[0m started_load_count:   69.000000   (avg 69.000000)
[2m2026-04-14T18:12:14.782203Z[0m [32m INFO[0m [2mbevy_diagnostic[0m[2m:[0m started_load_count:   69.000000   (avg 69.000000)
[2m2026-04-14T18:12:15.788544Z[0m [32m INFO[0m [2mbevy_diagnostic[0m[2m:[0m started_load_count:   69.000000   (avg 69.000000)
[2m2026-04-14T18:12:16.810849Z[0m [32m INFO[0m [2mbevy_diagnostic[0m[2m:[0m started_load_count:   69.000000   (avg 69.000000)
[2m2026-04-14T18:12:17.824497Z[0m [32m INFO[0m [2mbevy_diagnostic[0m[2m:[0m started_load_count:   69.000000   (avg 69.000000)
[2m2026-04-14T18:12:18.832736Z[0m [32m INFO[0m [2mbevy_diagnostic[0m[2m:[0m started_load_count:   69.000000   (avg 69.000000)
[2m2026-04-14T18:12:19.839985Z[0m [32m INFO[0m [2mbevy_diagnostic[0m[2m:[0m started_load_count:   69.000000   (avg 69.000000)
[2m2026-04-14T18:12:20.847131Z[0m [32m INFO[0m [2mbevy_diagnostic[0m[2m:[0m started_load_count:   69.000000   (avg 69.000000)
[2m2026-04-14T18:12:21.867427Z[0m [32m INFO[0m [2mbevy_diagnostic[0m[2m:[0m started_load_count:   69.000000   (avg 69.000000)
[2m2026-04-14T18:12:22.864523Z[0m [32m INFO[0m [2mbevy_diagnostic[0m[2m:[0m started_load_count:   69.000000   (avg 69.000000)
[2m2026-04-14T18:12:23.867639Z[0m [32m INFO[0m [2mbevy_diagnostic[0m[2m:[0m started_load_count:   69.000000   (avg 69.000000)
[2m2026-04-14T18:12:24.866770Z[0m [32m INFO[0m [2mbevy_diagnostic[0m[2m:[0m started_load_count:   69.000000   (avg 69.000000)
[2m2026-04-14T18:12:25.869951Z[0m [32m INFO[0m [2mbevy_diagnostic[0m[2m:[0m started_load_count:   69.000000   (avg 69.000000)
[2m2026-04-14T18:12:26.868798Z[0m [32m INFO[0m [2mbevy_diagnostic[0m[2m:[0m started_load_count:   69.000000   (avg 69.000000)
[2m2026-04-14T18:12:27.866031Z[0m [32m INFO[0m [2mbevy_diagnostic[0m[2m:[0m started_load_count:   69.000000   (avg 69.000000)
[2m2026-04-14T18:12:28.868388Z[0m [32m INFO[0m [2mbevy_diagnostic[0m[2m:[0m started_load_count:   69.000000   (avg 69.000000)
[2m2026-04-14T18:12:29.865771Z[0m [32m INFO[0m [2mbevy_diagnostic[0m[2m:[0m started_load_count:   69.000000   (avg 69.000000)
[2m2026-04-14T18:12:30.867089Z[0m [32m INFO[0m [2mbevy_diagnostic[0m[2m:[0m started_load_count:   69.000000   (avg 69.000000)
[2m2026-04-14T18:12:31.866593Z[0m [32m INFO[0m [2mbevy_diagnostic[0m[2m:[0m started_load_count:   69.000000   (avg 69.000000)
[2m2026-04-14T18:12:32.868954Z[0m [32m INFO[0m [2mbevy_diagnostic[0m[2m:[0m started_load_count:   69.000000   (avg 69.000000)
[2m2026-04-14T18:12:33.866875Z[0m [32m INFO[0m [2mbevy_diagnostic[0m[2m:[0m started_load_count:   69.000000   (avg 69.000000)
[2m2026-04-14T18:12:34.867495Z[0m [32m INFO[0m [2mbevy_diagnostic[0m[2m:[0m started_load_count:   69.000000   (avg 69.000000)
[2m2026-04-14T18:12:35.870783Z[0m [32m INFO[0m [2mbevy_diagnostic[0m[2m:[0m started_load_count:   69.000000   (avg 69.000000)
[2m2026-04-14T18:12:36.866756Z[0m [32m INFO[0m [2mbevy_diagnostic[0m[2m:[0m started_load_count:   69.000000   (avg 69.000000)
[2m2026-04-14T18:12:37.865386Z[0m [32m INFO[0m [2mbevy_diagnostic[0m[2m:[0m started_load_count:   69.000000   (avg 69.000000)
[2m2026-04-14T18:12:38.867233Z[0m [32m INFO[0m [2mbevy_diagnostic[0m[2m:[0m started_load_count:   69.000000   (avg 69.000000)
[2m2026-04-14T18:12:39.868856Z[0m [32m INFO[0m [2mbevy_diagnostic[0m[2m:[0m started_load_count:   69.000000   (avg 69.000000)
[2m2026-04-14T18:12:40.866836Z[0m [32m INFO[0m [2mbevy_diagnostic[0m[2m:[0m started_load_count:   69.000000   (avg 69.000000)
[2m2026-04-14T18:12:41.864899Z[0m [32m INFO[0m [2mbevy_diagnostic[0m[2m:[0m started_load_count:   69.000000   (avg 69.000000)
[2m2026-04-14T18:12:42.867691Z[0m [32m INFO[0m [2mbevy_diagnostic[0m[2m:[0m started_load_count:   69.000000   (avg 69.000000)
[2m2026-04-14T18:12:43.881458Z[0m [32m INFO[0m [2mbevy_diagnostic[0m[2m:[0m started_load_count:   69.000000   (avg 69.000000)
[2m2026-04-14T18:12:44.883427Z[0m [32m INFO[0m [2mbevy_diagnostic[0m[2m:[0m started_load_count:   69.000000   (avg 69.000000)
[2m2026-04-14T18:12:45.883754Z[0m [32m INFO[0m [2mbevy_diagnostic[0m[2m:[0m started_load_count:   69.000000   (avg 69.000000)
[2m2026-04-14T18:12:46.883824Z[0m [32m INFO[0m [2mbevy_diagnostic[0m[2m:[0m started_load_count:   69.000000   (avg 69.000000)
[2m2026-04-14T18:12:47.880908Z[0m [32m INFO[0m [2mbevy_diagnostic[0m[2m:[0m started_load_count:   69.000000   (avg 69.000000)
[2m2026-04-14T18:12:48.880661Z[0m [32m INFO[0m [2mbevy_diagnostic[0m[2m:[0m started_load_count:   69.000000   (avg 69.000000)
[2m2026-04-14T18:12:49.882315Z[0m [32m INFO[0m [2mbevy_diagnostic[0m[2m:[0m started_load_count:   69.000000   (avg 69.000000)
[2m2026-04-14T18:12:50.884271Z[0m [32m INFO[0m [2mbevy_diagnostic[0m[2m:[0m started_load_count:   69.000000   (avg 69.000000)
[2m2026-04-14T18:12:51.889855Z[0m [32m INFO[0m [2mbevy_diagnostic[0m[2m:[0m started_load_count:   69.000000   (avg 69.000000)
[2m2026-04-14T18:12:52.917052Z[0m [32m INFO[0m [2mbevy_diagnostic[0m[2m:[0m started_load_count:   69.000000   (avg 69.000000)
[2m2026-04-14T18:12:53.919689Z[0m [32m INFO[0m [2mbevy_diagnostic[0m[2m:[0m started_load_count:   69.000000   (avg 69.000000)
[2m2026-04-14T18:12:54.917189Z[0m [32m INFO[0m [2mbevy_diagnostic[0m[2m:[0m started_load_count:   69.000000   (avg 69.000000)
[2m2026-04-14T18:12:55.917488Z[0m [32m INFO[0m [2mbevy_diagnostic[0m[2m:[0m started_load_count:   69.000000   (avg 69.000000)
[2m2026-04-14T18:12:56.916915Z[0m [32m INFO[0m [2mbevy_diagnostic[0m[2m:[0m started_load_count:   69.000000   (avg 69.000000)
[2m2026-04-14T18:12:57.914343Z[0m [32m INFO[0m [2mbevy_diagnostic[0m[2m:[0m started_load_count:   69.000000   (avg 69.000000)
[2m2026-04-14T18:12:58.918461Z[0m [32m INFO[0m [2mbevy_diagnostic[0m[2m:[0m started_load_count:   69.000000   (avg 69.000000)
[2m2026-04-14T18:12:59.916238Z[0m [32m INFO[0m [2mbevy_diagnostic[0m[2m:[0m started_load_count:   69.000000   (avg 69.000000)
[2m2026-04-14T18:13:00.937347Z[0m [32m INFO[0m [2mbevy_diagnostic[0m[2m:[0m started_load_count:   69.000000   (avg 69.000000)
[2m2026-04-14T18:13:01.936164Z[0m [32m INFO[0m [2mbevy_diagnostic[0m[2m:[0m started_load_count:   69.000000   (avg 69.000000)
[2m2026-04-14T18:13:02.934254Z[0m [32m INFO[0m [2mbevy_diagnostic[0m[2m:[0m started_load_count:   69.000000   (avg 69.000000)
[2m2026-04-14T18:13:03.932660Z[0m [32m INFO[0m [2mbevy_diagnostic[0m[2m:[0m started_load_count:   69.000000   (avg 69.000000)
[2m2026-04-14T18:13:04.934570Z[0m [32m INFO[0m [2mbevy_diagnostic[0m[2m:[0m started_load_count:   69.000000   (avg 69.000000)
[2m2026-04-14T18:13:05.930828Z[0m [32m INFO[0m [2mbevy_diagnostic[0m[2m:[0m started_load_count:   69.000000   (avg 69.000000)
[2m2026-04-14T18:13:06.934163Z[0m [32m INFO[0m [2mbevy_diagnostic[0m[2m:[0m started_load_count:   69.000000   (avg 69.000000)
[2m2026-04-14T18:13:07.933640Z[0m [32m INFO[0m [2mbevy_diagnostic[0m[2m:[0m started_load_count:   69.000000   (avg 69.000000)
[2m2026-04-14T18:13:08.935642Z[0m [32m INFO[0m [2mbevy_diagnostic[0m[2m:[0m started_load_count:   69.000000   (avg 69.000000)
[2m2026-04-14T18:13:09.933601Z[0m [32m INFO[0m [2mbevy_diagnostic[0m[2m:[0m started_load_count:   69.000000   (avg 69.000000)
[2m2026-04-14T18:13:10.939087Z[0m [32m INFO[0m [2mbevy_diagnostic[0m[2m:[0m started_load_count:   69.000000   (avg 69.000000)
[2m2026-04-14T18:13:11.934688Z[0m [32m INFO[0m [2mbevy_diagnostic[0m[2m:[0m started_load_count:   69.000000   (avg 69.000000)
[2m2026-04-14T18:13:12.935013Z[0m [32m INFO[0m [2mbevy_diagnostic[0m[2m:[0m started_load_count:   69.000000   (avg 69.000000)
[2m2026-04-14T18:13:13.936925Z[0m [32m INFO[0m [2mbevy_diagnostic[0m[2m:[0m started_load_count:   69.000000   (avg 69.000000)
[2m2026-04-14T18:13:14.931858Z[0m [32m INFO[0m [2mbevy_diagnostic[0m[2m:[0m started_load_count:   69.000000   (avg 69.000000)
[2m2026-04-14T18:13:15.928766Z[0m [32m INFO[0m [2mbevy_diagnostic[0m[2m:[0m started_load_count:   69.000000   (avg 69.000000)
[2m2026-04-14T18:13:16.934047Z[0m [32m INFO[0m [2mbevy_diagnostic[0m[2m:[0m started_load_count:   69.000000   (avg 69.000000)
[2m2026-04-14T18:13:17.938522Z[0m [32m INFO[0m [2mbevy_diagnostic[0m[2m:[0m started_load_count:   69.000000   (avg 69.000000)
[2m2026-04-14T18:13:18.952199Z[0m [32m INFO[0m [2mbevy_diagnostic[0m[2m:[0m started_load_count:   69.000000   (avg 69.000000)
[2m2026-04-14T18:13:19.963005Z[0m [32m INFO[0m [2mbevy_diagnostic[0m[2m:[0m started_load_count:   69.000000   (avg 69.000000)
[2m2026-04-14T18:13:20.981567Z[0m [32m INFO[0m [2mbevy_diagnostic[0m[2m:[0m started_load_count:   69.000000   (avg 69.000000)
[2m2026-04-14T18:13:21.994465Z[0m [32m INFO[0m [2mbevy_diagnostic[0m[2m:[0m started_load_count:   69.000000   (avg 69.000000)
[2m2026-04-14T18:13:23.004323Z[0m [32m INFO[0m [2mbevy_diagnostic[0m[2m:[0m started_load_count:   69.000000   (avg 69.000000)
[2m2026-04-14T18:13:24.015941Z[0m [32m INFO[0m [2mbevy_diagnostic[0m[2m:[0m started_load_count:   69.000000   (avg 69.000000)
[2m2026-04-14T18:13:25.021586Z[0m [32m INFO[0m [2mbevy_diagnostic[0m[2m:[0m started_load_count:   69.000000   (avg 69.000000)
[2m2026-04-14T18:13:26.023621Z[0m [32m INFO[0m [2mbevy_diagnostic[0m[2m:[0m started_load_count:   69.000000   (avg 69.000000)
[2m2026-04-14T18:13:27.028190Z[0m [32m INFO[0m [2mbevy_diagnostic[0m[2m:[0m started_load_count:   69.000000   (avg 69.000000)
[2m2026-04-14T18:13:28.033415Z[0m [32m INFO[0m [2mbevy_diagnostic[0m[2m:[0m started_load_count:   69.000000   (avg 69.000000)
[2m2026-04-14T18:13:29.034283Z[0m [32m INFO[0m [2mbevy_diagnostic[0m[2m:[0m started_load_count:   69.000000   (avg 69.000000)
[2m2026-04-14T18:13:30.034073Z[0m [32m INFO[0m [2mbevy_diagnostic[0m[2m:[0m started_load_count:   69.000000   (avg 69.000000)
[2m2026-04-14T18:13:31.036135Z[0m [32m INFO[0m [2mbevy_diagnostic[0m[2m:[0m started_load_count:   69.000000   (avg 69.000000)
[2m2026-04-14T18:13:32.034946Z[0m [32m INFO[0m [2mbevy_diagnostic[0m[2m:[0m started_load_count:   69.000000   (avg 69.000000)
[2m2026-04-14T18:13:33.035110Z[0m [32m INFO[0m [2mbevy_diagnostic[0m[2m:[0m started_load_count:   69.000000   (avg 69.000000)
[2m2026-04-14T18:13:34.035142Z[0m [32m INFO[0m [2mbevy_diagnostic[0m[2m:[0m started_load_count:   69.000000   (avg 69.000000)
[2m2026-04-14T18:13:35.032636Z[0m [32m INFO[0m [2mbevy_diagnostic[0m[2m:[0m started_load_count:   69.000000   (avg 69.000000)
[2m2026-04-14T18:13:36.036528Z[0m [32m INFO[0m [2mbevy_diagnostic[0m[2m:[0m started_load_count:   69.000000   (avg 69.000000)
[2m2026-04-14T18:13:37.049667Z[0m [32m INFO[0m [2mbevy_diagnostic[0m[2m:[0m started_load_count:   69.000000   (avg 69.000000)
[2m2026-04-14T18:13:38.069278Z[0m [32m INFO[0m [2mbevy_diagnostic[0m[2m:[0m started_load_count:   69.000000   (avg 69.000000)
[2m2026-04-14T18:13:39.065874Z[0m [32m INFO[0m [2mbevy_diagnostic[0m[2m:[0m started_load_count:   69.000000   (avg 69.000000)
[2m2026-04-14T18:13:40.066029Z[0m [32m INFO[0m [2mbevy_diagnostic[0m[2m:[0m started_load_count:   69.000000   (avg 69.000000)
[2m2026-04-14T18:13:41.068570Z[0m [32m INFO[0m [2mbevy_diagnostic[0m[2m:[0m started_load_count:   69.000000   (avg 69.000000)
[2m2026-04-14T18:13:42.068151Z[0m [32m INFO[0m [2mbevy_diagnostic[0m[2m:[0m started_load_count:   69.000000   (avg 69.000000)
[2m2026-04-14T18:13:43.068971Z[0m [32m INFO[0m [2mbevy_diagnostic[0m[2m:[0m started_load_count:   69.000000   (avg 69.000000)
[2m2026-04-14T18:13:44.070016Z[0m [32m INFO[0m [2mbevy_diagnostic[0m[2m:[0m started_load_count:   69.000000   (avg 69.000000)
[2m2026-04-14T18:13:45.071645Z[0m [32m INFO[0m [2mbevy_diagnostic[0m[2m:[0m started_load_count:   69.000000   (avg 69.000000)
[2m2026-04-14T18:13:46.069471Z[0m [32m INFO[0m [2mbevy_diagnostic[0m[2m:[0m started_load_count:   69.000000   (avg 69.000000)
[2m2026-04-14T18:13:47.067478Z[0m [32m INFO[0m [2mbevy_diagnostic[0m[2m:[0m started_load_count:   69.000000   (avg 69.000000)
[2m2026-04-14T18:13:48.068390Z[0m [32m INFO[0m [2mbevy_diagnostic[0m[2m:[0m started_load_count:   69.000000   (avg 69.000000)
[2m2026-04-14T18:13:49.069131Z[0m [32m INFO[0m [2mbevy_diagnostic[0m[2m:[0m started_load_count:   69.000000   (avg 69.000000)
[2m2026-04-14T18:13:50.068650Z[0m [32m INFO[0m [2mbevy_diagnostic[0m[2m:[0m started_load_count:   69.000000   (avg 69.000000)
[2m2026-04-14T18:13:51.068093Z[0m [32m INFO[0m [2mbevy_diagnostic[0m[2m:[0m started_load_count:   69.000000   (avg 69.000000)
[2m2026-04-14T18:13:52.068996Z[0m [32m INFO[0m [2mbevy_diagnostic[0m[2m:[0m started_load_count:   69.000000   (avg 69.000000)
[2m2026-04-14T18:13:53.068323Z[0m [32m INFO[0m [2mbevy_diagnostic[0m[2m:[0m started_load_count:   69.000000   (avg 69.000000)
[2m2026-04-14T18:13:54.070254Z[0m [32m INFO[0m [2mbevy_diagnostic[0m[2m:[0m started_load_count:   69.000000   (avg 69.000000)
[2m2026-04-14T18:13:55.069056Z[0m [32m INFO[0m [2mbevy_diagnostic[0m[2m:[0m started_load_count:   69.000000   (avg 69.000000)
[2m2026-04-14T18:13:56.066777Z[0m [32m INFO[0m [2mbevy_diagnostic[0m[2m:[0m started_load_count:   69.000000   (avg 69.000000)
[2m2026-04-14T18:13:57.070145Z[0m [32m INFO[0m [2mbevy_diagnostic[0m[2m:[0m started_load_count:   69.000000   (avg 69.000000)
[2m2026-04-14T18:13:58.065423Z[0m [32m INFO[0m [2mbevy_diagnostic[0m[2m:[0m started_load_count:   69.000000   (avg 69.000000)
[2m2026-04-14T18:13:59.062380Z[0m [32m INFO[0m [2mbevy_diagnostic[0m[2m:[0m started_load_count:   69.000000   (avg 69.000000)
[2m2026-04-14T18:14:00.078714Z[0m [32m INFO[0m [2mbevy_diagnostic[0m[2m:[0m started_load_count:   69.000000   (avg 69.000000)
[2m2026-04-14T18:14:01.091519Z[0m [32m INFO[0m [2mbevy_diagnostic[0m[2m:[0m started_load_count:   69.000000   (avg 69.000000)
[2m2026-04-14T18:14:02.101279Z[0m [32m INFO[0m [2mbevy_diagnostic[0m[2m:[0m started_load_count:   69.000000   (avg 69.000000)
[2m2026-04-14T18:14:03.101358Z[0m [32m INFO[0m [2mbevy_diagnostic[0m[2m:[0m started_load_count:   69.000000   (avg 69.000000)
[2m2026-04-14T18:14:04.101119Z[0m [32m INFO[0m [2mbevy_diagnostic[0m[2m:[0m started_load_count:   69.000000   (avg 69.000000)
[2m2026-04-14T18:14:05.101211Z[0m [32m INFO[0m [2mbevy_diagnostic[0m[2m:[0m started_load_count:   69.000000   (avg 69.000000)
[2m2026-04-14T18:14:06.097949Z[0m [32m INFO[0m [2mbevy_diagnostic[0m[2m:[0m started_load_count:   69.000000   (avg 69.000000)
[2m2026-04-14T18:14:07.101839Z[0m [32m INFO[0m [2mbevy_diagnostic[0m[2m:[0m started_load_count:   69.000000   (avg 69.000000)
[2m2026-04-14T18:14:08.103580Z[0m [32m INFO[0m [2mbevy_diagnostic[0m[2m:[0m started_load_count:   69.000000   (avg 69.000000)
[2m2026-04-14T18:14:09.101723Z[0m [32m INFO[0m [2mbevy_diagnostic[0m[2m:[0m started_load_count:   69.000000   (avg 69.000000)
[2m2026-04-14T18:14:10.105572Z[0m [32m INFO[0m [2mbevy_diagnostic[0m[2m:[0m started_load_count:   69.000000   (avg 69.000000)
[2m2026-04-14T18:14:11.133441Z[0m [32m INFO[0m [2mbevy_diagnostic[0m[2m:[0m started_load_count:   69.000000   (avg 69.000000)
[2m2026-04-14T18:14:12.133439Z[0m [32m INFO[0m [2mbevy_diagnostic[0m[2m:[0m started_load_count:   69.000000   (avg 69.000000)
[2m2026-04-14T18:14:13.159183Z[0m [32m INFO[0m [2mbevy_diagnostic[0m[2m:[0m started_load_count:   69.000000   (avg 69.000000)
[2m2026-04-14T18:14:14.154147Z[0m [32m INFO[0m [2mbevy_diagnostic[0m[2m:[0m started_load_count:   69.000000   (avg 69.000000)
[2m2026-04-14T18:14:15.152583Z[0m [32m INFO[0m [2mbevy_diagnostic[0m[2m:[0m started_load_count:   69.000000   (avg 69.000000)
[2m2026-04-14T18:14:16.151487Z[0m [32m INFO[0m [2mbevy_diagnostic[0m[2m:[0m started_load_count:   69.000000   (avg 69.000000)
[2m2026-04-14T18:14:17.176477Z[0m [32m INFO[0m [2mbevy_diagnostic[0m[2m:[0m started_load_count:   69.000000   (avg 69.000000)
[2m2026-04-14T18:14:18.168931Z[0m [32m INFO[0m [2mbevy_diagnostic[0m[2m:[0m started_load_count:   69.000000   (avg 69.000000)
[2m2026-04-14T18:14:19.168490Z[0m [32m INFO[0m [2mbevy_diagnostic[0m[2m:[0m started_load_count:   69.000000   (avg 69.000000)
[2m2026-04-14T18:14:20.177326Z[0m [32m INFO[0m [2mbevy_diagnostic[0m[2m:[0m started_load_count:   69.000000   (avg 69.000000)
[2m2026-04-14T18:14:21.185411Z[0m [32m INFO[0m [2mbevy_diagnostic[0m[2m:[0m started_load_count:   69.000000   (avg 69.000000)
[2m2026-04-14T18:14:22.184327Z[0m [32m INFO[0m [2mbevy_diagnostic[0m[2m:[0m started_load_count:   69.000000   (avg 69.000000)
[2m2026-04-14T18:14:23.186488Z[0m [32m INFO[0m [2mbevy_diagnostic[0m[2m:[0m started_load_count:   69.000000   (avg 69.000000)
[2m2026-04-14T18:14:24.183436Z[0m [32m INFO[0m [2mbevy_diagnostic[0m[2m:[0m started_load_count:   69.000000   (avg 69.000000)
[2m2026-04-14T18:14:25.185463Z[0m [32m INFO[0m [2mbevy_diagnostic[0m[2m:[0m started_load_count:   69.000000   (avg 69.000000)
[2m2026-04-14T18:14:26.183272Z[0m [32m INFO[0m [2mbevy_diagnostic[0m[2m:[0m started_load_count:   69.000000   (avg 69.000000)
[2m2026-04-14T18:14:27.185654Z[0m [32m INFO[0m [2mbevy_diagnostic[0m[2m:[0m started_load_count:   69.000000   (avg 69.000000)
[2m2026-04-14T18:14:28.183300Z[0m [32m INFO[0m [2mbevy_diagnostic[0m[2m:[0m started_load_count:   69.000000   (avg 69.000000)
[2m2026-04-14T18:14:29.226902Z[0m [32m INFO[0m [2mbevy_diagnostic[0m[2m:[0m started_load_count:   69.000000   (avg 69.000000)
[2m2026-04-14T18:14:30.218421Z[0m [32m INFO[0m [2mbevy_diagnostic[0m[2m:[0m started_load_count:   69.000000   (avg 69.000000)
[2m2026-04-14T18:14:31.216934Z[0m [32m INFO[0m [2mbevy_diagnostic[0m[2m:[0m started_load_count:   69.000000   (avg 69.000000)
[2m2026-04-14T18:14:32.218732Z[0m [32m INFO[0m [2mbevy_diagnostic[0m[2m:[0m started_load_count:   69.000000   (avg 69.000000)
[2m2026-04-14T18:14:33.223975Z[0m [32m INFO[0m [2mbevy_diagnostic[0m[2m:[0m started_load_count:   69.000000   (avg 69.000000)
[2m2026-04-14T18:14:34.219568Z[0m [32m INFO[0m [2mbevy_diagnostic[0m[2m:[0m started_load_count:   69.000000   (avg 69.000000)
[2m2026-04-14T18:14:35.221025Z[0m [32m INFO[0m [2mbevy_diagnostic[0m[2m:[0m started_load_count:   69.000000   (avg 69.000000)
[2m2026-04-14T18:14:36.219631Z[0m [32m INFO[0m [2mbevy_diagnostic[0m[2m:[0m started_load_count:   69.000000   (avg 69.000000)
[2m2026-04-14T18:14:37.224585Z[0m [32m INFO[0m [2mbevy_diagnostic[0m[2m:[0m started_load_count:   69.000000   (avg 69.000000)
[2m2026-04-14T18:14:38.219448Z[0m [32m INFO[0m [2mbevy_diagnostic[0m[2m:[0m started_load_count:   69.000000   (avg 69.000000)
[2m2026-04-14T18:14:39.221261Z[0m [32m INFO[0m [2mbevy_diagnostic[0m[2m:[0m started_load_count:   69.000000   (avg 69.000000)
[2m2026-04-14T18:14:40.216117Z[0m [32m INFO[0m [2mbevy_diagnostic[0m[2m:[0m started_load_count:   69.000000   (avg 69.000000)
[2m2026-04-14T18:14:41.228573Z[0m [32m INFO[0m [2mbevy_diagnostic[0m[2m:[0m started_load_count:   69.000000   (avg 69.000000)
[2m2026-04-14T18:14:42.237709Z[0m [32m INFO[0m [2mbevy_diagnostic[0m[2m:[0m started_load_count:   69.000000   (avg 69.000000)
[2m2026-04-14T18:14:43.244622Z[0m [32m INFO[0m [2mbevy_diagnostic[0m[2m:[0m started_load_count:   69.000000   (avg 69.000000)
[2m2026-04-14T18:14:44.265455Z[0m [32m INFO[0m [2mbevy_diagnostic[0m[2m:[0m started_load_count:   69.000000   (avg 69.000000)
[2m2026-04-14T18:14:45.278307Z[0m [32m INFO[0m [2mbevy_diagnostic[0m[2m:[0m started_load_count:   69.000000   (avg 69.000000)
[2m2026-04-14T18:14:46.289046Z[0m [32m INFO[0m [2mbevy_diagnostic[0m[2m:[0m started_load_count:   69.000000   (avg 69.000000)
[2m2026-04-14T18:14:47.299277Z[0m [32m INFO[0m [2mbevy_diagnostic[0m[2m:[0m started_load_count:   69.000000   (avg 69.000000)
[2m2026-04-14T18:14:48.307887Z[0m [32m INFO[0m [2mbevy_diagnostic[0m[2m:[0m started_load_count:   69.000000   (avg 69.000000)
[2m2026-04-14T18:14:49.311960Z[0m [32m INFO[0m [2mbevy_diagnostic[0m[2m:[0m started_load_count:   69.000000   (avg 69.000000)
[2m2026-04-14T18:14:50.311778Z[0m [32m INFO[0m [2mbevy_diagnostic[0m[2m:[0m started_load_count:   69.000000   (avg 69.000000)
[2m2026-04-14T18:14:51.316144Z[0m [32m INFO[0m [2mbevy_diagnostic[0m[2m:[0m started_load_count:   69.000000   (avg 69.000000)
[2m2026-04-14T18:14:52.319871Z[0m [32m INFO[0m [2mbevy_diagnostic[0m[2m:[0m started_load_count:   69.000000   (avg 69.000000)
[2m2026-04-14T18:14:53.328832Z[0m [32m INFO[0m [2mbevy_diagnostic[0m[2m:[0m started_load_count:   69.000000   (avg 69.000000)
[2m2026-04-14T18:14:54.331225Z[0m [32m INFO[0m [2mbevy_diagnostic[0m[2m:[0m started_load_count:   69.000000   (avg 69.000000)
[2m2026-04-14T18:14:55.332592Z[0m [32m INFO[0m [2mbevy_diagnostic[0m[2m:[0m started_load_count:   69.000000   (avg 69.000000)
[2m2026-04-14T18:14:56.334573Z[0m [32m INFO[0m [2mbevy_diagnostic[0m[2m:[0m started_load_count:   69.000000   (avg 69.000000)
[2m2026-04-14T18:14:57.343790Z[0m [32m INFO[0m [2mbevy_diagnostic[0m[2m:[0m started_load_count:   69.000000   (avg 69.000000)
[2m2026-04-14T18:14:58.349006Z[0m [32m INFO[0m [2mbevy_diagnostic[0m[2m:[0m started_load_count:   69.000000   (avg 69.000000)
[2m2026-04-14T18:14:59.371708Z[0m [32m INFO[0m [2mbevy_diagnostic[0m[2m:[0m started_load_count:   69.000000   (avg 69.000000)
[2m2026-04-14T18:15:00.366927Z[0m [32m INFO[0m [2mbevy_diagnostic[0m[2m:[0m started_load_count:   69.000000   (avg 69.000000)
[2m2026-04-14T18:15:01.369573Z[0m [32m INFO[0m [2mbevy_diagnostic[0m[2m:[0m started_load_count:   69.000000   (avg 69.000000)
[2m2026-04-14T18:15:02.369154Z[0m [32m INFO[0m [2mbevy_diagnostic[0m[2m:[0m started_load_count:   69.000000   (avg 69.000000)
[2m2026-04-14T18:15:03.369902Z[0m [32m INFO[0m [2mbevy_diagnostic[0m[2m:[0m started_load_count:   69.000000   (avg 69.000000)
[2m2026-04-14T18:15:04.371151Z[0m [32m INFO[0m [2mbevy_diagnostic[0m[2m:[0m started_load_count:   69.000000   (avg 69.000000)
[2m2026-04-14T18:15:05.368403Z[0m [32m INFO[0m [2mbevy_diagnostic[0m[2m:[0m started_load_count:   69.000000   (avg 69.000000)
[2m2026-04-14T18:15:06.368499Z[0m [32m INFO[0m [2mbevy_diagnostic[0m[2m:[0m started_load_count:   69.000000   (avg 69.000000)
[2m2026-04-14T18:15:07.368715Z[0m [32m INFO[0m [2mbevy_diagnostic[0m[2m:[0m started_load_count:   69.000000   (avg 69.000000)
[2m2026-04-14T18:15:08.368863Z[0m [32m INFO[0m [2mbevy_diagnostic[0m[2m:[0m started_load_count:   69.000000   (avg 69.000000)
[2m2026-04-14T18:15:09.369040Z[0m [32m INFO[0m [2mbevy_diagnostic[0m[2m:[0m started_load_count:   69.000000   (avg 69.000000)
[2m2026-04-14T18:15:10.366142Z[0m [32m INFO[0m [2mbevy_diagnostic[0m[2m:[0m started_load_count:   69.000000   (avg 69.000000)
[2m2026-04-14T18:15:11.366725Z[0m [32m INFO[0m [2mbevy_diagnostic[0m[2m:[0m started_load_count:   69.000000   (avg 69.000000)
[2m2026-04-14T18:15:12.370670Z[0m [32m INFO[0m [2mbevy_diagnostic[0m[2m:[0m started_load_count:   69.000000   (avg 69.000000)
[2m2026-04-14T18:15:13.367723Z[0m [32m INFO[0m [2mbevy_diagnostic[0m[2m:[0m started_load_count:   69.000000   (avg 69.000000)
[2m2026-04-14T18:15:14.369198Z[0m [32m INFO[0m [2mbevy_diagnostic[0m[2m:[0m started_load_count:   69.000000   (avg 69.000000)
[2m2026-04-14T18:15:15.374512Z[0m [32m INFO[0m [2mbevy_diagnostic[0m[2m:[0m started_load_count:   69.000000   (avg 69.000000)
[2m2026-04-14T18:15:16.386813Z[0m [32m INFO[0m [2mbevy_diagnostic[0m[2m:[0m started_load_count:   69.000000   (avg 69.000000)
[2m2026-04-14T18:15:17.395594Z[0m [32m INFO[0m [2mbevy_diagnostic[0m[2m:[0m started_load_count:   69.000000   (avg 69.000000)
[2m2026-04-14T18:15:18.406746Z[0m [32m INFO[0m [2mbevy_diagnostic[0m[2m:[0m started_load_count:   69.000000   (avg 69.000000)
[2m2026-04-14T18:15:19.418630Z[0m [32m INFO[0m [2mbevy_diagnostic[0m[2m:[0m started_load_count:   69.000000   (avg 69.000000)
[2m2026-04-14T18:15:20.432929Z[0m [32m INFO[0m [2mbevy_diagnostic[0m[2m:[0m started_load_count:   69.000000   (avg 69.000000)
[2m2026-04-14T18:15:21.437733Z[0m [32m INFO[0m [2mbevy_diagnostic[0m[2m:[0m started_load_count:   69.000000   (avg 69.000000)
[2m2026-04-14T18:15:22.447031Z[0m [32m INFO[0m [2mbevy_diagnostic[0m[2m:[0m started_load_count:   69.000000   (avg 69.000000)
[2m2026-04-14T18:15:23.452208Z[0m [32m INFO[0m [2mbevy_diagnostic[0m[2m:[0m started_load_count:   69.000000   (avg 69.000000)
[2m2026-04-14T18:15:24.456782Z[0m [32m INFO[0m [2mbevy_diagnostic[0m[2m:[0m started_load_count:   69.000000   (avg 69.000000)
[2m2026-04-14T18:15:25.468375Z[0m [32m INFO[0m [2mbevy_diagnostic[0m[2m:[0m started_load_count:   69.000000   (avg 69.000000)
[2m2026-04-14T18:15:26.474063Z[0m [32m INFO[0m [2mbevy_diagnostic[0m[2m:[0m started_load_count:   69.000000   (avg 69.000000)
[2m2026-04-14T18:15:27.481251Z[0m [32m INFO[0m [2mbevy_diagnostic[0m[2m:[0m started_load_count:   69.000000   (avg 69.000000)
[2m2026-04-14T18:15:28.512280Z[0m [32m INFO[0m [2mbevy_diagnostic[0m[2m:[0m started_load_count:   69.000000   (avg 69.000000)
[2m2026-04-14T18:15:29.519958Z[0m [32m INFO[0m [2mbevy_diagnostic[0m[2m:[0m started_load_count:   69.000000   (avg 69.000000)
[2m2026-04-14T18:15:30.520160Z[0m [32m INFO[0m [2mbevy_diagnostic[0m[2m:[0m started_load_count:   69.000000   (avg 69.000000)
[2m2026-04-14T18:15:31.519935Z[0m [32m INFO[0m [2mbevy_diagnostic[0m[2m:[0m started_load_count:   69.000000   (avg 69.000000)
[2m2026-04-14T18:15:32.516980Z[0m [32m INFO[0m [2mbevy_diagnostic[0m[2m:[0m started_load_count:   69.000000   (avg 69.000000)
[2m2026-04-14T18:15:33.517537Z[0m [32m INFO[0m [2mbevy_diagnostic[0m[2m:[0m started_load_count:   69.000000   (avg 69.000000)
[2m2026-04-14T18:15:34.520283Z[0m [32m INFO[0m [2mbevy_diagnostic[0m[2m:[0m started_load_count:   69.000000   (avg 69.000000)
[2m2026-04-14T18:15:35.520979Z[0m [32m INFO[0m [2mbevy_diagnostic[0m[2m:[0m started_load_count:   69.000000   (avg 69.000000)
[2m2026-04-14T18:15:36.520239Z[0m [32m INFO[0m [2mbevy_diagnostic[0m[2m:[0m started_load_count:   69.000000   (avg 69.000000)
[2m2026-04-14T18:15:37.518429Z[0m [32m INFO[0m [2mbevy_diagnostic[0m[2m:[0m started_load_count:   69.000000   (avg 69.000000)
[2m2026-04-14T18:15:38.516719Z[0m [32m INFO[0m [2mbevy_diagnostic[0m[2m:[0m started_load_count:   69.000000   (avg 69.000000)
[2m2026-04-14T18:15:39.520787Z[0m [32m INFO[0m [2mbevy_diagnostic[0m[2m:[0m started_load_count:   69.000000   (avg 69.000000)
[2m2026-04-14T18:15:40.518118Z[0m [32m INFO[0m [2mbevy_diagnostic[0m[2m:[0m started_load_count:   69.000000   (avg 69.000000)
[2m2026-04-14T18:15:41.519275Z[0m [32m INFO[0m [2mbevy_diagnostic[0m[2m:[0m started_load_count:   69.000000   (avg 69.000000)
[2m2026-04-14T18:15:42.516791Z[0m [32m INFO[0m [2mbevy_diagnostic[0m[2m:[0m started_load_count:   69.000000   (avg 69.000000)
[2m2026-04-14T18:15:43.514150Z[0m [32m INFO[0m [2mbevy_diagnostic[0m[2m:[0m started_load_count:   69.000000   (avg 69.000000)
[2m2026-04-14T18:15:44.537098Z[0m [32m INFO[0m [2mbevy_diagnostic[0m[2m:[0m started_load_count:   69.000000   (avg 69.000000)
[2m2026-04-14T18:15:45.554449Z[0m [32m INFO[0m [2mbevy_diagnostic[0m[2m:[0m started_load_count:   69.000000   (avg 69.000000)
[2m2026-04-14T18:15:46.564212Z[0m [32m INFO[0m [2mbevy_diagnostic[0m[2m:[0m started_load_count:   69.000000   (avg 69.000000)
[2m2026-04-14T18:15:47.581869Z[0m [32m INFO[0m [2mbevy_diagnostic[0m[2m:[0m started_load_count:   69.000000   (avg 69.000000)
[2m2026-04-14T18:15:48.592582Z[0m [32m INFO[0m [2mbevy_diagnostic[0m[2m:[0m started_load_count:   69.000000   (avg 69.000000)
[2m2026-04-14T18:15:49.603075Z[0m [32m INFO[0m [2mbevy_diagnostic[0m[2m:[0m started_load_count:   69.000000   (avg 69.000000)
[2m2026-04-14T18:15:50.607673Z[0m [32m INFO[0m [2mbevy_diagnostic[0m[2m:[0m started_load_count:   69.000000   (avg 69.000000)
[2m2026-04-14T18:15:51.618896Z[0m [32m INFO[0m [2mbevy_diagnostic[0m[2m:[0m started_load_count:   69.000000   (avg 69.000000)
[2m2026-04-14T18:15:52.621733Z[0m [32m INFO[0m [2mbevy_diagnostic[0m[2m:[0m started_load_count:   69.000000   (avg 69.000000)
[2m2026-04-14T18:15:53.625512Z[0m [32m INFO[0m [2mbevy_diagnostic[0m[2m:[0m started_load_count:   69.000000   (avg 69.000000)
[2m2026-04-14T18:15:54.628137Z[0m [32m INFO[0m [2mbevy_diagnostic[0m[2m:[0m started_load_count:   69.000000   (avg 69.000000)
[2m2026-04-14T18:15:55.638841Z[0m [32m INFO[0m [2mbevy_diagnostic[0m[2m:[0m started_load_count:   69.000000   (avg 69.000000)
[2m2026-04-14T18:15:56.639047Z[0m [32m INFO[0m [2mbevy_diagnostic[0m[2m:[0m started_load_count:   69.000000   (avg 69.000000)
[2m2026-04-14T18:15:57.644472Z[0m [32m INFO[0m [2mbevy_diagnostic[0m[2m:[0m started_load_count:   69.000000   (avg 69.000000)
[2m2026-04-14T18:15:58.647865Z[0m [32m INFO[0m [2mbevy_diagnostic[0m[2m:[0m started_load_count:   69.000000   (avg 69.000000)
[2m2026-04-14T18:15:59.654612Z[0m [32m INFO[0m [2mbevy_diagnostic[0m[2m:[0m started_load_count:   69.000000   (avg 69.000000)
[2m2026-04-14T18:16:00.653267Z[0m [32m INFO[0m [2mbevy_diagnostic[0m[2m:[0m started_load_count:   69.000000   (avg 69.000000)
[2m2026-04-14T18:16:01.654953Z[0m [32m INFO[0m [2mbevy_diagnostic[0m[2m:[0m started_load_count:   69.000000   (avg 69.000000)
[2m2026-04-14T18:16:02.651317Z[0m [32m INFO[0m [2mbevy_diagnostic[0m[2m:[0m started_load_count:   69.000000   (avg 69.000000)
[2m2026-04-14T18:16:03.650753Z[0m [32m INFO[0m [2mbevy_diagnostic[0m[2m:[0m started_load_count:   69.000000   (avg 69.000000)
[2m2026-04-14T18:16:04.655305Z[0m [32m INFO[0m [2mbevy_diagnostic[0m[2m:[0m started_load_count:   69.000000   (avg 69.000000)
[2m2026-04-14T18:16:05.654333Z[0m [32m INFO[0m [2mbevy_diagnostic[0m[2m:[0m started_load_count:   69.000000   (avg 69.000000)
[2m2026-04-14T18:16:06.651000Z[0m [32m INFO[0m [2mbevy_diagnostic[0m[2m:[0m started_load_count:   69.000000   (avg 69.000000)
[2m2026-04-14T18:16:07.655818Z[0m [32m INFO[0m [2mbevy_diagnostic[0m[2m:[0m started_load_count:   69.000000   (avg 69.000000)
[2m2026-04-14T18:16:08.652524Z[0m [32m INFO[0m [2mbevy_diagnostic[0m[2m:[0m started_load_count:   69.000000   (avg 69.000000)
[2m2026-04-14T18:16:09.650943Z[0m [32m INFO[0m [2mbevy_diagnostic[0m[2m:[0m started_load_count:   69.000000   (avg 69.000000)
[2m2026-04-14T18:16:10.651585Z[0m [32m INFO[0m [2mbevy_diagnostic[0m[2m:[0m started_load_count:   69.000000   (avg 69.000000)
[2m2026-04-14T18:16:11.653997Z[0m [32m INFO[0m [2mbevy_diagnostic[0m[2m:[0m started_load_count:   69.000000   (avg 69.000000)
[2m2026-04-14T18:16:12.675607Z[0m [32m INFO[0m [2mbevy_diagnostic[0m[2m:[0m started_load_count:   69.000000   (avg 69.000000)
[2m2026-04-14T18:16:13.679372Z[0m [32m INFO[0m [2mbevy_diagnostic[0m[2m:[0m started_load_count:   69.000000   (avg 69.000000)
[2m2026-04-14T18:16:14.688689Z[0m [32m INFO[0m [2mbevy_diagnostic[0m[2m:[0m started_load_count:   69.000000   (avg 69.000000)
[2m2026-04-14T18:16:15.685029Z[0m [32m INFO[0m [2mbevy_diagnostic[0m[2m:[0m started_load_count:   69.000000   (avg 69.000000)
[2m2026-04-14T18:16:16.686158Z[0m [32m INFO[0m [2mbevy_diagnostic[0m[2m:[0m started_load_count:   69.000000   (avg 69.000000)
[2m2026-04-14T18:16:17.687927Z[0m [32m INFO[0m [2mbevy_diagnostic[0m[2m:[0m started_load_count:   69.000000   (avg 69.000000)
[2m2026-04-14T18:16:18.687354Z[0m [32m INFO[0m [2mbevy_diagnostic[0m[2m:[0m started_load_count:   69.000000   (avg 69.000000)
[2m2026-04-14T18:16:19.690469Z[0m [32m INFO[0m [2mbevy_diagnostic[0m[2m:[0m started_load_count:   69.000000   (avg 69.000000)
[2m2026-04-14T18:16:20.683593Z[0m [32m INFO[0m [2mbevy_diagnostic[0m[2m:[0m started_load_count:   69.000000   (avg 69.000000)
[2m2026-04-14T18:16:21.687181Z[0m [32m INFO[0m [2mbevy_diagnostic[0m[2m:[0m started_load_count:   69.000000   (avg 69.000000)
[2m2026-04-14T18:16:22.686617Z[0m [32m INFO[0m [2mbevy_diagnostic[0m[2m:[0m started_load_count:   69.000000   (avg 69.000000)
[2m2026-04-14T18:16:23.693834Z[0m [32m INFO[0m [2mbevy_diagnostic[0m[2m:[0m started_load_count:   69.000000   (avg 69.000000)
[2m2026-04-14T18:16:24.704321Z[0m [32m INFO[0m [2mbevy_diagnostic[0m[2m:[0m started_load_count:   69.000000   (avg 69.000000)
[2m2026-04-14T18:16:25.721352Z[0m [32m INFO[0m [2mbevy_diagnostic[0m[2m:[0m started_load_count:   69.000000   (avg 69.000000)
[2m2026-04-14T18:16:26.729000Z[0m [32m INFO[0m [2mbevy_diagnostic[0m[2m:[0m started_load_count:   69.000000   (avg 69.000000)
[2m2026-04-14T18:16:27.739219Z[0m [32m INFO[0m [2mbevy_diagnostic[0m[2m:[0m started_load_count:   69.000000   (avg 69.000000)
[2m2026-04-14T18:16:28.752731Z[0m [32m INFO[0m [2mbevy_diagnostic[0m[2m:[0m started_load_count:   69.000000   (avg 69.000000)
[2m2026-04-14T18:16:29.752651Z[0m [32m INFO[0m [2mbevy_diagnostic[0m[2m:[0m started_load_count:   69.000000   (avg 69.000000)
[2m2026-04-14T18:16:30.753240Z[0m [32m INFO[0m [2mbevy_diagnostic[0m[2m:[0m started_load_count:   69.000000   (avg 69.000000)
[2m2026-04-14T18:16:31.753534Z[0m [32m INFO[0m [2mbevy_diagnostic[0m[2m:[0m started_load_count:   69.000000   (avg 69.000000)
[2m2026-04-14T18:16:32.753865Z[0m [32m INFO[0m [2mbevy_diagnostic[0m[2m:[0m started_load_count:   69.000000   (avg 69.000000)
[2m2026-04-14T18:16:33.752953Z[0m [32m INFO[0m [2mbevy_diagnostic[0m[2m:[0m started_load_count:   69.000000   (avg 69.000000)
[2m2026-04-14T18:16:34.752364Z[0m [32m INFO[0m [2mbevy_diagnostic[0m[2m:[0m started_load_count:   69.000000   (avg 69.000000)
[2m2026-04-14T18:16:35.753348Z[0m [32m INFO[0m [2mbevy_diagnostic[0m[2m:[0m started_load_count:   69.000000   (avg 69.000000)
[2m2026-04-14T18:16:36.753539Z[0m [32m INFO[0m [2mbevy_diagnostic[0m[2m:[0m started_load_count:   69.000000   (avg 69.000000)
[2m2026-04-14T18:16:37.754335Z[0m [32m INFO[0m [2mbevy_diagnostic[0m[2m:[0m started_load_count:   69.000000   (avg 69.000000)
[2m2026-04-14T18:16:38.753343Z[0m [32m INFO[0m [2mbevy_diagnostic[0m[2m:[0m started_load_count:   69.000000   (avg 69.000000)
[2m2026-04-14T18:16:39.752205Z[0m [32m INFO[0m [2mbevy_diagnostic[0m[2m:[0m started_load_count:   69.000000   (avg 69.000000)
[2m2026-04-14T18:16:40.750418Z[0m [32m INFO[0m [2mbevy_diagnostic[0m[2m:[0m started_load_count:   69.000000   (avg 69.000000)
[2m2026-04-14T18:16:41.751137Z[0m [32m INFO[0m [2mbevy_diagnostic[0m[2m:[0m started_load_count:   69.000000   (avg 69.000000)
[2m2026-04-14T18:16:42.755389Z[0m [32m INFO[0m [2mbevy_diagnostic[0m[2m:[0m started_load_count:   69.000000   (avg 69.000000)
[2m2026-04-14T18:16:43.755941Z[0m [32m INFO[0m [2mbevy_diagnostic[0m[2m:[0m started_load_count:   69.000000   (avg 69.000000)
[2m2026-04-14T18:16:44.752941Z[0m [32m INFO[0m [2mbevy_diagnostic[0m[2m:[0m started_load_count:   69.000000   (avg 69.000000)
[2m2026-04-14T18:16:45.746574Z[0m [32m INFO[0m [2mbevy_diagnostic[0m[2m:[0m started_load_count:   69.000000   (avg 69.000000)
[2m2026-04-14T18:16:46.768149Z[0m [32m INFO[0m [2mbevy_diagnostic[0m[2m:[0m started_load_count:   69.000000   (avg 69.000000)
[2m2026-04-14T18:16:47.774976Z[0m [32m INFO[0m [2mbevy_diagnostic[0m[2m:[0m started_load_count:   69.000000   (avg 69.000000)
[2m2026-04-14T18:16:48.769002Z[0m [32m INFO[0m [2mbevy_diagnostic[0m[2m:[0m started_load_count:   69.000000   (avg 69.000000)
[2m2026-04-14T18:16:49.771406Z[0m [32m INFO[0m [2madv_civ::civilization::concepts::resolve_calamities::resolve_calamities_systems[0m[2m:[0m [CALAMITIES] Starting calamity resolution phase
[2m2026-04-14T18:16:49.771443Z[0m [32m INFO[0m [2madv_civ::civilization::concepts::resolve_calamities::resolve_calamities_systems[0m[2m:[0m [CALAMITIES] No calamities to resolve, skipping phase
[2m2026-04-14T18:16:49.776145Z[0m [32m INFO[0m [2madv_civ::civilization::concepts::resolve_calamities::resolve_calamities_systems[0m[2m:[0m [CALAMITIES] All calamities resolved, transitioning to CheckCitySupport
[2m2026-04-14T18:16:49.776670Z[0m [32m INFO[0m [2madv_civ::civilization::concepts::resolve_calamities::resolve_calamities_systems[0m[2m:[0m [MONOTHEISM] All conversions done, transitioning to CheckCitySupport
[2m2026-04-14T18:16:49.778202Z[0m [32m INFO[0m [2mbevy_diagnostic[0m[2m:[0m started_load_count:   69.000000   (avg 69.000000)
[2m2026-04-14T18:16:50.769074Z[0m [32m INFO[0m [2madv_civ::civilization::concepts::check_city_support::check_city_support_systems[0m[2m:[0m [CITY_SUPPORT] Starting city support check phase
[2m2026-04-14T18:16:50.769124Z[0m [32m INFO[0m [2madv_civ::civilization::concepts::check_city_support::check_city_support_systems[0m[2m:[0m [CITY_SUPPORT] 3 players need city support check
[2m2026-04-14T18:16:50.772981Z[0m [32m INFO[0m [2mbevy_diagnostic[0m[2m:[0m started_load_count:   69.000000   (avg 69.000000)
[2m2026-04-14T18:16:51.772029Z[0m [32m INFO[0m [2madv_civ::civilization::concepts::check_city_support::check_city_support_systems[0m[2m:[0m [CITY_SUPPORT] All checks complete, transitioning to AcquireCivilizationCards
[2m2026-04-14T18:16:51.773720Z[0m [32m INFO[0m [2mbevy_diagnostic[0m[2m:[0m started_load_count:   69.000000   (avg 69.000000)
[2m2026-04-14T18:16:52.769512Z[0m [32m INFO[0m [2mbevy_diagnostic[0m[2m:[0m started_load_count:   69.000000   (avg 69.000000)
[2m2026-04-14T18:16:53.780204Z[0m [32m INFO[0m [2mbevy_diagnostic[0m[2m:[0m started_load_count:   69.000000   (avg 69.000000)
[2m2026-04-14T18:16:54.768230Z[0m [32m INFO[0m [2mbevy_diagnostic[0m[2m:[0m started_load_count:   69.000000   (avg 69.000000)
[2m2026-04-14T18:16:55.766226Z[0m [32m INFO[0m [2madv_civ::civilization::concepts::succession::succession_systems[0m[2m:[0m [AST] Player advanced to space 2
[2m2026-04-14T18:16:55.766240Z[0m [32m INFO[0m [2madv_civ::civilization::concepts::succession::succession_systems[0m[2m:[0m [AST] Player advanced to space 2
[2m2026-04-14T18:16:55.766244Z[0m [32m INFO[0m [2madv_civ::civilization::concepts::succession::succession_systems[0m[2m:[0m [AST] Player advanced to space 2
[2m2026-04-14T18:16:55.770684Z[0m [32m INFO[0m [2mbevy_diagnostic[0m[2m:[0m started_load_count:   69.000000   (avg 69.000000)
[2m2026-04-14T18:16:56.769072Z[0m [32m INFO[0m [2madv_civ::civilization::concepts::taxation::taxation_systems[0m[2m:[0m [TAXATION] Entering taxation phase — assigning tax obligations
[2m2026-04-14T18:16:56.769935Z[0m [32m INFO[0m [2madv_civ::civilization::concepts::taxation::taxation_systems[0m[2m:[0m [TAXATION] Hatshepsut of Thrace pays 2 tokens in full
[2m2026-04-14T18:16:56.769947Z[0m [32m INFO[0m [2madv_civ::civilization::concepts::taxation::taxation_systems[0m[2m:[0m [TAXATION] Leonidas of Iberia pays 2 tokens in full
[2m2026-04-14T18:16:56.769952Z[0m [32m INFO[0m [2madv_civ::civilization::concepts::taxation::taxation_systems[0m[2m:[0m [TAXATION] Hammurabi of Asia pays 2 tokens in full
[2m2026-04-14T18:16:56.771210Z[0m [32m INFO[0m [2madv_civ::civilization::concepts::taxation::taxation_systems[0m[2m:[0m [TAXATION] No revolts to resolve — transitioning to PopulationExpansion
[2m2026-04-14T18:16:56.771454Z[0m [32m INFO[0m [2mbevy_diagnostic[0m[2m:[0m started_load_count:   69.000000   (avg 69.000000)
[2m2026-04-14T18:16:57.766743Z[0m [32m INFO[0m [2madv_civ::civilization::concepts::population_expansion::population_expansion_systems[0m[2m:[0m [POP_EXP] Entering population expansion phase, round 13
[2m2026-04-14T18:16:57.766817Z[0m [32m INFO[0m [2madv_civ::civilization::concepts::population_expansion::population_expansion_systems[0m[2m:[0m [POP_EXP] 86 areas have population and need expansion
[2m2026-04-14T18:16:57.766831Z[0m [32m INFO[0m [2madv_civ::civilization::concepts::population_expansion::population_expansion_systems[0m[2m:[0m [POP_EXP] 0 human, 8 AI need expansion, 0 skipped (already done)
[2m2026-04-14T18:16:57.772571Z[0m [32m INFO[0m [2mbevy_diagnostic[0m[2m:[0m started_load_count:   69.000000   (avg 69.000000)
[2m2026-04-14T18:16:58.794077Z[0m [32m INFO[0m [2mbevy_diagnostic[0m[2m:[0m started_load_count:   69.000000   (avg 69.000000)
[2m2026-04-14T18:16:59.805767Z[0m [32m INFO[0m [2mbevy_diagnostic[0m[2m:[0m started_load_count:   69.000000   (avg 69.000000)
[2m2026-04-14T18:17:00.801044Z[0m [32m INFO[0m [2madv_civ::civilization::concepts::population_expansion::population_expansion_systems[0m[2m:[0m [POP_EXP] Player 584v0 still needs expansion: human=false, manual=false, auto=false
[2m2026-04-14T18:17:00.801080Z[0m [32m INFO[0m [2madv_civ::civilization::concepts::population_expansion::population_expansion_systems[0m[2m:[0m [POP_EXP] Player 645v0 still needs expansion: human=false, manual=false, auto=false
[2m2026-04-14T18:17:00.801088Z[0m [32m INFO[0m [2madv_civ::civilization::concepts::population_expansion::population_expansion_systems[0m[2m:[0m [POP_EXP] Player 279v0 still needs expansion: human=false, manual=false, auto=false
[2m2026-04-14T18:17:00.801092Z[0m [32m INFO[0m [2madv_civ::civilization::concepts::population_expansion::population_expansion_systems[0m[2m:[0m [POP_EXP] Player 401v0 still needs expansion: human=false, manual=false, auto=false
[2m2026-04-14T18:17:00.801095Z[0m [32m INFO[0m [2madv_civ::civilization::concepts::population_expansion::population_expansion_systems[0m[2m:[0m [POP_EXP] Player 340v0 still needs expansion: human=false, manual=false, auto=false
[2m2026-04-14T18:17:00.801099Z[0m [32m INFO[0m [2madv_civ::civilization::concepts::population_expansion::population_expansion_systems[0m[2m:[0m [POP_EXP] Player 523v0 still needs expansion: human=false, manual=false, auto=false
[2m2026-04-14T18:17:00.801103Z[0m [32m INFO[0m [2madv_civ::civilization::concepts::population_expansion::population_expansion_systems[0m[2m:[0m [POP_EXP] Player 462v0 still needs expansion: human=false, manual=false, auto=false
[2m2026-04-14T18:17:00.802706Z[0m [32m INFO[0m [2mbevy_diagnostic[0m[2m:[0m started_load_count:   69.000000   (avg 69.000000)
[2m2026-04-14T18:17:01.803460Z[0m [32m INFO[0m [2madv_civ::civilization::concepts::population_expansion::population_expansion_systems[0m[2m:[0m [POP_EXP] Player 584v0 still needs expansion: human=false, manual=true, auto=false
[2m2026-04-14T18:17:01.803486Z[0m [32m INFO[0m [2madv_civ::civilization::concepts::population_expansion::population_expansion_systems[0m[2m:[0m [POP_EXP] Player 645v0 still needs expansion: human=false, manual=true, auto=false
[2m2026-04-14T18:17:01.803492Z[0m [32m INFO[0m [2madv_civ::civilization::concepts::population_expansion::population_expansion_systems[0m[2m:[0m [POP_EXP] Player 279v0 still needs expansion: human=false, manual=true, auto=false
[2m2026-04-14T18:17:01.803496Z[0m [32m INFO[0m [2madv_civ::civilization::concepts::population_expansion::population_expansion_systems[0m[2m:[0m [POP_EXP] Player 401v0 still needs expansion: human=false, manual=true, auto=false
[2m2026-04-14T18:17:01.803501Z[0m [32m INFO[0m [2madv_civ::civilization::concepts::population_expansion::population_expansion_systems[0m[2m:[0m [POP_EXP] Player 523v0 still needs expansion: human=false, manual=true, auto=false
[2m2026-04-14T18:17:01.803506Z[0m [32m INFO[0m [2madv_civ::civilization::concepts::population_expansion::population_expansion_systems[0m[2m:[0m [POP_EXP] Player 584v0 still needs expansion: human=false, manual=true, auto=false
[2m2026-04-14T18:17:01.803510Z[0m [32m INFO[0m [2madv_civ::civilization::concepts::population_expansion::population_expansion_systems[0m[2m:[0m [POP_EXP] Player 645v0 still needs expansion: human=false, manual=true, auto=false
[2m2026-04-14T18:17:01.803514Z[0m [32m INFO[0m [2madv_civ::civilization::concepts::population_expansion::population_expansion_systems[0m[2m:[0m [POP_EXP] Player 279v0 still needs expansion: human=false, manual=true, auto=false
[2m2026-04-14T18:17:01.803518Z[0m [32m INFO[0m [2madv_civ::civilization::concepts::population_expansion::population_expansion_systems[0m[2m:[0m [POP_EXP] Player 401v0 still needs expansion: human=false, manual=true, auto=false
[2m2026-04-14T18:17:01.803522Z[0m [32m INFO[0m [2madv_civ::civilization::concepts::population_expansion::population_expansion_systems[0m[2m:[0m [POP_EXP] Player 523v0 still needs expansion: human=false, manual=true, auto=false
[2m2026-04-14T18:17:01.805075Z[0m [32m INFO[0m [2mbevy_diagnostic[0m[2m:[0m started_load_count:   69.000000   (avg 69.000000)
[2m2026-04-14T18:17:02.802267Z[0m [32m INFO[0m [2mbevy_diagnostic[0m[2m:[0m started_load_count:   69.000000   (avg 69.000000)
[2m2026-04-14T18:17:03.802751Z[0m [32m INFO[0m [2mbevy_diagnostic[0m[2m:[0m started_load_count:   69.000000   (avg 69.000000)
[2m2026-04-14T18:17:04.801061Z[0m [32m INFO[0m [2mbevy_diagnostic[0m[2m:[0m started_load_count:   69.000000   (avg 69.000000)
[2m2026-04-14T18:17:05.826334Z[0m [32m INFO[0m [2mbevy_diagnostic[0m[2m:[0m started_load_count:   69.000000   (avg 69.000000)
[2m2026-04-14T18:17:06.822502Z[0m [32m INFO[0m [2mbevy_diagnostic[0m[2m:[0m started_load_count:   69.000000   (avg 69.000000)
[2m2026-04-14T18:17:07.837791Z[0m [32m INFO[0m [2mbevy_diagnostic[0m[2m:[0m started_load_count:   69.000000   (avg 69.000000)
[2m2026-04-14T18:17:08.855782Z[0m [32m INFO[0m [2mbevy_diagnostic[0m[2m:[0m started_load_count:   69.000000   (avg 69.000000)
[2m2026-04-14T18:17:09.837924Z[0m [32m INFO[0m [2mbevy_diagnostic[0m[2m:[0m started_load_count:   69.000000   (avg 69.000000)
[2m2026-04-14T18:17:10.837270Z[0m [32m INFO[0m [2madv_civ::civilization::concepts::population_expansion::population_expansion_systems[0m[2m:[0m [POP_EXP] Player 401v0 still needs expansion: human=false, manual=true, auto=false
[2m2026-04-14T18:17:10.837290Z[0m [32m INFO[0m [2madv_civ::civilization::concepts::population_expansion::population_expansion_systems[0m[2m:[0m [POP_EXP] Player 523v0 still needs expansion: human=false, manual=true, auto=false
[2m2026-04-14T18:17:10.837295Z[0m [32m INFO[0m [2madv_civ::civilization::concepts::population_expansion::population_expansion_systems[0m[2m:[0m [POP_EXP] Player 401v0 still needs expansion: human=false, manual=true, auto=false
[2m2026-04-14T18:17:10.837300Z[0m [32m INFO[0m [2madv_civ::civilization::concepts::population_expansion::population_expansion_systems[0m[2m:[0m [POP_EXP] Player 523v0 still needs expansion: human=false, manual=true, auto=false
[2m2026-04-14T18:17:10.837304Z[0m [32m INFO[0m [2madv_civ::civilization::concepts::population_expansion::population_expansion_systems[0m[2m:[0m [POP_EXP] Player 401v0 still needs expansion: human=false, manual=true, auto=false
[2m2026-04-14T18:17:10.837308Z[0m [32m INFO[0m [2madv_civ::civilization::concepts::population_expansion::population_expansion_systems[0m[2m:[0m [POP_EXP] Player 523v0 still needs expansion: human=false, manual=true, auto=false
[2m2026-04-14T18:17:10.838757Z[0m [32m INFO[0m [2mbevy_diagnostic[0m[2m:[0m started_load_count:   69.000000   (avg 69.000000)
[2m2026-04-14T18:17:11.837496Z[0m [32m INFO[0m [2mbevy_diagnostic[0m[2m:[0m started_load_count:   69.000000   (avg 69.000000)
[2m2026-04-14T18:17:12.835078Z[0m [32m INFO[0m [2mbevy_diagnostic[0m[2m:[0m started_load_count:   69.000000   (avg 69.000000)
[2m2026-04-14T18:17:13.835929Z[0m [32m INFO[0m [2mbevy_diagnostic[0m[2m:[0m started_load_count:   69.000000   (avg 69.000000)
[2m2026-04-14T18:17:14.836638Z[0m [32m INFO[0m [2mbevy_diagnostic[0m[2m:[0m started_load_count:   69.000000   (avg 69.000000)
[2m2026-04-14T18:17:15.837418Z[0m [32m INFO[0m [2mbevy_diagnostic[0m[2m:[0m started_load_count:   69.000000   (avg 69.000000)
[2m2026-04-14T18:17:16.833361Z[0m [32m INFO[0m [2madv_civ::civilization::concepts::population_expansion::population_expansion_systems[0m[2m:[0m [POP_EXP] Player 401v0 still needs expansion: human=false, manual=true, auto=false
[2m2026-04-14T18:17:16.834818Z[0m [32m INFO[0m [2mbevy_diagnostic[0m[2m:[0m started_load_count:   69.000000   (avg 69.000000)
[2m2026-04-14T18:17:17.840777Z[0m [32m INFO[0m [2mbevy_diagnostic[0m[2m:[0m started_load_count:   69.000000   (avg 69.000000)
[2m2026-04-14T18:17:18.843933Z[0m [32m INFO[0m [2mbevy_diagnostic[0m[2m:[0m started_load_count:   69.000000   (avg 69.000000)
[2m2026-04-14T18:17:19.851843Z[0m [32m INFO[0m [2mbevy_diagnostic[0m[2m:[0m started_load_count:   69.000000   (avg 69.000000)
[2m2026-04-14T18:17:20.852380Z[0m [32m INFO[0m [2mbevy_diagnostic[0m[2m:[0m started_load_count:   69.000000   (avg 69.000000)
[2m2026-04-14T18:17:21.853620Z[0m [32m INFO[0m [2mbevy_diagnostic[0m[2m:[0m started_load_count:   69.000000   (avg 69.000000)
[2m2026-04-14T18:17:22.856533Z[0m [32m INFO[0m [2madv_civ::civilization::concepts::population_expansion::population_expansion_systems[0m[2m:[0m [POP_EXP] All players done with expansion, transitioning to Census
[2m2026-04-14T18:17:22.857456Z[0m [32m INFO[0m [2mbevy_diagnostic[0m[2m:[0m started_load_count:   69.000000   (avg 69.000000)
[2m2026-04-14T18:17:23.869608Z[0m [32m INFO[0m [2mbevy_diagnostic[0m[2m:[0m started_load_count:   69.000000   (avg 69.000000)
[2m2026-04-14T18:17:24.881502Z[0m [32m INFO[0m [2madv_civ::civilization::concepts::ships::ship_systems[0m[2m:[0m [SHIPS] Alexander of Assyria cannot maintain ship at 132v1 — returned to stock
[2m2026-04-14T18:17:24.884877Z[0m [32m INFO[0m [2mbevy_diagnostic[0m[2m:[0m started_load_count:   69.000000   (avg 69.000000)
[2m2026-04-14T18:17:25.897269Z[0m [32m INFO[0m [2mbevy_diagnostic[0m[2m:[0m started_load_count:   69.000000   (avg 69.000000)
[2m2026-04-14T18:17:26.915088Z[0m [32m INFO[0m [2mbevy_diagnostic[0m[2m:[0m started_load_count:   69.000000   (avg 69.000000)
[2m2026-04-14T18:17:27.931458Z[0m [32m INFO[0m [2mbevy_diagnostic[0m[2m:[0m started_load_count:   69.000000   (avg 69.000000)
[2m2026-04-14T18:17:28.952760Z[0m [32m INFO[0m [2mbevy_diagnostic[0m[2m:[0m started_load_count:   69.000000   (avg 69.000000)
[2m2026-04-14T18:17:29.952876Z[0m [32m INFO[0m [2mbevy_diagnostic[0m[2m:[0m started_load_count:   69.000000   (avg 69.000000)
[2m2026-04-14T18:17:30.954403Z[0m [32m INFO[0m [2mbevy_diagnostic[0m[2m:[0m started_load_count:   69.000000   (avg 69.000000)
[2m2026-04-14T18:17:31.954853Z[0m [32m INFO[0m [2mbevy_diagnostic[0m[2m:[0m started_load_count:   69.000000   (avg 69.000000)
[2m2026-04-14T18:17:32.952326Z[0m [32m INFO[0m [2mbevy_diagnostic[0m[2m:[0m started_load_count:   69.000000   (avg 69.000000)
[2m2026-04-14T18:17:33.955909Z[0m [32m INFO[0m [2mbevy_diagnostic[0m[2m:[0m started_load_count:   69.000000   (avg 69.000000)
[2m2026-04-14T18:17:34.955480Z[0m [32m INFO[0m [2mbevy_diagnostic[0m[2m:[0m started_load_count:   69.000000   (avg 69.000000)
[2m2026-04-14T18:17:35.956805Z[0m [32m INFO[0m [2mbevy_diagnostic[0m[2m:[0m started_load_count:   69.000000   (avg 69.000000)
[2m2026-04-14T18:17:36.952502Z[0m [32m INFO[0m [2mbevy_diagnostic[0m[2m:[0m started_load_count:   69.000000   (avg 69.000000)
[2m2026-04-14T18:17:37.967023Z[0m [32m INFO[0m [2mbevy_diagnostic[0m[2m:[0m started_load_count:   69.000000   (avg 69.000000)
[2m2026-04-14T18:17:39.015650Z[0m [32m INFO[0m [2mbevy_diagnostic[0m[2m:[0m started_load_count:   69.000000   (avg 69.000000)
[2m2026-04-14T18:17:40.008057Z[0m [32m INFO[0m [2mbevy_diagnostic[0m[2m:[0m started_load_count:   69.000000   (avg 69.000000)
[2m2026-04-14T18:17:41.005277Z[0m [32m INFO[0m [2mbevy_diagnostic[0m[2m:[0m started_load_count:   69.000000   (avg 69.000000)
[2m2026-04-14T18:17:42.004777Z[0m [32m INFO[0m [2mbevy_diagnostic[0m[2m:[0m started_load_count:   69.000000   (avg 69.000000)
[2m2026-04-14T18:17:43.002868Z[0m [32m INFO[0m [2mbevy_diagnostic[0m[2m:[0m started_load_count:   69.000000   (avg 69.000000)
[2m2026-04-14T18:17:44.018272Z[0m [32m INFO[0m [2mbevy_diagnostic[0m[2m:[0m started_load_count:   69.000000   (avg 69.000000)
[2m2026-04-14T18:17:45.029120Z[0m [32m INFO[0m [2mbevy_diagnostic[0m[2m:[0m started_load_count:   69.000000   (avg 69.000000)
[2m2026-04-14T18:17:46.024963Z[0m [32m INFO[0m [2mbevy_diagnostic[0m[2m:[0m started_load_count:   69.000000   (avg 69.000000)
[2m2026-04-14T18:17:47.024902Z[0m [32m INFO[0m [2mbevy_diagnostic[0m[2m:[0m started_load_count:   69.000000   (avg 69.000000)
[2m2026-04-14T18:17:48.031680Z[0m [32m INFO[0m [2mbevy_diagnostic[0m[2m:[0m started_load_count:   69.000000   (avg 69.000000)
[2m2026-04-14T18:17:49.066805Z[0m [32m INFO[0m [2mbevy_diagnostic[0m[2m:[0m started_load_count:   69.000000   (avg 69.000000)
[2m2026-04-14T18:17:50.037406Z[0m [32m INFO[0m [2mbevy_diagnostic[0m[2m:[0m started_load_count:   69.000000   (avg 69.000000)
[2m2026-04-14T18:17:51.046492Z[0m [32m INFO[0m [2mbevy_diagnostic[0m[2m:[0m started_load_count:   69.000000   (avg 69.000000)
[2m2026-04-14T18:17:52.058311Z[0m [32m INFO[0m [2mbevy_diagnostic[0m[2m:[0m started_load_count:   69.000000   (avg 69.000000)
[2m2026-04-14T18:17:53.053459Z[0m [32m INFO[0m [2mbevy_diagnostic[0m[2m:[0m started_load_count:   69.000000   (avg 69.000000)
[2m2026-04-14T18:17:54.052681Z[0m [32m INFO[0m [2mbevy_diagnostic[0m[2m:[0m started_load_count:   69.000000   (avg 69.000000)
[2m2026-04-14T18:17:55.057007Z[0m [32m INFO[0m [2mbevy_diagnostic[0m[2m:[0m started_load_count:   69.000000   (avg 69.000000)
[2m2026-04-14T18:17:56.079140Z[0m [32m INFO[0m [2mbevy_diagnostic[0m[2m:[0m started_load_count:   69.000000   (avg 69.000000)
[2m2026-04-14T18:17:57.070520Z[0m [32m INFO[0m [2mbevy_diagnostic[0m[2m:[0m started_load_count:   69.000000   (avg 69.000000)
[2m2026-04-14T18:17:58.071210Z[0m [32m INFO[0m [2mbevy_diagnostic[0m[2m:[0m started_load_count:   69.000000   (avg 69.000000)
[2m2026-04-14T18:17:59.075533Z[0m [32m INFO[0m [2mbevy_diagnostic[0m[2m:[0m started_load_count:   69.000000   (avg 69.000000)
[2m2026-04-14T18:18:00.069311Z[0m [32m INFO[0m [2mbevy_diagnostic[0m[2m:[0m started_load_count:   69.000000   (avg 69.000000)
[2m2026-04-14T18:18:01.070986Z[0m [32m INFO[0m [2mbevy_diagnostic[0m[2m:[0m started_load_count:   69.000000   (avg 69.000000)
[2m2026-04-14T18:18:02.078928Z[0m [32m INFO[0m [2mbevy_diagnostic[0m[2m:[0m started_load_count:   69.000000   (avg 69.000000)
[2m2026-04-14T18:18:03.089821Z[0m [32m INFO[0m [2mbevy_diagnostic[0m[2m:[0m started_load_count:   69.000000   (avg 69.000000)
[2m2026-04-14T18:18:04.092248Z[0m [32m INFO[0m [2mbevy_diagnostic[0m[2m:[0m started_load_count:   69.000000   (avg 69.000000)
[2m2026-04-14T18:18:05.086504Z[0m [32m INFO[0m [2mbevy_diagnostic[0m[2m:[0m started_load_count:   69.000000   (avg 69.000000)
[2m2026-04-14T18:18:06.090176Z[0m [32m INFO[0m [2mbevy_diagnostic[0m[2m:[0m started_load_count:   69.000000   (avg 69.000000)
[2m2026-04-14T18:18:07.111921Z[0m [32m INFO[0m [2mbevy_diagnostic[0m[2m:[0m started_load_count:   69.000000   (avg 69.000000)
[2m2026-04-14T18:18:08.137665Z[0m [32m INFO[0m [2mbevy_diagnostic[0m[2m:[0m started_load_count:   69.000000   (avg 69.000000)
[2m2026-04-14T18:18:09.136520Z[0m [32m INFO[0m [2mbevy_diagnostic[0m[2m:[0m started_load_count:   69.000000   (avg 69.000000)
[2m2026-04-14T18:18:10.136493Z[0m [32m INFO[0m [2mbevy_diagnostic[0m[2m:[0m started_load_count:   69.000000   (avg 69.000000)
[2m2026-04-14T18:18:11.141350Z[0m [32m INFO[0m [2mbevy_diagnostic[0m[2m:[0m started_load_count:   69.000000   (avg 69.000000)
[2m2026-04-14T18:18:12.155153Z[0m [32m INFO[0m [2mbevy_diagnostic[0m[2m:[0m started_load_count:   69.000000   (avg 69.000000)
[2m2026-04-14T18:18:13.164096Z[0m [32m INFO[0m [2mbevy_diagnostic[0m[2m:[0m started_load_count:   69.000000   (avg 69.000000)
[2m2026-04-14T18:18:14.173034Z[0m [32m INFO[0m [2mbevy_diagnostic[0m[2m:[0m started_load_count:   69.000000   (avg 69.000000)
[2m2026-04-14T18:18:15.172757Z[0m [32m INFO[0m [2mbevy_diagnostic[0m[2m:[0m started_load_count:   69.000000   (avg 69.000000)
[2m2026-04-14T18:18:16.171362Z[0m [32m INFO[0m [2mbevy_diagnostic[0m[2m:[0m started_load_count:   69.000000   (avg 69.000000)
[2m2026-04-14T18:18:17.171051Z[0m [32m INFO[0m [2mbevy_diagnostic[0m[2m:[0m started_load_count:   69.000000   (avg 69.000000)
[2m2026-04-14T18:18:18.170422Z[0m [32m INFO[0m [2mbevy_diagnostic[0m[2m:[0m started_load_count:   69.000000   (avg 69.000000)
[2m2026-04-14T18:18:19.173085Z[0m [32m INFO[0m [2mbevy_diagnostic[0m[2m:[0m started_load_count:   69.000000   (avg 69.000000)
[2m2026-04-14T18:18:20.168169Z[0m [32m INFO[0m [2madv_civ::civilization::concepts::movement::movement_systems[0m[2m:[0m Player Cleopatra of Africa has ended movement
[2m2026-04-14T18:18:20.169254Z[0m [32m INFO[0m [2mbevy_diagnostic[0m[2m:[0m started_load_count:   69.000000   (avg 69.000000)
[2m2026-04-14T18:18:21.170141Z[0m [32m INFO[0m [2mbevy_diagnostic[0m[2m:[0m started_load_count:   69.000000   (avg 69.000000)
[2m2026-04-14T18:18:22.172033Z[0m [32m INFO[0m [2mbevy_diagnostic[0m[2m:[0m started_load_count:   69.000000   (avg 69.000000)
[2m2026-04-14T18:18:23.169053Z[0m [32m INFO[0m [2mbevy_diagnostic[0m[2m:[0m started_load_count:   69.000000   (avg 69.000000)
[2m2026-04-14T18:18:24.168677Z[0m [32m INFO[0m [2mbevy_diagnostic[0m[2m:[0m started_load_count:   69.000000   (avg 69.000000)
[2m2026-04-14T18:18:25.174737Z[0m [32m INFO[0m [2mbevy_diagnostic[0m[2m:[0m started_load_count:   69.000000   (avg 69.000000)
[2m2026-04-14T18:18:26.187256Z[0m [32m INFO[0m [2mbevy_diagnostic[0m[2m:[0m started_load_count:   69.000000   (avg 69.000000)
[2m2026-04-14T18:18:27.204442Z[0m [32m INFO[0m [2mbevy_diagnostic[0m[2m:[0m started_load_count:   69.000000   (avg 69.000000)
[2m2026-04-14T18:18:28.215100Z[0m [32m INFO[0m [2mbevy_diagnostic[0m[2m:[0m started_load_count:   69.000000   (avg 69.000000)
[2m2026-04-14T18:18:29.245922Z[0m [32m INFO[0m [2mbevy_diagnostic[0m[2m:[0m started_load_count:   69.000000   (avg 69.000000)
[2m2026-04-14T18:18:30.239611Z[0m [32m INFO[0m [2mbevy_diagnostic[0m[2m:[0m started_load_count:   69.000000   (avg 69.000000)
[2m2026-04-14T18:18:31.240800Z[0m [32m INFO[0m [2mbevy_diagnostic[0m[2m:[0m started_load_count:   69.000000   (avg 69.000000)
[2m2026-04-14T18:18:32.238906Z[0m [32m INFO[0m [2mbevy_diagnostic[0m[2m:[0m started_load_count:   69.000000   (avg 69.000000)
[2m2026-04-14T18:18:33.251730Z[0m [32m INFO[0m [2mbevy_diagnostic[0m[2m:[0m started_load_count:   69.000000   (avg 69.000000)
[2m2026-04-14T18:18:34.257199Z[0m [32m INFO[0m [2mbevy_diagnostic[0m[2m:[0m started_load_count:   69.000000   (avg 69.000000)
[2m2026-04-14T18:18:35.260200Z[0m [32m INFO[0m [2mbevy_diagnostic[0m[2m:[0m started_load_count:   69.000000   (avg 69.000000)
[2m2026-04-14T18:18:36.255462Z[0m [32m INFO[0m [2mbevy_diagnostic[0m[2m:[0m started_load_count:   69.000000   (avg 69.000000)
[2m2026-04-14T18:18:37.256187Z[0m [32m INFO[0m [2mbevy_diagnostic[0m[2m:[0m started_load_count:   69.000000   (avg 69.000000)
[2m2026-04-14T18:18:38.253601Z[0m [32m INFO[0m [2mbevy_diagnostic[0m[2m:[0m started_load_count:   69.000000   (avg 69.000000)
[2m2026-04-14T18:18:39.258348Z[0m [32m INFO[0m [2mbevy_diagnostic[0m[2m:[0m started_load_count:   69.000000   (avg 69.000000)
[2m2026-04-14T18:18:40.263488Z[0m [32m INFO[0m [2mbevy_diagnostic[0m[2m:[0m started_load_count:   69.000000   (avg 69.000000)
[2m2026-04-14T18:18:41.270246Z[0m [32m INFO[0m [2mbevy_diagnostic[0m[2m:[0m started_load_count:   69.000000   (avg 69.000000)
[2m2026-04-14T18:18:42.272312Z[0m [32m INFO[0m [2mbevy_diagnostic[0m[2m:[0m started_load_count:   69.000000   (avg 69.000000)
[2m2026-04-14T18:18:43.278362Z[0m [32m INFO[0m [2mbevy_diagnostic[0m[2m:[0m started_load_count:   69.000000   (avg 69.000000)
[2m2026-04-14T18:18:44.287004Z[0m [32m INFO[0m [2mbevy_diagnostic[0m[2m:[0m started_load_count:   69.000000   (avg 69.000000)
[2m2026-04-14T18:18:45.272861Z[0m [32m INFO[0m [2mbevy_diagnostic[0m[2m:[0m started_load_count:   69.000000   (avg 69.000000)
[2m2026-04-14T18:18:46.291547Z[0m [32m INFO[0m [2mbevy_diagnostic[0m[2m:[0m started_load_count:   69.000000   (avg 69.000000)
[2m2026-04-14T18:18:47.289711Z[0m [32m INFO[0m [2mbevy_diagnostic[0m[2m:[0m started_load_count:   69.000000   (avg 69.000000)
[2m2026-04-14T18:18:48.287313Z[0m [32m INFO[0m [2mbevy_diagnostic[0m[2m:[0m started_load_count:   69.000000   (avg 69.000000)
[2m2026-04-14T18:18:49.288449Z[0m [32m INFO[0m [2mbevy_diagnostic[0m[2m:[0m started_load_count:   69.000000   (avg 69.000000)
[2m2026-04-14T18:18:50.286362Z[0m [32m INFO[0m [2mbevy_diagnostic[0m[2m:[0m started_load_count:   69.000000   (avg 69.000000)
[2m2026-04-14T18:18:51.287422Z[0m [32m INFO[0m [2mbevy_diagnostic[0m[2m:[0m started_load_count:   69.000000   (avg 69.000000)
[2m2026-04-14T18:18:52.293925Z[0m [32m INFO[0m [2mbevy_diagnostic[0m[2m:[0m started_load_count:   69.000000   (avg 69.000000)
[2m2026-04-14T18:18:53.291156Z[0m [32m INFO[0m [2mbevy_diagnostic[0m[2m:[0m started_load_count:   69.000000   (avg 69.000000)
[2m2026-04-14T18:18:54.287343Z[0m [32m INFO[0m [2mbevy_diagnostic[0m[2m:[0m started_load_count:   69.000000   (avg 69.000000)
[2m2026-04-14T18:18:55.287910Z[0m [32m INFO[0m [2mbevy_diagnostic[0m[2m:[0m started_load_count:   69.000000   (avg 69.000000)
[2m2026-04-14T18:18:56.288614Z[0m [32m INFO[0m [2mbevy_diagnostic[0m[2m:[0m started_load_count:   69.000000   (avg 69.000000)
[2m2026-04-14T18:18:57.287045Z[0m [32m INFO[0m [2mbevy_diagnostic[0m[2m:[0m started_load_count:   69.000000   (avg 69.000000)
[2m2026-04-14T18:18:58.287061Z[0m [32m INFO[0m [2mbevy_diagnostic[0m[2m:[0m started_load_count:   69.000000   (avg 69.000000)
[2m2026-04-14T18:18:59.289485Z[0m [32m INFO[0m [2mbevy_diagnostic[0m[2m:[0m started_load_count:   69.000000   (avg 69.000000)
[2m2026-04-14T18:19:00.299959Z[0m [32m INFO[0m [2mbevy_diagnostic[0m[2m:[0m started_load_count:   69.000000   (avg 69.000000)
[2m2026-04-14T18:19:01.299792Z[0m [32m INFO[0m [2mbevy_diagnostic[0m[2m:[0m started_load_count:   69.000000   (avg 69.000000)
[2m2026-04-14T18:19:02.286080Z[0m [32m INFO[0m [2mbevy_diagnostic[0m[2m:[0m started_load_count:   69.000000   (avg 69.000000)
[2m2026-04-14T18:19:03.286550Z[0m [32m INFO[0m [2mbevy_diagnostic[0m[2m:[0m started_load_count:   69.000000   (avg 69.000000)
[2m2026-04-14T18:19:04.290989Z[0m [32m INFO[0m [2mbevy_diagnostic[0m[2m:[0m started_load_count:   69.000000   (avg 69.000000)
[2m2026-04-14T18:19:05.290048Z[0m [32m INFO[0m [2mbevy_diagnostic[0m[2m:[0m started_load_count:   69.000000   (avg 69.000000)
[2m2026-04-14T18:19:06.300065Z[0m [32m INFO[0m [2mbevy_diagnostic[0m[2m:[0m started_load_count:   69.000000   (avg 69.000000)
[2m2026-04-14T18:19:07.291437Z[0m [32m INFO[0m [2mbevy_diagnostic[0m[2m:[0m started_load_count:   69.000000   (avg 69.000000)
[2m2026-04-14T18:19:08.289602Z[0m [32m INFO[0m [2mbevy_diagnostic[0m[2m:[0m started_load_count:   69.000000   (avg 69.000000)
[2m2026-04-14T18:19:09.289481Z[0m [32m INFO[0m [2mbevy_diagnostic[0m[2m:[0m started_load_count:   69.000000   (avg 69.000000)
[2m2026-04-14T18:19:10.288664Z[0m [32m INFO[0m [2mbevy_diagnostic[0m[2m:[0m started_load_count:   69.000000   (avg 69.000000)
[2m2026-04-14T18:19:11.289923Z[0m [32m INFO[0m [2mbevy_diagnostic[0m[2m:[0m started_load_count:   69.000000   (avg 69.000000)
[2m2026-04-14T18:19:12.286467Z[0m [32m INFO[0m [2mbevy_diagnostic[0m[2m:[0m started_load_count:   69.000000   (avg 69.000000)
[2m2026-04-14T18:19:13.293563Z[0m [32m INFO[0m [2mbevy_diagnostic[0m[2m:[0m started_load_count:   69.000000   (avg 69.000000)
[2m2026-04-14T18:19:14.289297Z[0m [32m INFO[0m [2mbevy_diagnostic[0m[2m:[0m started_load_count:   69.000000   (avg 69.000000)
[2m2026-04-14T18:19:15.289126Z[0m [32m INFO[0m [2madv_civ::civilization::concepts::movement::movement_systems[0m[2m:[0m Player Tutankhamun of Illyria has ended movement
[2m2026-04-14T18:19:15.290501Z[0m [32m INFO[0m [2mbevy_diagnostic[0m[2m:[0m started_load_count:   69.000000   (avg 69.000000)
[2m2026-04-14T18:19:16.286421Z[0m [32m INFO[0m [2mbevy_diagnostic[0m[2m:[0m started_load_count:   69.000000   (avg 69.000000)
[2m2026-04-14T18:19:17.290654Z[0m [32m INFO[0m [2mbevy_diagnostic[0m[2m:[0m started_load_count:   69.000000   (avg 69.000000)
[2m2026-04-14T18:19:18.287204Z[0m [32m INFO[0m [2mbevy_diagnostic[0m[2m:[0m started_load_count:   69.000000   (avg 69.000000)
[2m2026-04-14T18:19:19.289269Z[0m [32m INFO[0m [2mbevy_diagnostic[0m[2m:[0m started_load_count:   69.000000   (avg 69.000000)
[2m2026-04-14T18:19:20.287919Z[0m [32m INFO[0m [2mbevy_diagnostic[0m[2m:[0m started_load_count:   69.000000   (avg 69.000000)
[2m2026-04-14T18:19:21.292683Z[0m [32m INFO[0m [2mbevy_diagnostic[0m[2m:[0m started_load_count:   69.000000   (avg 69.000000)
[2m2026-04-14T18:19:22.297050Z[0m [32m INFO[0m [2mbevy_diagnostic[0m[2m:[0m started_load_count:   69.000000   (avg 69.000000)
[2m2026-04-14T18:19:23.299835Z[0m [32m INFO[0m [2mbevy_diagnostic[0m[2m:[0m started_load_count:   69.000000   (avg 69.000000)
[2m2026-04-14T18:19:24.298599Z[0m [32m INFO[0m [2mbevy_diagnostic[0m[2m:[0m started_load_count:   69.000000   (avg 69.000000)
[2m2026-04-14T18:19:25.294033Z[0m [32m INFO[0m [2mbevy_diagnostic[0m[2m:[0m started_load_count:   69.000000   (avg 69.000000)
[2m2026-04-14T18:19:26.294271Z[0m [32m INFO[0m [2mbevy_diagnostic[0m[2m:[0m started_load_count:   69.000000   (avg 69.000000)
[2m2026-04-14T18:19:27.290984Z[0m [32m INFO[0m [2mbevy_diagnostic[0m[2m:[0m started_load_count:   69.000000   (avg 69.000000)
[2m2026-04-14T18:19:28.292505Z[0m [32m INFO[0m [2mbevy_diagnostic[0m[2m:[0m started_load_count:   69.000000   (avg 69.000000)
[2m2026-04-14T18:19:29.299661Z[0m [32m INFO[0m [2mbevy_diagnostic[0m[2m:[0m started_load_count:   69.000000   (avg 69.000000)
[2m2026-04-14T18:19:30.319183Z[0m [32m INFO[0m [2mbevy_diagnostic[0m[2m:[0m started_load_count:   69.000000   (avg 69.000000)
[2m2026-04-14T18:19:31.329210Z[0m [32m INFO[0m [2mbevy_diagnostic[0m[2m:[0m started_load_count:   69.000000   (avg 69.000000)
[2m2026-04-14T18:19:32.340337Z[0m [32m INFO[0m [2mbevy_diagnostic[0m[2m:[0m started_load_count:   69.000000   (avg 69.000000)
[2m2026-04-14T18:19:33.353874Z[0m [32m INFO[0m [2mbevy_diagnostic[0m[2m:[0m started_load_count:   69.000000   (avg 69.000000)
[2m2026-04-14T18:19:34.373209Z[0m [32m INFO[0m [2mbevy_diagnostic[0m[2m:[0m started_load_count:   69.000000   (avg 69.000000)
[2m2026-04-14T18:19:35.355879Z[0m [32m INFO[0m [2mbevy_diagnostic[0m[2m:[0m started_load_count:   69.000000   (avg 69.000000)
[2m2026-04-14T18:19:36.356716Z[0m [32m INFO[0m [2mbevy_diagnostic[0m[2m:[0m started_load_count:   69.000000   (avg 69.000000)
[2m2026-04-14T18:19:37.358763Z[0m [32m INFO[0m [2mbevy_diagnostic[0m[2m:[0m started_load_count:   69.000000   (avg 69.000000)
[2m2026-04-14T18:19:38.357292Z[0m [32m INFO[0m [2mbevy_diagnostic[0m[2m:[0m started_load_count:   69.000000   (avg 69.000000)
[2m2026-04-14T18:19:39.356216Z[0m [32m INFO[0m [2mbevy_diagnostic[0m[2m:[0m started_load_count:   69.000000   (avg 69.000000)
[2m2026-04-14T18:19:40.356314Z[0m [32m INFO[0m [2mbevy_diagnostic[0m[2m:[0m started_load_count:   69.000000   (avg 69.000000)
[2m2026-04-14T18:19:41.356911Z[0m [32m INFO[0m [2mbevy_diagnostic[0m[2m:[0m started_load_count:   69.000000   (avg 69.000000)
[2m2026-04-14T18:19:42.358550Z[0m [32m INFO[0m [2mbevy_diagnostic[0m[2m:[0m started_load_count:   69.000000   (avg 69.000000)
[2m2026-04-14T18:19:43.357094Z[0m [32m INFO[0m [2mbevy_diagnostic[0m[2m:[0m started_load_count:   69.000000   (avg 69.000000)
[2m2026-04-14T18:19:44.359322Z[0m [32m INFO[0m [2mbevy_diagnostic[0m[2m:[0m started_load_count:   69.000000   (avg 69.000000)
[2m2026-04-14T18:19:45.374049Z[0m [32m INFO[0m [2mbevy_diagnostic[0m[2m:[0m started_load_count:   69.000000   (avg 69.000000)
[2m2026-04-14T18:19:46.374619Z[0m [32m INFO[0m [2mbevy_diagnostic[0m[2m:[0m started_load_count:   69.000000   (avg 69.000000)
[2m2026-04-14T18:19:47.374469Z[0m [32m INFO[0m [2mbevy_diagnostic[0m[2m:[0m started_load_count:   69.000000   (avg 69.000000)
[2m2026-04-14T18:19:48.384696Z[0m [32m INFO[0m [2mbevy_diagnostic[0m[2m:[0m started_load_count:   69.000000   (avg 69.000000)
[2m2026-04-14T18:19:49.383573Z[0m [32m INFO[0m [2mbevy_diagnostic[0m[2m:[0m started_load_count:   69.000000   (avg 69.000000)
[2m2026-04-14T18:19:50.372267Z[0m [32m INFO[0m [2mbevy_diagnostic[0m[2m:[0m started_load_count:   69.000000   (avg 69.000000)
[2m2026-04-14T18:19:51.370682Z[0m [32m INFO[0m [2mbevy_diagnostic[0m[2m:[0m started_load_count:   69.000000   (avg 69.000000)
[2m2026-04-14T18:19:52.384404Z[0m [32m INFO[0m [2mbevy_diagnostic[0m[2m:[0m started_load_count:   69.000000   (avg 69.000000)
[2m2026-04-14T18:19:53.406433Z[0m [32m INFO[0m [2mbevy_diagnostic[0m[2m:[0m started_load_count:   69.000000   (avg 69.000000)
[2m2026-04-14T18:19:54.404370Z[0m [32m INFO[0m [2mbevy_diagnostic[0m[2m:[0m started_load_count:   69.000000   (avg 69.000000)
[2m2026-04-14T18:19:55.408275Z[0m [32m INFO[0m [2mbevy_diagnostic[0m[2m:[0m started_load_count:   69.000000   (avg 69.000000)
[2m2026-04-14T18:19:56.407179Z[0m [32m INFO[0m [2mbevy_diagnostic[0m[2m:[0m started_load_count:   69.000000   (avg 69.000000)
[2m2026-04-14T18:19:57.404502Z[0m [32m INFO[0m [2mbevy_diagnostic[0m[2m:[0m started_load_count:   69.000000   (avg 69.000000)
[2m2026-04-14T18:19:58.407316Z[0m [32m INFO[0m [2mbevy_diagnostic[0m[2m:[0m started_load_count:   69.000000   (avg 69.000000)
[2m2026-04-14T18:19:59.413342Z[0m [32m INFO[0m [2mbevy_diagnostic[0m[2m:[0m started_load_count:   69.000000   (avg 69.000000)
[2m2026-04-14T18:20:00.404186Z[0m [32m INFO[0m [2mbevy_diagnostic[0m[2m:[0m started_load_count:   69.000000   (avg 69.000000)
[2m2026-04-14T18:20:01.405934Z[0m [32m INFO[0m [2mbevy_diagnostic[0m[2m:[0m started_load_count:   69.000000   (avg 69.000000)
[2m2026-04-14T18:20:02.412988Z[0m [32m INFO[0m [2mbevy_diagnostic[0m[2m:[0m started_load_count:   69.000000   (avg 69.000000)
[2m2026-04-14T18:20:03.418429Z[0m [32m INFO[0m [2mbevy_diagnostic[0m[2m:[0m started_load_count:   69.000000   (avg 69.000000)
[2m2026-04-14T18:20:04.468099Z[0m [32m INFO[0m [2mbevy_diagnostic[0m[2m:[0m started_load_count:   69.000000   (avg 69.000000)
[2m2026-04-14T18:20:05.460087Z[0m [32m INFO[0m [2mbevy_diagnostic[0m[2m:[0m started_load_count:   69.000000   (avg 69.000000)
[2m2026-04-14T18:20:06.453815Z[0m [32m INFO[0m [2mbevy_diagnostic[0m[2m:[0m started_load_count:   69.000000   (avg 69.000000)
[2m2026-04-14T18:20:07.459390Z[0m [32m INFO[0m [2mbevy_diagnostic[0m[2m:[0m started_load_count:   69.000000   (avg 69.000000)
[2m2026-04-14T18:20:08.462686Z[0m [32m INFO[0m [2mbevy_diagnostic[0m[2m:[0m started_load_count:   69.000000   (avg 69.000000)
[2m2026-04-14T18:20:09.459013Z[0m [32m INFO[0m [2mbevy_diagnostic[0m[2m:[0m started_load_count:   69.000000   (avg 69.000000)
[2m2026-04-14T18:20:10.455285Z[0m [32m INFO[0m [2mbevy_diagnostic[0m[2m:[0m started_load_count:   69.000000   (avg 69.000000)
[2m2026-04-14T18:20:11.455682Z[0m [32m INFO[0m [2mbevy_diagnostic[0m[2m:[0m started_load_count:   69.000000   (avg 69.000000)
[2m2026-04-14T18:20:12.456368Z[0m [32m INFO[0m [2mbevy_diagnostic[0m[2m:[0m started_load_count:   69.000000   (avg 69.000000)
[2m2026-04-14T18:20:13.460624Z[0m [32m INFO[0m [2mbevy_diagnostic[0m[2m:[0m started_load_count:   69.000000   (avg 69.000000)
[2m2026-04-14T18:20:14.472083Z[0m [32m INFO[0m [2mbevy_diagnostic[0m[2m:[0m started_load_count:   69.000000   (avg 69.000000)
[2m2026-04-14T18:20:15.456719Z[0m [32m INFO[0m [2mbevy_diagnostic[0m[2m:[0m started_load_count:   69.000000   (avg 69.000000)
[2m2026-04-14T18:20:16.468419Z[0m [32m INFO[0m [2mbevy_diagnostic[0m[2m:[0m started_load_count:   69.000000   (avg 69.000000)
[2m2026-04-14T18:20:17.483804Z[0m [32m INFO[0m [2mbevy_diagnostic[0m[2m:[0m started_load_count:   69.000000   (avg 69.000000)
[2m2026-04-14T18:20:18.499306Z[0m [32m INFO[0m [2mbevy_diagnostic[0m[2m:[0m started_load_count:   69.000000   (avg 69.000000)
[2m2026-04-14T18:20:19.509780Z[0m [32m INFO[0m [2mbevy_diagnostic[0m[2m:[0m started_load_count:   69.000000   (avg 69.000000)
[2m2026-04-14T18:20:20.519720Z[0m [32m INFO[0m [2mbevy_diagnostic[0m[2m:[0m started_load_count:   69.000000   (avg 69.000000)
[2m2026-04-14T18:20:21.535025Z[0m [32m INFO[0m [2mbevy_diagnostic[0m[2m:[0m started_load_count:   69.000000   (avg 69.000000)
[2m2026-04-14T18:20:22.539953Z[0m [32m INFO[0m [2mbevy_diagnostic[0m[2m:[0m started_load_count:   69.000000   (avg 69.000000)
[2m2026-04-14T18:20:23.548421Z[0m [32m INFO[0m [2mbevy_diagnostic[0m[2m:[0m started_load_count:   69.000000   (avg 69.000000)
[2m2026-04-14T18:20:24.558328Z[0m [32m INFO[0m [2mbevy_diagnostic[0m[2m:[0m started_load_count:   69.000000   (avg 69.000000)
[2m2026-04-14T18:20:25.597074Z[0m [32m INFO[0m [2mbevy_diagnostic[0m[2m:[0m started_load_count:   69.000000   (avg 69.000000)
[2m2026-04-14T18:20:26.590182Z[0m [32m INFO[0m [2mbevy_diagnostic[0m[2m:[0m started_load_count:   69.000000   (avg 69.000000)
[2m2026-04-14T18:20:27.593709Z[0m [32m INFO[0m [2mbevy_diagnostic[0m[2m:[0m started_load_count:   69.000000   (avg 69.000000)
[2m2026-04-14T18:20:28.588263Z[0m [32m INFO[0m [2mbevy_diagnostic[0m[2m:[0m started_load_count:   69.000000   (avg 69.000000)
[2m2026-04-14T18:20:29.589070Z[0m [32m INFO[0m [2mbevy_diagnostic[0m[2m:[0m started_load_count:   69.000000   (avg 69.000000)
[2m2026-04-14T18:20:30.589345Z[0m [32m INFO[0m [2mbevy_diagnostic[0m[2m:[0m started_load_count:   69.000000   (avg 69.000000)
[2m2026-04-14T18:20:31.588497Z[0m [32m INFO[0m [2mbevy_diagnostic[0m[2m:[0m started_load_count:   69.000000   (avg 69.000000)
[2m2026-04-14T18:20:32.587577Z[0m [32m INFO[0m [2mbevy_diagnostic[0m[2m:[0m started_load_count:   69.000000   (avg 69.000000)
[2m2026-04-14T18:20:33.585935Z[0m [32m INFO[0m [2mbevy_diagnostic[0m[2m:[0m started_load_count:   69.000000   (avg 69.000000)
[2m2026-04-14T18:20:34.592216Z[0m [32m INFO[0m [2mbevy_diagnostic[0m[2m:[0m started_load_count:   69.000000   (avg 69.000000)
[2m2026-04-14T18:20:35.599315Z[0m [32m INFO[0m [2mbevy_diagnostic[0m[2m:[0m started_load_count:   69.000000   (avg 69.000000)
[2m2026-04-14T18:20:36.607677Z[0m [32m INFO[0m [2mbevy_diagnostic[0m[2m:[0m started_load_count:   69.000000   (avg 69.000000)
[2m2026-04-14T18:20:37.613439Z[0m [32m INFO[0m [2mbevy_diagnostic[0m[2m:[0m started_load_count:   69.000000   (avg 69.000000)
[2m2026-04-14T18:20:38.635458Z[0m [32m INFO[0m [2mbevy_diagnostic[0m[2m:[0m started_load_count:   69.000000   (avg 69.000000)
[2m2026-04-14T18:20:39.642719Z[0m [32m INFO[0m [2mbevy_diagnostic[0m[2m:[0m started_load_count:   69.000000   (avg 69.000000)
[2m2026-04-14T18:20:40.635819Z[0m [32m INFO[0m [2mbevy_diagnostic[0m[2m:[0m started_load_count:   69.000000   (avg 69.000000)
[2m2026-04-14T18:20:41.638540Z[0m [32m INFO[0m [2mbevy_diagnostic[0m[2m:[0m started_load_count:   69.000000   (avg 69.000000)
[2m2026-04-14T18:20:42.638542Z[0m [32m INFO[0m [2madv_civ::civilization::concepts::movement::movement_systems[0m[2m:[0m Player Hammurabi of Asia has ended movement
[2m2026-04-14T18:20:42.640748Z[0m [32m INFO[0m [2mbevy_diagnostic[0m[2m:[0m started_load_count:   69.000000   (avg 69.000000)
[2m2026-04-14T18:20:43.658171Z[0m [32m INFO[0m [2mbevy_diagnostic[0m[2m:[0m started_load_count:   69.000000   (avg 69.000000)
[2m2026-04-14T18:20:44.655307Z[0m [32m INFO[0m [2mbevy_diagnostic[0m[2m:[0m started_load_count:   69.000000   (avg 69.000000)
[2m2026-04-14T18:20:45.666596Z[0m [32m INFO[0m [2mbevy_diagnostic[0m[2m:[0m started_load_count:   69.000000   (avg 69.000000)
[2m2026-04-14T18:20:46.658587Z[0m [32m INFO[0m [2mbevy_diagnostic[0m[2m:[0m started_load_count:   69.000000   (avg 69.000000)
[2m2026-04-14T18:20:47.665450Z[0m [32m INFO[0m [2mbevy_diagnostic[0m[2m:[0m started_load_count:   69.000000   (avg 69.000000)
[2m2026-04-14T18:20:48.658439Z[0m [32m INFO[0m [2mbevy_diagnostic[0m[2m:[0m started_load_count:   69.000000   (avg 69.000000)
[2m2026-04-14T18:20:49.657762Z[0m [32m INFO[0m [2mbevy_diagnostic[0m[2m:[0m started_load_count:   69.000000   (avg 69.000000)
[2m2026-04-14T18:20:50.681378Z[0m [32m INFO[0m [2mbevy_diagnostic[0m[2m:[0m started_load_count:   69.000000   (avg 69.000000)
[2m2026-04-14T18:20:51.675075Z[0m [32m INFO[0m [2mbevy_diagnostic[0m[2m:[0m started_load_count:   69.000000   (avg 69.000000)
[2m2026-04-14T18:20:52.716264Z[0m [32m INFO[0m [2mbevy_diagnostic[0m[2m:[0m started_load_count:   69.000000   (avg 69.000000)
[2m2026-04-14T18:20:53.708722Z[0m [32m INFO[0m [2mbevy_diagnostic[0m[2m:[0m started_load_count:   69.000000   (avg 69.000000)
[2m2026-04-14T18:20:54.721090Z[0m [32m INFO[0m [2mbevy_diagnostic[0m[2m:[0m started_load_count:   69.000000   (avg 69.000000)
[2m2026-04-14T18:20:55.726133Z[0m [32m INFO[0m [2mbevy_diagnostic[0m[2m:[0m started_load_count:   69.000000   (avg 69.000000)
[2m2026-04-14T18:20:56.756239Z[0m [32m INFO[0m [2mbevy_diagnostic[0m[2m:[0m started_load_count:   69.000000   (avg 69.000000)
[2m2026-04-14T18:20:57.758435Z[0m [32m INFO[0m [2mbevy_diagnostic[0m[2m:[0m started_load_count:   69.000000   (avg 69.000000)
[2m2026-04-14T18:20:58.756296Z[0m [32m INFO[0m [2mbevy_diagnostic[0m[2m:[0m started_load_count:   69.000000   (avg 69.000000)
[2m2026-04-14T18:20:59.761393Z[0m [32m INFO[0m [2mbevy_diagnostic[0m[2m:[0m started_load_count:   69.000000   (avg 69.000000)
[2m2026-04-14T18:21:00.761590Z[0m [32m INFO[0m [2mbevy_diagnostic[0m[2m:[0m started_load_count:   69.000000   (avg 69.000000)
[2m2026-04-14T18:21:01.772522Z[0m [32m INFO[0m [2mbevy_diagnostic[0m[2m:[0m started_load_count:   69.000000   (avg 69.000000)
[2m2026-04-14T18:21:02.781226Z[0m [32m INFO[0m [2mbevy_diagnostic[0m[2m:[0m started_load_count:   69.000000   (avg 69.000000)
[2m2026-04-14T18:21:03.795758Z[0m [32m INFO[0m [2mbevy_diagnostic[0m[2m:[0m started_load_count:   69.000000   (avg 69.000000)
[2m2026-04-14T18:21:04.808832Z[0m [32m INFO[0m [2mbevy_diagnostic[0m[2m:[0m started_load_count:   69.000000   (avg 69.000000)
[2m2026-04-14T18:21:05.823355Z[0m [32m INFO[0m [2mbevy_diagnostic[0m[2m:[0m started_load_count:   69.000000   (avg 69.000000)
[2m2026-04-14T18:21:06.830488Z[0m [32m INFO[0m [2mbevy_diagnostic[0m[2m:[0m started_load_count:   69.000000   (avg 69.000000)
[2m2026-04-14T18:21:07.848433Z[0m [32m INFO[0m [2mbevy_diagnostic[0m[2m:[0m started_load_count:   69.000000   (avg 69.000000)
[2m2026-04-14T18:21:08.857797Z[0m [32m INFO[0m [2mbevy_diagnostic[0m[2m:[0m started_load_count:   69.000000   (avg 69.000000)
[2m2026-04-14T18:21:09.864708Z[0m [32m INFO[0m [2madv_civ::civilization::concepts::movement::movement_systems[0m[2m:[0m Player Alexander of Assyria has ended movement
[2m2026-04-14T18:21:09.866269Z[0m [32m INFO[0m [2mbevy_diagnostic[0m[2m:[0m started_load_count:   69.000000   (avg 69.000000)
[2m2026-04-14T18:21:10.882657Z[0m [32m INFO[0m [2mbevy_diagnostic[0m[2m:[0m started_load_count:   69.000000   (avg 69.000000)
[2m2026-04-14T18:21:11.889382Z[0m [32m INFO[0m [2mbevy_diagnostic[0m[2m:[0m started_load_count:   69.000000   (avg 69.000000)
[2m2026-04-14T18:21:12.891200Z[0m [32m INFO[0m [2mbevy_diagnostic[0m[2m:[0m started_load_count:   69.000000   (avg 69.000000)
[2m2026-04-14T18:21:13.902997Z[0m [32m INFO[0m [2mbevy_diagnostic[0m[2m:[0m started_load_count:   69.000000   (avg 69.000000)
[2m2026-04-14T18:21:14.908388Z[0m [32m INFO[0m [2mbevy_diagnostic[0m[2m:[0m started_load_count:   69.000000   (avg 69.000000)
[2m2026-04-14T18:21:15.907741Z[0m [32m INFO[0m [2mbevy_diagnostic[0m[2m:[0m started_load_count:   69.000000   (avg 69.000000)
[2m2026-04-14T18:21:16.908705Z[0m [32m INFO[0m [2mbevy_diagnostic[0m[2m:[0m started_load_count:   69.000000   (avg 69.000000)
[2m2026-04-14T18:21:17.908172Z[0m [32m INFO[0m [2mbevy_diagnostic[0m[2m:[0m started_load_count:   69.000000   (avg 69.000000)
[2m2026-04-14T18:21:18.908636Z[0m [32m INFO[0m [2mbevy_diagnostic[0m[2m:[0m started_load_count:   69.000000   (avg 69.000000)
[2m2026-04-14T18:21:19.909029Z[0m [32m INFO[0m [2mbevy_diagnostic[0m[2m:[0m started_load_count:   69.000000   (avg 69.000000)
[2m2026-04-14T18:21:20.907419Z[0m [32m INFO[0m [2mbevy_diagnostic[0m[2m:[0m started_load_count:   69.000000   (avg 69.000000)
[2m2026-04-14T18:21:21.907544Z[0m [32m INFO[0m [2mbevy_diagnostic[0m[2m:[0m started_load_count:   69.000000   (avg 69.000000)
[2m2026-04-14T18:21:22.906791Z[0m [32m INFO[0m [2madv_civ::civilization::concepts::movement::movement_systems[0m[2m:[0m Player Ramesses of Crete has ended movement
[2m2026-04-14T18:21:22.908048Z[0m [32m INFO[0m [2mbevy_diagnostic[0m[2m:[0m started_load_count:   69.000000   (avg 69.000000)
[2m2026-04-14T18:21:23.907376Z[0m [32m INFO[0m [2mbevy_diagnostic[0m[2m:[0m started_load_count:   69.000000   (avg 69.000000)
[2m2026-04-14T18:21:24.907534Z[0m [32m INFO[0m [2mbevy_diagnostic[0m[2m:[0m started_load_count:   69.000000   (avg 69.000000)
[2m2026-04-14T18:21:25.908319Z[0m [32m INFO[0m [2mbevy_diagnostic[0m[2m:[0m started_load_count:   69.000000   (avg 69.000000)
[2m2026-04-14T18:21:26.904830Z[0m [32m INFO[0m [2mbevy_diagnostic[0m[2m:[0m started_load_count:   69.000000   (avg 69.000000)
[2m2026-04-14T18:21:27.908256Z[0m [32m INFO[0m [2mbevy_diagnostic[0m[2m:[0m started_load_count:   69.000000   (avg 69.000000)
[2m2026-04-14T18:21:28.922741Z[0m [32m INFO[0m [2mbevy_diagnostic[0m[2m:[0m started_load_count:   69.000000   (avg 69.000000)
[2m2026-04-14T18:21:29.927361Z[0m [32m INFO[0m [2mbevy_diagnostic[0m[2m:[0m started_load_count:   69.000000   (avg 69.000000)
[2m2026-04-14T18:21:30.925383Z[0m [32m INFO[0m [2mbevy_diagnostic[0m[2m:[0m started_load_count:   69.000000   (avg 69.000000)
[2m2026-04-14T18:21:31.924908Z[0m [32m INFO[0m [2mbevy_diagnostic[0m[2m:[0m started_load_count:   69.000000   (avg 69.000000)
[2m2026-04-14T18:21:32.923808Z[0m [32m INFO[0m [2mbevy_diagnostic[0m[2m:[0m started_load_count:   69.000000   (avg 69.000000)
[2m2026-04-14T18:21:33.941868Z[0m [32m INFO[0m [2mbevy_diagnostic[0m[2m:[0m started_load_count:   69.000000   (avg 69.000000)
[2m2026-04-14T18:21:34.947175Z[0m [32m INFO[0m [2mbevy_diagnostic[0m[2m:[0m started_load_count:   69.000000   (avg 69.000000)
[2m2026-04-14T18:21:35.957313Z[0m [32m INFO[0m [2mbevy_diagnostic[0m[2m:[0m started_load_count:   69.000000   (avg 69.000000)
[2m2026-04-14T18:21:36.968563Z[0m [32m INFO[0m [2mbevy_diagnostic[0m[2m:[0m started_load_count:   69.000000   (avg 69.000000)
[2m2026-04-14T18:21:37.981527Z[0m [32m INFO[0m [2mbevy_diagnostic[0m[2m:[0m started_load_count:   69.000000   (avg 69.000000)
[2m2026-04-14T18:21:38.998854Z[0m [32m INFO[0m [2mbevy_diagnostic[0m[2m:[0m started_load_count:   69.000000   (avg 69.000000)
[2m2026-04-14T18:21:40.017484Z[0m [32m INFO[0m [2mbevy_diagnostic[0m[2m:[0m started_load_count:   69.000000   (avg 69.000000)
[2m2026-04-14T18:21:41.039876Z[0m [32m INFO[0m [2mbevy_diagnostic[0m[2m:[0m started_load_count:   69.000000   (avg 69.000000)
[2m2026-04-14T18:21:42.059296Z[0m [32m INFO[0m [2mbevy_diagnostic[0m[2m:[0m started_load_count:   69.000000   (avg 69.000000)
[2m2026-04-14T18:21:43.074707Z[0m [32m INFO[0m [2mbevy_diagnostic[0m[2m:[0m started_load_count:   69.000000   (avg 69.000000)
[2m2026-04-14T18:21:44.089629Z[0m [32m INFO[0m [2mbevy_diagnostic[0m[2m:[0m started_load_count:   69.000000   (avg 69.000000)
[2m2026-04-14T18:21:45.114592Z[0m [32m INFO[0m [2mbevy_diagnostic[0m[2m:[0m started_load_count:   69.000000   (avg 69.000000)
[2m2026-04-14T18:21:46.108976Z[0m [32m INFO[0m [2mbevy_diagnostic[0m[2m:[0m started_load_count:   69.000000   (avg 69.000000)
[2m2026-04-14T18:21:47.108305Z[0m [32m INFO[0m [2mbevy_diagnostic[0m[2m:[0m started_load_count:   69.000000   (avg 69.000000)
[2m2026-04-14T18:21:48.111188Z[0m [32m INFO[0m [2mbevy_diagnostic[0m[2m:[0m started_load_count:   69.000000   (avg 69.000000)
[2m2026-04-14T18:21:49.111137Z[0m [32m INFO[0m [2mbevy_diagnostic[0m[2m:[0m started_load_count:   69.000000   (avg 69.000000)
[2m2026-04-14T18:21:50.108466Z[0m [32m INFO[0m [2mbevy_diagnostic[0m[2m:[0m started_load_count:   69.000000   (avg 69.000000)
[2m2026-04-14T18:21:51.111230Z[0m [32m INFO[0m [2mbevy_diagnostic[0m[2m:[0m started_load_count:   69.000000   (avg 69.000000)
[2m2026-04-14T18:21:52.113736Z[0m [32m INFO[0m [2mbevy_diagnostic[0m[2m:[0m started_load_count:   69.000000   (avg 69.000000)
[2m2026-04-14T18:21:53.135650Z[0m [32m INFO[0m [2mbevy_diagnostic[0m[2m:[0m started_load_count:   69.000000   (avg 69.000000)
[2m2026-04-14T18:21:54.123305Z[0m [32m INFO[0m [2mbevy_diagnostic[0m[2m:[0m started_load_count:   69.000000   (avg 69.000000)
[2m2026-04-14T18:21:55.123348Z[0m [32m INFO[0m [2mbevy_diagnostic[0m[2m:[0m started_load_count:   69.000000   (avg 69.000000)
[2m2026-04-14T18:21:56.126228Z[0m [32m INFO[0m [2mbevy_diagnostic[0m[2m:[0m started_load_count:   69.000000   (avg 69.000000)
[2m2026-04-14T18:21:57.123439Z[0m [32m INFO[0m [2mbevy_diagnostic[0m[2m:[0m started_load_count:   69.000000   (avg 69.000000)
[2m2026-04-14T18:21:58.127138Z[0m [32m INFO[0m [2mbevy_diagnostic[0m[2m:[0m started_load_count:   69.000000   (avg 69.000000)
[2m2026-04-14T18:21:59.125518Z[0m [32m INFO[0m [2mbevy_diagnostic[0m[2m:[0m started_load_count:   69.000000   (avg 69.000000)
[2m2026-04-14T18:22:00.126922Z[0m [32m INFO[0m [2mbevy_diagnostic[0m[2m:[0m started_load_count:   69.000000   (avg 69.000000)
[2m2026-04-14T18:22:01.124876Z[0m [32m INFO[0m [2mbevy_diagnostic[0m[2m:[0m started_load_count:   69.000000   (avg 69.000000)
[2m2026-04-14T18:22:02.127360Z[0m [32m INFO[0m [2mbevy_diagnostic[0m[2m:[0m started_load_count:   69.000000   (avg 69.000000)
[2m2026-04-14T18:22:03.145655Z[0m [32m INFO[0m [2mbevy_diagnostic[0m[2m:[0m started_load_count:   69.000000   (avg 69.000000)
[2m2026-04-14T18:22:04.141627Z[0m [32m INFO[0m [2madv_civ::civilization::concepts::movement::movement_systems[0m[2m:[0m Player Hatshepsut of Thrace has ended movement
[2m2026-04-14T18:22:04.144246Z[0m [32m INFO[0m [2mbevy_diagnostic[0m[2m:[0m started_load_count:   69.000000   (avg 69.000000)
[2m2026-04-14T18:22:05.141205Z[0m [32m INFO[0m [2mbevy_diagnostic[0m[2m:[0m started_load_count:   69.000000   (avg 69.000000)
[2m2026-04-14T18:22:06.141002Z[0m [32m INFO[0m [2mbevy_diagnostic[0m[2m:[0m started_load_count:   69.000000   (avg 69.000000)
[2m2026-04-14T18:22:07.142145Z[0m [32m INFO[0m [2mbevy_diagnostic[0m[2m:[0m started_load_count:   69.000000   (avg 69.000000)
[2m2026-04-14T18:22:08.144347Z[0m [32m INFO[0m [2mbevy_diagnostic[0m[2m:[0m started_load_count:   69.000000   (avg 69.000000)
[2m2026-04-14T18:22:09.139516Z[0m [32m INFO[0m [2mbevy_diagnostic[0m[2m:[0m started_load_count:   69.000000   (avg 69.000000)
[2m2026-04-14T18:22:10.141833Z[0m [32m INFO[0m [2mbevy_diagnostic[0m[2m:[0m started_load_count:   69.000000   (avg 69.000000)
[2m2026-04-14T18:22:11.139483Z[0m [32m INFO[0m [2mbevy_diagnostic[0m[2m:[0m started_load_count:   69.000000   (avg 69.000000)
[2m2026-04-14T18:22:12.140481Z[0m [32m INFO[0m [2mbevy_diagnostic[0m[2m:[0m started_load_count:   69.000000   (avg 69.000000)
[2m2026-04-14T18:22:13.152709Z[0m [32m INFO[0m [2mbevy_diagnostic[0m[2m:[0m started_load_count:   69.000000   (avg 69.000000)
[2m2026-04-14T18:22:14.165765Z[0m [32m INFO[0m [2mbevy_diagnostic[0m[2m:[0m started_load_count:   69.000000   (avg 69.000000)
[2m2026-04-14T18:22:15.179519Z[0m [32m INFO[0m [2mbevy_diagnostic[0m[2m:[0m started_load_count:   69.000000   (avg 69.000000)
[2m2026-04-14T18:22:16.174858Z[0m [32m INFO[0m [2mbevy_diagnostic[0m[2m:[0m started_load_count:   69.000000   (avg 69.000000)
[2m2026-04-14T18:22:17.174116Z[0m [32m INFO[0m [2madv_civ::civilization::concepts::movement::movement_systems[0m[2m:[0m Player Leonidas of Iberia has ended movement
[2m2026-04-14T18:22:17.175388Z[0m [32m INFO[0m [2mbevy_diagnostic[0m[2m:[0m started_load_count:   69.000000   (avg 69.000000)
[2m2026-04-14T18:22:18.173100Z[0m [32m INFO[0m [2mbevy_diagnostic[0m[2m:[0m started_load_count:   69.000000   (avg 69.000000)
[2m2026-04-14T18:22:19.177254Z[0m [32m INFO[0m [2mbevy_diagnostic[0m[2m:[0m started_load_count:   69.000000   (avg 69.000000)
[2m2026-04-14T18:22:20.172732Z[0m [32m INFO[0m [2mbevy_diagnostic[0m[2m:[0m started_load_count:   69.000000   (avg 69.000000)
[2m2026-04-14T18:22:21.190076Z[0m [32m INFO[0m [2mbevy_diagnostic[0m[2m:[0m started_load_count:   69.000000   (avg 69.000000)
[2m2026-04-14T18:22:22.191955Z[0m [32m INFO[0m [2mbevy_diagnostic[0m[2m:[0m started_load_count:   69.000000   (avg 69.000000)
[2m2026-04-14T18:22:23.189530Z[0m [32m INFO[0m [2mbevy_diagnostic[0m[2m:[0m started_load_count:   69.000000   (avg 69.000000)
[2m2026-04-14T18:22:24.190362Z[0m [32m INFO[0m [2madv_civ::civilization::concepts::movement::movement_systems[0m[2m:[0m Player Pericles of Babylon has ended movement
[2m2026-04-14T18:22:24.190398Z[0m [32m INFO[0m [2madv_civ::civilization::concepts::movement::movement_systems[0m[2m:[0m No more players to move, transitioning to Conflict
[2m2026-04-14T18:22:24.191421Z[0m [32m INFO[0m [2mbevy_diagnostic[0m[2m:[0m started_load_count:   69.000000   (avg 69.000000)
[2m2026-04-14T18:22:25.187541Z[0m [32m INFO[0m [2madv_civ::civilization::concepts::conflict::conflict_systems[0m[2m:[0m Found 5 conflicts, remaining in Conflict
[2m2026-04-14T18:22:25.187642Z[0m [32m INFO[0m [2madv_civ::civilization::concepts::conflict::conflict_triggers[0m[2m:[0m [CONFLICT] Regular conflict in '40:Corinth': 2 players, 4 tokens, max_pop=3, conflicts_pending=5, human_involved=false
[2m2026-04-14T18:22:25.187659Z[0m [32m INFO[0m [2madv_civ::civilization::concepts::conflict::conflict_triggers[0m[2m:[0m   Player 1 (401v0): 3 tokens
[2m2026-04-14T18:22:25.187665Z[0m [32m INFO[0m [2madv_civ::civilization::concepts::conflict::conflict_triggers[0m[2m:[0m   Player 2 (340v0): 1 tokens
[2m2026-04-14T18:22:25.187681Z[0m [32m INFO[0m [2madv_civ::civilization::concepts::conflict::conflict_triggers[0m[2m:[0m [CONFLICT] Resolved '40:Corinth' via unequal_lengths: 3 tokens remaining (was 4)
[2m2026-04-14T18:22:25.187686Z[0m [32m INFO[0m [2madv_civ::civilization::concepts::conflict::conflict_triggers[0m[2m:[0m [CONFLICT] Conflicts remaining: 4
[2m2026-04-14T18:22:25.187754Z[0m [32m INFO[0m [2madv_civ::civilization::concepts::conflict::conflict_triggers[0m[2m:[0m [CONFLICT] Regular conflict in '75:Assyria': 2 players, 2 tokens, max_pop=1, conflicts_pending=4, human_involved=false
[2m2026-04-14T18:22:25.187764Z[0m [32m INFO[0m [2madv_civ::civilization::concepts::conflict::conflict_triggers[0m[2m:[0m   Player 1 (584v0): 1 tokens
[2m2026-04-14T18:22:25.187767Z[0m [32m INFO[0m [2madv_civ::civilization::concepts::conflict::conflict_triggers[0m[2m:[0m   Player 2 (523v0): 1 tokens
[2m2026-04-14T18:22:25.187777Z[0m [32m INFO[0m [2madv_civ::civilization::concepts::conflict::conflict_triggers[0m[2m:[0m [CONFLICT] Resolved '75:Assyria' via max_pop=1: 0 tokens remaining (was 2)
[2m2026-04-14T18:22:25.187781Z[0m [32m INFO[0m [2madv_civ::civilization::concepts::conflict::conflict_triggers[0m[2m:[0m [CONFLICT] Conflicts remaining: 3
[2m2026-04-14T18:22:25.187806Z[0m [32m INFO[0m [2madv_civ::civilization::concepts::conflict::conflict_triggers[0m[2m:[0m [CONFLICT] Regular conflict in '31:Polis': 2 players, 5 tokens, max_pop=1, conflicts_pending=3, human_involved=false
[2m2026-04-14T18:22:25.187812Z[0m [32m INFO[0m [2madv_civ::civilization::concepts::conflict::conflict_triggers[0m[2m:[0m   Player 1 (279v0): 4 tokens
[2m2026-04-14T18:22:25.187815Z[0m [32m INFO[0m [2madv_civ::civilization::concepts::conflict::conflict_triggers[0m[2m:[0m   Player 2 (523v0): 1 tokens
[2m2026-04-14T18:22:25.187820Z[0m [32m INFO[0m [2madv_civ::civilization::concepts::conflict::conflict_triggers[0m[2m:[0m [CONFLICT] Resolved '31:Polis' via max_pop=1: 2 tokens remaining (was 5)
[2m2026-04-14T18:22:25.187823Z[0m [32m INFO[0m [2madv_civ::civilization::concepts::conflict::conflict_triggers[0m[2m:[0m [CONFLICT] Conflicts remaining: 2
[2m2026-04-14T18:22:25.187850Z[0m [32m INFO[0m [2madv_civ::civilization::concepts::conflict::conflict_triggers[0m[2m:[0m [CONFLICT] Regular conflict in '77:Sardis': 2 players, 4 tokens, max_pop=1, conflicts_pending=2, human_involved=false
[2m2026-04-14T18:22:25.187856Z[0m [32m INFO[0m [2madv_civ::civilization::concepts::conflict::conflict_triggers[0m[2m:[0m   Player 1 (523v0): 3 tokens
[2m2026-04-14T18:22:25.187859Z[0m [32m INFO[0m [2madv_civ::civilization::concepts::conflict::conflict_triggers[0m[2m:[0m   Player 2 (279v0): 1 tokens
[2m2026-04-14T18:22:25.187863Z[0m [32m INFO[0m [2madv_civ::civilization::concepts::conflict::conflict_triggers[0m[2m:[0m [CONFLICT] Resolved '77:Sardis' via max_pop=1: 2 tokens remaining (was 4)
[2m2026-04-14T18:22:25.187867Z[0m [32m INFO[0m [2madv_civ::civilization::concepts::conflict::conflict_triggers[0m[2m:[0m [CONFLICT] Conflicts remaining: 1
[2m2026-04-14T18:22:25.187930Z[0m [32m INFO[0m [2madv_civ::civilization::concepts::conflict::conflict_triggers[0m[2m:[0m [CONFLICT] Regular conflict in '27:Perge': 2 players, 7 tokens, max_pop=3, conflicts_pending=1, human_involved=false
[2m2026-04-14T18:22:25.187937Z[0m [32m INFO[0m [2madv_civ::civilization::concepts::conflict::conflict_triggers[0m[2m:[0m   Player 1 (279v0): 6 tokens
[2m2026-04-14T18:22:25.187941Z[0m [32m INFO[0m [2madv_civ::civilization::concepts::conflict::conflict_triggers[0m[2m:[0m   Player 2 (462v0): 1 tokens
[2m2026-04-14T18:22:25.187946Z[0m [32m INFO[0m [2madv_civ::civilization::concepts::conflict::conflict_triggers[0m[2m:[0m [CONFLICT] Resolved '27:Perge' via unequal_lengths: 6 tokens remaining (was 7)
[2m2026-04-14T18:22:25.187951Z[0m [32m INFO[0m [2madv_civ::civilization::concepts::conflict::conflict_triggers[0m[2m:[0m [CONFLICT] Conflicts remaining: 0
[2m2026-04-14T18:22:25.187953Z[0m [32m INFO[0m [2madv_civ::civilization::concepts::conflict::conflict_triggers[0m[2m:[0m [CONFLICT] All conflicts resolved, transitioning to CityConstruction
[2m2026-04-14T18:22:25.190690Z[0m [32m INFO[0m [2mbevy_diagnostic[0m[2m:[0m started_load_count:   69.000000   (avg 69.000000)
[2m2026-04-14T18:22:26.189609Z[0m [32m INFO[0m [2madv_civ::civilization::concepts::city_construction::city_construction_systems[0m[2m:[0m [CITY_CONSTRUCTION] Entering city construction phase
[2m2026-04-14T18:22:26.189620Z[0m [32m INFO[0m [2madv_civ::civilization::concepts::city_construction::city_construction_systems[0m[2m:[0m [CITY_CONSTRUCTION] LoadingFromSave present: false
[2m2026-04-14T18:22:26.189624Z[0m [32m INFO[0m [2madv_civ::civilization::concepts::city_construction::city_construction_systems[0m[2m:[0m [CITY_CONSTRUCTION] Total players: 8
[2m2026-04-14T18:22:26.189626Z[0m [32m INFO[0m [2madv_civ::civilization::concepts::city_construction::city_construction_systems[0m[2m:[0m [CITY_CONSTRUCTION] Marking Africa for building
[2m2026-04-14T18:22:26.189629Z[0m [32m INFO[0m [2madv_civ::civilization::concepts::city_construction::city_construction_systems[0m[2m:[0m [CITY_CONSTRUCTION] Marking Illyria for building
[2m2026-04-14T18:22:26.189630Z[0m [32m INFO[0m [2madv_civ::civilization::concepts::city_construction::city_construction_systems[0m[2m:[0m [CITY_CONSTRUCTION] Marking Asia for building
[2m2026-04-14T18:22:26.189632Z[0m [32m INFO[0m [2madv_civ::civilization::concepts::city_construction::city_construction_systems[0m[2m:[0m [CITY_CONSTRUCTION] Marking Assyria for building
[2m2026-04-14T18:22:26.189634Z[0m [32m INFO[0m [2madv_civ::civilization::concepts::city_construction::city_construction_systems[0m[2m:[0m [CITY_CONSTRUCTION] Marking Crete for building
[2m2026-04-14T18:22:26.189636Z[0m [32m INFO[0m [2madv_civ::civilization::concepts::city_construction::city_construction_systems[0m[2m:[0m [CITY_CONSTRUCTION] Marking Babylon for building
[2m2026-04-14T18:22:26.189637Z[0m [32m INFO[0m [2madv_civ::civilization::concepts::city_construction::city_construction_systems[0m[2m:[0m [CITY_CONSTRUCTION] Marking Thrace for building
[2m2026-04-14T18:22:26.189639Z[0m [32m INFO[0m [2madv_civ::civilization::concepts::city_construction::city_construction_systems[0m[2m:[0m [CITY_CONSTRUCTION] Marking Iberia for building
[2m2026-04-14T18:22:26.189641Z[0m [32m INFO[0m [2madv_civ::civilization::concepts::city_construction::city_construction_systems[0m[2m:[0m [CITY_CONSTRUCTION] Summary: 8 marked for building, 0 skipped
[2m2026-04-14T18:22:26.189644Z[0m [32m INFO[0m [2madv_civ::civilization::concepts::city_construction::city_construction_systems[0m[2m:[0m [CITY_CONSTRUCTION] Inserted CityConstructionPhaseActive resource
[2m2026-04-14T18:22:26.192337Z[0m [32m INFO[0m [2mbevy_diagnostic[0m[2m:[0m started_load_count:   69.000000   (avg 69.000000)
[2m2026-04-14T18:22:27.191205Z[0m [32m INFO[0m [2mbevy_diagnostic[0m[2m:[0m started_load_count:   69.000000   (avg 69.000000)
[2m2026-04-14T18:22:28.188620Z[0m [32m INFO[0m [2mbevy_diagnostic[0m[2m:[0m started_load_count:   69.000000   (avg 69.000000)
[2m2026-04-14T18:22:29.187357Z[0m [32m INFO[0m [2madv_civ::civilization::concepts::city_construction::city_construction_systems[0m[2m:[0m [CITY_CONSTRUCTION] Gate: No players with IsBuilding, transitioning to RemoveSurplusPopulation
[2m2026-04-14T18:22:29.188625Z[0m [32m INFO[0m [2mbevy_diagnostic[0m[2m:[0m started_load_count:   69.000000   (avg 69.000000)
[2m2026-04-14T18:22:30.195655Z[0m [32m INFO[0m [2madv_civ::civilization::concepts::remove_surplus_population::remove_surplus_systems[0m[2m:[0m [SURPLUS] '108:Rhodes' has surplus: total=4, max=2, surplus=2, players=1, has_city=false
[2m2026-04-14T18:22:30.195677Z[0m [32m INFO[0m [2madv_civ::civilization::concepts::remove_surplus_population::remove_surplus_systems[0m[2m:[0m [SURPLUS] '108:Rhodes': Removing surplus tokens from single-player area
[2m2026-04-14T18:22:30.195688Z[0m [32m INFO[0m [2madv_civ::civilization::concepts::remove_surplus_population::remove_surplus_systems[0m[2m:[0m [SURPLUS] '108:Rhodes': After removal: 4 -> 2 tokens, surplus=0
[2m2026-04-14T18:22:30.195694Z[0m [32m INFO[0m [2madv_civ::civilization::concepts::remove_surplus_population::remove_surplus_systems[0m[2m:[0m [SURPLUS] '93:Berenice' has surplus: total=3, max=2, surplus=1, players=1, has_city=false
[2m2026-04-14T18:22:30.195700Z[0m [32m INFO[0m [2madv_civ::civilization::concepts::remove_surplus_population::remove_surplus_systems[0m[2m:[0m [SURPLUS] '93:Berenice': Removing surplus tokens from single-player area
[2m2026-04-14T18:22:30.195706Z[0m [32m INFO[0m [2madv_civ::civilization::concepts::remove_surplus_population::remove_surplus_systems[0m[2m:[0m [SURPLUS] '93:Berenice': After removal: 3 -> 2 tokens, surplus=0
[2m2026-04-14T18:22:30.195719Z[0m [32m INFO[0m [2madv_civ::civilization::concepts::remove_surplus_population::remove_surplus_systems[0m[2m:[0m [SURPLUS] '85:Rhegium' has surplus: total=4, max=3, surplus=1, players=1, has_city=false
[2m2026-04-14T18:22:30.195725Z[0m [32m INFO[0m [2madv_civ::civilization::concepts::remove_surplus_population::remove_surplus_systems[0m[2m:[0m [SURPLUS] '85:Rhegium': Removing surplus tokens from single-player area
[2m2026-04-14T18:22:30.195731Z[0m [32m INFO[0m [2madv_civ::civilization::concepts::remove_surplus_population::remove_surplus_systems[0m[2m:[0m [SURPLUS] '85:Rhegium': After removal: 4 -> 3 tokens, surplus=0
[2m2026-04-14T18:22:30.195737Z[0m [32m INFO[0m [2madv_civ::civilization::concepts::remove_surplus_population::remove_surplus_systems[0m[2m:[0m [SURPLUS] '141:Abydos' has surplus: total=2, max=1, surplus=1, players=1, has_city=false
[2m2026-04-14T18:22:30.195742Z[0m [32m INFO[0m [2madv_civ::civilization::concepts::remove_surplus_population::remove_surplus_systems[0m[2m:[0m [SURPLUS] '141:Abydos': Removing surplus tokens from single-player area
[2m2026-04-14T18:22:30.195748Z[0m [32m INFO[0m [2madv_civ::civilization::concepts::remove_surplus_population::remove_surplus_systems[0m[2m:[0m [SURPLUS] '141:Abydos': After removal: 2 -> 1 tokens, surplus=0
[2m2026-04-14T18:22:30.195758Z[0m [32m INFO[0m [2madv_civ::civilization::concepts::remove_surplus_population::remove_surplus_systems[0m[2m:[0m [SURPLUS] '8:Trebizond' has surplus: total=2, max=1, surplus=1, players=1, has_city=false
[2m2026-04-14T18:22:30.195764Z[0m [32m INFO[0m [2madv_civ::civilization::concepts::remove_surplus_population::remove_surplus_systems[0m[2m:[0m [SURPLUS] '8:Trebizond': Removing surplus tokens from single-player area
[2m2026-04-14T18:22:30.195770Z[0m [32m INFO[0m [2madv_civ::civilization::concepts::remove_surplus_population::remove_surplus_systems[0m[2m:[0m [SURPLUS] '8:Trebizond': After removal: 2 -> 1 tokens, surplus=0
[2m2026-04-14T18:22:30.195776Z[0m [32m INFO[0m [2madv_civ::civilization::concepts::remove_surplus_population::remove_surplus_systems[0m[2m:[0m [SURPLUS] '95:Arwad' has surplus: total=5, max=2, surplus=3, players=1, has_city=false
[2m2026-04-14T18:22:30.195782Z[0m [32m INFO[0m [2madv_civ::civilization::concepts::remove_surplus_population::remove_surplus_systems[0m[2m:[0m [SURPLUS] '95:Arwad': Removing surplus tokens from single-player area
[2m2026-04-14T18:22:30.195789Z[0m [32m INFO[0m [2madv_civ::civilization::concepts::remove_surplus_population::remove_surplus_systems[0m[2m:[0m [SURPLUS] '95:Arwad': After removal: 5 -> 2 tokens, surplus=0
[2m2026-04-14T18:22:30.195794Z[0m [32m INFO[0m [2madv_civ::civilization::concepts::remove_surplus_population::remove_surplus_systems[0m[2m:[0m [SURPLUS] '9:Syracuse' has surplus: total=5, max=2, surplus=3, players=1, has_city=false
[2m2026-04-14T18:22:30.195798Z[0m [32m INFO[0m [2madv_civ::civilization::concepts::remove_surplus_population::remove_surplus_systems[0m[2m:[0m [SURPLUS] '9:Syracuse': Removing surplus tokens from single-player area
[2m2026-04-14T18:22:30.195804Z[0m [32m INFO[0m [2madv_civ::civilization::concepts::remove_surplus_population::remove_surplus_systems[0m[2m:[0m [SURPLUS] '9:Syracuse': After removal: 5 -> 2 tokens, surplus=0
[2m2026-04-14T18:22:30.195809Z[0m [32m INFO[0m [2madv_civ::civilization::concepts::remove_surplus_population::remove_surplus_systems[0m[2m:[0m [SURPLUS] '129:Alalakh' has surplus: total=3, max=1, surplus=2, players=1, has_city=false
[2m2026-04-14T18:22:30.195815Z[0m [32m INFO[0m [2madv_civ::civilization::concepts::remove_surplus_population::remove_surplus_systems[0m[2m:[0m [SURPLUS] '129:Alalakh': Removing surplus tokens from single-player area
[2m2026-04-14T18:22:30.195821Z[0m [32m INFO[0m [2madv_civ::civilization::concepts::remove_surplus_population::remove_surplus_systems[0m[2m:[0m [SURPLUS] '129:Alalakh': After removal: 3 -> 1 tokens, surplus=0
[2m2026-04-14T18:22:30.195836Z[0m [32m INFO[0m [2madv_civ::civilization::concepts::remove_surplus_population::remove_surplus_systems[0m[2m:[0m [SURPLUS] '55:Thugga' has surplus: total=2, max=1, surplus=1, players=1, has_city=false
[2m2026-04-14T18:22:30.195842Z[0m [32m INFO[0m [2madv_civ::civilization::concepts::remove_surplus_population::remove_surplus_systems[0m[2m:[0m [SURPLUS] '55:Thugga': Removing surplus tokens from single-player area
[2m2026-04-14T18:22:30.195848Z[0m [32m INFO[0m [2madv_civ::civilization::concepts::remove_surplus_population::remove_surplus_systems[0m[2m:[0m [SURPLUS] '55:Thugga': After removal: 2 -> 1 tokens, surplus=0
[2m2026-04-14T18:22:30.195854Z[0m [32m INFO[0m [2madv_civ::civilization::concepts::remove_surplus_population::remove_surplus_systems[0m[2m:[0m [SURPLUS] '34:Hippo Regius' has surplus: total=3, max=2, surplus=1, players=1, has_city=false
[2m2026-04-14T18:22:30.195860Z[0m [32m INFO[0m [2madv_civ::civilization::concepts::remove_surplus_population::remove_surplus_systems[0m[2m:[0m [SURPLUS] '34:Hippo Regius': Removing surplus tokens from single-player area
[2m2026-04-14T18:22:30.195866Z[0m [32m INFO[0m [2madv_civ::civilization::concepts::remove_surplus_population::remove_surplus_systems[0m[2m:[0m [SURPLUS] '34:Hippo Regius': After removal: 3 -> 2 tokens, surplus=0
[2m2026-04-14T18:22:30.195871Z[0m [32m INFO[0m [2madv_civ::civilization::concepts::remove_surplus_population::remove_surplus_systems[0m[2m:[0m [SURPLUS] '14:Petra' has surplus: total=2, max=1, surplus=1, players=1, has_city=false
[2m2026-04-14T18:22:30.195883Z[0m [32m INFO[0m [2madv_civ::civilization::concepts::remove_surplus_population::remove_surplus_systems[0m[2m:[0m [SURPLUS] '14:Petra': Removing surplus tokens from single-player area
[2m2026-04-14T18:22:30.195889Z[0m [32m INFO[0m [2madv_civ::civilization::concepts::remove_surplus_population::remove_surplus_systems[0m[2m:[0m [SURPLUS] '14:Petra': After removal: 2 -> 1 tokens, surplus=0
[2m2026-04-14T18:22:30.195895Z[0m [32m INFO[0m [2madv_civ::civilization::concepts::remove_surplus_population::remove_surplus_systems[0m[2m:[0m [SURPLUS] '43:Himera' has surplus: total=2, max=1, surplus=1, players=1, has_city=false
[2m2026-04-14T18:22:30.195901Z[0m [32m INFO[0m [2madv_civ::civilization::concepts::remove_surplus_population::remove_surplus_systems[0m[2m:[0m [SURPLUS] '43:Himera': Removing surplus tokens from single-player area
[2m2026-04-14T18:22:30.195907Z[0m [32m INFO[0m [2madv_civ::civilization::concepts::remove_surplus_population::remove_surplus_systems[0m[2m:[0m [SURPLUS] '43:Himera': After removal: 2 -> 1 tokens, surplus=0
[2m2026-04-14T18:22:30.195912Z[0m [32m INFO[0m [2madv_civ::civilization::concepts::remove_surplus_population::remove_surplus_systems[0m[2m:[0m [SURPLUS] '130:Pompeii' has surplus: total=3, max=2, surplus=1, players=1, has_city=false
[2m2026-04-14T18:22:30.195918Z[0m [32m INFO[0m [2madv_civ::civilization::concepts::remove_surplus_population::remove_surplus_systems[0m[2m:[0m [SURPLUS] '130:Pompeii': Removing surplus tokens from single-player area
[2m2026-04-14T18:22:30.195924Z[0m [32m INFO[0m [2madv_civ::civilization::concepts::remove_surplus_population::remove_surplus_systems[0m[2m:[0m [SURPLUS] '130:Pompeii': After removal: 3 -> 2 tokens, surplus=0
[2m2026-04-14T18:22:30.195931Z[0m [32m INFO[0m [2madv_civ::civilization::concepts::remove_surplus_population::remove_surplus_systems[0m[2m:[0m [SURPLUS] '45:Aleppo' has surplus: total=2, max=1, surplus=1, players=1, has_city=false
[2m2026-04-14T18:22:30.195936Z[0m [32m INFO[0m [2madv_civ::civilization::concepts::remove_surplus_population::remove_surplus_systems[0m[2m:[0m [SURPLUS] '45:Aleppo': Removing surplus tokens from single-player area
[2m2026-04-14T18:22:30.195942Z[0m [32m INFO[0m [2madv_civ::civilization::concepts::remove_surplus_population::remove_surplus_systems[0m[2m:[0m [SURPLUS] '45:Aleppo': After removal: 2 -> 1 tokens, surplus=0
[2m2026-04-14T18:22:30.195948Z[0m [32m INFO[0m [2madv_civ::civilization::concepts::remove_surplus_population::remove_surplus_systems[0m[2m:[0m [SURPLUS] '22:Canopus' has surplus: total=4, max=3, surplus=1, players=1, has_city=false
[2m2026-04-14T18:22:30.195954Z[0m [32m INFO[0m [2madv_civ::civilization::concepts::remove_surplus_population::remove_surplus_systems[0m[2m:[0m [SURPLUS] '22:Canopus': Removing surplus tokens from single-player area
[2m2026-04-14T18:22:30.195960Z[0m [32m INFO[0m [2madv_civ::civilization::concepts::remove_surplus_population::remove_surplus_systems[0m[2m:[0m [SURPLUS] '22:Canopus': After removal: 4 -> 3 tokens, surplus=0
[2m2026-04-14T18:22:30.195965Z[0m [32m INFO[0m [2madv_civ::civilization::concepts::remove_surplus_population::remove_surplus_systems[0m[2m:[0m [SURPLUS] '18:Cyrene' has surplus: total=4, max=3, surplus=1, players=1, has_city=false
[2m2026-04-14T18:22:30.195971Z[0m [32m INFO[0m [2madv_civ::civilization::concepts::remove_surplus_population::remove_surplus_systems[0m[2m:[0m [SURPLUS] '18:Cyrene': Removing surplus tokens from single-player area
[2m2026-04-14T18:22:30.195976Z[0m [32m INFO[0m [2madv_civ::civilization::concepts::remove_surplus_population::remove_surplus_systems[0m[2m:[0m [SURPLUS] '18:Cyrene': After removal: 4 -> 3 tokens, surplus=0
[2m2026-04-14T18:22:30.195983Z[0m [32m INFO[0m [2madv_civ::civilization::concepts::remove_surplus_population::remove_surplus_systems[0m[2m:[0m [SURPLUS] '31:Polis' has surplus: total=2, max=1, surplus=1, players=1, has_city=false
[2m2026-04-14T18:22:30.195989Z[0m [32m INFO[0m [2madv_civ::civilization::concepts::remove_surplus_population::remove_surplus_systems[0m[2m:[0m [SURPLUS] '31:Polis': Removing surplus tokens from single-player area
[2m2026-04-14T18:22:30.195994Z[0m [32m INFO[0m [2madv_civ::civilization::concepts::remove_surplus_population::remove_surplus_systems[0m[2m:[0m [SURPLUS] '31:Polis': After removal: 2 -> 1 tokens, surplus=0
[2m2026-04-14T18:22:30.196001Z[0m [32m INFO[0m [2madv_civ::civilization::concepts::remove_surplus_population::remove_surplus_systems[0m[2m:[0m [SURPLUS] '32:Avaris' has surplus: total=5, max=3, surplus=2, players=1, has_city=false
[2m2026-04-14T18:22:30.196006Z[0m [32m INFO[0m [2madv_civ::civilization::concepts::remove_surplus_population::remove_surplus_systems[0m[2m:[0m [SURPLUS] '32:Avaris': Removing surplus tokens from single-player area
[2m2026-04-14T18:22:30.196012Z[0m [32m INFO[0m [2madv_civ::civilization::concepts::remove_surplus_population::remove_surplus_systems[0m[2m:[0m [SURPLUS] '32:Avaris': After removal: 5 -> 3 tokens, surplus=0
[2m2026-04-14T18:22:30.196022Z[0m [32m INFO[0m [2madv_civ::civilization::concepts::remove_surplus_population::remove_surplus_systems[0m[2m:[0m [SURPLUS] '37:Hattusa' has surplus: total=4, max=2, surplus=2, players=1, has_city=false
[2m2026-04-14T18:22:30.196028Z[0m [32m INFO[0m [2madv_civ::civilization::concepts::remove_surplus_population::remove_surplus_systems[0m[2m:[0m [SURPLUS] '37:Hattusa': Removing surplus tokens from single-player area
[2m2026-04-14T18:22:30.196034Z[0m [32m INFO[0m [2madv_civ::civilization::concepts::remove_surplus_population::remove_surplus_systems[0m[2m:[0m [SURPLUS] '37:Hattusa': After removal: 4 -> 2 tokens, surplus=0
[2m2026-04-14T18:22:30.196039Z[0m [32m INFO[0m [2madv_civ::civilization::concepts::remove_surplus_population::remove_surplus_systems[0m[2m:[0m [SURPLUS] '106:Arretium' has surplus: total=3, max=1, surplus=2, players=1, has_city=false
[2m2026-04-14T18:22:30.196045Z[0m [32m INFO[0m [2madv_civ::civilization::concepts::remove_surplus_population::remove_surplus_systems[0m[2m:[0m [SURPLUS] '106:Arretium': Removing surplus tokens from single-player area
[2m2026-04-14T18:22:30.196051Z[0m [32m INFO[0m [2madv_civ::civilization::concepts::remove_surplus_population::remove_surplus_systems[0m[2m:[0m [SURPLUS] '106:Arretium': After removal: 3 -> 1 tokens, surplus=0
[2m2026-04-14T18:22:30.196056Z[0m [32m INFO[0m [2madv_civ::civilization::concepts::remove_surplus_population::remove_surplus_systems[0m[2m:[0m [SURPLUS] '102:Sirmium' has surplus: total=3, max=1, surplus=2, players=1, has_city=false
[2m2026-04-14T18:22:30.196062Z[0m [32m INFO[0m [2madv_civ::civilization::concepts::remove_surplus_population::remove_surplus_systems[0m[2m:[0m [SURPLUS] '102:Sirmium': Removing surplus tokens from single-player area
[2m2026-04-14T18:22:30.196068Z[0m [32m INFO[0m [2madv_civ::civilization::concepts::remove_surplus_population::remove_surplus_systems[0m[2m:[0m [SURPLUS] '102:Sirmium': After removal: 3 -> 1 tokens, surplus=0
[2m2026-04-14T18:22:30.196074Z[0m [32m INFO[0m [2madv_civ::civilization::concepts::remove_surplus_population::remove_surplus_systems[0m[2m:[0m [SURPLUS] '77:Sardis' has surplus: total=2, max=1, surplus=1, players=1, has_city=false
[2m2026-04-14T18:22:30.196080Z[0m [32m INFO[0m [2madv_civ::civilization::concepts::remove_surplus_population::remove_surplus_systems[0m[2m:[0m [SURPLUS] '77:Sardis': Removing surplus tokens from single-player area
[2m2026-04-14T18:22:30.196086Z[0m [32m INFO[0m [2madv_civ::civilization::concepts::remove_surplus_population::remove_surplus_systems[0m[2m:[0m [SURPLUS] '77:Sardis': After removal: 2 -> 1 tokens, surplus=0
[2m2026-04-14T18:22:30.196098Z[0m [32m INFO[0m [2madv_civ::civilization::concepts::remove_surplus_population::remove_surplus_systems[0m[2m:[0m [SURPLUS] Phase complete: processed 149 areas, 22 had surplus, removed 32 tokens total
[2m2026-04-14T18:22:30.205761Z[0m [32m INFO[0m [2mbevy_diagnostic[0m[2m:[0m started_load_count:   69.000000   (avg 69.000000)
[2m2026-04-14T18:22:31.195248Z[0m [32m INFO[0m [2madv_civ::civilization::concepts::check_city_support::check_city_support_systems[0m[2m:[0m [CITY_SUPPORT] Starting city support check phase
[2m2026-04-14T18:22:31.196676Z[0m [32m INFO[0m [2madv_civ::civilization::concepts::check_city_support::check_city_support_systems[0m[2m:[0m [CITY_SUPPORT] 4 players need city support check
[2m2026-04-14T18:22:31.208133Z[0m [32m INFO[0m [2mbevy_diagnostic[0m[2m:[0m started_load_count:   69.000000   (avg 69.000000)
[2m2026-04-14T18:22:32.199756Z[0m [32m INFO[0m [2madv_civ::civilization::concepts::check_city_support::check_city_support_systems[0m[2m:[0m [CITY_SUPPORT] All checks complete, transitioning to AcquireTradeCards
[2m2026-04-14T18:22:32.201029Z[0m [32m INFO[0m [2mbevy_diagnostic[0m[2m:[0m started_load_count:   69.000000   (avg 69.000000)
[2m2026-04-14T18:22:33.224171Z[0m [32m INFO[0m [2madv_civ::civilization::concepts::acquire_trade_cards::trade_card_systems[0m[2m:[0m [TRADE_CARDS] Starting acquire trade cards phase
[2m2026-04-14T18:22:33.224204Z[0m [32m INFO[0m [2madv_civ::civilization::concepts::acquire_trade_cards::trade_card_systems[0m[2m:[0m [TRADE_CARDS] Processed 8 players, 4 have cities, sending CheckIfWeCanTrade
[2m2026-04-14T18:22:33.225846Z[0m [32m INFO[0m [2madv_civ::civilization::concepts::acquire_trade_cards::trade_card_systems[0m[2m:[0m [TRADE_CARDS] CheckIfWeCanTrade received: 2 players can trade
[2m2026-04-14T18:22:33.225867Z[0m [32m INFO[0m [2madv_civ::civilization::concepts::acquire_trade_cards::trade_card_systems[0m[2m:[0m [TRADE_CARDS] Transitioning to Trade phase
[2m2026-04-14T18:22:33.227751Z[0m [32m INFO[0m [2mbevy_diagnostic[0m[2m:[0m started_load_count:   69.000000   (avg 69.000000)
[2m2026-04-14T18:22:34.238095Z[0m [32m INFO[0m [2mbevy_diagnostic[0m[2m:[0m started_load_count:   69.000000   (avg 69.000000)
[2m2026-04-14T18:22:35.240738Z[0m [32m INFO[0m [2mbevy_diagnostic[0m[2m:[0m started_load_count:   69.000000   (avg 69.000000)
[2m2026-04-14T18:22:36.243568Z[0m [32m INFO[0m [2mbevy_diagnostic[0m[2m:[0m started_load_count:   69.000000   (avg 69.000000)
[2m2026-04-14T18:22:37.249012Z[0m [32m INFO[0m [2mbevy_diagnostic[0m[2m:[0m started_load_count:   69.000000   (avg 69.000000)
[2m2026-04-14T18:22:38.273553Z[0m [32m INFO[0m [2mbevy_diagnostic[0m[2m:[0m started_load_count:   69.000000   (avg 69.000000)
[2m2026-04-14T18:22:39.275970Z[0m [32m INFO[0m [2mbevy_diagnostic[0m[2m:[0m started_load_count:   69.000000   (avg 69.000000)
[2m2026-04-14T18:22:40.275966Z[0m [32m INFO[0m [2mbevy_diagnostic[0m[2m:[0m started_load_count:   69.000000   (avg 69.000000)
[2m2026-04-14T18:22:41.274495Z[0m [32m INFO[0m [2mbevy_diagnostic[0m[2m:[0m started_load_count:   69.000000   (avg 69.000000)
[2m2026-04-14T18:22:42.276494Z[0m [32m INFO[0m [2mbevy_diagnostic[0m[2m:[0m started_load_count:   69.000000   (avg 69.000000)
[2m2026-04-14T18:22:43.274765Z[0m [32m INFO[0m [2mbevy_diagnostic[0m[2m:[0m started_load_count:   69.000000   (avg 69.000000)
[2m2026-04-14T18:22:44.277106Z[0m [32m INFO[0m [2mbevy_diagnostic[0m[2m:[0m started_load_count:   69.000000   (avg 69.000000)
[2m2026-04-14T18:22:45.277864Z[0m [32m INFO[0m [2mbevy_diagnostic[0m[2m:[0m started_load_count:   69.000000   (avg 69.000000)
[2m2026-04-14T18:22:46.274347Z[0m [32m INFO[0m [2mbevy_diagnostic[0m[2m:[0m started_load_count:   69.000000   (avg 69.000000)
[2m2026-04-14T18:22:47.276053Z[0m [32m INFO[0m [2mbevy_diagnostic[0m[2m:[0m started_load_count:   69.000000   (avg 69.000000)
[2m2026-04-14T18:22:48.273817Z[0m [32m INFO[0m [2mbevy_diagnostic[0m[2m:[0m started_load_count:   69.000000   (avg 69.000000)
[2m2026-04-14T18:22:49.277801Z[0m [32m INFO[0m [2mbevy_diagnostic[0m[2m:[0m started_load_count:   69.000000   (avg 69.000000)
[2m2026-04-14T18:22:50.276991Z[0m [32m INFO[0m [2mbevy_diagnostic[0m[2m:[0m started_load_count:   69.000000   (avg 69.000000)
[2m2026-04-14T18:22:51.275637Z[0m [32m INFO[0m [2mbevy_diagnostic[0m[2m:[0m started_load_count:   69.000000   (avg 69.000000)
[2m2026-04-14T18:22:52.273070Z[0m [32m INFO[0m [2mbevy_diagnostic[0m[2m:[0m started_load_count:   69.000000   (avg 69.000000)
[2m2026-04-14T18:22:53.285719Z[0m [32m INFO[0m [2mbevy_diagnostic[0m[2m:[0m started_load_count:   69.000000   (avg 69.000000)
[2m2026-04-14T18:22:54.290622Z[0m [32m INFO[0m [2mbevy_diagnostic[0m[2m:[0m started_load_count:   69.000000   (avg 69.000000)
[2m2026-04-14T18:22:55.291411Z[0m [32m INFO[0m [2mbevy_diagnostic[0m[2m:[0m started_load_count:   69.000000   (avg 69.000000)
[2m2026-04-14T18:22:56.289091Z[0m [32m INFO[0m [2mbevy_diagnostic[0m[2m:[0m started_load_count:   69.000000   (avg 69.000000)
[2m2026-04-14T18:22:57.291271Z[0m [32m INFO[0m [2mbevy_diagnostic[0m[2m:[0m started_load_count:   69.000000   (avg 69.000000)
[2m2026-04-14T18:22:58.293320Z[0m [32m INFO[0m [2mbevy_diagnostic[0m[2m:[0m started_load_count:   69.000000   (avg 69.000000)
[2m2026-04-14T18:22:59.291146Z[0m [32m INFO[0m [2mbevy_diagnostic[0m[2m:[0m started_load_count:   69.000000   (avg 69.000000)
[2m2026-04-14T18:23:00.300991Z[0m [32m INFO[0m [2mbevy_diagnostic[0m[2m:[0m started_load_count:   69.000000   (avg 69.000000)
[2m2026-04-14T18:23:01.318473Z[0m [32m INFO[0m [2mbevy_diagnostic[0m[2m:[0m started_load_count:   69.000000   (avg 69.000000)
[2m2026-04-14T18:23:02.307291Z[0m [32m INFO[0m [2mbevy_diagnostic[0m[2m:[0m started_load_count:   69.000000   (avg 69.000000)
[2m2026-04-14T18:23:03.308223Z[0m [32m INFO[0m [2mbevy_diagnostic[0m[2m:[0m started_load_count:   69.000000   (avg 69.000000)
[2m2026-04-14T18:23:04.327703Z[0m [32m INFO[0m [2mbevy_diagnostic[0m[2m:[0m started_load_count:   69.000000   (avg 69.000000)
[2m2026-04-14T18:23:05.325878Z[0m [32m INFO[0m [2mbevy_diagnostic[0m[2m:[0m started_load_count:   69.000000   (avg 69.000000)
[2m2026-04-14T18:23:06.323233Z[0m [32m INFO[0m [2mbevy_diagnostic[0m[2m:[0m started_load_count:   69.000000   (avg 69.000000)
[2m2026-04-14T18:23:07.326104Z[0m [32m INFO[0m [2mbevy_diagnostic[0m[2m:[0m started_load_count:   69.000000   (avg 69.000000)
[2m2026-04-14T18:23:08.324060Z[0m [32m INFO[0m [2mbevy_diagnostic[0m[2m:[0m started_load_count:   69.000000   (avg 69.000000)
[2m2026-04-14T18:23:09.326120Z[0m [32m INFO[0m [2mbevy_diagnostic[0m[2m:[0m started_load_count:   69.000000   (avg 69.000000)
[2m2026-04-14T18:23:10.325395Z[0m [32m INFO[0m [2mbevy_diagnostic[0m[2m:[0m started_load_count:   69.000000   (avg 69.000000)
[2m2026-04-14T18:23:11.323344Z[0m [32m INFO[0m [2mbevy_diagnostic[0m[2m:[0m started_load_count:   69.000000   (avg 69.000000)
[2m2026-04-14T18:23:12.325493Z[0m [32m INFO[0m [2mbevy_diagnostic[0m[2m:[0m started_load_count:   69.000000   (avg 69.000000)
[2m2026-04-14T18:23:13.324367Z[0m [32m INFO[0m [2mbevy_diagnostic[0m[2m:[0m started_load_count:   69.000000   (avg 69.000000)
[2m2026-04-14T18:23:14.335091Z[0m [32m INFO[0m [2mbevy_diagnostic[0m[2m:[0m started_load_count:   69.000000   (avg 69.000000)
[2m2026-04-14T18:23:15.343780Z[0m [32m INFO[0m [2mbevy_diagnostic[0m[2m:[0m started_load_count:   69.000000   (avg 69.000000)
[2m2026-04-14T18:23:16.342322Z[0m [32m INFO[0m [2mbevy_diagnostic[0m[2m:[0m started_load_count:   69.000000   (avg 69.000000)
[2m2026-04-14T18:23:17.342490Z[0m [32m INFO[0m [2mbevy_diagnostic[0m[2m:[0m started_load_count:   69.000000   (avg 69.000000)
[2m2026-04-14T18:23:18.342712Z[0m [32m INFO[0m [2mbevy_diagnostic[0m[2m:[0m started_load_count:   69.000000   (avg 69.000000)
[2m2026-04-14T18:23:19.343175Z[0m [32m INFO[0m [2mbevy_diagnostic[0m[2m:[0m started_load_count:   69.000000   (avg 69.000000)
[2m2026-04-14T18:23:20.340656Z[0m [32m INFO[0m [2mbevy_diagnostic[0m[2m:[0m started_load_count:   69.000000   (avg 69.000000)
[2m2026-04-14T18:23:21.342739Z[0m [32m INFO[0m [2mbevy_diagnostic[0m[2m:[0m started_load_count:   69.000000   (avg 69.000000)
[2m2026-04-14T18:23:22.340106Z[0m [32m INFO[0m [2mbevy_diagnostic[0m[2m:[0m started_load_count:   69.000000   (avg 69.000000)
[2m2026-04-14T18:23:23.340340Z[0m [32m INFO[0m [2mbevy_diagnostic[0m[2m:[0m started_load_count:   69.000000   (avg 69.000000)
[2m2026-04-14T18:23:24.349295Z[0m [32m INFO[0m [2mbevy_diagnostic[0m[2m:[0m started_load_count:   69.000000   (avg 69.000000)
[2m2026-04-14T18:23:25.360386Z[0m [32m INFO[0m [2mbevy_diagnostic[0m[2m:[0m started_load_count:   69.000000   (avg 69.000000)
[2m2026-04-14T18:23:26.363838Z[0m [32m INFO[0m [2mbevy_diagnostic[0m[2m:[0m started_load_count:   69.000000   (avg 69.000000)
[2m2026-04-14T18:23:27.368110Z[0m [32m INFO[0m [2mbevy_diagnostic[0m[2m:[0m started_load_count:   69.000000   (avg 69.000000)
[2m2026-04-14T18:23:28.375296Z[0m [32m INFO[0m [2mbevy_diagnostic[0m[2m:[0m started_load_count:   69.000000   (avg 69.000000)
[2m2026-04-14T18:23:29.382866Z[0m [32m INFO[0m [2mbevy_diagnostic[0m[2m:[0m started_load_count:   69.000000   (avg 69.000000)
[2m2026-04-14T18:23:30.406504Z[0m [32m INFO[0m [2mbevy_diagnostic[0m[2m:[0m started_load_count:   69.000000   (avg 69.000000)
[2m2026-04-14T18:23:31.407630Z[0m [32m INFO[0m [2mbevy_diagnostic[0m[2m:[0m started_load_count:   69.000000   (avg 69.000000)
[2m2026-04-14T18:23:32.407415Z[0m [32m INFO[0m [2mbevy_diagnostic[0m[2m:[0m started_load_count:   69.000000   (avg 69.000000)
[2m2026-04-14T18:23:33.408141Z[0m [32m INFO[0m [2mbevy_diagnostic[0m[2m:[0m started_load_count:   69.000000   (avg 69.000000)
[2m2026-04-14T18:23:34.407120Z[0m [32m INFO[0m [2mbevy_diagnostic[0m[2m:[0m started_load_count:   69.000000   (avg 69.000000)
[2m2026-04-14T18:23:35.408482Z[0m [32m INFO[0m [2mbevy_diagnostic[0m[2m:[0m started_load_count:   69.000000   (avg 69.000000)
[2m2026-04-14T18:23:36.407215Z[0m [32m INFO[0m [2mbevy_diagnostic[0m[2m:[0m started_load_count:   69.000000   (avg 69.000000)
[2m2026-04-14T18:23:37.407402Z[0m [32m INFO[0m [2mbevy_diagnostic[0m[2m:[0m started_load_count:   69.000000   (avg 69.000000)
[2m2026-04-14T18:23:38.425024Z[0m [32m INFO[0m [2mbevy_diagnostic[0m[2m:[0m started_load_count:   69.000000   (avg 69.000000)
[2m2026-04-14T18:23:39.423269Z[0m [32m INFO[0m [2mbevy_diagnostic[0m[2m:[0m started_load_count:   69.000000   (avg 69.000000)
[2m2026-04-14T18:23:40.424199Z[0m [32m INFO[0m [2mbevy_diagnostic[0m[2m:[0m started_load_count:   69.000000   (avg 69.000000)
[2m2026-04-14T18:23:41.424056Z[0m [32m INFO[0m [2mbevy_diagnostic[0m[2m:[0m started_load_count:   69.000000   (avg 69.000000)
[2m2026-04-14T18:23:42.440366Z[0m [32m INFO[0m [2mbevy_diagnostic[0m[2m:[0m started_load_count:   69.000000   (avg 69.000000)
[2m2026-04-14T18:23:43.457495Z[0m [32m INFO[0m [2mbevy_diagnostic[0m[2m:[0m started_load_count:   69.000000   (avg 69.000000)
[2m2026-04-14T18:23:44.457378Z[0m [32m INFO[0m [2mbevy_diagnostic[0m[2m:[0m started_load_count:   69.000000   (avg 69.000000)
[2m2026-04-14T18:23:45.458572Z[0m [32m INFO[0m [2mbevy_diagnostic[0m[2m:[0m started_load_count:   69.000000   (avg 69.000000)
[2m2026-04-14T18:23:46.456671Z[0m [32m INFO[0m [2mbevy_diagnostic[0m[2m:[0m started_load_count:   69.000000   (avg 69.000000)
[2m2026-04-14T18:23:47.472770Z[0m [32m INFO[0m [2mbevy_diagnostic[0m[2m:[0m started_load_count:   69.000000   (avg 69.000000)
[2m2026-04-14T18:23:48.473553Z[0m [32m INFO[0m [2mbevy_diagnostic[0m[2m:[0m started_load_count:   69.000000   (avg 69.000000)
[2m2026-04-14T18:23:49.474164Z[0m [32m INFO[0m [2mbevy_diagnostic[0m[2m:[0m started_load_count:   69.000000   (avg 69.000000)
[2m2026-04-14T18:23:50.474287Z[0m [32m INFO[0m [2mbevy_diagnostic[0m[2m:[0m started_load_count:   69.000000   (avg 69.000000)
[2m2026-04-14T18:23:51.474911Z[0m [32m INFO[0m [2mbevy_diagnostic[0m[2m:[0m started_load_count:   69.000000   (avg 69.000000)
[2m2026-04-14T18:23:52.474100Z[0m [32m INFO[0m [2mbevy_diagnostic[0m[2m:[0m started_load_count:   69.000000   (avg 69.000000)
[2m2026-04-14T18:23:53.475103Z[0m [32m INFO[0m [2mbevy_diagnostic[0m[2m:[0m started_load_count:   69.000000   (avg 69.000000)
[2m2026-04-14T18:23:54.473128Z[0m [32m INFO[0m [2mbevy_diagnostic[0m[2m:[0m started_load_count:   69.000000   (avg 69.000000)
[2m2026-04-14T18:23:55.475720Z[0m [32m INFO[0m [2mbevy_diagnostic[0m[2m:[0m started_load_count:   69.000000   (avg 69.000000)
[2m2026-04-14T18:23:56.474882Z[0m [32m INFO[0m [2mbevy_diagnostic[0m[2m:[0m started_load_count:   69.000000   (avg 69.000000)
[2m2026-04-14T18:23:57.488635Z[0m [32m INFO[0m [2mbevy_diagnostic[0m[2m:[0m started_load_count:   69.000000   (avg 69.000000)
[2m2026-04-14T18:23:58.488387Z[0m [32m INFO[0m [2mbevy_diagnostic[0m[2m:[0m started_load_count:   69.000000   (avg 69.000000)
[2m2026-04-14T18:23:59.493089Z[0m [32m INFO[0m [2mbevy_diagnostic[0m[2m:[0m started_load_count:   69.000000   (avg 69.000000)
[2m2026-04-14T18:24:00.490270Z[0m [32m INFO[0m [2mbevy_diagnostic[0m[2m:[0m started_load_count:   69.000000   (avg 69.000000)
[2m2026-04-14T18:24:01.491037Z[0m [32m INFO[0m [2mbevy_diagnostic[0m[2m:[0m started_load_count:   69.000000   (avg 69.000000)
[2m2026-04-14T18:24:02.489203Z[0m [32m INFO[0m [2mbevy_diagnostic[0m[2m:[0m started_load_count:   69.000000   (avg 69.000000)
[2m2026-04-14T18:24:03.490903Z[0m [32m INFO[0m [2mbevy_diagnostic[0m[2m:[0m started_load_count:   69.000000   (avg 69.000000)
[2m2026-04-14T18:24:04.491770Z[0m [32m INFO[0m [2mbevy_diagnostic[0m[2m:[0m started_load_count:   69.000000   (avg 69.000000)
[2m2026-04-14T18:24:05.499831Z[0m [32m INFO[0m [2mbevy_diagnostic[0m[2m:[0m started_load_count:   69.000000   (avg 69.000000)
[2m2026-04-14T18:24:06.509021Z[0m [32m INFO[0m [2mbevy_diagnostic[0m[2m:[0m started_load_count:   69.000000   (avg 69.000000)
[2m2026-04-14T18:24:07.509350Z[0m [32m INFO[0m [2mbevy_diagnostic[0m[2m:[0m started_load_count:   69.000000   (avg 69.000000)
[2m2026-04-14T18:24:08.506958Z[0m [32m INFO[0m [2mbevy_diagnostic[0m[2m:[0m started_load_count:   69.000000   (avg 69.000000)
[2m2026-04-14T18:24:09.506791Z[0m [32m INFO[0m [2mbevy_diagnostic[0m[2m:[0m started_load_count:   69.000000   (avg 69.000000)
[2m2026-04-14T18:24:10.506890Z[0m [32m INFO[0m [2mbevy_diagnostic[0m[2m:[0m started_load_count:   69.000000   (avg 69.000000)
[2m2026-04-14T18:24:11.515917Z[0m [32m INFO[0m [2mbevy_diagnostic[0m[2m:[0m started_load_count:   69.000000   (avg 69.000000)
[2m2026-04-14T18:24:12.542064Z[0m [32m INFO[0m [2mbevy_diagnostic[0m[2m:[0m started_load_count:   69.000000   (avg 69.000000)
[2m2026-04-14T18:24:13.541917Z[0m [32m INFO[0m [2mbevy_diagnostic[0m[2m:[0m started_load_count:   69.000000   (avg 69.000000)
[2m2026-04-14T18:24:14.539546Z[0m [32m INFO[0m [2mbevy_diagnostic[0m[2m:[0m started_load_count:   69.000000   (avg 69.000000)
[2m2026-04-14T18:24:15.542538Z[0m [32m INFO[0m [2mbevy_diagnostic[0m[2m:[0m started_load_count:   69.000000   (avg 69.000000)
[2m2026-04-14T18:24:16.541967Z[0m [32m INFO[0m [2mbevy_diagnostic[0m[2m:[0m started_load_count:   69.000000   (avg 69.000000)
[2m2026-04-14T18:24:17.541058Z[0m [32m INFO[0m [2mbevy_diagnostic[0m[2m:[0m started_load_count:   69.000000   (avg 69.000000)
[2m2026-04-14T18:24:18.541620Z[0m [32m INFO[0m [2mbevy_diagnostic[0m[2m:[0m started_load_count:   69.000000   (avg 69.000000)
[2m2026-04-14T18:24:19.557347Z[0m [32m INFO[0m [2mbevy_diagnostic[0m[2m:[0m started_load_count:   69.000000   (avg 69.000000)
[2m2026-04-14T18:24:20.557728Z[0m [32m INFO[0m [2mbevy_diagnostic[0m[2m:[0m started_load_count:   69.000000   (avg 69.000000)
[2m2026-04-14T18:24:21.557799Z[0m [32m INFO[0m [2mbevy_diagnostic[0m[2m:[0m started_load_count:   69.000000   (avg 69.000000)
[2m2026-04-14T18:24:22.557853Z[0m [32m INFO[0m [2mbevy_diagnostic[0m[2m:[0m started_load_count:   69.000000   (avg 69.000000)
[2m2026-04-14T18:24:23.558961Z[0m [32m INFO[0m [2mbevy_diagnostic[0m[2m:[0m started_load_count:   69.000000   (avg 69.000000)
[2m2026-04-14T18:24:24.559053Z[0m [32m INFO[0m [2mbevy_diagnostic[0m[2m:[0m started_load_count:   69.000000   (avg 69.000000)
[2m2026-04-14T18:24:25.576245Z[0m [32m INFO[0m [2mbevy_diagnostic[0m[2m:[0m started_load_count:   69.000000   (avg 69.000000)
[2m2026-04-14T18:24:26.576476Z[0m [32m INFO[0m [2mbevy_diagnostic[0m[2m:[0m started_load_count:   69.000000   (avg 69.000000)
[2m2026-04-14T18:24:27.574694Z[0m [32m INFO[0m [2mbevy_diagnostic[0m[2m:[0m started_load_count:   69.000000   (avg 69.000000)
[2m2026-04-14T18:24:28.574495Z[0m [32m INFO[0m [2mbevy_diagnostic[0m[2m:[0m started_load_count:   69.000000   (avg 69.000000)
[2m2026-04-14T18:24:29.572654Z[0m [32m INFO[0m [2mbevy_diagnostic[0m[2m:[0m started_load_count:   69.000000   (avg 69.000000)
[2m2026-04-14T18:24:30.574691Z[0m [32m INFO[0m [2mbevy_diagnostic[0m[2m:[0m started_load_count:   69.000000   (avg 69.000000)
[2m2026-04-14T18:24:31.575526Z[0m [32m INFO[0m [2mbevy_diagnostic[0m[2m:[0m started_load_count:   69.000000   (avg 69.000000)
[2m2026-04-14T18:24:32.575115Z[0m [32m INFO[0m [2mbevy_diagnostic[0m[2m:[0m started_load_count:   69.000000   (avg 69.000000)
[2m2026-04-14T18:24:33.575774Z[0m [32m INFO[0m [2mbevy_diagnostic[0m[2m:[0m started_load_count:   69.000000   (avg 69.000000)
[2m2026-04-14T18:24:34.592871Z[0m [32m INFO[0m [2mbevy_diagnostic[0m[2m:[0m started_load_count:   69.000000   (avg 69.000000)
[2m2026-04-14T18:24:35.609511Z[0m [32m INFO[0m [2mbevy_diagnostic[0m[2m:[0m started_load_count:   69.000000   (avg 69.000000)
[2m2026-04-14T18:24:36.609568Z[0m [32m INFO[0m [2mbevy_diagnostic[0m[2m:[0m started_load_count:   69.000000   (avg 69.000000)
[2m2026-04-14T18:24:37.623505Z[0m [32m INFO[0m [2mbevy_diagnostic[0m[2m:[0m started_load_count:   69.000000   (avg 69.000000)
[2m2026-04-14T18:24:38.624320Z[0m [32m INFO[0m [2mbevy_diagnostic[0m[2m:[0m started_load_count:   69.000000   (avg 69.000000)
[2m2026-04-14T18:24:39.625271Z[0m [32m INFO[0m [2mbevy_diagnostic[0m[2m:[0m started_load_count:   69.000000   (avg 69.000000)
[2m2026-04-14T18:24:40.625139Z[0m [32m INFO[0m [2mbevy_diagnostic[0m[2m:[0m started_load_count:   69.000000   (avg 69.000000)
[2m2026-04-14T18:24:41.625494Z[0m [32m INFO[0m [2mbevy_diagnostic[0m[2m:[0m started_load_count:   69.000000   (avg 69.000000)
[2m2026-04-14T18:24:42.625452Z[0m [32m INFO[0m [2mbevy_diagnostic[0m[2m:[0m started_load_count:   69.000000   (avg 69.000000)
[2m2026-04-14T18:24:43.626112Z[0m [32m INFO[0m [2mbevy_diagnostic[0m[2m:[0m started_load_count:   69.000000   (avg 69.000000)
[2m2026-04-14T18:24:44.626184Z[0m [32m INFO[0m [2mbevy_diagnostic[0m[2m:[0m started_load_count:   69.000000   (avg 69.000000)
[2m2026-04-14T18:24:45.641602Z[0m [32m INFO[0m [2mbevy_diagnostic[0m[2m:[0m started_load_count:   69.000000   (avg 69.000000)
[2m2026-04-14T18:24:46.641914Z[0m [32m INFO[0m [2mbevy_diagnostic[0m[2m:[0m started_load_count:   69.000000   (avg 69.000000)
[2m2026-04-14T18:24:47.642342Z[0m [32m INFO[0m [2mbevy_diagnostic[0m[2m:[0m started_load_count:   69.000000   (avg 69.000000)
[2m2026-04-14T18:24:48.642665Z[0m [32m INFO[0m [2mbevy_diagnostic[0m[2m:[0m started_load_count:   69.000000   (avg 69.000000)
[2m2026-04-14T18:24:49.642591Z[0m [32m INFO[0m [2mbevy_diagnostic[0m[2m:[0m started_load_count:   69.000000   (avg 69.000000)
[2m2026-04-14T18:24:50.657220Z[0m [32m INFO[0m [2mbevy_diagnostic[0m[2m:[0m started_load_count:   69.000000   (avg 69.000000)
[2m2026-04-14T18:24:51.658790Z[0m [32m INFO[0m [2mbevy_diagnostic[0m[2m:[0m started_load_count:   69.000000   (avg 69.000000)
[2m2026-04-14T18:24:52.659507Z[0m [32m INFO[0m [2mbevy_diagnostic[0m[2m:[0m started_load_count:   69.000000   (avg 69.000000)
[2m2026-04-14T18:24:53.659114Z[0m [32m INFO[0m [2mbevy_diagnostic[0m[2m:[0m started_load_count:   69.000000   (avg 69.000000)
[2m2026-04-14T18:24:54.659270Z[0m [32m INFO[0m [2mbevy_diagnostic[0m[2m:[0m started_load_count:   69.000000   (avg 69.000000)
[2m2026-04-14T18:24:55.659860Z[0m [32m INFO[0m [2mbevy_diagnostic[0m[2m:[0m started_load_count:   69.000000   (avg 69.000000)
[2m2026-04-14T18:24:56.660769Z[0m [32m INFO[0m [2mbevy_diagnostic[0m[2m:[0m started_load_count:   69.000000   (avg 69.000000)
[2m2026-04-14T18:24:57.659578Z[0m [32m INFO[0m [2mbevy_diagnostic[0m[2m:[0m started_load_count:   69.000000   (avg 69.000000)
[2m2026-04-14T18:24:58.674060Z[0m [32m INFO[0m [2mbevy_diagnostic[0m[2m:[0m started_load_count:   69.000000   (avg 69.000000)
[2m2026-04-14T18:24:59.674163Z[0m [32m INFO[0m [2mbevy_diagnostic[0m[2m:[0m started_load_count:   69.000000   (avg 69.000000)
[2m2026-04-14T18:25:00.675039Z[0m [32m INFO[0m [2mbevy_diagnostic[0m[2m:[0m started_load_count:   69.000000   (avg 69.000000)
[2m2026-04-14T18:25:01.674435Z[0m [32m INFO[0m [2mbevy_diagnostic[0m[2m:[0m started_load_count:   69.000000   (avg 69.000000)
[2m2026-04-14T18:25:02.676239Z[0m [32m INFO[0m [2mbevy_diagnostic[0m[2m:[0m started_load_count:   69.000000   (avg 69.000000)
[2m2026-04-14T18:25:03.675549Z[0m [32m INFO[0m [2mbevy_diagnostic[0m[2m:[0m started_load_count:   69.000000   (avg 69.000000)
[2m2026-04-14T18:25:04.675182Z[0m [32m INFO[0m [2mbevy_diagnostic[0m[2m:[0m started_load_count:   69.000000   (avg 69.000000)
[2m2026-04-14T18:25:05.675622Z[0m [32m INFO[0m [2mbevy_diagnostic[0m[2m:[0m started_load_count:   69.000000   (avg 69.000000)
[2m2026-04-14T18:25:06.676081Z[0m [32m INFO[0m [2mbevy_diagnostic[0m[2m:[0m started_load_count:   69.000000   (avg 69.000000)
[2m2026-04-14T18:25:07.676891Z[0m [32m INFO[0m [2mbevy_diagnostic[0m[2m:[0m started_load_count:   69.000000   (avg 69.000000)
[2m2026-04-14T18:25:08.676743Z[0m [32m INFO[0m [2mbevy_diagnostic[0m[2m:[0m started_load_count:   69.000000   (avg 69.000000)
[2m2026-04-14T18:25:09.692891Z[0m [32m INFO[0m [2mbevy_diagnostic[0m[2m:[0m started_load_count:   69.000000   (avg 69.000000)
[2m2026-04-14T18:25:10.691392Z[0m [32m INFO[0m [2mbevy_diagnostic[0m[2m:[0m started_load_count:   69.000000   (avg 69.000000)
[2m2026-04-14T18:25:11.690095Z[0m [32m INFO[0m [2mbevy_diagnostic[0m[2m:[0m started_load_count:   69.000000   (avg 69.000000)
[2m2026-04-14T18:25:12.691924Z[0m [32m INFO[0m [2mbevy_diagnostic[0m[2m:[0m started_load_count:   69.000000   (avg 69.000000)
[2m2026-04-14T18:25:13.691512Z[0m [32m INFO[0m [2mbevy_diagnostic[0m[2m:[0m started_load_count:   69.000000   (avg 69.000000)
[2m2026-04-14T18:25:14.691182Z[0m [32m INFO[0m [2mbevy_diagnostic[0m[2m:[0m started_load_count:   69.000000   (avg 69.000000)
[2m2026-04-14T18:25:15.691491Z[0m [32m INFO[0m [2mbevy_diagnostic[0m[2m:[0m started_load_count:   69.000000   (avg 69.000000)
[2m2026-04-14T18:25:16.691389Z[0m [32m INFO[0m [2mbevy_diagnostic[0m[2m:[0m started_load_count:   69.000000   (avg 69.000000)
[2m2026-04-14T18:25:17.691114Z[0m [32m INFO[0m [2mbevy_diagnostic[0m[2m:[0m started_load_count:   69.000000   (avg 69.000000)
[2m2026-04-14T18:25:18.693838Z[0m [32m INFO[0m [2mbevy_diagnostic[0m[2m:[0m started_load_count:   69.000000   (avg 69.000000)
[2m2026-04-14T18:25:19.694208Z[0m [32m INFO[0m [2mbevy_diagnostic[0m[2m:[0m started_load_count:   69.000000   (avg 69.000000)
[2m2026-04-14T18:25:20.692427Z[0m [32m INFO[0m [2mbevy_diagnostic[0m[2m:[0m started_load_count:   69.000000   (avg 69.000000)
[2m2026-04-14T18:25:21.693090Z[0m [32m INFO[0m [2mbevy_diagnostic[0m[2m:[0m started_load_count:   69.000000   (avg 69.000000)
[2m2026-04-14T18:25:22.693492Z[0m [32m INFO[0m [2mbevy_diagnostic[0m[2m:[0m started_load_count:   69.000000   (avg 69.000000)
[2m2026-04-14T18:25:23.727136Z[0m [32m INFO[0m [2mbevy_diagnostic[0m[2m:[0m started_load_count:   69.000000   (avg 69.000000)
[2m2026-04-14T18:25:24.726002Z[0m [32m INFO[0m [2mbevy_diagnostic[0m[2m:[0m started_load_count:   69.000000   (avg 69.000000)
[2m2026-04-14T18:25:25.740855Z[0m [32m INFO[0m [2mbevy_diagnostic[0m[2m:[0m started_load_count:   69.000000   (avg 69.000000)
[2m2026-04-14T18:25:26.740999Z[0m [32m INFO[0m [2mbevy_diagnostic[0m[2m:[0m started_load_count:   69.000000   (avg 69.000000)
[2m2026-04-14T18:25:27.741455Z[0m [32m INFO[0m [2mbevy_diagnostic[0m[2m:[0m started_load_count:   69.000000   (avg 69.000000)
[2m2026-04-14T18:25:28.741480Z[0m [32m INFO[0m [2mbevy_diagnostic[0m[2m:[0m started_load_count:   69.000000   (avg 69.000000)
[2m2026-04-14T18:25:29.745439Z[0m [32m INFO[0m [2mbevy_diagnostic[0m[2m:[0m started_load_count:   69.000000   (avg 69.000000)
[2m2026-04-14T18:25:30.742937Z[0m [32m INFO[0m [2mbevy_diagnostic[0m[2m:[0m started_load_count:   69.000000   (avg 69.000000)
[2m2026-04-14T18:25:31.743063Z[0m [32m INFO[0m [2mbevy_diagnostic[0m[2m:[0m started_load_count:   69.000000   (avg 69.000000)
[2m2026-04-14T18:25:32.742869Z[0m [32m INFO[0m [2mbevy_diagnostic[0m[2m:[0m started_load_count:   69.000000   (avg 69.000000)
[2m2026-04-14T18:25:33.758104Z[0m [32m INFO[0m [2mbevy_diagnostic[0m[2m:[0m started_load_count:   69.000000   (avg 69.000000)
[2m2026-04-14T18:25:34.760465Z[0m [32m INFO[0m [2mbevy_diagnostic[0m[2m:[0m started_load_count:   69.000000   (avg 69.000000)
[2m2026-04-14T18:25:35.762064Z[0m [32m INFO[0m [2mbevy_diagnostic[0m[2m:[0m started_load_count:   69.000000   (avg 69.000000)
[2m2026-04-14T18:25:36.756686Z[0m [32m INFO[0m [2mbevy_diagnostic[0m[2m:[0m started_load_count:   69.000000   (avg 69.000000)
[2m2026-04-14T18:25:37.759074Z[0m [32m INFO[0m [2mbevy_diagnostic[0m[2m:[0m started_load_count:   69.000000   (avg 69.000000)
[2m2026-04-14T18:25:38.757525Z[0m [32m INFO[0m [2mbevy_diagnostic[0m[2m:[0m started_load_count:   69.000000   (avg 69.000000)
[2m2026-04-14T18:25:39.757889Z[0m [32m INFO[0m [2mbevy_diagnostic[0m[2m:[0m started_load_count:   69.000000   (avg 69.000000)
[2m2026-04-14T18:25:40.758320Z[0m [32m INFO[0m [2mbevy_diagnostic[0m[2m:[0m started_load_count:   69.000000   (avg 69.000000)
[2m2026-04-14T18:25:41.776064Z[0m [32m INFO[0m [2mbevy_diagnostic[0m[2m:[0m started_load_count:   69.000000   (avg 69.000000)
[2m2026-04-14T18:25:42.791468Z[0m [32m INFO[0m [2mbevy_diagnostic[0m[2m:[0m started_load_count:   69.000000   (avg 69.000000)
[2m2026-04-14T18:25:43.792205Z[0m [32m INFO[0m [2mbevy_diagnostic[0m[2m:[0m started_load_count:   69.000000   (avg 69.000000)
[2m2026-04-14T18:25:44.791849Z[0m [32m INFO[0m [2mbevy_diagnostic[0m[2m:[0m started_load_count:   69.000000   (avg 69.000000)
[2m2026-04-14T18:25:45.793259Z[0m [32m INFO[0m [2mbevy_diagnostic[0m[2m:[0m started_load_count:   69.000000   (avg 69.000000)
[2m2026-04-14T18:25:46.792292Z[0m [32m INFO[0m [2mbevy_diagnostic[0m[2m:[0m started_load_count:   69.000000   (avg 69.000000)
[2m2026-04-14T18:25:47.793716Z[0m [32m INFO[0m [2mbevy_diagnostic[0m[2m:[0m started_load_count:   69.000000   (avg 69.000000)
[2m2026-04-14T18:25:48.793363Z[0m [32m INFO[0m [2mbevy_diagnostic[0m[2m:[0m started_load_count:   69.000000   (avg 69.000000)
[2m2026-04-14T18:25:49.794839Z[0m [32m INFO[0m [2mbevy_diagnostic[0m[2m:[0m started_load_count:   69.000000   (avg 69.000000)
[2m2026-04-14T18:25:50.793798Z[0m [32m INFO[0m [2mbevy_diagnostic[0m[2m:[0m started_load_count:   69.000000   (avg 69.000000)
[2m2026-04-14T18:25:51.793262Z[0m [32m INFO[0m [2mbevy_diagnostic[0m[2m:[0m started_load_count:   69.000000   (avg 69.000000)
[2m2026-04-14T18:25:52.793570Z[0m [32m INFO[0m [2mbevy_diagnostic[0m[2m:[0m started_load_count:   69.000000   (avg 69.000000)
[2m2026-04-14T18:25:53.808337Z[0m [32m INFO[0m [2mbevy_diagnostic[0m[2m:[0m started_load_count:   69.000000   (avg 69.000000)
[2m2026-04-14T18:25:54.808107Z[0m [32m INFO[0m [2mbevy_diagnostic[0m[2m:[0m started_load_count:   69.000000   (avg 69.000000)
[2m2026-04-14T18:25:55.809984Z[0m [32m INFO[0m [2mbevy_diagnostic[0m[2m:[0m started_load_count:   69.000000   (avg 69.000000)
[2m2026-04-14T18:25:56.808916Z[0m [32m INFO[0m [2mbevy_diagnostic[0m[2m:[0m started_load_count:   69.000000   (avg 69.000000)
[2m2026-04-14T18:25:57.810158Z[0m [32m INFO[0m [2mbevy_diagnostic[0m[2m:[0m started_load_count:   69.000000   (avg 69.000000)
[2m2026-04-14T18:25:58.810173Z[0m [32m INFO[0m [2mbevy_diagnostic[0m[2m:[0m started_load_count:   69.000000   (avg 69.000000)
[2m2026-04-14T18:25:59.810157Z[0m [32m INFO[0m [2mbevy_diagnostic[0m[2m:[0m started_load_count:   69.000000   (avg 69.000000)
[2m2026-04-14T18:26:00.824142Z[0m [32m INFO[0m [2mbevy_diagnostic[0m[2m:[0m started_load_count:   69.000000   (avg 69.000000)
[2m2026-04-14T18:26:01.825783Z[0m [32m INFO[0m [2mbevy_diagnostic[0m[2m:[0m started_load_count:   69.000000   (avg 69.000000)
[2m2026-04-14T18:26:02.823978Z[0m [32m INFO[0m [2mbevy_diagnostic[0m[2m:[0m started_load_count:   69.000000   (avg 69.000000)
[2m2026-04-14T18:26:03.825673Z[0m [32m INFO[0m [2mbevy_diagnostic[0m[2m:[0m started_load_count:   69.000000   (avg 69.000000)
[2m2026-04-14T18:26:04.825596Z[0m [32m INFO[0m [2mbevy_diagnostic[0m[2m:[0m started_load_count:   69.000000   (avg 69.000000)
[2m2026-04-14T18:26:05.826986Z[0m [32m INFO[0m [2mbevy_diagnostic[0m[2m:[0m started_load_count:   69.000000   (avg 69.000000)
[2m2026-04-14T18:26:06.827033Z[0m [32m INFO[0m [2mbevy_diagnostic[0m[2m:[0m started_load_count:   69.000000   (avg 69.000000)
[2m2026-04-14T18:26:07.827668Z[0m [32m INFO[0m [2mbevy_diagnostic[0m[2m:[0m started_load_count:   69.000000   (avg 69.000000)
[2m2026-04-14T18:26:08.826881Z[0m [32m INFO[0m [2mbevy_diagnostic[0m[2m:[0m started_load_count:   69.000000   (avg 69.000000)
[2m2026-04-14T18:26:09.826367Z[0m [32m INFO[0m [2mbevy_diagnostic[0m[2m:[0m started_load_count:   69.000000   (avg 69.000000)
[2m2026-04-14T18:26:10.842027Z[0m [32m INFO[0m [2mbevy_diagnostic[0m[2m:[0m started_load_count:   69.000000   (avg 69.000000)
[2m2026-04-14T18:26:11.841429Z[0m [32m INFO[0m [2mbevy_diagnostic[0m[2m:[0m started_load_count:   69.000000   (avg 69.000000)
[2m2026-04-14T18:26:12.841328Z[0m [32m INFO[0m [2mbevy_diagnostic[0m[2m:[0m started_load_count:   69.000000   (avg 69.000000)
[2m2026-04-14T18:26:13.840781Z[0m [32m INFO[0m [2mbevy_diagnostic[0m[2m:[0m started_load_count:   69.000000   (avg 69.000000)
[2m2026-04-14T18:26:14.842453Z[0m [32m INFO[0m [2mbevy_diagnostic[0m[2m:[0m started_load_count:   69.000000   (avg 69.000000)
[2m2026-04-14T18:26:15.843930Z[0m [32m INFO[0m [2mbevy_diagnostic[0m[2m:[0m started_load_count:   69.000000   (avg 69.000000)
[2m2026-04-14T18:26:16.842174Z[0m [32m INFO[0m [2mbevy_diagnostic[0m[2m:[0m started_load_count:   69.000000   (avg 69.000000)
[2m2026-04-14T18:26:17.843858Z[0m [32m INFO[0m [2mbevy_diagnostic[0m[2m:[0m started_load_count:   69.000000   (avg 69.000000)
[2m2026-04-14T18:26:18.844172Z[0m [32m INFO[0m [2mbevy_diagnostic[0m[2m:[0m started_load_count:   69.000000   (avg 69.000000)
[2m2026-04-14T18:26:19.844433Z[0m [32m INFO[0m [2mbevy_diagnostic[0m[2m:[0m started_load_count:   69.000000   (avg 69.000000)
[2m2026-04-14T18:26:20.859413Z[0m [32m INFO[0m [2mbevy_diagnostic[0m[2m:[0m started_load_count:   69.000000   (avg 69.000000)
[2m2026-04-14T18:26:21.858719Z[0m [32m INFO[0m [2mbevy_diagnostic[0m[2m:[0m started_load_count:   69.000000   (avg 69.000000)
[2m2026-04-14T18:26:22.857997Z[0m [32m INFO[0m [2mbevy_diagnostic[0m[2m:[0m started_load_count:   69.000000   (avg 69.000000)
[2m2026-04-14T18:26:23.858676Z[0m [32m INFO[0m [2mbevy_diagnostic[0m[2m:[0m started_load_count:   69.000000   (avg 69.000000)
[2m2026-04-14T18:26:24.876521Z[0m [32m INFO[0m [2mbevy_diagnostic[0m[2m:[0m started_load_count:   69.000000   (avg 69.000000)
[2m2026-04-14T18:26:25.892438Z[0m [32m INFO[0m [2mbevy_diagnostic[0m[2m:[0m started_load_count:   69.000000   (avg 69.000000)
[2m2026-04-14T18:26:26.892311Z[0m [32m INFO[0m [2mbevy_diagnostic[0m[2m:[0m started_load_count:   69.000000   (avg 69.000000)
[2m2026-04-14T18:26:27.894411Z[0m [32m INFO[0m [2mbevy_diagnostic[0m[2m:[0m started_load_count:   69.000000   (avg 69.000000)
[2m2026-04-14T18:26:28.893987Z[0m [32m INFO[0m [2mbevy_diagnostic[0m[2m:[0m started_load_count:   69.000000   (avg 69.000000)
[2m2026-04-14T18:26:29.894139Z[0m [32m INFO[0m [2mbevy_diagnostic[0m[2m:[0m started_load_count:   69.000000   (avg 69.000000)
[2m2026-04-14T18:26:30.893905Z[0m [32m INFO[0m [2mbevy_diagnostic[0m[2m:[0m started_load_count:   69.000000   (avg 69.000000)
[2m2026-04-14T18:26:31.893136Z[0m [32m INFO[0m [2mbevy_diagnostic[0m[2m:[0m started_load_count:   69.000000   (avg 69.000000)
[2m2026-04-14T18:26:32.911314Z[0m [32m INFO[0m [2mbevy_diagnostic[0m[2m:[0m started_load_count:   69.000000   (avg 69.000000)
[2m2026-04-14T18:26:33.910283Z[0m [32m INFO[0m [2mbevy_diagnostic[0m[2m:[0m started_load_count:   69.000000   (avg 69.000000)
[2m2026-04-14T18:26:34.908089Z[0m [32m INFO[0m [2mbevy_diagnostic[0m[2m:[0m started_load_count:   69.000000   (avg 69.000000)
[2m2026-04-14T18:26:35.910214Z[0m [32m INFO[0m [2mbevy_diagnostic[0m[2m:[0m started_load_count:   69.000000   (avg 69.000000)
[2m2026-04-14T18:26:36.926893Z[0m [32m INFO[0m [2mbevy_diagnostic[0m[2m:[0m started_load_count:   69.000000   (avg 69.000000)
[2m2026-04-14T18:26:37.942485Z[0m [32m INFO[0m [2mbevy_diagnostic[0m[2m:[0m started_load_count:   69.000000   (avg 69.000000)
[2m2026-04-14T18:26:38.942941Z[0m [32m INFO[0m [2mbevy_diagnostic[0m[2m:[0m started_load_count:   69.000000   (avg 69.000000)
[2m2026-04-14T18:26:39.943370Z[0m [32m INFO[0m [2mbevy_diagnostic[0m[2m:[0m started_load_count:   69.000000   (avg 69.000000)
[2m2026-04-14T18:26:40.941701Z[0m [32m INFO[0m [2mbevy_diagnostic[0m[2m:[0m started_load_count:   69.000000   (avg 69.000000)
[2m2026-04-14T18:26:41.942025Z[0m [32m INFO[0m [2mbevy_diagnostic[0m[2m:[0m started_load_count:   69.000000   (avg 69.000000)
[2m2026-04-14T18:26:42.941842Z[0m [32m INFO[0m [2mbevy_diagnostic[0m[2m:[0m started_load_count:   69.000000   (avg 69.000000)
[2m2026-04-14T18:26:43.943323Z[0m [32m INFO[0m [2mbevy_diagnostic[0m[2m:[0m started_load_count:   69.000000   (avg 69.000000)
[2m2026-04-14T18:26:44.944085Z[0m [32m INFO[0m [2mbevy_diagnostic[0m[2m:[0m started_load_count:   69.000000   (avg 69.000000)
[2m2026-04-14T18:26:45.943590Z[0m [32m INFO[0m [2mbevy_diagnostic[0m[2m:[0m started_load_count:   69.000000   (avg 69.000000)
[2m2026-04-14T18:26:46.943526Z[0m [32m INFO[0m [2mbevy_diagnostic[0m[2m:[0m started_load_count:   69.000000   (avg 69.000000)
[2m2026-04-14T18:26:47.944084Z[0m [32m INFO[0m [2mbevy_diagnostic[0m[2m:[0m started_load_count:   69.000000   (avg 69.000000)
[2m2026-04-14T18:26:48.945964Z[0m [32m INFO[0m [2mbevy_diagnostic[0m[2m:[0m started_load_count:   69.000000   (avg 69.000000)
[2m2026-04-14T18:26:49.944246Z[0m [32m INFO[0m [2mbevy_diagnostic[0m[2m:[0m started_load_count:   69.000000   (avg 69.000000)
[2m2026-04-14T18:26:50.943996Z[0m [32m INFO[0m [2mbevy_diagnostic[0m[2m:[0m started_load_count:   69.000000   (avg 69.000000)
[2m2026-04-14T18:26:51.944279Z[0m [32m INFO[0m [2mbevy_diagnostic[0m[2m:[0m started_load_count:   69.000000   (avg 69.000000)
[2m2026-04-14T18:26:52.960735Z[0m [32m INFO[0m [2mbevy_diagnostic[0m[2m:[0m started_load_count:   69.000000   (avg 69.000000)
[2m2026-04-14T18:26:53.959478Z[0m [32m INFO[0m [2mbevy_diagnostic[0m[2m:[0m started_load_count:   69.000000   (avg 69.000000)
[2m2026-04-14T18:26:54.967360Z[0m [32m INFO[0m [2mbevy_diagnostic[0m[2m:[0m started_load_count:   69.000000   (avg 69.000000)
[2m2026-04-14T18:26:55.994033Z[0m [32m INFO[0m [2mbevy_diagnostic[0m[2m:[0m started_load_count:   69.000000   (avg 69.000000)
[2m2026-04-14T18:26:56.992593Z[0m [32m INFO[0m [2mbevy_diagnostic[0m[2m:[0m started_load_count:   69.000000   (avg 69.000000)
[2m2026-04-14T18:26:57.993571Z[0m [32m INFO[0m [2mbevy_diagnostic[0m[2m:[0m started_load_count:   69.000000   (avg 69.000000)
[2m2026-04-14T18:26:58.994109Z[0m [32m INFO[0m [2mbevy_diagnostic[0m[2m:[0m started_load_count:   69.000000   (avg 69.000000)
[2m2026-04-14T18:26:59.994753Z[0m [32m INFO[0m [2mbevy_diagnostic[0m[2m:[0m started_load_count:   69.000000   (avg 69.000000)
[2m2026-04-14T18:27:00.995181Z[0m [32m INFO[0m [2mbevy_diagnostic[0m[2m:[0m started_load_count:   69.000000   (avg 69.000000)
[2m2026-04-14T18:27:01.992397Z[0m [32m INFO[0m [2mbevy_diagnostic[0m[2m:[0m started_load_count:   69.000000   (avg 69.000000)
[2m2026-04-14T18:27:02.993493Z[0m [32m INFO[0m [2mbevy_diagnostic[0m[2m:[0m started_load_count:   69.000000   (avg 69.000000)
[2m2026-04-14T18:27:03.994037Z[0m [32m INFO[0m [2mbevy_diagnostic[0m[2m:[0m started_load_count:   69.000000   (avg 69.000000)
[2m2026-04-14T18:27:04.993633Z[0m [32m INFO[0m [2mbevy_diagnostic[0m[2m:[0m started_load_count:   69.000000   (avg 69.000000)
[2m2026-04-14T18:27:05.994576Z[0m [32m INFO[0m [2mbevy_diagnostic[0m[2m:[0m started_load_count:   69.000000   (avg 69.000000)
[2m2026-04-14T18:27:07.010635Z[0m [32m INFO[0m [2mbevy_diagnostic[0m[2m:[0m started_load_count:   69.000000   (avg 69.000000)
[2m2026-04-14T18:27:08.009386Z[0m [32m INFO[0m [2mbevy_diagnostic[0m[2m:[0m started_load_count:   69.000000   (avg 69.000000)
[2m2026-04-14T18:27:09.011082Z[0m [32m INFO[0m [2mbevy_diagnostic[0m[2m:[0m started_load_count:   69.000000   (avg 69.000000)
[2m2026-04-14T18:27:10.008108Z[0m [32m INFO[0m [2mbevy_diagnostic[0m[2m:[0m started_load_count:   69.000000   (avg 69.000000)
[2m2026-04-14T18:27:11.009598Z[0m [32m INFO[0m [2mbevy_diagnostic[0m[2m:[0m started_load_count:   69.000000   (avg 69.000000)
[2m2026-04-14T18:27:12.010185Z[0m [32m INFO[0m [2mbevy_diagnostic[0m[2m:[0m started_load_count:   69.000000   (avg 69.000000)
[2m2026-04-14T18:27:13.009127Z[0m [32m INFO[0m [2mbevy_diagnostic[0m[2m:[0m started_load_count:   69.000000   (avg 69.000000)
[2m2026-04-14T18:27:14.010343Z[0m [32m INFO[0m [2mbevy_diagnostic[0m[2m:[0m started_load_count:   69.000000   (avg 69.000000)
[2m2026-04-14T18:27:15.009612Z[0m [32m INFO[0m [2mbevy_diagnostic[0m[2m:[0m started_load_count:   69.000000   (avg 69.000000)
[2m2026-04-14T18:27:16.010777Z[0m [32m INFO[0m [2mbevy_diagnostic[0m[2m:[0m started_load_count:   69.000000   (avg 69.000000)
[2m2026-04-14T18:27:17.011991Z[0m [32m INFO[0m [2mbevy_diagnostic[0m[2m:[0m started_load_count:   69.000000   (avg 69.000000)
[2m2026-04-14T18:27:18.010734Z[0m [32m INFO[0m [2mbevy_diagnostic[0m[2m:[0m started_load_count:   69.000000   (avg 69.000000)
[2m2026-04-14T18:27:19.011967Z[0m [32m INFO[0m [2mbevy_diagnostic[0m[2m:[0m started_load_count:   69.000000   (avg 69.000000)
[2m2026-04-14T18:27:20.010614Z[0m [32m INFO[0m [2mbevy_diagnostic[0m[2m:[0m started_load_count:   69.000000   (avg 69.000000)
[2m2026-04-14T18:27:21.011278Z[0m [32m INFO[0m [2mbevy_diagnostic[0m[2m:[0m started_load_count:   69.000000   (avg 69.000000)
[2m2026-04-14T18:27:22.026031Z[0m [32m INFO[0m [2mbevy_diagnostic[0m[2m:[0m started_load_count:   69.000000   (avg 69.000000)
[2m2026-04-14T18:27:23.026462Z[0m [32m INFO[0m [2mbevy_diagnostic[0m[2m:[0m started_load_count:   69.000000   (avg 69.000000)
[2m2026-04-14T18:27:24.026127Z[0m [32m INFO[0m [2mbevy_diagnostic[0m[2m:[0m started_load_count:   69.000000   (avg 69.000000)
[2m2026-04-14T18:27:25.044464Z[0m [32m INFO[0m [2mbevy_diagnostic[0m[2m:[0m started_load_count:   69.000000   (avg 69.000000)
[2m2026-04-14T18:27:26.060702Z[0m [32m INFO[0m [2mbevy_diagnostic[0m[2m:[0m started_load_count:   69.000000   (avg 69.000000)
[2m2026-04-14T18:27:27.059731Z[0m [32m INFO[0m [2mbevy_diagnostic[0m[2m:[0m started_load_count:   69.000000   (avg 69.000000)
[2m2026-04-14T18:27:28.060075Z[0m [32m INFO[0m [2mbevy_diagnostic[0m[2m:[0m started_load_count:   69.000000   (avg 69.000000)
[2m2026-04-14T18:27:29.060303Z[0m [32m INFO[0m [2mbevy_diagnostic[0m[2m:[0m started_load_count:   69.000000   (avg 69.000000)
[2m2026-04-14T18:27:30.062769Z[0m [32m INFO[0m [2mbevy_diagnostic[0m[2m:[0m started_load_count:   69.000000   (avg 69.000000)
[2m2026-04-14T18:27:31.061602Z[0m [32m INFO[0m [2mbevy_diagnostic[0m[2m:[0m started_load_count:   69.000000   (avg 69.000000)
[2m2026-04-14T18:27:32.062061Z[0m [32m INFO[0m [2mbevy_diagnostic[0m[2m:[0m started_load_count:   69.000000   (avg 69.000000)
[2m2026-04-14T18:27:33.060546Z[0m [32m INFO[0m [2mbevy_diagnostic[0m[2m:[0m started_load_count:   69.000000   (avg 69.000000)
[2m2026-04-14T18:27:34.062180Z[0m [32m INFO[0m [2mbevy_diagnostic[0m[2m:[0m started_load_count:   69.000000   (avg 69.000000)
[2m2026-04-14T18:27:35.061703Z[0m [32m INFO[0m [2mbevy_diagnostic[0m[2m:[0m started_load_count:   69.000000   (avg 69.000000)
[2m2026-04-14T18:27:36.061534Z[0m [32m INFO[0m [2mbevy_diagnostic[0m[2m:[0m started_load_count:   69.000000   (avg 69.000000)
[2m2026-04-14T18:27:37.064874Z[0m [32m INFO[0m [2mbevy_diagnostic[0m[2m:[0m started_load_count:   69.000000   (avg 69.000000)
[2m2026-04-14T18:27:38.062348Z[0m [32m INFO[0m [2mbevy_diagnostic[0m[2m:[0m started_load_count:   69.000000   (avg 69.000000)
[2m2026-04-14T18:27:39.077889Z[0m [32m INFO[0m [2mbevy_diagnostic[0m[2m:[0m started_load_count:   69.000000   (avg 69.000000)
[2m2026-04-14T18:27:40.075901Z[0m [32m INFO[0m [2mbevy_diagnostic[0m[2m:[0m started_load_count:   69.000000   (avg 69.000000)
[2m2026-04-14T18:27:41.077773Z[0m [32m INFO[0m [2mbevy_diagnostic[0m[2m:[0m started_load_count:   69.000000   (avg 69.000000)
[2m2026-04-14T18:27:42.078001Z[0m [32m INFO[0m [2mbevy_diagnostic[0m[2m:[0m started_load_count:   69.000000   (avg 69.000000)
[2m2026-04-14T18:27:43.085532Z[0m [32m INFO[0m [2mbevy_diagnostic[0m[2m:[0m started_load_count:   69.000000   (avg 69.000000)
[2m2026-04-14T18:27:44.109495Z[0m [32m INFO[0m [2mbevy_diagnostic[0m[2m:[0m started_load_count:   69.000000   (avg 69.000000)
[2m2026-04-14T18:27:45.110518Z[0m [32m INFO[0m [2mbevy_diagnostic[0m[2m:[0m started_load_count:   69.000000   (avg 69.000000)
[2m2026-04-14T18:27:46.128945Z[0m [32m INFO[0m [2mbevy_diagnostic[0m[2m:[0m started_load_count:   69.000000   (avg 69.000000)
[2m2026-04-14T18:27:47.127814Z[0m [32m INFO[0m [2mbevy_diagnostic[0m[2m:[0m started_load_count:   69.000000   (avg 69.000000)
[2m2026-04-14T18:27:48.128980Z[0m [32m INFO[0m [2mbevy_diagnostic[0m[2m:[0m started_load_count:   69.000000   (avg 69.000000)
[2m2026-04-14T18:27:49.127779Z[0m [32m INFO[0m [2mbevy_diagnostic[0m[2m:[0m started_load_count:   69.000000   (avg 69.000000)
[2m2026-04-14T18:27:50.126904Z[0m [32m INFO[0m [2mbevy_diagnostic[0m[2m:[0m started_load_count:   69.000000   (avg 69.000000)
[2m2026-04-14T18:27:51.127256Z[0m [32m INFO[0m [2mbevy_diagnostic[0m[2m:[0m started_load_count:   69.000000   (avg 69.000000)
[2m2026-04-14T18:27:52.127719Z[0m [32m INFO[0m [2mbevy_diagnostic[0m[2m:[0m started_load_count:   69.000000   (avg 69.000000)
[2m2026-04-14T18:27:53.127632Z[0m [32m INFO[0m [2mbevy_diagnostic[0m[2m:[0m started_load_count:   69.000000   (avg 69.000000)
[2m2026-04-14T18:27:54.130012Z[0m [32m INFO[0m [2mbevy_diagnostic[0m[2m:[0m started_load_count:   69.000000   (avg 69.000000)
[2m2026-04-14T18:27:55.128027Z[0m [32m INFO[0m [2mbevy_diagnostic[0m[2m:[0m started_load_count:   69.000000   (avg 69.000000)
[2m2026-04-14T18:27:56.126534Z[0m [32m INFO[0m [2mbevy_diagnostic[0m[2m:[0m started_load_count:   69.000000   (avg 69.000000)
[2m2026-04-14T18:27:57.128184Z[0m [32m INFO[0m [2mbevy_diagnostic[0m[2m:[0m started_load_count:   69.000000   (avg 69.000000)
[2m2026-04-14T18:27:58.128126Z[0m [32m INFO[0m [2mbevy_diagnostic[0m[2m:[0m started_load_count:   69.000000   (avg 69.000000)
[2m2026-04-14T18:27:59.128116Z[0m [32m INFO[0m [2mbevy_diagnostic[0m[2m:[0m started_load_count:   69.000000   (avg 69.000000)
[2m2026-04-14T18:28:00.128816Z[0m [32m INFO[0m [2mbevy_diagnostic[0m[2m:[0m started_load_count:   69.000000   (avg 69.000000)
[2m2026-04-14T18:28:01.130039Z[0m [32m INFO[0m [2mbevy_diagnostic[0m[2m:[0m started_load_count:   69.000000   (avg 69.000000)
[2m2026-04-14T18:28:02.143244Z[0m [32m INFO[0m [2mbevy_diagnostic[0m[2m:[0m started_load_count:   69.000000   (avg 69.000000)
[2m2026-04-14T18:28:03.143119Z[0m [32m INFO[0m [2mbevy_diagnostic[0m[2m:[0m started_load_count:   69.000000   (avg 69.000000)
[2m2026-04-14T18:28:04.145090Z[0m [32m INFO[0m [2mbevy_diagnostic[0m[2m:[0m started_load_count:   69.000000   (avg 69.000000)
[2m2026-04-14T18:28:05.145348Z[0m [32m INFO[0m [2mbevy_diagnostic[0m[2m:[0m started_load_count:   69.000000   (avg 69.000000)
[2m2026-04-14T18:28:06.144840Z[0m [32m INFO[0m [2mbevy_diagnostic[0m[2m:[0m started_load_count:   69.000000   (avg 69.000000)
[2m2026-04-14T18:28:07.145733Z[0m [32m INFO[0m [2mbevy_diagnostic[0m[2m:[0m started_load_count:   69.000000   (avg 69.000000)
[2m2026-04-14T18:28:08.145474Z[0m [32m INFO[0m [2mbevy_diagnostic[0m[2m:[0m started_load_count:   69.000000   (avg 69.000000)
[2m2026-04-14T18:28:09.146064Z[0m [32m INFO[0m [2mbevy_diagnostic[0m[2m:[0m started_load_count:   69.000000   (avg 69.000000)
[2m2026-04-14T18:28:10.161389Z[0m [32m INFO[0m [2mbevy_diagnostic[0m[2m:[0m started_load_count:   69.000000   (avg 69.000000)
[2m2026-04-14T18:28:11.160222Z[0m [32m INFO[0m [2mbevy_diagnostic[0m[2m:[0m started_load_count:   69.000000   (avg 69.000000)
[2m2026-04-14T18:28:12.178349Z[0m [32m INFO[0m [2mbevy_diagnostic[0m[2m:[0m started_load_count:   69.000000   (avg 69.000000)
[2m2026-04-14T18:28:13.193828Z[0m [32m INFO[0m [2mbevy_diagnostic[0m[2m:[0m started_load_count:   69.000000   (avg 69.000000)
[2m2026-04-14T18:28:14.195518Z[0m [32m INFO[0m [2mbevy_diagnostic[0m[2m:[0m started_load_count:   69.000000   (avg 69.000000)
[2m2026-04-14T18:28:15.199281Z[0m [32m INFO[0m [2mbevy_diagnostic[0m[2m:[0m started_load_count:   69.000000   (avg 69.000000)
[2m2026-04-14T18:28:16.194550Z[0m [32m INFO[0m [2mbevy_diagnostic[0m[2m:[0m started_load_count:   69.000000   (avg 69.000000)
[2m2026-04-14T18:28:17.195441Z[0m [32m INFO[0m [2mbevy_diagnostic[0m[2m:[0m started_load_count:   69.000000   (avg 69.000000)
[2m2026-04-14T18:28:18.195237Z[0m [32m INFO[0m [2mbevy_diagnostic[0m[2m:[0m started_load_count:   69.000000   (avg 69.000000)
[2m2026-04-14T18:28:19.196747Z[0m [32m INFO[0m [2mbevy_diagnostic[0m[2m:[0m started_load_count:   69.000000   (avg 69.000000)
[2m2026-04-14T18:28:20.211060Z[0m [32m INFO[0m [2mbevy_diagnostic[0m[2m:[0m started_load_count:   69.000000   (avg 69.000000)
[2m2026-04-14T18:28:21.210534Z[0m [32m INFO[0m [2mbevy_diagnostic[0m[2m:[0m started_load_count:   69.000000   (avg 69.000000)
[2m2026-04-14T18:28:22.211479Z[0m [32m INFO[0m [2mbevy_diagnostic[0m[2m:[0m started_load_count:   69.000000   (avg 69.000000)
[2m2026-04-14T18:28:23.211907Z[0m [32m INFO[0m [2mbevy_diagnostic[0m[2m:[0m started_load_count:   69.000000   (avg 69.000000)
[2m2026-04-14T18:28:24.212318Z[0m [32m INFO[0m [2mbevy_diagnostic[0m[2m:[0m started_load_count:   69.000000   (avg 69.000000)
[2m2026-04-14T18:28:25.212445Z[0m [32m INFO[0m [2mbevy_diagnostic[0m[2m:[0m started_load_count:   69.000000   (avg 69.000000)
[2m2026-04-14T18:28:26.213341Z[0m [32m INFO[0m [2mbevy_diagnostic[0m[2m:[0m started_load_count:   69.000000   (avg 69.000000)
[2m2026-04-14T18:28:27.211665Z[0m [32m INFO[0m [2mbevy_diagnostic[0m[2m:[0m started_load_count:   69.000000   (avg 69.000000)
[2m2026-04-14T18:28:28.212452Z[0m [32m INFO[0m [2mbevy_diagnostic[0m[2m:[0m started_load_count:   69.000000   (avg 69.000000)
[2m2026-04-14T18:28:29.211322Z[0m [32m INFO[0m [2mbevy_diagnostic[0m[2m:[0m started_load_count:   69.000000   (avg 69.000000)
[2m2026-04-14T18:28:30.216266Z[0m [32m INFO[0m [2mbevy_diagnostic[0m[2m:[0m started_load_count:   69.000000   (avg 69.000000)
[2m2026-04-14T18:28:31.214173Z[0m [32m INFO[0m [2mbevy_diagnostic[0m[2m:[0m started_load_count:   69.000000   (avg 69.000000)
[2m2026-04-14T18:28:32.212504Z[0m [32m INFO[0m [2mbevy_diagnostic[0m[2m:[0m started_load_count:   69.000000   (avg 69.000000)
[2m2026-04-14T18:28:33.212901Z[0m [32m INFO[0m [2mbevy_diagnostic[0m[2m:[0m started_load_count:   69.000000   (avg 69.000000)
[2m2026-04-14T18:28:34.214097Z[0m [32m INFO[0m [2mbevy_diagnostic[0m[2m:[0m started_load_count:   69.000000   (avg 69.000000)
[2m2026-04-14T18:54:01.719453Z[0m [32m INFO[0m [2mbevy_diagnostic[0m[2m:[0m started_load_count:   69.000000   (avg 69.000000)
[2m2026-04-14T18:54:02.707376Z[0m [32m INFO[0m [2madv_civ::civilization::concepts::resolve_calamities::resolve_calamities_systems[0m[2m:[0m [CALAMITIES] Starting calamity resolution phase
[2m2026-04-14T18:54:02.707408Z[0m [32m INFO[0m [2madv_civ::civilization::concepts::resolve_calamities::resolve_calamities_systems[0m[2m:[0m [CALAMITIES] No calamities to resolve, skipping phase
[2m2026-04-14T18:54:02.710481Z[0m [32m INFO[0m [2madv_civ::civilization::concepts::resolve_calamities::resolve_calamities_systems[0m[2m:[0m [CALAMITIES] All calamities resolved, transitioning to CheckCitySupport
[2m2026-04-14T18:54:02.710710Z[0m [32m INFO[0m [2madv_civ::civilization::concepts::resolve_calamities::resolve_calamities_systems[0m[2m:[0m [MONOTHEISM] All conversions done, transitioning to CheckCitySupport
[2m2026-04-14T18:54:02.713142Z[0m [32m INFO[0m [2mbevy_diagnostic[0m[2m:[0m started_load_count:   69.000000   (avg 69.000000)
[2m2026-04-14T18:54:03.745062Z[0m [32m INFO[0m [2madv_civ::civilization::concepts::check_city_support::check_city_support_systems[0m[2m:[0m [CITY_SUPPORT] Starting city support check phase
[2m2026-04-14T18:54:03.745089Z[0m [32m INFO[0m [2madv_civ::civilization::concepts::check_city_support::check_city_support_systems[0m[2m:[0m [CITY_SUPPORT] 4 players need city support check
[2m2026-04-14T18:54:03.749953Z[0m [32m INFO[0m [2mbevy_diagnostic[0m[2m:[0m started_load_count:   69.000000   (avg 69.000000)
[2m2026-04-14T18:54:04.745285Z[0m [32m INFO[0m [2madv_civ::civilization::concepts::check_city_support::check_city_support_systems[0m[2m:[0m [CITY_SUPPORT] All checks complete, transitioning to AcquireCivilizationCards
[2m2026-04-14T18:54:04.746769Z[0m [32m INFO[0m [2mbevy_diagnostic[0m[2m:[0m started_load_count:   69.000000   (avg 69.000000)
[2m2026-04-14T18:54:05.749150Z[0m [32m INFO[0m [2mbevy_diagnostic[0m[2m:[0m started_load_count:   69.000000   (avg 69.000000)
[2m2026-04-14T18:54:06.746006Z[0m [32m INFO[0m [2mbevy_diagnostic[0m[2m:[0m started_load_count:   69.000000   (avg 69.000000)
[2m2026-04-14T18:54:07.752766Z[0m [32m INFO[0m [2mbevy_diagnostic[0m[2m:[0m started_load_count:   69.000000   (avg 69.000000)
[2m2026-04-14T18:54:08.759374Z[0m [32m INFO[0m [2madv_civ::civilization::concepts::succession::succession_systems[0m[2m:[0m [AST] Player advanced to space 3
[2m2026-04-14T18:54:08.759383Z[0m [32m INFO[0m [2madv_civ::civilization::concepts::succession::succession_systems[0m[2m:[0m [AST] Player advanced to space 3
[2m2026-04-14T18:54:08.759385Z[0m [32m INFO[0m [2madv_civ::civilization::concepts::succession::succession_systems[0m[2m:[0m [AST] Player advanced to space 3
[2m2026-04-14T18:54:08.759387Z[0m [32m INFO[0m [2madv_civ::civilization::concepts::succession::succession_systems[0m[2m:[0m [AST] Player advanced to space 2
[2m2026-04-14T18:54:08.761607Z[0m [32m INFO[0m [2mbevy_diagnostic[0m[2m:[0m started_load_count:   69.000000   (avg 69.000000)
[2m2026-04-14T18:54:09.759992Z[0m [32m INFO[0m [2madv_civ::civilization::concepts::taxation::taxation_systems[0m[2m:[0m [TAXATION] Entering taxation phase — assigning tax obligations
[2m2026-04-14T18:54:09.760699Z[0m [32m INFO[0m [2madv_civ::civilization::concepts::taxation::taxation_systems[0m[2m:[0m [TAXATION] Hatshepsut of Thrace pays 2 tokens in full
[2m2026-04-14T18:54:09.760707Z[0m [32m INFO[0m [2madv_civ::civilization::concepts::taxation::taxation_systems[0m[2m:[0m [TAXATION] Leonidas of Iberia pays 2 tokens in full
[2m2026-04-14T18:54:09.760711Z[0m [32m INFO[0m [2madv_civ::civilization::concepts::taxation::taxation_systems[0m[2m:[0m [TAXATION] Hammurabi of Asia pays 2 tokens in full
[2m2026-04-14T18:54:09.760714Z[0m [32m INFO[0m [2madv_civ::civilization::concepts::taxation::taxation_systems[0m[2m:[0m [TAXATION] Tutankhamun of Illyria pays 2 tokens in full
[2m2026-04-14T18:54:09.761507Z[0m [32m INFO[0m [2madv_civ::civilization::concepts::taxation::taxation_systems[0m[2m:[0m [TAXATION] No revolts to resolve — transitioning to PopulationExpansion
[2m2026-04-14T18:54:09.761618Z[0m [32m INFO[0m [2mbevy_diagnostic[0m[2m:[0m started_load_count:   69.000000   (avg 69.000000)
[2m2026-04-14T18:54:10.761006Z[0m [32m INFO[0m [2madv_civ::civilization::concepts::population_expansion::population_expansion_systems[0m[2m:[0m [POP_EXP] Entering population expansion phase, round 14
[2m2026-04-14T18:54:10.761056Z[0m [32m INFO[0m [2madv_civ::civilization::concepts::population_expansion::population_expansion_systems[0m[2m:[0m [POP_EXP] 78 areas have population and need expansion
[2m2026-04-14T18:54:10.761065Z[0m [32m INFO[0m [2madv_civ::civilization::concepts::population_expansion::population_expansion_systems[0m[2m:[0m [POP_EXP] 0 human, 8 AI need expansion, 0 skipped (already done)
[2m2026-04-14T18:54:10.762696Z[0m [32m INFO[0m [2mbevy_diagnostic[0m[2m:[0m started_load_count:   69.000000   (avg 69.000000)
[2m2026-04-14T18:54:11.073226Z[0m [32m INFO[0m [2madv_civ::civilization::concepts::population_expansion::population_expansion_systems[0m[2m:[0m [POP_EXP] Player 645v0 still needs expansion: human=false, manual=true, auto=false
[2m2026-04-14T18:54:11.073254Z[0m [32m INFO[0m [2madv_civ::civilization::concepts::population_expansion::population_expansion_systems[0m[2m:[0m [POP_EXP] Player 401v0 still needs expansion: human=false, manual=true, auto=false
[2m2026-04-14T18:54:11.073257Z[0m [32m INFO[0m [2madv_civ::civilization::concepts::population_expansion::population_expansion_systems[0m[2m:[0m [POP_EXP] Player 584v0 still needs expansion: human=false, manual=true, auto=false
[2m2026-04-14T18:54:11.073260Z[0m [32m INFO[0m [2madv_civ::civilization::concepts::population_expansion::population_expansion_systems[0m[2m:[0m [POP_EXP] Player 279v0 still needs expansion: human=false, manual=true, auto=false
[2m2026-04-14T18:54:11.073262Z[0m [32m INFO[0m [2madv_civ::civilization::concepts::population_expansion::population_expansion_systems[0m[2m:[0m [POP_EXP] Player 706v0 still needs expansion: human=false, manual=false, auto=true
[2m2026-04-14T18:54:11.073266Z[0m [32m INFO[0m [2madv_civ::civilization::concepts::population_expansion::population_expansion_systems[0m[2m:[0m [POP_EXP] Player 523v0 still needs expansion: human=false, manual=true, auto=false
[2m2026-04-14T18:54:11.073268Z[0m [32m INFO[0m [2madv_civ::civilization::concepts::population_expansion::population_expansion_systems[0m[2m:[0m [POP_EXP] Player 462v0 still needs expansion: human=false, manual=true, auto=false
[2m2026-04-14T18:54:11.074456Z[0m [32m INFO[0m [2mbevy_diagnostic[0m[2m:[0m started_load_count:   69.000000   (avg 69.000000)
[2m2026-04-14T18:54:11.095367Z[0m [32m INFO[0m [2madv_civ::civilization::concepts::population_expansion::population_expansion_systems[0m[2m:[0m [POP_EXP] Player 584v0 still needs expansion: human=false, manual=true, auto=false
[2m2026-04-14T18:54:11.095385Z[0m [32m INFO[0m [2madv_civ::civilization::concepts::population_expansion::population_expansion_systems[0m[2m:[0m [POP_EXP] Player 645v0 still needs expansion: human=false, manual=true, auto=false
[2m2026-04-14T18:54:11.095389Z[0m [32m INFO[0m [2madv_civ::civilization::concepts::population_expansion::population_expansion_systems[0m[2m:[0m [POP_EXP] Player 401v0 still needs expansion: human=false, manual=true, auto=false
[2m2026-04-14T18:54:11.095392Z[0m [32m INFO[0m [2madv_civ::civilization::concepts::population_expansion::population_expansion_systems[0m[2m:[0m [POP_EXP] Player 279v0 still needs expansion: human=false, manual=true, auto=false
[2m2026-04-14T18:54:11.095394Z[0m [32m INFO[0m [2madv_civ::civilization::concepts::population_expansion::population_expansion_systems[0m[2m:[0m [POP_EXP] Player 523v0 still needs expansion: human=false, manual=true, auto=false
[2m2026-04-14T18:54:11.095397Z[0m [32m INFO[0m [2madv_civ::civilization::concepts::population_expansion::population_expansion_systems[0m[2m:[0m [POP_EXP] Player 462v0 still needs expansion: human=false, manual=true, auto=false
[2m2026-04-14T18:54:11.192642Z[0m [32m INFO[0m [2madv_civ::civilization::concepts::population_expansion::population_expansion_systems[0m[2m:[0m [POP_EXP] Player 645v0 still needs expansion: human=false, manual=true, auto=false
[2m2026-04-14T18:54:11.192675Z[0m [32m INFO[0m [2madv_civ::civilization::concepts::population_expansion::population_expansion_systems[0m[2m:[0m [POP_EXP] Player 401v0 still needs expansion: human=false, manual=true, auto=false
[2m2026-04-14T18:54:11.192678Z[0m [32m INFO[0m [2madv_civ::civilization::concepts::population_expansion::population_expansion_systems[0m[2m:[0m [POP_EXP] Player 584v0 still needs expansion: human=false, manual=true, auto=false
[2m2026-04-14T18:54:11.192681Z[0m [32m INFO[0m [2madv_civ::civilization::concepts::population_expansion::population_expansion_systems[0m[2m:[0m [POP_EXP] Player 279v0 still needs expansion: human=false, manual=true, auto=false
[2m2026-04-14T18:54:11.192684Z[0m [32m INFO[0m [2madv_civ::civilization::concepts::population_expansion::population_expansion_systems[0m[2m:[0m [POP_EXP] Player 645v0 still needs expansion: human=false, manual=true, auto=false
[2m2026-04-14T18:54:11.192687Z[0m [32m INFO[0m [2madv_civ::civilization::concepts::population_expansion::population_expansion_systems[0m[2m:[0m [POP_EXP] Player 401v0 still needs expansion: human=false, manual=true, auto=false
[2m2026-04-14T18:54:11.192690Z[0m [32m INFO[0m [2madv_civ::civilization::concepts::population_expansion::population_expansion_systems[0m[2m:[0m [POP_EXP] Player 584v0 still needs expansion: human=false, manual=true, auto=false
[2m2026-04-14T18:54:11.192692Z[0m [32m INFO[0m [2madv_civ::civilization::concepts::population_expansion::population_expansion_systems[0m[2m:[0m [POP_EXP] Player 279v0 still needs expansion: human=false, manual=true, auto=false
[2m2026-04-14T18:54:11.359157Z[0m [32m INFO[0m [2madv_civ::civilization::concepts::population_expansion::population_expansion_systems[0m[2m:[0m [POP_EXP] Player 645v0 still needs expansion: human=false, manual=true, auto=false
[2m2026-04-14T18:54:11.359185Z[0m [32m INFO[0m [2madv_civ::civilization::concepts::population_expansion::population_expansion_systems[0m[2m:[0m [POP_EXP] Player 279v0 still needs expansion: human=false, manual=true, auto=false
[2m2026-04-14T18:54:11.359190Z[0m [32m INFO[0m [2madv_civ::civilization::concepts::population_expansion::population_expansion_systems[0m[2m:[0m [POP_EXP] Player 645v0 still needs expansion: human=false, manual=true, auto=false
[2m2026-04-14T18:54:11.359194Z[0m [32m INFO[0m [2madv_civ::civilization::concepts::population_expansion::population_expansion_systems[0m[2m:[0m [POP_EXP] Player 279v0 still needs expansion: human=false, manual=true, auto=false
[2m2026-04-14T18:54:11.559072Z[0m [32m INFO[0m [2madv_civ::civilization::concepts::population_expansion::population_expansion_systems[0m[2m:[0m [POP_EXP] Player 279v0 still needs expansion: human=false, manual=true, auto=false
[2m2026-04-14T18:54:11.628349Z[0m [32m INFO[0m [2madv_civ::civilization::concepts::population_expansion::population_expansion_systems[0m[2m:[0m [POP_EXP] All players done with expansion, transitioning to Census
[2m2026-04-14T18:54:11.694222Z[0m [32m INFO[0m [2madv_civ::civilization::concepts::ships::ship_systems[0m[2m:[0m [SHIPS] Alexander of Assyria cannot maintain ship at 132v1 — returned to stock
[2m2026-04-14T18:54:11.694240Z[0m [32m INFO[0m [2madv_civ::civilization::concepts::ships::ship_systems[0m[2m:[0m [SHIPS] Hammurabi of Asia builds a ship at 191v0 (fleet: 3/4)
[2m2026-04-14T18:54:11.694244Z[0m [32m INFO[0m [2madv_civ::civilization::concepts::ships::ship_systems[0m[2m:[0m [SHIPS] Tutankhamun of Illyria builds a ship at 161v0 (fleet: 1/4)
[2m2026-04-14T18:54:12.062512Z[0m [32m INFO[0m [2mbevy_diagnostic[0m[2m:[0m started_load_count:   69.000000   (avg 69.000000)
[2m2026-04-14T18:54:12.712524Z[0m [32m INFO[0m [2madv_civ::civilization::concepts::movement::movement_systems[0m[2m:[0m Player Cleopatra of Africa has ended movement
[2m2026-04-14T18:54:13.075625Z[0m [32m INFO[0m [2mbevy_diagnostic[0m[2m:[0m started_load_count:   69.000000   (avg 69.000000)
[2m2026-04-14T18:54:13.594757Z[0m [32m INFO[0m [2madv_civ::civilization::concepts::movement::movement_systems[0m[2m:[0m Player Tutankhamun of Illyria has ended movement
[2m2026-04-14T18:54:14.011580Z[0m [32m INFO[0m [2madv_civ::civilization::concepts::movement::movement_systems[0m[2m:[0m Player Alexander of Assyria has ended movement
[2m2026-04-14T18:54:14.060274Z[0m [32m INFO[0m [2mbevy_diagnostic[0m[2m:[0m started_load_count:   69.000000   (avg 69.000000)
[2m2026-04-14T18:54:14.828209Z[0m [32m INFO[0m [2madv_civ::civilization::concepts::movement::movement_systems[0m[2m:[0m Player Hammurabi of Asia has ended movement
[2m2026-04-14T18:54:14.910958Z[0m [32m INFO[0m [2madv_civ::civilization::concepts::movement::movement_systems[0m[2m:[0m Player Ramesses of Crete has ended movement
[2m2026-04-14T18:54:15.062146Z[0m [32m INFO[0m [2mbevy_diagnostic[0m[2m:[0m started_load_count:   69.000000   (avg 69.000000)
[2m2026-04-14T18:54:15.774692Z[0m [32m INFO[0m [2madv_civ::civilization::concepts::movement::movement_systems[0m[2m:[0m Player Hatshepsut of Thrace has ended movement
[2m2026-04-14T18:54:16.059409Z[0m [32m INFO[0m [2mbevy_diagnostic[0m[2m:[0m started_load_count:   69.000000   (avg 69.000000)
[2m2026-04-14T18:54:16.274173Z[0m [32m INFO[0m [2madv_civ::civilization::concepts::movement::movement_systems[0m[2m:[0m Player Pericles of Babylon has ended movement
[2m2026-04-14T18:54:16.682943Z[0m [32m INFO[0m [2madv_civ::civilization::concepts::movement::movement_systems[0m[2m:[0m Player Leonidas of Iberia has ended movement
[2m2026-04-14T18:54:16.682990Z[0m [32m INFO[0m [2madv_civ::civilization::concepts::movement::movement_systems[0m[2m:[0m No more players to move, transitioning to Conflict
[2m2026-04-14T18:54:16.694689Z[0m [32m INFO[0m [2madv_civ::civilization::concepts::conflict::conflict_systems[0m[2m:[0m Found 6 conflicts, remaining in Conflict
[2m2026-04-14T18:54:16.694717Z[0m [32m INFO[0m [2madv_civ::civilization::concepts::conflict::conflict_triggers[0m[2m:[0m [CONFLICT] Regular conflict in '17:Knossos': 2 players, 6 tokens, max_pop=4, conflicts_pending=6, human_involved=false
[2m2026-04-14T18:54:16.694726Z[0m [32m INFO[0m [2madv_civ::civilization::concepts::conflict::conflict_triggers[0m[2m:[0m   Player 1 (523v0): 3 tokens
[2m2026-04-14T18:54:16.694730Z[0m [32m INFO[0m [2madv_civ::civilization::concepts::conflict::conflict_triggers[0m[2m:[0m   Player 2 (279v0): 3 tokens
[2m2026-04-14T18:54:16.694735Z[0m [32m INFO[0m [2madv_civ::civilization::concepts::conflict::conflict_triggers[0m[2m:[0m [CONFLICT] Resolved '17:Knossos' via all_lengths_equal: 4 tokens remaining (was 6)
[2m2026-04-14T18:54:16.694740Z[0m [32m INFO[0m [2madv_civ::civilization::concepts::conflict::conflict_triggers[0m[2m:[0m [CONFLICT] Conflicts remaining: 5
[2m2026-04-14T18:54:16.694764Z[0m [32m INFO[0m [2madv_civ::civilization::concepts::conflict::conflict_triggers[0m[2m:[0m [CONFLICT] Regular conflict in '21:Patavium': 2 players, 3 tokens, max_pop=1, conflicts_pending=5, human_involved=false
[2m2026-04-14T18:54:16.694770Z[0m [32m INFO[0m [2madv_civ::civilization::concepts::conflict::conflict_triggers[0m[2m:[0m   Player 1 (401v0): 2 tokens
[2m2026-04-14T18:54:16.694772Z[0m [32m INFO[0m [2madv_civ::civilization::concepts::conflict::conflict_triggers[0m[2m:[0m   Player 2 (340v0): 1 tokens
[2m2026-04-14T18:54:16.694776Z[0m [32m INFO[0m [2madv_civ::civilization::concepts::conflict::conflict_triggers[0m[2m:[0m [CONFLICT] Resolved '21:Patavium' via max_pop=1: 2 tokens remaining (was 3)
[2m2026-04-14T18:54:16.694778Z[0m [32m INFO[0m [2madv_civ::civilization::concepts::conflict::conflict_triggers[0m[2m:[0m [CONFLICT] Conflicts remaining: 4
[2m2026-04-14T18:54:16.694812Z[0m [32m INFO[0m [2madv_civ::civilization::concepts::conflict::conflict_triggers[0m[2m:[0m [CONFLICT] Regular conflict in '3:Athens': 2 players, 4 tokens, max_pop=3, conflicts_pending=4, human_involved=false
[2m2026-04-14T18:54:16.694816Z[0m [32m INFO[0m [2madv_civ::civilization::concepts::conflict::conflict_triggers[0m[2m:[0m   Player 1 (523v0): 3 tokens
[2m2026-04-14T18:54:16.694818Z[0m [32m INFO[0m [2madv_civ::civilization::concepts::conflict::conflict_triggers[0m[2m:[0m   Player 2 (279v0): 1 tokens
[2m2026-04-14T18:54:16.694821Z[0m [32m INFO[0m [2madv_civ::civilization::concepts::conflict::conflict_triggers[0m[2m:[0m [CONFLICT] Resolved '3:Athens' via unequal_lengths: 3 tokens remaining (was 4)
[2m2026-04-14T18:54:16.694823Z[0m [32m INFO[0m [2madv_civ::civilization::concepts::conflict::conflict_triggers[0m[2m:[0m [CONFLICT] Conflicts remaining: 3
[2m2026-04-14T18:54:16.694832Z[0m [32m INFO[0m [2madv_civ::civilization::concepts::conflict::conflict_triggers[0m[2m:[0m [CONFLICT] Regular conflict in '48:Athribis': 2 players, 2 tokens, max_pop=1, conflicts_pending=3, human_involved=false
[2m2026-04-14T18:54:16.694834Z[0m [32m INFO[0m [2madv_civ::civilization::concepts::conflict::conflict_triggers[0m[2m:[0m   Player 1 (401v0): 1 tokens
[2m2026-04-14T18:54:16.694836Z[0m [32m INFO[0m [2madv_civ::civilization::concepts::conflict::conflict_triggers[0m[2m:[0m   Player 2 (279v0): 1 tokens
[2m2026-04-14T18:54:16.694839Z[0m [32m INFO[0m [2madv_civ::civilization::concepts::conflict::conflict_triggers[0m[2m:[0m [CONFLICT] Resolved '48:Athribis' via max_pop=1: 0 tokens remaining (was 2)
[2m2026-04-14T18:54:16.694842Z[0m [32m INFO[0m [2madv_civ::civilization::concepts::conflict::conflict_triggers[0m[2m:[0m [CONFLICT] Conflicts remaining: 2
[2m2026-04-14T18:54:16.694856Z[0m [32m INFO[0m [2madv_civ::civilization::concepts::conflict::conflict_triggers[0m[2m:[0m [CONFLICT] Regular conflict in '37:Hattusa': 2 players, 3 tokens, max_pop=2, conflicts_pending=2, human_involved=false
[2m2026-04-14T18:54:16.694859Z[0m [32m INFO[0m [2madv_civ::civilization::concepts::conflict::conflict_triggers[0m[2m:[0m   Player 1 (706v0): 2 tokens
[2m2026-04-14T18:54:16.694860Z[0m [32m INFO[0m [2madv_civ::civilization::concepts::conflict::conflict_triggers[0m[2m:[0m   Player 2 (401v0): 1 tokens
[2m2026-04-14T18:54:16.694862Z[0m [32m INFO[0m [2madv_civ::civilization::concepts::conflict::conflict_triggers[0m[2m:[0m [CONFLICT] Resolved '37:Hattusa' via unequal_lengths: 2 tokens remaining (was 3)
[2m2026-04-14T18:54:16.694864Z[0m [32m INFO[0m [2madv_civ::civilization::concepts::conflict::conflict_triggers[0m[2m:[0m [CONFLICT] Conflicts remaining: 1
[2m2026-04-14T18:54:16.694869Z[0m [32m INFO[0m [2madv_civ::civilization::concepts::conflict::conflict_triggers[0m[2m:[0m [CONFLICT] Regular conflict in '56:Acragas': 2 players, 4 tokens, max_pop=2, conflicts_pending=1, human_involved=false
[2m2026-04-14T18:54:16.694871Z[0m [32m INFO[0m [2madv_civ::civilization::concepts::conflict::conflict_triggers[0m[2m:[0m   Player 1 (706v0): 3 tokens
[2m2026-04-14T18:54:16.694872Z[0m [32m INFO[0m [2madv_civ::civilization::concepts::conflict::conflict_triggers[0m[2m:[0m   Player 2 (340v0): 1 tokens
[2m2026-04-14T18:54:16.694874Z[0m [32m INFO[0m [2madv_civ::civilization::concepts::conflict::conflict_triggers[0m[2m:[0m [CONFLICT] Resolved '56:Acragas' via unequal_lengths: 3 tokens remaining (was 4)
[2m2026-04-14T18:54:16.694876Z[0m [32m INFO[0m [2madv_civ::civilization::concepts::conflict::conflict_triggers[0m[2m:[0m [CONFLICT] Conflicts remaining: 0
[2m2026-04-14T18:54:16.694877Z[0m [32m INFO[0m [2madv_civ::civilization::concepts::conflict::conflict_triggers[0m[2m:[0m [CONFLICT] All conflicts resolved, transitioning to CityConstruction
[2m2026-04-14T18:54:16.725369Z[0m [32m INFO[0m [2madv_civ::civilization::concepts::city_construction::city_construction_systems[0m[2m:[0m [CITY_CONSTRUCTION] Entering city construction phase
[2m2026-04-14T18:54:16.725379Z[0m [32m INFO[0m [2madv_civ::civilization::concepts::city_construction::city_construction_systems[0m[2m:[0m [CITY_CONSTRUCTION] LoadingFromSave present: false
[2m2026-04-14T18:54:16.725385Z[0m [32m INFO[0m [2madv_civ::civilization::concepts::city_construction::city_construction_systems[0m[2m:[0m [CITY_CONSTRUCTION] Total players: 8
[2m2026-04-14T18:54:16.725388Z[0m [32m INFO[0m [2madv_civ::civilization::concepts::city_construction::city_construction_systems[0m[2m:[0m [CITY_CONSTRUCTION] Marking Africa for building
[2m2026-04-14T18:54:16.725391Z[0m [32m INFO[0m [2madv_civ::civilization::concepts::city_construction::city_construction_systems[0m[2m:[0m [CITY_CONSTRUCTION] Marking Illyria for building
[2m2026-04-14T18:54:16.725393Z[0m [32m INFO[0m [2madv_civ::civilization::concepts::city_construction::city_construction_systems[0m[2m:[0m [CITY_CONSTRUCTION] Marking Assyria for building
[2m2026-04-14T18:54:16.725395Z[0m [32m INFO[0m [2madv_civ::civilization::concepts::city_construction::city_construction_systems[0m[2m:[0m [CITY_CONSTRUCTION] Marking Asia for building
[2m2026-04-14T18:54:16.725398Z[0m [32m INFO[0m [2madv_civ::civilization::concepts::city_construction::city_construction_systems[0m[2m:[0m [CITY_CONSTRUCTION] Marking Crete for building
[2m2026-04-14T18:54:16.725400Z[0m [32m INFO[0m [2madv_civ::civilization::concepts::city_construction::city_construction_systems[0m[2m:[0m [CITY_CONSTRUCTION] Marking Babylon for building
[2m2026-04-14T18:54:16.725402Z[0m [32m INFO[0m [2madv_civ::civilization::concepts::city_construction::city_construction_systems[0m[2m:[0m [CITY_CONSTRUCTION] Marking Thrace for building
[2m2026-04-14T18:54:16.725404Z[0m [32m INFO[0m [2madv_civ::civilization::concepts::city_construction::city_construction_systems[0m[2m:[0m [CITY_CONSTRUCTION] Marking Iberia for building
[2m2026-04-14T18:54:16.725407Z[0m [32m INFO[0m [2madv_civ::civilization::concepts::city_construction::city_construction_systems[0m[2m:[0m [CITY_CONSTRUCTION] Summary: 8 marked for building, 0 skipped
[2m2026-04-14T18:54:16.725410Z[0m [32m INFO[0m [2madv_civ::civilization::concepts::city_construction::city_construction_systems[0m[2m:[0m [CITY_CONSTRUCTION] Inserted CityConstructionPhaseActive resource
[2m2026-04-14T18:54:16.732997Z[0m [32m INFO[0m [2madv_civ::civilization::concepts::city_construction::city_construction_systems[0m[2m:[0m [CITY_CONSTRUCTION] Gate: No players with IsBuilding, transitioning to RemoveSurplusPopulation
[2m2026-04-14T18:54:16.759492Z[0m [32m INFO[0m [2madv_civ::civilization::concepts::remove_surplus_population::remove_surplus_systems[0m[2m:[0m [SURPLUS] '122:Teotoburgum' has surplus: total=2, max=1, surplus=1, players=1, has_city=false
[2m2026-04-14T18:54:16.759503Z[0m [32m INFO[0m [2madv_civ::civilization::concepts::remove_surplus_population::remove_surplus_systems[0m[2m:[0m [SURPLUS] '122:Teotoburgum': Removing surplus tokens from single-player area
[2m2026-04-14T18:54:16.759510Z[0m [32m INFO[0m [2madv_civ::civilization::concepts::remove_surplus_population::remove_surplus_systems[0m[2m:[0m [SURPLUS] '122:Teotoburgum': After removal: 2 -> 1 tokens, surplus=0
[2m2026-04-14T18:54:16.759514Z[0m [32m INFO[0m [2madv_civ::civilization::concepts::remove_surplus_population::remove_surplus_systems[0m[2m:[0m [SURPLUS] '126:Homs' has surplus: total=2, max=1, surplus=1, players=1, has_city=false
[2m2026-04-14T18:54:16.759517Z[0m [32m INFO[0m [2madv_civ::civilization::concepts::remove_surplus_population::remove_surplus_systems[0m[2m:[0m [SURPLUS] '126:Homs': Removing surplus tokens from single-player area
[2m2026-04-14T18:54:16.759520Z[0m [32m INFO[0m [2madv_civ::civilization::concepts::remove_surplus_population::remove_surplus_systems[0m[2m:[0m [SURPLUS] '126:Homs': After removal: 2 -> 1 tokens, surplus=0
[2m2026-04-14T18:54:16.759523Z[0m [32m INFO[0m [2madv_civ::civilization::concepts::remove_surplus_population::remove_surplus_systems[0m[2m:[0m [SURPLUS] '11:Susa' has surplus: total=2, max=1, surplus=1, players=1, has_city=false
[2m2026-04-14T18:54:16.759525Z[0m [32m INFO[0m [2madv_civ::civilization::concepts::remove_surplus_population::remove_surplus_systems[0m[2m:[0m [SURPLUS] '11:Susa': Removing surplus tokens from single-player area
[2m2026-04-14T18:54:16.759528Z[0m [32m INFO[0m [2madv_civ::civilization::concepts::remove_surplus_population::remove_surplus_systems[0m[2m:[0m [SURPLUS] '11:Susa': After removal: 2 -> 1 tokens, surplus=0
[2m2026-04-14T18:54:16.759534Z[0m [32m INFO[0m [2madv_civ::civilization::concepts::remove_surplus_population::remove_surplus_systems[0m[2m:[0m [SURPLUS] '149:STANDARD_NAME' has surplus: total=3, max=2, surplus=1, players=1, has_city=false
[2m2026-04-14T18:54:16.759538Z[0m [32m INFO[0m [2madv_civ::civilization::concepts::remove_surplus_population::remove_surplus_systems[0m[2m:[0m [SURPLUS] '149:STANDARD_NAME': Removing surplus tokens from single-player area
[2m2026-04-14T18:54:16.759541Z[0m [32m INFO[0m [2madv_civ::civilization::concepts::remove_surplus_population::remove_surplus_systems[0m[2m:[0m [SURPLUS] '149:STANDARD_NAME': After removal: 3 -> 2 tokens, surplus=0
[2m2026-04-14T18:54:16.759545Z[0m [32m INFO[0m [2madv_civ::civilization::concepts::remove_surplus_population::remove_surplus_systems[0m[2m:[0m [SURPLUS] '95:Arwad' has surplus: total=3, max=2, surplus=1, players=1, has_city=false
[2m2026-04-14T18:54:16.759549Z[0m [32m INFO[0m [2madv_civ::civilization::concepts::remove_surplus_population::remove_surplus_systems[0m[2m:[0m [SURPLUS] '95:Arwad': Removing surplus tokens from single-player area
[2m2026-04-14T18:54:16.759552Z[0m [32m INFO[0m [2madv_civ::civilization::concepts::remove_surplus_population::remove_surplus_systems[0m[2m:[0m [SURPLUS] '95:Arwad': After removal: 3 -> 2 tokens, surplus=0
[2m2026-04-14T18:54:16.759565Z[0m [32m INFO[0m [2madv_civ::civilization::concepts::remove_surplus_population::remove_surplus_systems[0m[2m:[0m [SURPLUS] '6:Saguntum' has surplus: total=2, max=1, surplus=1, players=1, has_city=false
[2m2026-04-14T18:54:16.759568Z[0m [32m INFO[0m [2madv_civ::civilization::concepts::remove_surplus_population::remove_surplus_systems[0m[2m:[0m [SURPLUS] '6:Saguntum': Removing surplus tokens from single-player area
[2m2026-04-14T18:54:16.759571Z[0m [32m INFO[0m [2madv_civ::civilization::concepts::remove_surplus_population::remove_surplus_systems[0m[2m:[0m [SURPLUS] '6:Saguntum': After removal: 2 -> 1 tokens, surplus=0
[2m2026-04-14T18:54:16.759574Z[0m [32m INFO[0m [2madv_civ::civilization::concepts::remove_surplus_population::remove_surplus_systems[0m[2m:[0m [SURPLUS] '9:Syracuse' has surplus: total=3, max=2, surplus=1, players=1, has_city=false
[2m2026-04-14T18:54:16.759576Z[0m [32m INFO[0m [2madv_civ::civilization::concepts::remove_surplus_population::remove_surplus_systems[0m[2m:[0m [SURPLUS] '9:Syracuse': Removing surplus tokens from single-player area
[2m2026-04-14T18:54:16.759579Z[0m [32m INFO[0m [2madv_civ::civilization::concepts::remove_surplus_population::remove_surplus_systems[0m[2m:[0m [SURPLUS] '9:Syracuse': After removal: 3 -> 2 tokens, surplus=0
[2m2026-04-14T18:54:16.759589Z[0m [32m INFO[0m [2madv_civ::civilization::concepts::remove_surplus_population::remove_surplus_systems[0m[2m:[0m [SURPLUS] '31:Polis' has surplus: total=2, max=1, surplus=1, players=1, has_city=false
[2m2026-04-14T18:54:16.759592Z[0m [32m INFO[0m [2madv_civ::civilization::concepts::remove_surplus_population::remove_surplus_systems[0m[2m:[0m [SURPLUS] '31:Polis': Removing surplus tokens from single-player area
[2m2026-04-14T18:54:16.759596Z[0m [32m INFO[0m [2madv_civ::civilization::concepts::remove_surplus_population::remove_surplus_systems[0m[2m:[0m [SURPLUS] '31:Polis': After removal: 2 -> 1 tokens, surplus=0
[2m2026-04-14T18:54:16.759599Z[0m [32m INFO[0m [2madv_civ::civilization::concepts::remove_surplus_population::remove_surplus_systems[0m[2m:[0m [SURPLUS] '33:Lutetia' has surplus: total=3, max=2, surplus=1, players=1, has_city=false
[2m2026-04-14T18:54:16.759602Z[0m [32m INFO[0m [2madv_civ::civilization::concepts::remove_surplus_population::remove_surplus_systems[0m[2m:[0m [SURPLUS] '33:Lutetia': Removing surplus tokens from single-player area
[2m2026-04-14T18:54:16.759605Z[0m [32m INFO[0m [2madv_civ::civilization::concepts::remove_surplus_population::remove_surplus_systems[0m[2m:[0m [SURPLUS] '33:Lutetia': After removal: 3 -> 2 tokens, surplus=0
[2m2026-04-14T18:54:16.759609Z[0m [32m INFO[0m [2madv_civ::civilization::concepts::remove_surplus_population::remove_surplus_systems[0m[2m:[0m [SURPLUS] '15:Olynthus' has surplus: total=3, max=1, surplus=2, players=1, has_city=false
[2m2026-04-14T18:54:16.759612Z[0m [32m INFO[0m [2madv_civ::civilization::concepts::remove_surplus_population::remove_surplus_systems[0m[2m:[0m [SURPLUS] '15:Olynthus': Removing surplus tokens from single-player area
[2m2026-04-14T18:54:16.759615Z[0m [32m INFO[0m [2madv_civ::civilization::concepts::remove_surplus_population::remove_surplus_systems[0m[2m:[0m [SURPLUS] '15:Olynthus': After removal: 3 -> 1 tokens, surplus=0
[2m2026-04-14T18:54:16.759619Z[0m [32m INFO[0m [2madv_civ::civilization::concepts::remove_surplus_population::remove_surplus_systems[0m[2m:[0m [SURPLUS] '100:Phaselis' has surplus: total=4, max=2, surplus=2, players=1, has_city=false
[2m2026-04-14T18:54:16.759623Z[0m [32m INFO[0m [2madv_civ::civilization::concepts::remove_surplus_population::remove_surplus_systems[0m[2m:[0m [SURPLUS] '100:Phaselis': Removing surplus tokens from single-player area
[2m2026-04-14T18:54:16.759626Z[0m [32m INFO[0m [2madv_civ::civilization::concepts::remove_surplus_population::remove_surplus_systems[0m[2m:[0m [SURPLUS] '100:Phaselis': After removal: 4 -> 2 tokens, surplus=0
[2m2026-04-14T18:54:16.759631Z[0m [32m INFO[0m [2madv_civ::civilization::concepts::remove_surplus_population::remove_surplus_systems[0m[2m:[0m [SURPLUS] '21:Patavium' has surplus: total=2, max=1, surplus=1, players=1, has_city=false
[2m2026-04-14T18:54:16.759635Z[0m [32m INFO[0m [2madv_civ::civilization::concepts::remove_surplus_population::remove_surplus_systems[0m[2m:[0m [SURPLUS] '21:Patavium': Removing surplus tokens from single-player area
[2m2026-04-14T18:54:16.759639Z[0m [32m INFO[0m [2madv_civ::civilization::concepts::remove_surplus_population::remove_surplus_systems[0m[2m:[0m [SURPLUS] '21:Patavium': After removal: 2 -> 1 tokens, surplus=0
[2m2026-04-14T18:54:16.759643Z[0m [32m INFO[0m [2madv_civ::civilization::concepts::remove_surplus_population::remove_surplus_systems[0m[2m:[0m [SURPLUS] '91:Zama' has surplus: total=4, max=1, surplus=3, players=1, has_city=false
[2m2026-04-14T18:54:16.759646Z[0m [32m INFO[0m [2madv_civ::civilization::concepts::remove_surplus_population::remove_surplus_systems[0m[2m:[0m [SURPLUS] '91:Zama': Removing surplus tokens from single-player area
[2m2026-04-14T18:54:16.759649Z[0m [32m INFO[0m [2madv_civ::civilization::concepts::remove_surplus_population::remove_surplus_systems[0m[2m:[0m [SURPLUS] '91:Zama': After removal: 4 -> 1 tokens, surplus=0
[2m2026-04-14T18:54:16.759653Z[0m [32m INFO[0m [2madv_civ::civilization::concepts::remove_surplus_population::remove_surplus_systems[0m[2m:[0m [SURPLUS] '51:Thebes' has surplus: total=3, max=2, surplus=1, players=1, has_city=false
[2m2026-04-14T18:54:16.759656Z[0m [32m INFO[0m [2madv_civ::civilization::concepts::remove_surplus_population::remove_surplus_systems[0m[2m:[0m [SURPLUS] '51:Thebes': Removing surplus tokens from single-player area
[2m2026-04-14T18:54:16.759660Z[0m [32m INFO[0m [2madv_civ::civilization::concepts::remove_surplus_population::remove_surplus_systems[0m[2m:[0m [SURPLUS] '51:Thebes': After removal: 3 -> 2 tokens, surplus=0
[2m2026-04-14T18:54:16.759666Z[0m [32m INFO[0m [2madv_civ::civilization::concepts::remove_surplus_population::remove_surplus_systems[0m[2m:[0m [SURPLUS] '105:Raphia' has surplus: total=4, max=2, surplus=2, players=1, has_city=false
[2m2026-04-14T18:54:16.759671Z[0m [32m INFO[0m [2madv_civ::civilization::concepts::remove_surplus_population::remove_surplus_systems[0m[2m:[0m [SURPLUS] '105:Raphia': Removing surplus tokens from single-player area
[2m2026-04-14T18:54:16.759674Z[0m [32m INFO[0m [2madv_civ::civilization::concepts::remove_surplus_population::remove_surplus_systems[0m[2m:[0m [SURPLUS] '105:Raphia': After removal: 4 -> 2 tokens, surplus=0
[2m2026-04-14T18:54:16.759679Z[0m [32m INFO[0m [2madv_civ::civilization::concepts::remove_surplus_population::remove_surplus_systems[0m[2m:[0m [SURPLUS] '28:Edessa' has surplus: total=3, max=2, surplus=1, players=1, has_city=false
[2m2026-04-14T18:54:16.759682Z[0m [32m INFO[0m [2madv_civ::civilization::concepts::remove_surplus_population::remove_surplus_systems[0m[2m:[0m [SURPLUS] '28:Edessa': Removing surplus tokens from single-player area
[2m2026-04-14T18:54:16.759686Z[0m [32m INFO[0m [2madv_civ::civilization::concepts::remove_surplus_population::remove_surplus_systems[0m[2m:[0m [SURPLUS] '28:Edessa': After removal: 3 -> 2 tokens, surplus=0
[2m2026-04-14T18:54:16.759705Z[0m [32m INFO[0m [2madv_civ::civilization::concepts::remove_surplus_population::remove_surplus_systems[0m[2m:[0m [SURPLUS] '56:Acragas' has surplus: total=3, max=2, surplus=1, players=1, has_city=false
[2m2026-04-14T18:54:16.759710Z[0m [32m INFO[0m [2madv_civ::civilization::concepts::remove_surplus_population::remove_surplus_systems[0m[2m:[0m [SURPLUS] '56:Acragas': Removing surplus tokens from single-player area
[2m2026-04-14T18:54:16.759714Z[0m [32m INFO[0m [2madv_civ::civilization::concepts::remove_surplus_population::remove_surplus_systems[0m[2m:[0m [SURPLUS] '56:Acragas': After removal: 3 -> 2 tokens, surplus=0
[2m2026-04-14T18:54:16.759719Z[0m [32m INFO[0m [2madv_civ::civilization::concepts::remove_surplus_population::remove_surplus_systems[0m[2m:[0m [SURPLUS] '107:Gadara' has surplus: total=4, max=2, surplus=2, players=1, has_city=false
[2m2026-04-14T18:54:16.759722Z[0m [32m INFO[0m [2madv_civ::civilization::concepts::remove_surplus_population::remove_surplus_systems[0m[2m:[0m [SURPLUS] '107:Gadara': Removing surplus tokens from single-player area
[2m2026-04-14T18:54:16.759726Z[0m [32m INFO[0m [2madv_civ::civilization::concepts::remove_surplus_population::remove_surplus_systems[0m[2m:[0m [SURPLUS] '107:Gadara': After removal: 4 -> 2 tokens, surplus=0
[2m2026-04-14T18:54:16.759733Z[0m [32m INFO[0m [2madv_civ::civilization::concepts::remove_surplus_population::remove_surplus_systems[0m[2m:[0m [SURPLUS] Phase complete: processed 149 areas, 18 had surplus, removed 24 tokens total
[2m2026-04-14T18:54:16.767365Z[0m [32m INFO[0m [2madv_civ::civilization::concepts::check_city_support::check_city_support_systems[0m[2m:[0m [CITY_SUPPORT] Starting city support check phase
[2m2026-04-14T18:54:16.767375Z[0m [32m INFO[0m [2madv_civ::civilization::concepts::check_city_support::check_city_support_systems[0m[2m:[0m [CITY_SUPPORT] 4 players need city support check
[2m2026-04-14T18:54:16.777811Z[0m [32m INFO[0m [2madv_civ::civilization::concepts::check_city_support::check_city_support_systems[0m[2m:[0m [CITY_SUPPORT] All checks complete, transitioning to AcquireTradeCards
[2m2026-04-14T18:54:16.794230Z[0m [32m INFO[0m [2madv_civ::civilization::concepts::acquire_trade_cards::trade_card_systems[0m[2m:[0m [TRADE_CARDS] Starting acquire trade cards phase
[2m2026-04-14T18:54:16.794251Z[0m [32m INFO[0m [2madv_civ::civilization::concepts::acquire_trade_cards::trade_card_systems[0m[2m:[0m [TRADE_CARDS] Processed 8 players, 4 have cities, sending CheckIfWeCanTrade
[2m2026-04-14T18:54:16.794374Z[0m [32m INFO[0m [2madv_civ::civilization::concepts::acquire_trade_cards::trade_card_systems[0m[2m:[0m [TRADE_CARDS] CheckIfWeCanTrade received: 2 players can trade
[2m2026-04-14T18:54:16.794380Z[0m [32m INFO[0m [2madv_civ::civilization::concepts::acquire_trade_cards::trade_card_systems[0m[2m:[0m [TRADE_CARDS] Transitioning to Trade phase
[2m2026-04-14T18:54:17.059482Z[0m [32m INFO[0m [2mbevy_diagnostic[0m[2m:[0m started_load_count:   69.000000   (avg 69.000000)
[2m2026-04-14T18:54:18.059964Z[0m [32m INFO[0m [2mbevy_diagnostic[0m[2m:[0m started_load_count:   69.000000   (avg 69.000000)
[2m2026-04-14T18:54:19.050464Z[0m [32m INFO[0m [2mbevy_diagnostic[0m[2m:[0m started_load_count:   69.000000   (avg 69.000000)
[2m2026-04-14T18:54:20.076306Z[0m [32m INFO[0m [2mbevy_diagnostic[0m[2m:[0m started_load_count:   69.000000   (avg 69.000000)
[2m2026-04-14T18:54:21.076694Z[0m [32m INFO[0m [2mbevy_diagnostic[0m[2m:[0m started_load_count:   69.000000   (avg 69.000000)
[2m2026-04-14T18:54:22.045428Z[0m [32m INFO[0m [2mbevy_diagnostic[0m[2m:[0m started_load_count:   69.000000   (avg 69.000000)
[2m2026-04-14T18:54:23.076917Z[0m [32m INFO[0m [2mbevy_diagnostic[0m[2m:[0m started_load_count:   69.000000   (avg 69.000000)
[2m2026-04-14T18:54:24.058995Z[0m [32m INFO[0m [2mbevy_diagnostic[0m[2m:[0m started_load_count:   69.000000   (avg 69.000000)
[2m2026-04-14T18:54:25.076835Z[0m [32m INFO[0m [2mbevy_diagnostic[0m[2m:[0m started_load_count:   69.000000   (avg 69.000000)
[2m2026-04-14T18:54:26.077354Z[0m [32m INFO[0m [2mbevy_diagnostic[0m[2m:[0m started_load_count:   69.000000   (avg 69.000000)
[2m2026-04-14T18:54:27.059460Z[0m [32m INFO[0m [2mbevy_diagnostic[0m[2m:[0m started_load_count:   69.000000   (avg 69.000000)
[2m2026-04-14T18:54:28.076291Z[0m [32m INFO[0m [2mbevy_diagnostic[0m[2m:[0m started_load_count:   69.000000   (avg 69.000000)
[2m2026-04-14T18:54:29.063118Z[0m [32m INFO[0m [2mbevy_diagnostic[0m[2m:[0m started_load_count:   69.000000   (avg 69.000000)
[2m2026-04-14T18:54:30.062853Z[0m [32m INFO[0m [2mbevy_diagnostic[0m[2m:[0m started_load_count:   69.000000   (avg 69.000000)
[2m2026-04-14T18:54:31.076329Z[0m [32m INFO[0m [2mbevy_diagnostic[0m[2m:[0m started_load_count:   69.000000   (avg 69.000000)
[2m2026-04-14T18:54:32.076965Z[0m [32m INFO[0m [2mbevy_diagnostic[0m[2m:[0m started_load_count:   69.000000   (avg 69.000000)
[2m2026-04-14T18:54:33.063388Z[0m [32m INFO[0m [2mbevy_diagnostic[0m[2m:[0m started_load_count:   69.000000   (avg 69.000000)
[2m2026-04-14T18:54:34.075659Z[0m [32m INFO[0m [2mbevy_diagnostic[0m[2m:[0m started_load_count:   69.000000   (avg 69.000000)
[2m2026-04-14T18:54:35.058833Z[0m [32m INFO[0m [2mbevy_diagnostic[0m[2m:[0m started_load_count:   69.000000   (avg 69.000000)
[2m2026-04-14T18:54:36.049362Z[0m [32m INFO[0m [2mbevy_diagnostic[0m[2m:[0m started_load_count:   69.000000   (avg 69.000000)
[2m2026-04-14T18:54:37.059357Z[0m [32m INFO[0m [2mbevy_diagnostic[0m[2m:[0m started_load_count:   69.000000   (avg 69.000000)
[2m2026-04-14T18:54:38.046499Z[0m [32m INFO[0m [2mbevy_diagnostic[0m[2m:[0m started_load_count:   69.000000   (avg 69.000000)
[2m2026-04-14T18:54:39.779300Z[0m [32m INFO[0m [2mbevy_diagnostic[0m[2m:[0m started_load_count:   69.000000   (avg 69.000000)
[2m2026-04-14T18:54:40.783984Z[0m [32m INFO[0m [2mbevy_diagnostic[0m[2m:[0m started_load_count:   69.000000   (avg 69.000000)
[2m2026-04-14T18:54:41.793484Z[0m [32m INFO[0m [2mbevy_diagnostic[0m[2m:[0m started_load_count:   69.000000   (avg 69.000000)
[2m2026-04-14T18:54:42.796204Z[0m [32m INFO[0m [2mbevy_diagnostic[0m[2m:[0m started_load_count:   69.000000   (avg 69.000000)
[2m2026-04-14T18:54:43.798580Z[0m [32m INFO[0m [2mbevy_diagnostic[0m[2m:[0m started_load_count:   69.000000   (avg 69.000000)
[2m2026-04-14T18:54:44.795229Z[0m [32m INFO[0m [2mbevy_diagnostic[0m[2m:[0m started_load_count:   69.000000   (avg 69.000000)
[2m2026-04-14T18:54:45.797798Z[0m [32m INFO[0m [2mbevy_diagnostic[0m[2m:[0m started_load_count:   69.000000   (avg 69.000000)
[2m2026-04-14T18:54:46.794613Z[0m [32m INFO[0m [2mbevy_diagnostic[0m[2m:[0m started_load_count:   69.000000   (avg 69.000000)
[2m2026-04-14T18:54:47.794463Z[0m [32m INFO[0m [2mbevy_diagnostic[0m[2m:[0m started_load_count:   69.000000   (avg 69.000000)
[2m2026-04-14T18:54:48.803053Z[0m [32m INFO[0m [2mbevy_diagnostic[0m[2m:[0m started_load_count:   69.000000   (avg 69.000000)
[2m2026-04-14T18:54:49.827688Z[0m [32m INFO[0m [2mbevy_diagnostic[0m[2m:[0m started_load_count:   69.000000   (avg 69.000000)
[2m2026-04-14T18:54:50.849062Z[0m [32m INFO[0m [2mbevy_diagnostic[0m[2m:[0m started_load_count:   69.000000   (avg 69.000000)
[2m2026-04-14T18:54:51.862648Z[0m [32m INFO[0m [2mbevy_diagnostic[0m[2m:[0m started_load_count:   69.000000   (avg 69.000000)
[2m2026-04-14T18:54:52.867811Z[0m [32m INFO[0m [2mbevy_diagnostic[0m[2m:[0m started_load_count:   69.000000   (avg 69.000000)
[2m2026-04-14T18:54:53.882912Z[0m [32m INFO[0m [2mbevy_diagnostic[0m[2m:[0m started_load_count:   69.000000   (avg 69.000000)
[2m2026-04-14T18:54:54.880986Z[0m [32m INFO[0m [2mbevy_diagnostic[0m[2m:[0m started_load_count:   69.000000   (avg 69.000000)
[2m2026-04-14T18:54:55.880239Z[0m [32m INFO[0m [2mbevy_diagnostic[0m[2m:[0m started_load_count:   69.000000   (avg 69.000000)
[2m2026-04-14T18:54:56.877099Z[0m [32m INFO[0m [2mbevy_diagnostic[0m[2m:[0m started_load_count:   69.000000   (avg 69.000000)
[2m2026-04-14T18:54:57.879422Z[0m [32m INFO[0m [2mbevy_diagnostic[0m[2m:[0m started_load_count:   69.000000   (avg 69.000000)
[2m2026-04-14T18:54:58.876970Z[0m [32m INFO[0m [2mbevy_diagnostic[0m[2m:[0m started_load_count:   69.000000   (avg 69.000000)
[2m2026-04-14T18:54:59.880884Z[0m [32m INFO[0m [2mbevy_diagnostic[0m[2m:[0m started_load_count:   69.000000   (avg 69.000000)
[2m2026-04-14T18:55:00.882534Z[0m [32m INFO[0m [2mbevy_diagnostic[0m[2m:[0m started_load_count:   69.000000   (avg 69.000000)
[2m2026-04-14T18:55:01.880582Z[0m [32m INFO[0m [2mbevy_diagnostic[0m[2m:[0m started_load_count:   69.000000   (avg 69.000000)
[2m2026-04-14T18:55:02.879465Z[0m [32m INFO[0m [2mbevy_diagnostic[0m[2m:[0m started_load_count:   69.000000   (avg 69.000000)
[2m2026-04-14T18:55:03.880035Z[0m [32m INFO[0m [2mbevy_diagnostic[0m[2m:[0m started_load_count:   69.000000   (avg 69.000000)
[2m2026-04-14T18:55:04.879727Z[0m [32m INFO[0m [2mbevy_diagnostic[0m[2m:[0m started_load_count:   69.000000   (avg 69.000000)
[2m2026-04-14T18:55:05.880454Z[0m [32m INFO[0m [2mbevy_diagnostic[0m[2m:[0m started_load_count:   69.000000   (avg 69.000000)
[2m2026-04-14T18:55:06.888387Z[0m [32m INFO[0m [2mbevy_diagnostic[0m[2m:[0m started_load_count:   69.000000   (avg 69.000000)
[2m2026-04-14T18:55:07.899245Z[0m [32m INFO[0m [2mbevy_diagnostic[0m[2m:[0m started_load_count:   69.000000   (avg 69.000000)
[2m2026-04-14T18:55:08.894849Z[0m [32m INFO[0m [2mbevy_diagnostic[0m[2m:[0m started_load_count:   69.000000   (avg 69.000000)
[2m2026-04-14T18:55:09.895934Z[0m [32m INFO[0m [2mbevy_diagnostic[0m[2m:[0m started_load_count:   69.000000   (avg 69.000000)
[2m2026-04-14T18:55:10.894239Z[0m [32m INFO[0m [2mbevy_diagnostic[0m[2m:[0m started_load_count:   69.000000   (avg 69.000000)
[2m2026-04-14T18:55:11.895977Z[0m [32m INFO[0m [2mbevy_diagnostic[0m[2m:[0m started_load_count:   69.000000   (avg 69.000000)
[2m2026-04-14T18:55:12.936658Z[0m [32m INFO[0m [2mbevy_diagnostic[0m[2m:[0m started_load_count:   69.000000   (avg 69.000000)
[2m2026-04-14T18:55:13.931653Z[0m [32m INFO[0m [2mbevy_diagnostic[0m[2m:[0m started_load_count:   69.000000   (avg 69.000000)
[2m2026-04-14T18:55:14.933757Z[0m [32m INFO[0m [2mbevy_diagnostic[0m[2m:[0m started_load_count:   69.000000   (avg 69.000000)
[2m2026-04-14T18:55:15.934681Z[0m [32m INFO[0m [2mbevy_diagnostic[0m[2m:[0m started_load_count:   69.000000   (avg 69.000000)
[2m2026-04-14T18:55:16.943818Z[0m [32m INFO[0m [2mbevy_diagnostic[0m[2m:[0m started_load_count:   69.000000   (avg 69.000000)
[2m2026-04-14T18:55:17.931628Z[0m [32m INFO[0m [2mbevy_diagnostic[0m[2m:[0m started_load_count:   69.000000   (avg 69.000000)
[2m2026-04-14T18:55:18.947040Z[0m [32m INFO[0m [2mbevy_diagnostic[0m[2m:[0m started_load_count:   69.000000   (avg 69.000000)
[2m2026-04-14T18:55:19.948281Z[0m [32m INFO[0m [2mbevy_diagnostic[0m[2m:[0m started_load_count:   69.000000   (avg 69.000000)
[2m2026-04-14T18:55:20.944632Z[0m [32m INFO[0m [2mbevy_diagnostic[0m[2m:[0m started_load_count:   69.000000   (avg 69.000000)
[2m2026-04-14T18:55:21.948780Z[0m [32m INFO[0m [2mbevy_diagnostic[0m[2m:[0m started_load_count:   69.000000   (avg 69.000000)
[2m2026-04-14T18:55:22.944174Z[0m [32m INFO[0m [2mbevy_diagnostic[0m[2m:[0m started_load_count:   69.000000   (avg 69.000000)
[2m2026-04-14T18:55:23.952514Z[0m [32m INFO[0m [2mbevy_diagnostic[0m[2m:[0m started_load_count:   69.000000   (avg 69.000000)
[2m2026-04-14T18:55:24.964756Z[0m [32m INFO[0m [2mbevy_diagnostic[0m[2m:[0m started_load_count:   69.000000   (avg 69.000000)
[2m2026-04-14T18:55:25.968740Z[0m [32m INFO[0m [2mbevy_diagnostic[0m[2m:[0m started_load_count:   69.000000   (avg 69.000000)
[2m2026-04-14T18:55:26.978479Z[0m [32m INFO[0m [2mbevy_diagnostic[0m[2m:[0m started_load_count:   69.000000   (avg 69.000000)
[2m2026-04-14T18:55:27.988811Z[0m [32m INFO[0m [2mbevy_diagnostic[0m[2m:[0m started_load_count:   69.000000   (avg 69.000000)
[2m2026-04-14T18:55:28.997900Z[0m [32m INFO[0m [2mbevy_diagnostic[0m[2m:[0m started_load_count:   69.000000   (avg 69.000000)
[2m2026-04-14T18:55:30.004916Z[0m [32m INFO[0m [2mbevy_diagnostic[0m[2m:[0m started_load_count:   69.000000   (avg 69.000000)
[2m2026-04-14T18:55:31.031700Z[0m [32m INFO[0m [2mbevy_diagnostic[0m[2m:[0m started_load_count:   69.000000   (avg 69.000000)
[2m2026-04-14T18:55:32.040792Z[0m [32m INFO[0m [2mbevy_diagnostic[0m[2m:[0m started_load_count:   69.000000   (avg 69.000000)
[2m2026-04-14T18:55:33.050419Z[0m [32m INFO[0m [2mbevy_diagnostic[0m[2m:[0m started_load_count:   69.000000   (avg 69.000000)
[2m2026-04-14T18:55:34.060874Z[0m [32m INFO[0m [2mbevy_diagnostic[0m[2m:[0m started_load_count:   69.000000   (avg 69.000000)
[2m2026-04-14T18:55:35.076754Z[0m [32m INFO[0m [2mbevy_diagnostic[0m[2m:[0m started_load_count:   69.000000   (avg 69.000000)
[2m2026-04-14T18:55:36.084459Z[0m [32m INFO[0m [2mbevy_diagnostic[0m[2m:[0m started_load_count:   69.000000   (avg 69.000000)
[2m2026-04-14T18:55:37.096054Z[0m [32m INFO[0m [2mbevy_diagnostic[0m[2m:[0m started_load_count:   69.000000   (avg 69.000000)
[2m2026-04-14T18:55:38.102970Z[0m [32m INFO[0m [2mbevy_diagnostic[0m[2m:[0m started_load_count:   69.000000   (avg 69.000000)
[2m2026-04-14T18:55:39.113691Z[0m [32m INFO[0m [2mbevy_diagnostic[0m[2m:[0m started_load_count:   69.000000   (avg 69.000000)
[2m2026-04-14T18:55:40.128434Z[0m [32m INFO[0m [2mbevy_diagnostic[0m[2m:[0m started_load_count:   69.000000   (avg 69.000000)
[2m2026-04-14T18:55:41.137721Z[0m [32m INFO[0m [2mbevy_diagnostic[0m[2m:[0m started_load_count:   69.000000   (avg 69.000000)
[2m2026-04-14T18:55:42.149470Z[0m [32m INFO[0m [2mbevy_diagnostic[0m[2m:[0m started_load_count:   69.000000   (avg 69.000000)
[2m2026-04-14T18:55:43.160166Z[0m [32m INFO[0m [2mbevy_diagnostic[0m[2m:[0m started_load_count:   69.000000   (avg 69.000000)
[2m2026-04-14T18:55:44.166611Z[0m [32m INFO[0m [2mbevy_diagnostic[0m[2m:[0m started_load_count:   69.000000   (avg 69.000000)
[2m2026-04-14T18:55:45.171123Z[0m [32m INFO[0m [2mbevy_diagnostic[0m[2m:[0m started_load_count:   69.000000   (avg 69.000000)
[2m2026-04-14T18:55:46.192335Z[0m [32m INFO[0m [2mbevy_diagnostic[0m[2m:[0m started_load_count:   69.000000   (avg 69.000000)
[2m2026-04-14T18:55:47.197657Z[0m [32m INFO[0m [2mbevy_diagnostic[0m[2m:[0m started_load_count:   69.000000   (avg 69.000000)
[2m2026-04-14T18:55:48.196968Z[0m [32m INFO[0m [2mbevy_diagnostic[0m[2m:[0m started_load_count:   69.000000   (avg 69.000000)
[2m2026-04-14T18:55:49.200254Z[0m [32m INFO[0m [2mbevy_diagnostic[0m[2m:[0m started_load_count:   69.000000   (avg 69.000000)
[2m2026-04-14T18:55:50.197321Z[0m [32m INFO[0m [2mbevy_diagnostic[0m[2m:[0m started_load_count:   69.000000   (avg 69.000000)
[2m2026-04-14T18:55:51.196221Z[0m [32m INFO[0m [2mbevy_diagnostic[0m[2m:[0m started_load_count:   69.000000   (avg 69.000000)
[2m2026-04-14T18:55:52.198660Z[0m [32m INFO[0m [2mbevy_diagnostic[0m[2m:[0m started_load_count:   69.000000   (avg 69.000000)
[2m2026-04-14T18:55:53.196585Z[0m [32m INFO[0m [2mbevy_diagnostic[0m[2m:[0m started_load_count:   69.000000   (avg 69.000000)
[2m2026-04-14T18:55:54.198292Z[0m [32m INFO[0m [2mbevy_diagnostic[0m[2m:[0m started_load_count:   69.000000   (avg 69.000000)
[2m2026-04-14T18:55:55.196506Z[0m [32m INFO[0m [2mbevy_diagnostic[0m[2m:[0m started_load_count:   69.000000   (avg 69.000000)
[2m2026-04-14T18:55:56.195185Z[0m [32m INFO[0m [2mbevy_diagnostic[0m[2m:[0m started_load_count:   69.000000   (avg 69.000000)
[2m2026-04-14T18:55:57.198015Z[0m [32m INFO[0m [2mbevy_diagnostic[0m[2m:[0m started_load_count:   69.000000   (avg 69.000000)
[2m2026-04-14T18:55:58.197422Z[0m [32m INFO[0m [2mbevy_diagnostic[0m[2m:[0m started_load_count:   69.000000   (avg 69.000000)
[2m2026-04-14T18:55:59.198070Z[0m [32m INFO[0m [2mbevy_diagnostic[0m[2m:[0m started_load_count:   69.000000   (avg 69.000000)
[2m2026-04-14T18:56:00.195195Z[0m [32m INFO[0m [2mbevy_diagnostic[0m[2m:[0m started_load_count:   69.000000   (avg 69.000000)
[2m2026-04-14T18:56:01.198601Z[0m [32m INFO[0m [2mbevy_diagnostic[0m[2m:[0m started_load_count:   69.000000   (avg 69.000000)
[2m2026-04-14T18:56:02.203407Z[0m [32m INFO[0m [2mbevy_diagnostic[0m[2m:[0m started_load_count:   69.000000   (avg 69.000000)
[2m2026-04-14T18:56:03.218945Z[0m [32m INFO[0m [2mbevy_diagnostic[0m[2m:[0m started_load_count:   69.000000   (avg 69.000000)
[2m2026-04-14T18:56:04.232646Z[0m [32m INFO[0m [2mbevy_diagnostic[0m[2m:[0m started_load_count:   69.000000   (avg 69.000000)
[2m2026-04-14T18:56:05.241775Z[0m [32m INFO[0m [2mbevy_diagnostic[0m[2m:[0m started_load_count:   69.000000   (avg 69.000000)
[2m2026-04-14T18:56:06.252782Z[0m [32m INFO[0m [2mbevy_diagnostic[0m[2m:[0m started_load_count:   69.000000   (avg 69.000000)
[2m2026-04-14T18:56:07.260934Z[0m [32m INFO[0m [2mbevy_diagnostic[0m[2m:[0m started_load_count:   69.000000   (avg 69.000000)
[2m2026-04-14T18:56:08.265146Z[0m [32m INFO[0m [2mbevy_diagnostic[0m[2m:[0m started_load_count:   69.000000   (avg 69.000000)
[2m2026-04-14T18:56:09.275928Z[0m [32m INFO[0m [2mbevy_diagnostic[0m[2m:[0m started_load_count:   69.000000   (avg 69.000000)
[2m2026-04-14T18:56:10.286976Z[0m [32m INFO[0m [2mbevy_diagnostic[0m[2m:[0m started_load_count:   69.000000   (avg 69.000000)
[2m2026-04-14T18:56:11.295736Z[0m [32m INFO[0m [2mbevy_diagnostic[0m[2m:[0m started_load_count:   69.000000   (avg 69.000000)
[2m2026-04-14T18:56:12.303582Z[0m [32m INFO[0m [2mbevy_diagnostic[0m[2m:[0m started_load_count:   69.000000   (avg 69.000000)
[2m2026-04-14T18:56:13.319192Z[0m [32m INFO[0m [2mbevy_diagnostic[0m[2m:[0m started_load_count:   69.000000   (avg 69.000000)
[2m2026-04-14T18:56:14.332073Z[0m [32m INFO[0m [2mbevy_diagnostic[0m[2m:[0m started_load_count:   69.000000   (avg 69.000000)
[2m2026-04-14T18:56:15.344314Z[0m [32m INFO[0m [2mbevy_diagnostic[0m[2m:[0m started_load_count:   69.000000   (avg 69.000000)
[2m2026-04-14T18:56:16.364612Z[0m [32m INFO[0m [2mbevy_diagnostic[0m[2m:[0m started_load_count:   69.000000   (avg 69.000000)
[2m2026-04-14T18:56:17.361954Z[0m [32m INFO[0m [2mbevy_diagnostic[0m[2m:[0m started_load_count:   69.000000   (avg 69.000000)
[2m2026-04-14T18:56:18.361662Z[0m [32m INFO[0m [2mbevy_diagnostic[0m[2m:[0m started_load_count:   69.000000   (avg 69.000000)
[2m2026-04-14T18:56:19.364454Z[0m [32m INFO[0m [2mbevy_diagnostic[0m[2m:[0m started_load_count:   69.000000   (avg 69.000000)
[2m2026-04-14T18:56:20.362135Z[0m [32m INFO[0m [2mbevy_diagnostic[0m[2m:[0m started_load_count:   69.000000   (avg 69.000000)
[2m2026-04-14T18:56:21.362927Z[0m [32m INFO[0m [2mbevy_diagnostic[0m[2m:[0m started_load_count:   69.000000   (avg 69.000000)
[2m2026-04-14T18:56:22.361754Z[0m [32m INFO[0m [2mbevy_diagnostic[0m[2m:[0m started_load_count:   69.000000   (avg 69.000000)
[2m2026-04-14T18:56:23.364144Z[0m [32m INFO[0m [2mbevy_diagnostic[0m[2m:[0m started_load_count:   69.000000   (avg 69.000000)
[2m2026-04-14T18:56:24.364165Z[0m [32m INFO[0m [2mbevy_diagnostic[0m[2m:[0m started_load_count:   69.000000   (avg 69.000000)
[2m2026-04-14T18:56:25.364600Z[0m [32m INFO[0m [2mbevy_diagnostic[0m[2m:[0m started_load_count:   69.000000   (avg 69.000000)
[2m2026-04-14T18:56:26.362422Z[0m [32m INFO[0m [2mbevy_diagnostic[0m[2m:[0m started_load_count:   69.000000   (avg 69.000000)
[2m2026-04-14T18:56:27.361605Z[0m [32m INFO[0m [2mbevy_diagnostic[0m[2m:[0m started_load_count:   69.000000   (avg 69.000000)
[2m2026-04-14T18:56:28.363708Z[0m [32m INFO[0m [2mbevy_diagnostic[0m[2m:[0m started_load_count:   69.000000   (avg 69.000000)
[2m2026-04-14T18:56:29.370672Z[0m [32m INFO[0m [2mbevy_diagnostic[0m[2m:[0m started_load_count:   69.000000   (avg 69.000000)
[2m2026-04-14T18:56:30.362384Z[0m [32m INFO[0m [2mbevy_diagnostic[0m[2m:[0m started_load_count:   69.000000   (avg 69.000000)
[2m2026-04-14T18:56:31.381045Z[0m [32m INFO[0m [2mbevy_diagnostic[0m[2m:[0m started_load_count:   69.000000   (avg 69.000000)
[2m2026-04-14T18:56:32.396043Z[0m [32m INFO[0m [2mbevy_diagnostic[0m[2m:[0m started_load_count:   69.000000   (avg 69.000000)
[2m2026-04-14T18:56:33.404612Z[0m [32m INFO[0m [2mbevy_diagnostic[0m[2m:[0m started_load_count:   69.000000   (avg 69.000000)
[2m2026-04-14T18:56:34.403912Z[0m [32m INFO[0m [2mbevy_diagnostic[0m[2m:[0m started_load_count:   69.000000   (avg 69.000000)
[2m2026-04-14T18:56:35.399490Z[0m [32m INFO[0m [2mbevy_diagnostic[0m[2m:[0m started_load_count:   69.000000   (avg 69.000000)
[2m2026-04-14T18:56:36.398062Z[0m [32m INFO[0m [2mbevy_diagnostic[0m[2m:[0m started_load_count:   69.000000   (avg 69.000000)
[2m2026-04-14T18:56:37.398502Z[0m [32m INFO[0m [2mbevy_diagnostic[0m[2m:[0m started_load_count:   69.000000   (avg 69.000000)
[2m2026-04-14T18:56:38.395362Z[0m [32m INFO[0m [2mbevy_diagnostic[0m[2m:[0m started_load_count:   69.000000   (avg 69.000000)
[2m2026-04-14T18:56:39.395405Z[0m [32m INFO[0m [2mbevy_diagnostic[0m[2m:[0m started_load_count:   69.000000   (avg 69.000000)
[2m2026-04-14T18:56:40.396723Z[0m [32m INFO[0m [2mbevy_diagnostic[0m[2m:[0m started_load_count:   69.000000   (avg 69.000000)
[2m2026-04-14T18:56:41.417436Z[0m [32m INFO[0m [2mbevy_diagnostic[0m[2m:[0m started_load_count:   69.000000   (avg 69.000000)
[2m2026-04-14T18:56:42.414018Z[0m [32m INFO[0m [2mbevy_diagnostic[0m[2m:[0m started_load_count:   69.000000   (avg 69.000000)
[2m2026-04-14T18:56:43.416187Z[0m [32m INFO[0m [2mbevy_diagnostic[0m[2m:[0m started_load_count:   69.000000   (avg 69.000000)
[2m2026-04-14T18:56:44.413988Z[0m [32m INFO[0m [2mbevy_diagnostic[0m[2m:[0m started_load_count:   69.000000   (avg 69.000000)
[2m2026-04-14T18:56:45.413400Z[0m [32m INFO[0m [2mbevy_diagnostic[0m[2m:[0m started_load_count:   69.000000   (avg 69.000000)
[2m2026-04-14T18:56:46.415369Z[0m [32m INFO[0m [2mbevy_diagnostic[0m[2m:[0m started_load_count:   69.000000   (avg 69.000000)
[2m2026-04-14T18:56:47.412990Z[0m [32m INFO[0m [2mbevy_diagnostic[0m[2m:[0m started_load_count:   69.000000   (avg 69.000000)
[2m2026-04-14T18:56:48.408890Z[0m [32m INFO[0m [2mbevy_diagnostic[0m[2m:[0m started_load_count:   69.000000   (avg 69.000000)
[2m2026-04-14T18:56:49.412983Z[0m [32m INFO[0m [2mbevy_diagnostic[0m[2m:[0m started_load_count:   69.000000   (avg 69.000000)
[2m2026-04-14T18:56:50.410630Z[0m [32m INFO[0m [2mbevy_diagnostic[0m[2m:[0m started_load_count:   69.000000   (avg 69.000000)
[2m2026-04-14T18:56:51.415456Z[0m [32m INFO[0m [2mbevy_diagnostic[0m[2m:[0m started_load_count:   69.000000   (avg 69.000000)
[2m2026-04-14T18:56:52.415178Z[0m [32m INFO[0m [2mbevy_diagnostic[0m[2m:[0m started_load_count:   69.000000   (avg 69.000000)
[2m2026-04-14T18:56:53.415897Z[0m [32m INFO[0m [2mbevy_diagnostic[0m[2m:[0m started_load_count:   69.000000   (avg 69.000000)
[2m2026-04-14T18:56:54.415509Z[0m [32m INFO[0m [2mbevy_diagnostic[0m[2m:[0m started_load_count:   69.000000   (avg 69.000000)
[2m2026-04-14T18:56:55.416018Z[0m [32m INFO[0m [2mbevy_diagnostic[0m[2m:[0m started_load_count:   69.000000   (avg 69.000000)
[2m2026-04-14T18:56:56.414506Z[0m [32m INFO[0m [2mbevy_diagnostic[0m[2m:[0m started_load_count:   69.000000   (avg 69.000000)
[2m2026-04-14T18:56:57.431400Z[0m [32m INFO[0m [2mbevy_diagnostic[0m[2m:[0m started_load_count:   69.000000   (avg 69.000000)
[2m2026-04-14T18:56:58.431994Z[0m [32m INFO[0m [2mbevy_diagnostic[0m[2m:[0m started_load_count:   69.000000   (avg 69.000000)
[2m2026-04-14T18:56:59.445204Z[0m [32m INFO[0m [2mbevy_diagnostic[0m[2m:[0m started_load_count:   69.000000   (avg 69.000000)
[2m2026-04-14T18:57:00.451640Z[0m [32m INFO[0m [2mbevy_diagnostic[0m[2m:[0m started_load_count:   69.000000   (avg 69.000000)
[2m2026-04-14T18:57:01.451236Z[0m [32m INFO[0m [2mbevy_diagnostic[0m[2m:[0m started_load_count:   69.000000   (avg 69.000000)
[2m2026-04-14T18:57:02.448455Z[0m [32m INFO[0m [2mbevy_diagnostic[0m[2m:[0m started_load_count:   69.000000   (avg 69.000000)
[2m2026-04-14T18:57:03.445520Z[0m [32m INFO[0m [2mbevy_diagnostic[0m[2m:[0m started_load_count:   69.000000   (avg 69.000000)
[2m2026-04-14T18:57:04.446512Z[0m [32m INFO[0m [2mbevy_diagnostic[0m[2m:[0m started_load_count:   69.000000   (avg 69.000000)
[2m2026-04-14T18:57:05.448239Z[0m [32m INFO[0m [2mbevy_diagnostic[0m[2m:[0m started_load_count:   69.000000   (avg 69.000000)
[2m2026-04-14T18:57:06.448598Z[0m [32m INFO[0m [2mbevy_diagnostic[0m[2m:[0m started_load_count:   69.000000   (avg 69.000000)
[2m2026-04-14T18:57:07.448899Z[0m [32m INFO[0m [2mbevy_diagnostic[0m[2m:[0m started_load_count:   69.000000   (avg 69.000000)
[2m2026-04-14T18:57:08.448343Z[0m [32m INFO[0m [2mbevy_diagnostic[0m[2m:[0m started_load_count:   69.000000   (avg 69.000000)
[2m2026-04-14T18:57:09.445908Z[0m [32m INFO[0m [2mbevy_diagnostic[0m[2m:[0m started_load_count:   69.000000   (avg 69.000000)
[2m2026-04-14T18:57:10.446263Z[0m [32m INFO[0m [2mbevy_diagnostic[0m[2m:[0m started_load_count:   69.000000   (avg 69.000000)
[2m2026-04-14T18:57:11.455057Z[0m [32m INFO[0m [2mbevy_diagnostic[0m[2m:[0m started_load_count:   69.000000   (avg 69.000000)
[2m2026-04-14T18:57:12.464430Z[0m [32m INFO[0m [2mbevy_diagnostic[0m[2m:[0m started_load_count:   69.000000   (avg 69.000000)
[2m2026-04-14T18:57:13.469021Z[0m [32m INFO[0m [2mbevy_diagnostic[0m[2m:[0m started_load_count:   69.000000   (avg 69.000000)
[2m2026-04-14T18:57:14.475552Z[0m [32m INFO[0m [2mbevy_diagnostic[0m[2m:[0m started_load_count:   69.000000   (avg 69.000000)
[2m2026-04-14T18:57:15.481449Z[0m [32m INFO[0m [2mbevy_diagnostic[0m[2m:[0m started_load_count:   69.000000   (avg 69.000000)
[2m2026-04-14T18:57:16.499267Z[0m [32m INFO[0m [2mbevy_diagnostic[0m[2m:[0m started_load_count:   69.000000   (avg 69.000000)
[2m2026-04-14T18:57:17.509076Z[0m [32m INFO[0m [2mbevy_diagnostic[0m[2m:[0m started_load_count:   69.000000   (avg 69.000000)
[2m2026-04-14T18:57:18.520401Z[0m [32m INFO[0m [2mbevy_diagnostic[0m[2m:[0m started_load_count:   69.000000   (avg 69.000000)
[2m2026-04-14T18:57:19.534806Z[0m [32m INFO[0m [2mbevy_diagnostic[0m[2m:[0m started_load_count:   69.000000   (avg 69.000000)
[2m2026-04-14T18:57:20.544572Z[0m [32m INFO[0m [2mbevy_diagnostic[0m[2m:[0m started_load_count:   69.000000   (avg 69.000000)
[2m2026-04-14T18:57:21.558175Z[0m [32m INFO[0m [2mbevy_diagnostic[0m[2m:[0m started_load_count:   69.000000   (avg 69.000000)
[2m2026-04-14T18:57:22.583551Z[0m [32m INFO[0m [2mbevy_diagnostic[0m[2m:[0m started_load_count:   69.000000   (avg 69.000000)
[2m2026-04-14T18:57:23.593730Z[0m [32m INFO[0m [2mbevy_diagnostic[0m[2m:[0m started_load_count:   69.000000   (avg 69.000000)
[2m2026-04-14T18:57:24.596007Z[0m [32m INFO[0m [2mbevy_diagnostic[0m[2m:[0m started_load_count:   69.000000   (avg 69.000000)
[2m2026-04-14T18:57:25.593400Z[0m [32m INFO[0m [2mbevy_diagnostic[0m[2m:[0m started_load_count:   69.000000   (avg 69.000000)
[2m2026-04-14T18:57:26.590361Z[0m [32m INFO[0m [2mbevy_diagnostic[0m[2m:[0m started_load_count:   69.000000   (avg 69.000000)
[2m2026-04-14T18:57:27.590283Z[0m [32m INFO[0m [2mbevy_diagnostic[0m[2m:[0m started_load_count:   69.000000   (avg 69.000000)
[2m2026-04-14T18:57:28.591207Z[0m [32m INFO[0m [2mbevy_diagnostic[0m[2m:[0m started_load_count:   69.000000   (avg 69.000000)
[2m2026-04-14T18:57:29.597675Z[0m [32m INFO[0m [2mbevy_diagnostic[0m[2m:[0m started_load_count:   69.000000   (avg 69.000000)
[2m2026-04-14T18:57:30.601508Z[0m [32m INFO[0m [2mbevy_diagnostic[0m[2m:[0m started_load_count:   69.000000   (avg 69.000000)
[2m2026-04-14T18:57:31.603895Z[0m [32m INFO[0m [2mbevy_diagnostic[0m[2m:[0m started_load_count:   69.000000   (avg 69.000000)
[2m2026-04-14T18:57:32.596531Z[0m [32m INFO[0m [2mbevy_diagnostic[0m[2m:[0m started_load_count:   69.000000   (avg 69.000000)
[2m2026-04-14T18:57:33.623629Z[0m [32m INFO[0m [2mbevy_diagnostic[0m[2m:[0m started_load_count:   69.000000   (avg 69.000000)
[2m2026-04-14T18:57:34.614739Z[0m [32m INFO[0m [2mbevy_diagnostic[0m[2m:[0m started_load_count:   69.000000   (avg 69.000000)
[2m2026-04-14T18:57:35.616286Z[0m [32m INFO[0m [2mbevy_diagnostic[0m[2m:[0m started_load_count:   69.000000   (avg 69.000000)
[2m2026-04-14T18:57:36.613766Z[0m [32m INFO[0m [2mbevy_diagnostic[0m[2m:[0m started_load_count:   69.000000   (avg 69.000000)
[2m2026-04-14T18:57:37.617182Z[0m [32m INFO[0m [2mbevy_diagnostic[0m[2m:[0m started_load_count:   69.000000   (avg 69.000000)
[2m2026-04-14T18:57:38.614482Z[0m [32m INFO[0m [2mbevy_diagnostic[0m[2m:[0m started_load_count:   69.000000   (avg 69.000000)
[2m2026-04-14T18:57:39.622827Z[0m [32m INFO[0m [2mbevy_diagnostic[0m[2m:[0m started_load_count:   69.000000   (avg 69.000000)
[2m2026-04-14T18:57:40.615582Z[0m [32m INFO[0m [2mbevy_diagnostic[0m[2m:[0m started_load_count:   69.000000   (avg 69.000000)
[2m2026-04-14T18:57:41.612976Z[0m [32m INFO[0m [2mbevy_diagnostic[0m[2m:[0m started_load_count:   69.000000   (avg 69.000000)
[2m2026-04-14T18:57:42.616529Z[0m [32m INFO[0m [2mbevy_diagnostic[0m[2m:[0m started_load_count:   69.000000   (avg 69.000000)
[2m2026-04-14T18:57:43.615205Z[0m [32m INFO[0m [2mbevy_diagnostic[0m[2m:[0m started_load_count:   69.000000   (avg 69.000000)
[2m2026-04-14T18:57:44.616477Z[0m [32m INFO[0m [2mbevy_diagnostic[0m[2m:[0m started_load_count:   69.000000   (avg 69.000000)
[2m2026-04-14T18:57:45.613942Z[0m [32m INFO[0m [2mbevy_diagnostic[0m[2m:[0m started_load_count:   69.000000   (avg 69.000000)
[2m2026-04-14T18:57:46.615955Z[0m [32m INFO[0m [2mbevy_diagnostic[0m[2m:[0m started_load_count:   69.000000   (avg 69.000000)
[2m2026-04-14T18:57:47.636244Z[0m [32m INFO[0m [2mbevy_diagnostic[0m[2m:[0m started_load_count:   69.000000   (avg 69.000000)
[2m2026-04-14T18:57:48.631544Z[0m [32m INFO[0m [2mbevy_diagnostic[0m[2m:[0m started_load_count:   69.000000   (avg 69.000000)
[2m2026-04-14T18:57:49.633511Z[0m [32m INFO[0m [2mbevy_diagnostic[0m[2m:[0m started_load_count:   69.000000   (avg 69.000000)
[2m2026-04-14T18:57:50.631285Z[0m [32m INFO[0m [2mbevy_diagnostic[0m[2m:[0m started_load_count:   69.000000   (avg 69.000000)
[2m2026-04-14T18:57:51.640082Z[0m [32m INFO[0m [2mbevy_diagnostic[0m[2m:[0m started_load_count:   69.000000   (avg 69.000000)
[2m2026-04-14T18:57:52.632821Z[0m [32m INFO[0m [2mbevy_diagnostic[0m[2m:[0m started_load_count:   69.000000   (avg 69.000000)
[2m2026-04-14T18:57:53.657512Z[0m [32m INFO[0m [2mbevy_diagnostic[0m[2m:[0m started_load_count:   69.000000   (avg 69.000000)
[2m2026-04-14T18:57:54.666297Z[0m [32m INFO[0m [2mbevy_diagnostic[0m[2m:[0m started_load_count:   69.000000   (avg 69.000000)
[2m2026-04-14T18:57:55.681956Z[0m [32m INFO[0m [2mbevy_diagnostic[0m[2m:[0m started_load_count:   69.000000   (avg 69.000000)
[2m2026-04-14T18:57:56.666990Z[0m [32m INFO[0m [2mbevy_diagnostic[0m[2m:[0m started_load_count:   69.000000   (avg 69.000000)
[2m2026-04-14T18:57:57.674998Z[0m [32m INFO[0m [2mbevy_diagnostic[0m[2m:[0m started_load_count:   69.000000   (avg 69.000000)
[2m2026-04-14T18:57:58.663743Z[0m [32m INFO[0m [2mbevy_diagnostic[0m[2m:[0m started_load_count:   69.000000   (avg 69.000000)
[2m2026-04-14T18:57:59.664573Z[0m [32m INFO[0m [2mbevy_diagnostic[0m[2m:[0m started_load_count:   69.000000   (avg 69.000000)
[2m2026-04-14T18:58:00.686973Z[0m [32m INFO[0m [2mbevy_diagnostic[0m[2m:[0m started_load_count:   69.000000   (avg 69.000000)
[2m2026-04-14T18:58:01.705897Z[0m [32m INFO[0m [2mbevy_diagnostic[0m[2m:[0m started_load_count:   69.000000   (avg 69.000000)
[2m2026-04-14T18:58:02.697886Z[0m [32m INFO[0m [2mbevy_diagnostic[0m[2m:[0m started_load_count:   69.000000   (avg 69.000000)
[2m2026-04-14T18:58:03.757282Z[0m [32m INFO[0m [2mbevy_diagnostic[0m[2m:[0m started_load_count:   69.000000   (avg 69.000000)
[2m2026-04-14T18:58:04.750668Z[0m [32m INFO[0m [2mbevy_diagnostic[0m[2m:[0m started_load_count:   69.000000   (avg 69.000000)
[2m2026-04-14T18:58:05.749656Z[0m [32m INFO[0m [2mbevy_diagnostic[0m[2m:[0m started_load_count:   69.000000   (avg 69.000000)
[2m2026-04-14T18:58:06.768771Z[0m [32m INFO[0m [2mbevy_diagnostic[0m[2m:[0m started_load_count:   69.000000   (avg 69.000000)
[2m2026-04-14T18:58:07.774240Z[0m [32m INFO[0m [2mbevy_diagnostic[0m[2m:[0m started_load_count:   69.000000   (avg 69.000000)
[2m2026-04-14T18:58:08.764099Z[0m [32m INFO[0m [2mbevy_diagnostic[0m[2m:[0m started_load_count:   69.000000   (avg 69.000000)
[2m2026-04-14T18:58:09.770690Z[0m [32m INFO[0m [2mbevy_diagnostic[0m[2m:[0m started_load_count:   69.000000   (avg 69.000000)
[2m2026-04-14T18:58:10.768285Z[0m [32m INFO[0m [2mbevy_diagnostic[0m[2m:[0m started_load_count:   69.000000   (avg 69.000000)
[2m2026-04-14T18:58:11.766532Z[0m [32m INFO[0m [2mbevy_diagnostic[0m[2m:[0m started_load_count:   69.000000   (avg 69.000000)
[2m2026-04-14T18:58:12.766383Z[0m [32m INFO[0m [2mbevy_diagnostic[0m[2m:[0m started_load_count:   69.000000   (avg 69.000000)
[2m2026-04-14T18:58:13.768047Z[0m [32m INFO[0m [2mbevy_diagnostic[0m[2m:[0m started_load_count:   69.000000   (avg 69.000000)
[2m2026-04-14T18:58:14.767894Z[0m [32m INFO[0m [2mbevy_diagnostic[0m[2m:[0m started_load_count:   69.000000   (avg 69.000000)
[2m2026-04-14T18:58:15.766306Z[0m [32m INFO[0m [2mbevy_diagnostic[0m[2m:[0m started_load_count:   69.000000   (avg 69.000000)
[2m2026-04-14T18:58:16.766657Z[0m [32m INFO[0m [2mbevy_diagnostic[0m[2m:[0m started_load_count:   69.000000   (avg 69.000000)
[2m2026-04-14T18:58:17.765500Z[0m [32m INFO[0m [2mbevy_diagnostic[0m[2m:[0m started_load_count:   69.000000   (avg 69.000000)
[2m2026-04-14T18:58:18.758514Z[0m [32m INFO[0m [2mbevy_diagnostic[0m[2m:[0m started_load_count:   69.000000   (avg 69.000000)
[2m2026-04-14T18:58:19.766189Z[0m [32m INFO[0m [2mbevy_diagnostic[0m[2m:[0m started_load_count:   69.000000   (avg 69.000000)
[2m2026-04-14T18:58:20.776009Z[0m [32m INFO[0m [2mbevy_diagnostic[0m[2m:[0m started_load_count:   69.000000   (avg 69.000000)
[2m2026-04-14T18:58:21.785890Z[0m [32m INFO[0m [2mbevy_diagnostic[0m[2m:[0m started_load_count:   69.000000   (avg 69.000000)
[2m2026-04-14T18:58:22.783629Z[0m [32m INFO[0m [2mbevy_diagnostic[0m[2m:[0m started_load_count:   69.000000   (avg 69.000000)
[2m2026-04-14T18:58:23.780598Z[0m [32m INFO[0m [2mbevy_diagnostic[0m[2m:[0m started_load_count:   69.000000   (avg 69.000000)
[2m2026-04-14T18:58:24.785234Z[0m [32m INFO[0m [2mbevy_diagnostic[0m[2m:[0m started_load_count:   69.000000   (avg 69.000000)
[2m2026-04-14T18:58:25.784378Z[0m [32m INFO[0m [2mbevy_diagnostic[0m[2m:[0m started_load_count:   69.000000   (avg 69.000000)
[2m2026-04-14T18:58:26.780254Z[0m [32m INFO[0m [2mbevy_diagnostic[0m[2m:[0m started_load_count:   69.000000   (avg 69.000000)
[2m2026-04-14T18:58:27.784258Z[0m [32m INFO[0m [2mbevy_diagnostic[0m[2m:[0m started_load_count:   69.000000   (avg 69.000000)
[2m2026-04-14T18:58:28.783196Z[0m [32m INFO[0m [2mbevy_diagnostic[0m[2m:[0m started_load_count:   69.000000   (avg 69.000000)
[2m2026-04-14T18:58:29.780925Z[0m [32m INFO[0m [2mbevy_diagnostic[0m[2m:[0m started_load_count:   69.000000   (avg 69.000000)
[2m2026-04-14T18:58:30.784101Z[0m [32m INFO[0m [2mbevy_diagnostic[0m[2m:[0m started_load_count:   69.000000   (avg 69.000000)
[2m2026-04-14T18:58:31.782939Z[0m [32m INFO[0m [2mbevy_diagnostic[0m[2m:[0m started_load_count:   69.000000   (avg 69.000000)
[2m2026-04-14T18:58:32.786051Z[0m [32m INFO[0m [2mbevy_diagnostic[0m[2m:[0m started_load_count:   69.000000   (avg 69.000000)
[2m2026-04-14T18:58:33.785152Z[0m [32m INFO[0m [2mbevy_diagnostic[0m[2m:[0m started_load_count:   69.000000   (avg 69.000000)
[2m2026-04-14T18:58:34.781938Z[0m [32m INFO[0m [2mbevy_diagnostic[0m[2m:[0m started_load_count:   69.000000   (avg 69.000000)
[2m2026-04-14T18:58:35.781518Z[0m [32m INFO[0m [2mbevy_diagnostic[0m[2m:[0m started_load_count:   69.000000   (avg 69.000000)
[2m2026-04-14T18:58:36.783340Z[0m [32m INFO[0m [2mbevy_diagnostic[0m[2m:[0m started_load_count:   69.000000   (avg 69.000000)
[2m2026-04-14T18:58:37.785748Z[0m [32m INFO[0m [2mbevy_diagnostic[0m[2m:[0m started_load_count:   69.000000   (avg 69.000000)
[2m2026-04-14T18:58:38.781231Z[0m [32m INFO[0m [2mbevy_diagnostic[0m[2m:[0m started_load_count:   69.000000   (avg 69.000000)
[2m2026-04-14T18:58:39.784260Z[0m [32m INFO[0m [2mbevy_diagnostic[0m[2m:[0m started_load_count:   69.000000   (avg 69.000000)
[2m2026-04-14T18:58:40.781298Z[0m [32m INFO[0m [2mbevy_diagnostic[0m[2m:[0m started_load_count:   69.000000   (avg 69.000000)
[2m2026-04-14T18:58:41.781865Z[0m [32m INFO[0m [2mbevy_diagnostic[0m[2m:[0m started_load_count:   69.000000   (avg 69.000000)
[2m2026-04-14T18:58:42.781131Z[0m [32m INFO[0m [2mbevy_diagnostic[0m[2m:[0m started_load_count:   69.000000   (avg 69.000000)
[2m2026-04-14T18:58:43.802803Z[0m [32m INFO[0m [2mbevy_diagnostic[0m[2m:[0m started_load_count:   69.000000   (avg 69.000000)
[2m2026-04-14T18:58:44.800827Z[0m [32m INFO[0m [2mbevy_diagnostic[0m[2m:[0m started_load_count:   69.000000   (avg 69.000000)
[2m2026-04-14T18:58:45.799675Z[0m [32m INFO[0m [2mbevy_diagnostic[0m[2m:[0m started_load_count:   69.000000   (avg 69.000000)
[2m2026-04-14T18:58:46.800619Z[0m [32m INFO[0m [2mbevy_diagnostic[0m[2m:[0m started_load_count:   69.000000   (avg 69.000000)
[2m2026-04-14T18:58:47.801893Z[0m [32m INFO[0m [2mbevy_diagnostic[0m[2m:[0m started_load_count:   69.000000   (avg 69.000000)
[2m2026-04-14T18:58:48.801281Z[0m [32m INFO[0m [2mbevy_diagnostic[0m[2m:[0m started_load_count:   69.000000   (avg 69.000000)
[2m2026-04-14T18:58:49.801117Z[0m [32m INFO[0m [2mbevy_diagnostic[0m[2m:[0m started_load_count:   69.000000   (avg 69.000000)
[2m2026-04-14T18:58:50.799924Z[0m [32m INFO[0m [2mbevy_diagnostic[0m[2m:[0m started_load_count:   69.000000   (avg 69.000000)
[2m2026-04-14T18:58:51.797167Z[0m [32m INFO[0m [2mbevy_diagnostic[0m[2m:[0m started_load_count:   69.000000   (avg 69.000000)
[2m2026-04-14T18:58:52.805784Z[0m [32m INFO[0m [2mbevy_diagnostic[0m[2m:[0m started_load_count:   69.000000   (avg 69.000000)
[2m2026-04-14T18:58:53.825968Z[0m [32m INFO[0m [2mbevy_diagnostic[0m[2m:[0m started_load_count:   69.000000   (avg 69.000000)
[2m2026-04-14T18:58:54.819034Z[0m [32m INFO[0m [2mbevy_diagnostic[0m[2m:[0m started_load_count:   69.000000   (avg 69.000000)
[2m2026-04-14T18:58:55.853399Z[0m [32m INFO[0m [2mbevy_diagnostic[0m[2m:[0m started_load_count:   69.000000   (avg 69.000000)
[2m2026-04-14T18:58:56.834092Z[0m [32m INFO[0m [2mbevy_diagnostic[0m[2m:[0m started_load_count:   69.000000   (avg 69.000000)
[2m2026-04-14T18:58:57.833441Z[0m [32m INFO[0m [2mbevy_diagnostic[0m[2m:[0m started_load_count:   69.000000   (avg 69.000000)
[2m2026-04-14T18:58:58.834043Z[0m [32m INFO[0m [2mbevy_diagnostic[0m[2m:[0m started_load_count:   69.000000   (avg 69.000000)
[2m2026-04-14T18:58:59.834487Z[0m [32m INFO[0m [2mbevy_diagnostic[0m[2m:[0m started_load_count:   69.000000   (avg 69.000000)
[2m2026-04-14T18:59:00.845875Z[0m [32m INFO[0m [2mbevy_diagnostic[0m[2m:[0m started_load_count:   69.000000   (avg 69.000000)
[2m2026-04-14T18:59:01.872298Z[0m [32m INFO[0m [2mbevy_diagnostic[0m[2m:[0m started_load_count:   69.000000   (avg 69.000000)
[2m2026-04-14T18:59:02.873226Z[0m [32m INFO[0m [2mbevy_diagnostic[0m[2m:[0m started_load_count:   69.000000   (avg 69.000000)
[2m2026-04-14T18:59:03.869656Z[0m [32m INFO[0m [2mbevy_diagnostic[0m[2m:[0m started_load_count:   69.000000   (avg 69.000000)
[2m2026-04-14T18:59:04.865900Z[0m [32m INFO[0m [2mbevy_diagnostic[0m[2m:[0m started_load_count:   69.000000   (avg 69.000000)
[2m2026-04-14T18:59:05.901688Z[0m [32m INFO[0m [2mbevy_diagnostic[0m[2m:[0m started_load_count:   69.000000   (avg 69.000000)
[2m2026-04-14T18:59:06.900670Z[0m [32m INFO[0m [2mbevy_diagnostic[0m[2m:[0m started_load_count:   69.000000   (avg 69.000000)
[2m2026-04-14T18:59:07.902051Z[0m [32m INFO[0m [2mbevy_diagnostic[0m[2m:[0m started_load_count:   69.000000   (avg 69.000000)
[2m2026-04-14T18:59:08.900803Z[0m [32m INFO[0m [2mbevy_diagnostic[0m[2m:[0m started_load_count:   69.000000   (avg 69.000000)
[2m2026-04-14T18:59:09.901112Z[0m [32m INFO[0m [2mbevy_diagnostic[0m[2m:[0m started_load_count:   69.000000   (avg 69.000000)
[2m2026-04-14T18:59:10.911465Z[0m [32m INFO[0m [2mbevy_diagnostic[0m[2m:[0m started_load_count:   69.000000   (avg 69.000000)
[2m2026-04-14T18:59:11.917997Z[0m [32m INFO[0m [2mbevy_diagnostic[0m[2m:[0m started_load_count:   69.000000   (avg 69.000000)
[2m2026-04-14T18:59:12.917444Z[0m [32m INFO[0m [2mbevy_diagnostic[0m[2m:[0m started_load_count:   69.000000   (avg 69.000000)
[2m2026-04-14T18:59:13.918571Z[0m [32m INFO[0m [2mbevy_diagnostic[0m[2m:[0m started_load_count:   69.000000   (avg 69.000000)
[2m2026-04-14T18:59:14.918576Z[0m [32m INFO[0m [2mbevy_diagnostic[0m[2m:[0m started_load_count:   69.000000   (avg 69.000000)
[2m2026-04-14T18:59:15.915424Z[0m [32m INFO[0m [2madv_civ::civilization::concepts::resolve_calamities::resolve_calamities_systems[0m[2m:[0m [CALAMITIES] Starting calamity resolution phase
[2m2026-04-14T18:59:15.915441Z[0m [32m INFO[0m [2madv_civ::civilization::concepts::resolve_calamities::resolve_calamities_systems[0m[2m:[0m [CALAMITIES] No calamities to resolve, skipping phase
[2m2026-04-14T18:59:15.916761Z[0m [32m INFO[0m [2madv_civ::civilization::concepts::resolve_calamities::resolve_calamities_systems[0m[2m:[0m [CALAMITIES] All calamities resolved, transitioning to CheckCitySupport
[2m2026-04-14T18:59:15.916834Z[0m [32m INFO[0m [2madv_civ::civilization::concepts::resolve_calamities::resolve_calamities_systems[0m[2m:[0m [MONOTHEISM] All conversions done, transitioning to CheckCitySupport
[2m2026-04-14T18:59:15.919228Z[0m [32m INFO[0m [2mbevy_diagnostic[0m[2m:[0m started_load_count:   69.000000   (avg 69.000000)
[2m2026-04-14T18:59:16.912613Z[0m [32m INFO[0m [2madv_civ::civilization::concepts::check_city_support::check_city_support_systems[0m[2m:[0m [CITY_SUPPORT] Starting city support check phase
[2m2026-04-14T18:59:16.912637Z[0m [32m INFO[0m [2madv_civ::civilization::concepts::check_city_support::check_city_support_systems[0m[2m:[0m [CITY_SUPPORT] 4 players need city support check
[2m2026-04-14T18:59:16.916128Z[0m [32m INFO[0m [2mbevy_diagnostic[0m[2m:[0m started_load_count:   69.000000   (avg 69.000000)
[2m2026-04-14T18:59:17.916208Z[0m [32m INFO[0m [2madv_civ::civilization::concepts::check_city_support::check_city_support_systems[0m[2m:[0m [CITY_SUPPORT] All checks complete, transitioning to AcquireCivilizationCards
[2m2026-04-14T18:59:17.917190Z[0m [32m INFO[0m [2mbevy_diagnostic[0m[2m:[0m started_load_count:   69.000000   (avg 69.000000)
[2m2026-04-14T18:59:18.917918Z[0m [32m INFO[0m [2mbevy_diagnostic[0m[2m:[0m started_load_count:   69.000000   (avg 69.000000)
[2m2026-04-14T18:59:19.921043Z[0m [32m INFO[0m [2mbevy_diagnostic[0m[2m:[0m started_load_count:   69.000000   (avg 69.000000)
[2m2026-04-14T18:59:20.927310Z[0m [32m INFO[0m [2mbevy_diagnostic[0m[2m:[0m started_load_count:   69.000000   (avg 69.000000)
[2m2026-04-14T18:59:21.937193Z[0m [32m INFO[0m [2madv_civ::civilization::concepts::succession::succession_systems[0m[2m:[0m [AST] Player frozen at space 3 (needs 2 cities, has 1)
[2m2026-04-14T18:59:21.937208Z[0m [32m INFO[0m [2madv_civ::civilization::concepts::succession::succession_systems[0m[2m:[0m [AST] Player frozen at space 3 (needs 2 cities, has 1)
[2m2026-04-14T18:59:21.937213Z[0m [32m INFO[0m [2madv_civ::civilization::concepts::succession::succession_systems[0m[2m:[0m [AST] Player advanced to space 3
[2m2026-04-14T18:59:21.937214Z[0m [32m INFO[0m [2madv_civ::civilization::concepts::succession::succession_systems[0m[2m:[0m [AST] Player frozen at space 3 (needs 2 cities, has 1)
[2m2026-04-14T18:59:21.939925Z[0m [32m INFO[0m [2mbevy_diagnostic[0m[2m:[0m started_load_count:   69.000000   (avg 69.000000)
[2m2026-04-14T18:59:22.950974Z[0m [32m INFO[0m [2madv_civ::civilization::concepts::taxation::taxation_systems[0m[2m:[0m [TAXATION] Entering taxation phase — assigning tax obligations
[2m2026-04-14T18:59:22.951990Z[0m [32m INFO[0m [2madv_civ::civilization::concepts::taxation::taxation_systems[0m[2m:[0m [TAXATION] Hatshepsut of Thrace pays 2 tokens in full
[2m2026-04-14T18:59:22.952007Z[0m [32m INFO[0m [2madv_civ::civilization::concepts::taxation::taxation_systems[0m[2m:[0m [TAXATION] Leonidas of Iberia can only pay for 0 cities (0 tokens); 1 cities revolt
[2m2026-04-14T18:59:22.952016Z[0m [32m INFO[0m [2madv_civ::civilization::concepts::taxation::taxation_systems[0m[2m:[0m [TAXATION] Tutankhamun of Illyria pays 2 tokens in full
[2m2026-04-14T18:59:22.952022Z[0m [32m INFO[0m [2madv_civ::civilization::concepts::taxation::taxation_systems[0m[2m:[0m [TAXATION] Hammurabi of Asia pays 2 tokens in full
[2m2026-04-14T18:59:22.953596Z[0m [32m INFO[0m [2madv_civ::civilization::concepts::taxation::taxation_systems[0m[2m:[0m [TAXATION] Resolving 1 revolting cities
[2m2026-04-14T18:59:22.953617Z[0m [32m INFO[0m [2madv_civ::civilization::concepts::taxation::taxation_systems[0m[2m:[0m [TAXATION] Revolting city 518v0 taken over by 706v0
[2m2026-04-14T18:59:22.953831Z[0m [32m INFO[0m [2mbevy_diagnostic[0m[2m:[0m started_load_count:   69.000000   (avg 69.000000)
[2m2026-04-14T18:59:23.957196Z[0m [32m INFO[0m [2madv_civ::civilization::concepts::population_expansion::population_expansion_systems[0m[2m:[0m [POP_EXP] Entering population expansion phase, round 15
[2m2026-04-14T18:59:23.957300Z[0m [32m INFO[0m [2madv_civ::civilization::concepts::population_expansion::population_expansion_systems[0m[2m:[0m [POP_EXP] 81 areas have population and need expansion
[2m2026-04-14T18:59:23.957311Z[0m [32m INFO[0m [2madv_civ::civilization::concepts::population_expansion::population_expansion_systems[0m[2m:[0m [POP_EXP] 0 human, 8 AI need expansion, 0 skipped (already done)
[2m2026-04-14T18:59:23.959511Z[0m [32m INFO[0m [2mbevy_diagnostic[0m[2m:[0m started_load_count:   69.000000   (avg 69.000000)
[2m2026-04-14T18:59:24.966582Z[0m [32m INFO[0m [2madv_civ::civilization::concepts::population_expansion::population_expansion_systems[0m[2m:[0m [POP_EXP] Player 645v0 still needs expansion: human=false, manual=true, auto=false
[2m2026-04-14T18:59:24.966599Z[0m [32m INFO[0m [2madv_civ::civilization::concepts::population_expansion::population_expansion_systems[0m[2m:[0m [POP_EXP] Player 706v0 still needs expansion: human=false, manual=true, auto=false
[2m2026-04-14T18:59:24.966603Z[0m [32m INFO[0m [2madv_civ::civilization::concepts::population_expansion::population_expansion_systems[0m[2m:[0m [POP_EXP] Player 401v0 still needs expansion: human=false, manual=true, auto=false
[2m2026-04-14T18:59:24.966606Z[0m [32m INFO[0m [2madv_civ::civilization::concepts::population_expansion::population_expansion_systems[0m[2m:[0m [POP_EXP] Player 584v0 still needs expansion: human=false, manual=true, auto=false
[2m2026-04-14T18:59:24.966609Z[0m [32m INFO[0m [2madv_civ::civilization::concepts::population_expansion::population_expansion_systems[0m[2m:[0m [POP_EXP] Player 279v0 still needs expansion: human=false, manual=true, auto=false
[2m2026-04-14T18:59:24.966612Z[0m [32m INFO[0m [2madv_civ::civilization::concepts::population_expansion::population_expansion_systems[0m[2m:[0m [POP_EXP] Player 340v0 still needs expansion: human=false, manual=true, auto=false
[2m2026-04-14T18:59:24.966615Z[0m [32m INFO[0m [2madv_civ::civilization::concepts::population_expansion::population_expansion_systems[0m[2m:[0m [POP_EXP] Player 462v0 still needs expansion: human=false, manual=true, auto=false
[2m2026-04-14T18:59:24.967807Z[0m [32m INFO[0m [2mbevy_diagnostic[0m[2m:[0m started_load_count:   69.000000   (avg 69.000000)
[2m2026-04-14T18:59:25.972223Z[0m [32m INFO[0m [2mbevy_diagnostic[0m[2m:[0m started_load_count:   69.000000   (avg 69.000000)
[2m2026-04-14T18:59:26.977286Z[0m [32m INFO[0m [2mbevy_diagnostic[0m[2m:[0m started_load_count:   69.000000   (avg 69.000000)
[2m2026-04-14T18:59:27.984834Z[0m [32m INFO[0m [2madv_civ::civilization::concepts::population_expansion::population_expansion_systems[0m[2m:[0m [POP_EXP] Player 645v0 still needs expansion: human=false, manual=true, auto=false
[2m2026-04-14T18:59:27.984866Z[0m [32m INFO[0m [2madv_civ::civilization::concepts::population_expansion::population_expansion_systems[0m[2m:[0m [POP_EXP] Player 706v0 still needs expansion: human=false, manual=true, auto=false
[2m2026-04-14T18:59:27.984870Z[0m [32m INFO[0m [2madv_civ::civilization::concepts::population_expansion::population_expansion_systems[0m[2m:[0m [POP_EXP] Player 401v0 still needs expansion: human=false, manual=true, auto=false
[2m2026-04-14T18:59:27.984874Z[0m [32m INFO[0m [2madv_civ::civilization::concepts::population_expansion::population_expansion_systems[0m[2m:[0m [POP_EXP] Player 584v0 still needs expansion: human=false, manual=true, auto=false
[2m2026-04-14T18:59:27.984878Z[0m [32m INFO[0m [2madv_civ::civilization::concepts::population_expansion::population_expansion_systems[0m[2m:[0m [POP_EXP] Player 279v0 still needs expansion: human=false, manual=true, auto=false
[2m2026-04-14T18:59:27.984882Z[0m [32m INFO[0m [2madv_civ::civilization::concepts::population_expansion::population_expansion_systems[0m[2m:[0m [POP_EXP] Player 645v0 still needs expansion: human=false, manual=true, auto=false
[2m2026-04-14T18:59:27.984886Z[0m [32m INFO[0m [2madv_civ::civilization::concepts::population_expansion::population_expansion_systems[0m[2m:[0m [POP_EXP] Player 706v0 still needs expansion: human=false, manual=true, auto=false
[2m2026-04-14T18:59:27.984890Z[0m [32m INFO[0m [2madv_civ::civilization::concepts::population_expansion::population_expansion_systems[0m[2m:[0m [POP_EXP] Player 401v0 still needs expansion: human=false, manual=true, auto=false
[2m2026-04-14T18:59:27.984894Z[0m [32m INFO[0m [2madv_civ::civilization::concepts::population_expansion::population_expansion_systems[0m[2m:[0m [POP_EXP] Player 584v0 still needs expansion: human=false, manual=true, auto=false
[2m2026-04-14T18:59:27.984897Z[0m [32m INFO[0m [2madv_civ::civilization::concepts::population_expansion::population_expansion_systems[0m[2m:[0m [POP_EXP] Player 279v0 still needs expansion: human=false, manual=true, auto=false
[2m2026-04-14T18:59:27.985905Z[0m [32m INFO[0m [2mbevy_diagnostic[0m[2m:[0m started_load_count:   69.000000   (avg 69.000000)
[2m2026-04-14T18:59:28.996160Z[0m [32m INFO[0m [2mbevy_diagnostic[0m[2m:[0m started_load_count:   69.000000   (avg 69.000000)
[2m2026-04-14T18:59:30.004182Z[0m [32m INFO[0m [2mbevy_diagnostic[0m[2m:[0m started_load_count:   69.000000   (avg 69.000000)
[2m2026-04-14T18:59:31.009897Z[0m [32m INFO[0m [2madv_civ::civilization::concepts::population_expansion::population_expansion_systems[0m[2m:[0m [POP_EXP] Player 645v0 still needs expansion: human=false, manual=true, auto=false
[2m2026-04-14T18:59:31.009914Z[0m [32m INFO[0m [2madv_civ::civilization::concepts::population_expansion::population_expansion_systems[0m[2m:[0m [POP_EXP] Player 401v0 still needs expansion: human=false, manual=true, auto=false
[2m2026-04-14T18:59:31.009920Z[0m [32m INFO[0m [2madv_civ::civilization::concepts::population_expansion::population_expansion_systems[0m[2m:[0m [POP_EXP] Player 584v0 still needs expansion: human=false, manual=true, auto=false
[2m2026-04-14T18:59:31.009924Z[0m [32m INFO[0m [2madv_civ::civilization::concepts::population_expansion::population_expansion_systems[0m[2m:[0m [POP_EXP] Player 279v0 still needs expansion: human=false, manual=true, auto=false
[2m2026-04-14T18:59:31.011219Z[0m [32m INFO[0m [2mbevy_diagnostic[0m[2m:[0m started_load_count:   69.000000   (avg 69.000000)
[2m2026-04-14T18:59:32.028666Z[0m [32m INFO[0m [2mbevy_diagnostic[0m[2m:[0m started_load_count:   69.000000   (avg 69.000000)
[2m2026-04-14T18:59:33.040824Z[0m [32m INFO[0m [2mbevy_diagnostic[0m[2m:[0m started_load_count:   69.000000   (avg 69.000000)
[2m2026-04-14T18:59:34.057519Z[0m [32m INFO[0m [2madv_civ::civilization::concepts::population_expansion::population_expansion_systems[0m[2m:[0m [POP_EXP] Player 645v0 still needs expansion: human=false, manual=true, auto=false
[2m2026-04-14T18:59:34.057581Z[0m [32m INFO[0m [2madv_civ::civilization::concepts::population_expansion::population_expansion_systems[0m[2m:[0m [POP_EXP] Player 401v0 still needs expansion: human=false, manual=true, auto=false
[2m2026-04-14T18:59:34.057587Z[0m [32m INFO[0m [2madv_civ::civilization::concepts::population_expansion::population_expansion_systems[0m[2m:[0m [POP_EXP] Player 584v0 still needs expansion: human=false, manual=true, auto=false
[2m2026-04-14T18:59:34.059059Z[0m [32m INFO[0m [2mbevy_diagnostic[0m[2m:[0m started_load_count:   69.000000   (avg 69.000000)
[2m2026-04-14T18:59:35.061660Z[0m [32m INFO[0m [2mbevy_diagnostic[0m[2m:[0m started_load_count:   69.000000   (avg 69.000000)
[2m2026-04-14T18:59:36.067385Z[0m [32m INFO[0m [2mbevy_diagnostic[0m[2m:[0m started_load_count:   69.000000   (avg 69.000000)
[2m2026-04-14T18:59:37.069262Z[0m [32m INFO[0m [2madv_civ::civilization::concepts::population_expansion::population_expansion_systems[0m[2m:[0m [POP_EXP] Player 645v0 still needs expansion: human=false, manual=true, auto=false
[2m2026-04-14T18:59:37.069285Z[0m [32m INFO[0m [2madv_civ::civilization::concepts::population_expansion::population_expansion_systems[0m[2m:[0m [POP_EXP] Player 645v0 still needs expansion: human=false, manual=true, auto=false
[2m2026-04-14T18:59:37.070494Z[0m [32m INFO[0m [2mbevy_diagnostic[0m[2m:[0m started_load_count:   69.000000   (avg 69.000000)
[2m2026-04-14T18:59:38.078314Z[0m [32m INFO[0m [2mbevy_diagnostic[0m[2m:[0m started_load_count:   69.000000   (avg 69.000000)
[2m2026-04-14T18:59:39.090570Z[0m [32m INFO[0m [2mbevy_diagnostic[0m[2m:[0m started_load_count:   69.000000   (avg 69.000000)
[2m2026-04-14T18:59:40.100094Z[0m [32m INFO[0m [2madv_civ::civilization::concepts::population_expansion::population_expansion_systems[0m[2m:[0m [POP_EXP] All players done with expansion, transitioning to Census
[2m2026-04-14T18:59:40.101612Z[0m [32m INFO[0m [2mbevy_diagnostic[0m[2m:[0m started_load_count:   69.000000   (avg 69.000000)
[2m2026-04-14T18:59:41.114226Z[0m [32m INFO[0m [2mbevy_diagnostic[0m[2m:[0m started_load_count:   69.000000   (avg 69.000000)
[2m2026-04-14T18:59:42.120976Z[0m [32m INFO[0m [2madv_civ::civilization::concepts::ships::ship_systems[0m[2m:[0m [SHIPS] Pericles of Babylon cannot maintain ship at 130v1 — returned to stock
[2m2026-04-14T18:59:42.120991Z[0m [32m INFO[0m [2madv_civ::civilization::concepts::ships::ship_systems[0m[2m:[0m [SHIPS] Pericles of Babylon cannot maintain ship at 132v1 — returned to stock
[2m2026-04-14T18:59:42.120996Z[0m [32m INFO[0m [2madv_civ::civilization::concepts::ships::ship_systems[0m[2m:[0m [SHIPS] Leonidas of Iberia cannot maintain ship at 172v0 — returned to stock
[2m2026-04-14T18:59:42.120999Z[0m [32m INFO[0m [2madv_civ::civilization::concepts::ships::ship_systems[0m[2m:[0m [SHIPS] Leonidas of Iberia cannot maintain ship at 175v0 — returned to stock
[2m2026-04-14T18:59:42.123585Z[0m [32m INFO[0m [2mbevy_diagnostic[0m[2m:[0m started_load_count:   69.000000   (avg 69.000000)
[2m2026-04-14T18:59:43.133375Z[0m [32m INFO[0m [2mbevy_diagnostic[0m[2m:[0m started_load_count:   69.000000   (avg 69.000000)
[2m2026-04-14T18:59:44.138540Z[0m [32m INFO[0m [2mbevy_diagnostic[0m[2m:[0m started_load_count:   69.000000   (avg 69.000000)
[2m2026-04-14T18:59:45.142724Z[0m [32m INFO[0m [2mbevy_diagnostic[0m[2m:[0m started_load_count:   69.000000   (avg 69.000000)
[2m2026-04-14T18:59:46.158594Z[0m [32m INFO[0m [2mbevy_diagnostic[0m[2m:[0m started_load_count:   69.000000   (avg 69.000000)
[2m2026-04-14T18:59:47.173220Z[0m [32m INFO[0m [2mbevy_diagnostic[0m[2m:[0m started_load_count:   69.000000   (avg 69.000000)
[2m2026-04-14T18:59:48.184416Z[0m [32m INFO[0m [2mbevy_diagnostic[0m[2m:[0m started_load_count:   69.000000   (avg 69.000000)
[2m2026-04-14T18:59:49.194171Z[0m [32m INFO[0m [2mbevy_diagnostic[0m[2m:[0m started_load_count:   69.000000   (avg 69.000000)
[2m2026-04-14T18:59:50.204496Z[0m [32m INFO[0m [2mbevy_diagnostic[0m[2m:[0m started_load_count:   69.000000   (avg 69.000000)
[2m2026-04-14T18:59:51.217649Z[0m [32m INFO[0m [2mbevy_diagnostic[0m[2m:[0m started_load_count:   69.000000   (avg 69.000000)
[2m2026-04-14T18:59:52.230498Z[0m [32m INFO[0m [2mbevy_diagnostic[0m[2m:[0m started_load_count:   69.000000   (avg 69.000000)
[2m2026-04-14T18:59:53.242090Z[0m [32m INFO[0m [2mbevy_diagnostic[0m[2m:[0m started_load_count:   69.000000   (avg 69.000000)
[2m2026-04-14T18:59:54.254596Z[0m [32m INFO[0m [2mbevy_diagnostic[0m[2m:[0m started_load_count:   69.000000   (avg 69.000000)
[2m2026-04-14T18:59:55.269242Z[0m [32m INFO[0m [2mbevy_diagnostic[0m[2m:[0m started_load_count:   69.000000   (avg 69.000000)
[2m2026-04-14T18:59:56.279097Z[0m [32m INFO[0m [2mbevy_diagnostic[0m[2m:[0m started_load_count:   69.000000   (avg 69.000000)
[2m2026-04-14T18:59:57.287699Z[0m [32m INFO[0m [2mbevy_diagnostic[0m[2m:[0m started_load_count:   69.000000   (avg 69.000000)
[2m2026-04-14T18:59:58.299425Z[0m [32m INFO[0m [2mbevy_diagnostic[0m[2m:[0m started_load_count:   69.000000   (avg 69.000000)
[2m2026-04-14T18:59:59.304939Z[0m [32m INFO[0m [2mbevy_diagnostic[0m[2m:[0m started_load_count:   69.000000   (avg 69.000000)
[2m2026-04-14T19:00:00.314584Z[0m [32m INFO[0m [2mbevy_diagnostic[0m[2m:[0m started_load_count:   69.000000   (avg 69.000000)
[2m2026-04-14T19:00:01.334636Z[0m [32m INFO[0m [2mbevy_diagnostic[0m[2m:[0m started_load_count:   69.000000   (avg 69.000000)
[2m2026-04-14T19:00:02.350043Z[0m [32m INFO[0m [2mbevy_diagnostic[0m[2m:[0m started_load_count:   69.000000   (avg 69.000000)
[2m2026-04-14T19:00:03.365738Z[0m [32m INFO[0m [2mbevy_diagnostic[0m[2m:[0m started_load_count:   69.000000   (avg 69.000000)
[2m2026-04-14T19:00:04.377885Z[0m [32m INFO[0m [2mbevy_diagnostic[0m[2m:[0m started_load_count:   69.000000   (avg 69.000000)
[2m2026-04-14T19:00:05.390293Z[0m [32m INFO[0m [2mbevy_diagnostic[0m[2m:[0m started_load_count:   69.000000   (avg 69.000000)
[2m2026-04-14T19:00:06.404722Z[0m [32m INFO[0m [2mbevy_diagnostic[0m[2m:[0m started_load_count:   69.000000   (avg 69.000000)
[2m2026-04-14T19:00:07.419682Z[0m [32m INFO[0m [2mbevy_diagnostic[0m[2m:[0m started_load_count:   69.000000   (avg 69.000000)
[2m2026-04-14T19:00:08.435023Z[0m [32m INFO[0m [2mbevy_diagnostic[0m[2m:[0m started_load_count:   69.000000   (avg 69.000000)
[2m2026-04-14T19:00:09.445007Z[0m [32m INFO[0m [2mbevy_diagnostic[0m[2m:[0m started_load_count:   69.000000   (avg 69.000000)
[2m2026-04-14T19:00:10.456542Z[0m [32m INFO[0m [2mbevy_diagnostic[0m[2m:[0m started_load_count:   69.000000   (avg 69.000000)
[2m2026-04-14T19:00:11.466435Z[0m [32m INFO[0m [2mbevy_diagnostic[0m[2m:[0m started_load_count:   69.000000   (avg 69.000000)
[2m2026-04-14T19:00:12.480268Z[0m [32m INFO[0m [2mbevy_diagnostic[0m[2m:[0m started_load_count:   69.000000   (avg 69.000000)
[2m2026-04-14T19:00:13.492566Z[0m [32m INFO[0m [2mbevy_diagnostic[0m[2m:[0m started_load_count:   69.000000   (avg 69.000000)
[2m2026-04-14T19:00:14.506197Z[0m [32m INFO[0m [2mbevy_diagnostic[0m[2m:[0m started_load_count:   69.000000   (avg 69.000000)
[2m2026-04-14T19:00:15.516039Z[0m [32m INFO[0m [2mbevy_diagnostic[0m[2m:[0m started_load_count:   69.000000   (avg 69.000000)
[2m2026-04-14T19:00:16.536008Z[0m [32m INFO[0m [2mbevy_diagnostic[0m[2m:[0m started_load_count:   69.000000   (avg 69.000000)
[2m2026-04-14T19:00:17.553210Z[0m [32m INFO[0m [2mbevy_diagnostic[0m[2m:[0m started_load_count:   69.000000   (avg 69.000000)
[2m2026-04-14T19:00:18.559578Z[0m [32m INFO[0m [2mbevy_diagnostic[0m[2m:[0m started_load_count:   69.000000   (avg 69.000000)
[2m2026-04-14T19:00:19.572621Z[0m [32m INFO[0m [2mbevy_diagnostic[0m[2m:[0m started_load_count:   69.000000   (avg 69.000000)
[2m2026-04-14T19:00:20.579546Z[0m [32m INFO[0m [2mbevy_diagnostic[0m[2m:[0m started_load_count:   69.000000   (avg 69.000000)
[2m2026-04-14T19:00:21.587766Z[0m [32m INFO[0m [2mbevy_diagnostic[0m[2m:[0m started_load_count:   69.000000   (avg 69.000000)
[2m2026-04-14T19:00:22.585203Z[0m [32m INFO[0m [2mbevy_diagnostic[0m[2m:[0m started_load_count:   69.000000   (avg 69.000000)
[2m2026-04-14T19:00:23.584802Z[0m [32m INFO[0m [2mbevy_diagnostic[0m[2m:[0m started_load_count:   69.000000   (avg 69.000000)
[2m2026-04-14T19:00:24.582061Z[0m [32m INFO[0m [2mbevy_diagnostic[0m[2m:[0m started_load_count:   69.000000   (avg 69.000000)
[2m2026-04-14T19:00:25.585040Z[0m [32m INFO[0m [2mbevy_diagnostic[0m[2m:[0m started_load_count:   69.000000   (avg 69.000000)
[2m2026-04-14T19:00:26.585123Z[0m [32m INFO[0m [2mbevy_diagnostic[0m[2m:[0m started_load_count:   69.000000   (avg 69.000000)
[2m2026-04-14T19:00:27.582090Z[0m [32m INFO[0m [2mbevy_diagnostic[0m[2m:[0m started_load_count:   69.000000   (avg 69.000000)
[2m2026-04-14T19:00:28.585767Z[0m [32m INFO[0m [2mbevy_diagnostic[0m[2m:[0m started_load_count:   69.000000   (avg 69.000000)
[2m2026-04-14T19:00:29.582514Z[0m [32m INFO[0m [2mbevy_diagnostic[0m[2m:[0m started_load_count:   69.000000   (avg 69.000000)
[2m2026-04-14T19:00:30.584766Z[0m [32m INFO[0m [2mbevy_diagnostic[0m[2m:[0m started_load_count:   69.000000   (avg 69.000000)
[2m2026-04-14T19:00:31.587979Z[0m [32m INFO[0m [2mbevy_diagnostic[0m[2m:[0m started_load_count:   69.000000   (avg 69.000000)
[2m2026-04-14T19:00:32.582696Z[0m [32m INFO[0m [2mbevy_diagnostic[0m[2m:[0m started_load_count:   69.000000   (avg 69.000000)
[2m2026-04-14T19:00:33.589872Z[0m [32m INFO[0m [2mbevy_diagnostic[0m[2m:[0m started_load_count:   69.000000   (avg 69.000000)
[2m2026-04-14T19:00:34.602984Z[0m [32m INFO[0m [2mbevy_diagnostic[0m[2m:[0m started_load_count:   69.000000   (avg 69.000000)
[2m2026-04-14T19:00:35.617293Z[0m [32m INFO[0m [2mbevy_diagnostic[0m[2m:[0m started_load_count:   69.000000   (avg 69.000000)
[2m2026-04-14T19:00:36.633962Z[0m [32m INFO[0m [2madv_civ::civilization::concepts::movement::movement_systems[0m[2m:[0m Player Cleopatra of Africa has ended movement
[2m2026-04-14T19:00:36.635393Z[0m [32m INFO[0m [2mbevy_diagnostic[0m[2m:[0m started_load_count:   69.000000   (avg 69.000000)
[2m2026-04-14T19:00:37.651051Z[0m [32m INFO[0m [2mbevy_diagnostic[0m[2m:[0m started_load_count:   69.000000   (avg 69.000000)
[2m2026-04-14T19:00:38.658498Z[0m [32m INFO[0m [2mbevy_diagnostic[0m[2m:[0m started_load_count:   69.000000   (avg 69.000000)
[2m2026-04-14T19:00:39.669296Z[0m [32m INFO[0m [2mbevy_diagnostic[0m[2m:[0m started_load_count:   69.000000   (avg 69.000000)
[2m2026-04-14T19:00:40.665498Z[0m [32m INFO[0m [2mbevy_diagnostic[0m[2m:[0m started_load_count:   69.000000   (avg 69.000000)
[2m2026-04-14T19:00:41.668120Z[0m [32m INFO[0m [2mbevy_diagnostic[0m[2m:[0m started_load_count:   69.000000   (avg 69.000000)
[2m2026-04-14T19:00:42.668361Z[0m [32m INFO[0m [2mbevy_diagnostic[0m[2m:[0m started_load_count:   69.000000   (avg 69.000000)
[2m2026-04-14T19:00:43.665793Z[0m [32m INFO[0m [2madv_civ::civilization::concepts::movement::movement_systems[0m[2m:[0m Player Tutankhamun of Illyria has ended movement
[2m2026-04-14T19:00:43.667255Z[0m [32m INFO[0m [2mbevy_diagnostic[0m[2m:[0m started_load_count:   69.000000   (avg 69.000000)
[2m2026-04-14T19:00:44.668441Z[0m [32m INFO[0m [2mbevy_diagnostic[0m[2m:[0m started_load_count:   69.000000   (avg 69.000000)
[2m2026-04-14T19:00:45.669740Z[0m [32m INFO[0m [2mbevy_diagnostic[0m[2m:[0m started_load_count:   69.000000   (avg 69.000000)
[2m2026-04-14T19:00:46.667904Z[0m [32m INFO[0m [2mbevy_diagnostic[0m[2m:[0m started_load_count:   69.000000   (avg 69.000000)
[2m2026-04-14T19:00:47.667178Z[0m [32m INFO[0m [2mbevy_diagnostic[0m[2m:[0m started_load_count:   69.000000   (avg 69.000000)
[2m2026-04-14T19:00:48.666116Z[0m [32m INFO[0m [2mbevy_diagnostic[0m[2m:[0m started_load_count:   69.000000   (avg 69.000000)
[2m2026-04-14T19:00:49.670346Z[0m [32m INFO[0m [2mbevy_diagnostic[0m[2m:[0m started_load_count:   69.000000   (avg 69.000000)
[2m2026-04-14T19:00:50.665953Z[0m [32m INFO[0m [2mbevy_diagnostic[0m[2m:[0m started_load_count:   69.000000   (avg 69.000000)
[2m2026-04-14T19:00:51.662182Z[0m [32m INFO[0m [2mbevy_diagnostic[0m[2m:[0m started_load_count:   69.000000   (avg 69.000000)
[2m2026-04-14T19:00:52.672406Z[0m [32m INFO[0m [2mbevy_diagnostic[0m[2m:[0m started_load_count:   69.000000   (avg 69.000000)
[2m2026-04-14T19:00:53.686796Z[0m [32m INFO[0m [2mbevy_diagnostic[0m[2m:[0m started_load_count:   69.000000   (avg 69.000000)
[2m2026-04-14T19:00:54.693598Z[0m [32m INFO[0m [2mbevy_diagnostic[0m[2m:[0m started_load_count:   69.000000   (avg 69.000000)
[2m2026-04-14T19:00:55.702945Z[0m [32m INFO[0m [2mbevy_diagnostic[0m[2m:[0m started_load_count:   69.000000   (avg 69.000000)
[2m2026-04-14T19:00:56.713796Z[0m [32m INFO[0m [2mbevy_diagnostic[0m[2m:[0m started_load_count:   69.000000   (avg 69.000000)
[2m2026-04-14T19:00:57.725529Z[0m [32m INFO[0m [2mbevy_diagnostic[0m[2m:[0m started_load_count:   69.000000   (avg 69.000000)
[2m2026-04-14T19:00:58.723686Z[0m [32m INFO[0m [2mbevy_diagnostic[0m[2m:[0m started_load_count:   69.000000   (avg 69.000000)
[2m2026-04-14T19:00:59.719682Z[0m [32m INFO[0m [2mbevy_diagnostic[0m[2m:[0m started_load_count:   69.000000   (avg 69.000000)
[2m2026-04-14T19:01:00.719329Z[0m [32m INFO[0m [2mbevy_diagnostic[0m[2m:[0m started_load_count:   69.000000   (avg 69.000000)
[2m2026-04-14T19:01:01.719404Z[0m [32m INFO[0m [2mbevy_diagnostic[0m[2m:[0m started_load_count:   69.000000   (avg 69.000000)
[2m2026-04-14T19:01:02.719815Z[0m [32m INFO[0m [2mbevy_diagnostic[0m[2m:[0m started_load_count:   69.000000   (avg 69.000000)
[2m2026-04-14T19:01:03.719483Z[0m [32m INFO[0m [2mbevy_diagnostic[0m[2m:[0m started_load_count:   69.000000   (avg 69.000000)
[2m2026-04-14T19:01:04.719027Z[0m [32m INFO[0m [2mbevy_diagnostic[0m[2m:[0m started_load_count:   69.000000   (avg 69.000000)
[2m2026-04-14T19:01:05.722293Z[0m [32m INFO[0m [2mbevy_diagnostic[0m[2m:[0m started_load_count:   69.000000   (avg 69.000000)
[2m2026-04-14T19:01:06.732008Z[0m [32m INFO[0m [2mbevy_diagnostic[0m[2m:[0m started_load_count:   69.000000   (avg 69.000000)
[2m2026-04-14T19:01:07.751389Z[0m [32m INFO[0m [2mbevy_diagnostic[0m[2m:[0m started_load_count:   69.000000   (avg 69.000000)
[2m2026-04-14T19:01:08.765015Z[0m [32m INFO[0m [2mbevy_diagnostic[0m[2m:[0m started_load_count:   69.000000   (avg 69.000000)
[2m2026-04-14T19:01:09.779660Z[0m [32m INFO[0m [2mbevy_diagnostic[0m[2m:[0m started_load_count:   69.000000   (avg 69.000000)
[2m2026-04-14T19:01:10.787784Z[0m [32m INFO[0m [2mbevy_diagnostic[0m[2m:[0m started_load_count:   69.000000   (avg 69.000000)
[2m2026-04-14T19:01:11.796064Z[0m [32m INFO[0m [2mbevy_diagnostic[0m[2m:[0m started_load_count:   69.000000   (avg 69.000000)
[2m2026-04-14T19:01:12.805752Z[0m [32m INFO[0m [2mbevy_diagnostic[0m[2m:[0m started_load_count:   69.000000   (avg 69.000000)
[2m2026-04-14T19:01:13.805819Z[0m [32m INFO[0m [2mbevy_diagnostic[0m[2m:[0m started_load_count:   69.000000   (avg 69.000000)
[2m2026-04-14T19:01:14.804119Z[0m [32m INFO[0m [2mbevy_diagnostic[0m[2m:[0m started_load_count:   69.000000   (avg 69.000000)
[2m2026-04-14T19:01:15.803155Z[0m [32m INFO[0m [2mbevy_diagnostic[0m[2m:[0m started_load_count:   69.000000   (avg 69.000000)
[2m2026-04-14T19:01:16.806631Z[0m [32m INFO[0m [2mbevy_diagnostic[0m[2m:[0m started_load_count:   69.000000   (avg 69.000000)
[2m2026-04-14T19:01:17.807064Z[0m [32m INFO[0m [2mbevy_diagnostic[0m[2m:[0m started_load_count:   69.000000   (avg 69.000000)
[2m2026-04-14T19:01:18.803447Z[0m [32m INFO[0m [2mbevy_diagnostic[0m[2m:[0m started_load_count:   69.000000   (avg 69.000000)
[2m2026-04-14T19:01:19.802723Z[0m [32m INFO[0m [2mbevy_diagnostic[0m[2m:[0m started_load_count:   69.000000   (avg 69.000000)
[2m2026-04-14T19:01:20.803963Z[0m [32m INFO[0m [2mbevy_diagnostic[0m[2m:[0m started_load_count:   69.000000   (avg 69.000000)
[2m2026-04-14T19:01:21.800697Z[0m [32m INFO[0m [2mbevy_diagnostic[0m[2m:[0m started_load_count:   69.000000   (avg 69.000000)
[2m2026-04-14T19:01:22.804693Z[0m [32m INFO[0m [2mbevy_diagnostic[0m[2m:[0m started_load_count:   69.000000   (avg 69.000000)
[2m2026-04-14T19:01:23.815400Z[0m [32m INFO[0m [2mbevy_diagnostic[0m[2m:[0m started_load_count:   69.000000   (avg 69.000000)
[2m2026-04-14T19:01:24.821430Z[0m [32m INFO[0m [2mbevy_diagnostic[0m[2m:[0m started_load_count:   69.000000   (avg 69.000000)
[2m2026-04-14T19:01:25.828106Z[0m [32m INFO[0m [2mbevy_diagnostic[0m[2m:[0m started_load_count:   69.000000   (avg 69.000000)
[2m2026-04-14T19:01:26.830791Z[0m [32m INFO[0m [2mbevy_diagnostic[0m[2m:[0m started_load_count:   69.000000   (avg 69.000000)
[2m2026-04-14T19:01:27.835706Z[0m [32m INFO[0m [2mbevy_diagnostic[0m[2m:[0m started_load_count:   69.000000   (avg 69.000000)
[2m2026-04-14T19:01:28.837541Z[0m [32m INFO[0m [2madv_civ::civilization::concepts::movement::movement_systems[0m[2m:[0m Player Alexander of Assyria has ended movement
[2m2026-04-14T19:01:28.839389Z[0m [32m INFO[0m [2mbevy_diagnostic[0m[2m:[0m started_load_count:   69.000000   (avg 69.000000)
[2m2026-04-14T19:01:29.846733Z[0m [32m INFO[0m [2mbevy_diagnostic[0m[2m:[0m started_load_count:   69.000000   (avg 69.000000)
[2m2026-04-14T19:01:30.853489Z[0m [32m INFO[0m [2mbevy_diagnostic[0m[2m:[0m started_load_count:   69.000000   (avg 69.000000)
[2m2026-04-14T19:01:31.854548Z[0m [32m INFO[0m [2mbevy_diagnostic[0m[2m:[0m started_load_count:   69.000000   (avg 69.000000)
[2m2026-04-14T19:01:32.850319Z[0m [32m INFO[0m [2mbevy_diagnostic[0m[2m:[0m started_load_count:   69.000000   (avg 69.000000)
[2m2026-04-14T19:01:33.851090Z[0m [32m INFO[0m [2mbevy_diagnostic[0m[2m:[0m started_load_count:   69.000000   (avg 69.000000)
[2m2026-04-14T19:01:34.851271Z[0m [32m INFO[0m [2mbevy_diagnostic[0m[2m:[0m started_load_count:   69.000000   (avg 69.000000)
[2m2026-04-14T19:01:35.849855Z[0m [32m INFO[0m [2mbevy_diagnostic[0m[2m:[0m started_load_count:   69.000000   (avg 69.000000)
[2m2026-04-14T19:01:36.849777Z[0m [32m INFO[0m [2mbevy_diagnostic[0m[2m:[0m started_load_count:   69.000000   (avg 69.000000)
[2m2026-04-14T19:01:37.854051Z[0m [32m INFO[0m [2mbevy_diagnostic[0m[2m:[0m started_load_count:   69.000000   (avg 69.000000)
[2m2026-04-14T19:01:38.850215Z[0m [32m INFO[0m [2mbevy_diagnostic[0m[2m:[0m started_load_count:   69.000000   (avg 69.000000)
[2m2026-04-14T19:01:39.852713Z[0m [32m INFO[0m [2mbevy_diagnostic[0m[2m:[0m started_load_count:   69.000000   (avg 69.000000)
[2m2026-04-14T19:01:40.852862Z[0m [32m INFO[0m [2mbevy_diagnostic[0m[2m:[0m started_load_count:   69.000000   (avg 69.000000)
[2m2026-04-14T19:01:41.851147Z[0m [32m INFO[0m [2mbevy_diagnostic[0m[2m:[0m started_load_count:   69.000000   (avg 69.000000)
[2m2026-04-14T19:01:42.850962Z[0m [32m INFO[0m [2mbevy_diagnostic[0m[2m:[0m started_load_count:   69.000000   (avg 69.000000)
[2m2026-04-14T19:01:43.850901Z[0m [32m INFO[0m [2mbevy_diagnostic[0m[2m:[0m started_load_count:   69.000000   (avg 69.000000)
[2m2026-04-14T19:01:44.850149Z[0m [32m INFO[0m [2mbevy_diagnostic[0m[2m:[0m started_load_count:   69.000000   (avg 69.000000)
[2m2026-04-14T19:01:45.851791Z[0m [32m INFO[0m [2mbevy_diagnostic[0m[2m:[0m started_load_count:   69.000000   (avg 69.000000)
[2m2026-04-14T19:01:46.868343Z[0m [32m INFO[0m [2mbevy_diagnostic[0m[2m:[0m started_load_count:   69.000000   (avg 69.000000)
[2m2026-04-14T19:01:47.870313Z[0m [32m INFO[0m [2mbevy_diagnostic[0m[2m:[0m started_load_count:   69.000000   (avg 69.000000)
[2m2026-04-14T19:01:48.867944Z[0m [32m INFO[0m [2mbevy_diagnostic[0m[2m:[0m started_load_count:   69.000000   (avg 69.000000)
[2m2026-04-14T19:01:49.870438Z[0m [32m INFO[0m [2mbevy_diagnostic[0m[2m:[0m started_load_count:   69.000000   (avg 69.000000)
[2m2026-04-14T19:01:50.869483Z[0m [32m INFO[0m [2mbevy_diagnostic[0m[2m:[0m started_load_count:   69.000000   (avg 69.000000)
[2m2026-04-14T19:01:51.867987Z[0m [32m INFO[0m [2madv_civ::civilization::concepts::movement::movement_systems[0m[2m:[0m Player Ramesses of Crete has ended movement
[2m2026-04-14T19:01:51.869531Z[0m [32m INFO[0m [2mbevy_diagnostic[0m[2m:[0m started_load_count:   69.000000   (avg 69.000000)
[2m2026-04-14T19:01:52.867451Z[0m [32m INFO[0m [2mbevy_diagnostic[0m[2m:[0m started_load_count:   69.000000   (avg 69.000000)
[2m2026-04-14T19:01:53.867220Z[0m [32m INFO[0m [2mbevy_diagnostic[0m[2m:[0m started_load_count:   69.000000   (avg 69.000000)
[2m2026-04-14T19:01:54.866908Z[0m [32m INFO[0m [2mbevy_diagnostic[0m[2m:[0m started_load_count:   69.000000   (avg 69.000000)
[2m2026-04-14T19:01:55.867409Z[0m [32m INFO[0m [2mbevy_diagnostic[0m[2m:[0m started_load_count:   69.000000   (avg 69.000000)
[2m2026-04-14T19:01:56.869665Z[0m [32m INFO[0m [2mbevy_diagnostic[0m[2m:[0m started_load_count:   69.000000   (avg 69.000000)
[2m2026-04-14T19:01:57.869470Z[0m [32m INFO[0m [2mbevy_diagnostic[0m[2m:[0m started_load_count:   69.000000   (avg 69.000000)
[2m2026-04-14T19:01:58.878513Z[0m [32m INFO[0m [2mbevy_diagnostic[0m[2m:[0m started_load_count:   69.000000   (avg 69.000000)
[2m2026-04-14T19:01:59.885759Z[0m [32m INFO[0m [2mbevy_diagnostic[0m[2m:[0m started_load_count:   69.000000   (avg 69.000000)
[2m2026-04-14T19:02:00.894985Z[0m [32m INFO[0m [2mbevy_diagnostic[0m[2m:[0m started_load_count:   69.000000   (avg 69.000000)
[2m2026-04-14T19:02:01.919343Z[0m [32m INFO[0m [2mbevy_diagnostic[0m[2m:[0m started_load_count:   69.000000   (avg 69.000000)
[2m2026-04-14T19:02:02.936265Z[0m [32m INFO[0m [2mbevy_diagnostic[0m[2m:[0m started_load_count:   69.000000   (avg 69.000000)
[2m2026-04-14T19:02:03.949784Z[0m [32m INFO[0m [2mbevy_diagnostic[0m[2m:[0m started_load_count:   69.000000   (avg 69.000000)
[2m2026-04-14T19:02:04.960254Z[0m [32m INFO[0m [2mbevy_diagnostic[0m[2m:[0m started_load_count:   69.000000   (avg 69.000000)
[2m2026-04-14T19:02:05.974718Z[0m [32m INFO[0m [2mbevy_diagnostic[0m[2m:[0m started_load_count:   69.000000   (avg 69.000000)
[2m2026-04-14T19:02:06.971387Z[0m [32m INFO[0m [2mbevy_diagnostic[0m[2m:[0m started_load_count:   69.000000   (avg 69.000000)
[2m2026-04-14T19:02:07.968007Z[0m [32m INFO[0m [2mbevy_diagnostic[0m[2m:[0m started_load_count:   69.000000   (avg 69.000000)
[2m2026-04-14T19:02:08.970541Z[0m [32m INFO[0m [2mbevy_diagnostic[0m[2m:[0m started_load_count:   69.000000   (avg 69.000000)
[2m2026-04-14T19:02:09.972103Z[0m [32m INFO[0m [2mbevy_diagnostic[0m[2m:[0m started_load_count:   69.000000   (avg 69.000000)
[2m2026-04-14T19:02:10.972784Z[0m [32m INFO[0m [2mbevy_diagnostic[0m[2m:[0m started_load_count:   69.000000   (avg 69.000000)
[2m2026-04-14T19:02:11.969044Z[0m [32m INFO[0m [2mbevy_diagnostic[0m[2m:[0m started_load_count:   69.000000   (avg 69.000000)
[2m2026-04-14T19:02:12.969902Z[0m [32m INFO[0m [2mbevy_diagnostic[0m[2m:[0m started_load_count:   69.000000   (avg 69.000000)
[2m2026-04-14T19:02:13.967909Z[0m [32m INFO[0m [2mbevy_diagnostic[0m[2m:[0m started_load_count:   69.000000   (avg 69.000000)
[2m2026-04-14T19:02:14.966612Z[0m [32m INFO[0m [2madv_civ::civilization::concepts::movement::movement_systems[0m[2m:[0m Player Hammurabi of Asia has ended movement
[2m2026-04-14T19:02:14.968220Z[0m [32m INFO[0m [2mbevy_diagnostic[0m[2m:[0m started_load_count:   69.000000   (avg 69.000000)
[2m2026-04-14T19:02:15.983041Z[0m [32m INFO[0m [2mbevy_diagnostic[0m[2m:[0m started_load_count:   69.000000   (avg 69.000000)
[2m2026-04-14T19:02:16.988532Z[0m [32m INFO[0m [2mbevy_diagnostic[0m[2m:[0m started_load_count:   69.000000   (avg 69.000000)
[2m2026-04-14T19:02:17.984654Z[0m [32m INFO[0m [2mbevy_diagnostic[0m[2m:[0m started_load_count:   69.000000   (avg 69.000000)
[2m2026-04-14T19:02:18.987320Z[0m [32m INFO[0m [2mbevy_diagnostic[0m[2m:[0m started_load_count:   69.000000   (avg 69.000000)
[2m2026-04-14T19:02:19.988006Z[0m [32m INFO[0m [2mbevy_diagnostic[0m[2m:[0m started_load_count:   69.000000   (avg 69.000000)
[2m2026-04-14T19:02:20.987498Z[0m [32m INFO[0m [2mbevy_diagnostic[0m[2m:[0m started_load_count:   69.000000   (avg 69.000000)
[2m2026-04-14T19:02:21.985066Z[0m [32m INFO[0m [2mbevy_diagnostic[0m[2m:[0m started_load_count:   69.000000   (avg 69.000000)
[2m2026-04-14T19:02:22.984729Z[0m [32m INFO[0m [2mbevy_diagnostic[0m[2m:[0m started_load_count:   69.000000   (avg 69.000000)
[2m2026-04-14T19:02:23.987599Z[0m [32m INFO[0m [2mbevy_diagnostic[0m[2m:[0m started_load_count:   69.000000   (avg 69.000000)
[2m2026-04-14T19:02:24.984540Z[0m [32m INFO[0m [2mbevy_diagnostic[0m[2m:[0m started_load_count:   69.000000   (avg 69.000000)
[2m2026-04-14T19:02:25.987078Z[0m [32m INFO[0m [2mbevy_diagnostic[0m[2m:[0m started_load_count:   69.000000   (avg 69.000000)
[2m2026-04-14T19:02:26.996951Z[0m [32m INFO[0m [2mbevy_diagnostic[0m[2m:[0m started_load_count:   69.000000   (avg 69.000000)
[2m2026-04-14T19:02:28.018677Z[0m [32m INFO[0m [2mbevy_diagnostic[0m[2m:[0m started_load_count:   69.000000   (avg 69.000000)
[2m2026-04-14T19:02:29.037275Z[0m [32m INFO[0m [2mbevy_diagnostic[0m[2m:[0m started_load_count:   69.000000   (avg 69.000000)
[2m2026-04-14T19:02:30.055104Z[0m [32m INFO[0m [2madv_civ::civilization::concepts::movement::movement_systems[0m[2m:[0m Player Hatshepsut of Thrace has ended movement
[2m2026-04-14T19:02:30.056222Z[0m [32m INFO[0m [2mbevy_diagnostic[0m[2m:[0m started_load_count:   69.000000   (avg 69.000000)
[2m2026-04-14T19:02:31.053562Z[0m [32m INFO[0m [2mbevy_diagnostic[0m[2m:[0m started_load_count:   69.000000   (avg 69.000000)
[2m2026-04-14T19:02:32.055354Z[0m [32m INFO[0m [2mbevy_diagnostic[0m[2m:[0m started_load_count:   69.000000   (avg 69.000000)
[2m2026-04-14T19:02:33.055347Z[0m [32m INFO[0m [2mbevy_diagnostic[0m[2m:[0m started_load_count:   69.000000   (avg 69.000000)
[2m2026-04-14T19:02:34.051703Z[0m [32m INFO[0m [2mbevy_diagnostic[0m[2m:[0m started_load_count:   69.000000   (avg 69.000000)
[2m2026-04-14T19:02:35.053745Z[0m [32m INFO[0m [2mbevy_diagnostic[0m[2m:[0m started_load_count:   69.000000   (avg 69.000000)
[2m2026-04-14T19:02:36.051691Z[0m [32m INFO[0m [2mbevy_diagnostic[0m[2m:[0m started_load_count:   69.000000   (avg 69.000000)
[2m2026-04-14T19:02:37.053733Z[0m [32m INFO[0m [2mbevy_diagnostic[0m[2m:[0m started_load_count:   69.000000   (avg 69.000000)
[2m2026-04-14T19:02:38.056455Z[0m [32m INFO[0m [2mbevy_diagnostic[0m[2m:[0m started_load_count:   69.000000   (avg 69.000000)
[2m2026-04-14T19:02:39.064447Z[0m [32m INFO[0m [2mbevy_diagnostic[0m[2m:[0m started_load_count:   69.000000   (avg 69.000000)
[2m2026-04-14T19:02:40.084094Z[0m [32m INFO[0m [2mbevy_diagnostic[0m[2m:[0m started_load_count:   69.000000   (avg 69.000000)
[2m2026-04-14T19:02:41.102131Z[0m [32m INFO[0m [2madv_civ::civilization::concepts::movement::movement_systems[0m[2m:[0m Player Pericles of Babylon has ended movement
[2m2026-04-14T19:02:41.103201Z[0m [32m INFO[0m [2mbevy_diagnostic[0m[2m:[0m started_load_count:   69.000000   (avg 69.000000)
[2m2026-04-14T19:02:42.120360Z[0m [32m INFO[0m [2mbevy_diagnostic[0m[2m:[0m started_load_count:   69.000000   (avg 69.000000)
[2m2026-04-14T19:02:43.129712Z[0m [32m INFO[0m [2mbevy_diagnostic[0m[2m:[0m started_load_count:   69.000000   (avg 69.000000)
[2m2026-04-14T19:02:44.136443Z[0m [32m INFO[0m [2mbevy_diagnostic[0m[2m:[0m started_load_count:   69.000000   (avg 69.000000)
[2m2026-04-14T19:02:45.141329Z[0m [32m INFO[0m [2mbevy_diagnostic[0m[2m:[0m started_load_count:   69.000000   (avg 69.000000)
[2m2026-04-14T19:02:46.154450Z[0m [32m INFO[0m [2mbevy_diagnostic[0m[2m:[0m started_load_count:   69.000000   (avg 69.000000)
[2m2026-04-14T19:02:47.186051Z[0m [32m INFO[0m [2mbevy_diagnostic[0m[2m:[0m started_load_count:   69.000000   (avg 69.000000)
[2m2026-04-14T19:02:48.151515Z[0m [32m INFO[0m [2mbevy_diagnostic[0m[2m:[0m started_load_count:   69.000000   (avg 69.000000)
[2m2026-04-14T19:02:49.153567Z[0m [32m INFO[0m [2mbevy_diagnostic[0m[2m:[0m started_load_count:   69.000000   (avg 69.000000)
[2m2026-04-14T19:02:50.156480Z[0m [32m INFO[0m [2mbevy_diagnostic[0m[2m:[0m started_load_count:   69.000000   (avg 69.000000)
[2m2026-04-14T19:02:51.166328Z[0m [32m INFO[0m [2mbevy_diagnostic[0m[2m:[0m started_load_count:   69.000000   (avg 69.000000)
[2m2026-04-14T19:02:52.180279Z[0m [32m INFO[0m [2mbevy_diagnostic[0m[2m:[0m started_load_count:   69.000000   (avg 69.000000)
[2m2026-04-14T19:02:53.185225Z[0m [32m INFO[0m [2mbevy_diagnostic[0m[2m:[0m started_load_count:   69.000000   (avg 69.000000)
[2m2026-04-14T19:02:54.185037Z[0m [32m INFO[0m [2mbevy_diagnostic[0m[2m:[0m started_load_count:   69.000000   (avg 69.000000)
[2m2026-04-14T19:02:55.187267Z[0m [32m INFO[0m [2mbevy_diagnostic[0m[2m:[0m started_load_count:   69.000000   (avg 69.000000)
[2m2026-04-14T19:02:56.187546Z[0m [32m INFO[0m [2mbevy_diagnostic[0m[2m:[0m started_load_count:   69.000000   (avg 69.000000)
[2m2026-04-14T19:02:57.184621Z[0m [32m INFO[0m [2mbevy_diagnostic[0m[2m:[0m started_load_count:   69.000000   (avg 69.000000)
[2m2026-04-14T19:02:58.186409Z[0m [32m INFO[0m [2madv_civ::civilization::concepts::movement::movement_systems[0m[2m:[0m Player Leonidas of Iberia has ended movement
[2m2026-04-14T19:02:58.186451Z[0m [32m INFO[0m [2madv_civ::civilization::concepts::movement::movement_systems[0m[2m:[0m No more players to move, transitioning to Conflict
[2m2026-04-14T19:02:58.187333Z[0m [32m INFO[0m [2mbevy_diagnostic[0m[2m:[0m started_load_count:   69.000000   (avg 69.000000)
[2m2026-04-14T19:02:59.186081Z[0m [32m INFO[0m [2madv_civ::civilization::concepts::conflict::conflict_systems[0m[2m:[0m Found 6 conflicts, remaining in Conflict
[2m2026-04-14T19:02:59.186128Z[0m [32m INFO[0m [2madv_civ::civilization::concepts::conflict::conflict_triggers[0m[2m:[0m [CONFLICT] Regular conflict in '63:Timgad': 2 players, 4 tokens, max_pop=2, conflicts_pending=6, human_involved=false
[2m2026-04-14T19:02:59.186143Z[0m [32m INFO[0m [2madv_civ::civilization::concepts::conflict::conflict_triggers[0m[2m:[0m   Player 1 (401v0): 2 tokens
[2m2026-04-14T19:02:59.186149Z[0m [32m INFO[0m [2madv_civ::civilization::concepts::conflict::conflict_triggers[0m[2m:[0m   Player 2 (340v0): 2 tokens
[2m2026-04-14T19:02:59.186162Z[0m [32m INFO[0m [2madv_civ::civilization::concepts::conflict::conflict_triggers[0m[2m:[0m [CONFLICT] Resolved '63:Timgad' via all_lengths_equal: 2 tokens remaining (was 4)
[2m2026-04-14T19:02:59.186168Z[0m [32m INFO[0m [2madv_civ::civilization::concepts::conflict::conflict_triggers[0m[2m:[0m [CONFLICT] Conflicts remaining: 5
[2m2026-04-14T19:02:59.186239Z[0m [32m INFO[0m [2madv_civ::civilization::concepts::conflict::conflict_triggers[0m[2m:[0m [CONFLICT] Regular conflict in '23:Jerusalem': 2 players, 3 tokens, max_pop=1, conflicts_pending=5, human_involved=false
[2m2026-04-14T19:02:59.186256Z[0m [32m INFO[0m [2madv_civ::civilization::concepts::conflict::conflict_triggers[0m[2m:[0m   Player 1 (401v0): 2 tokens
[2m2026-04-14T19:02:59.186261Z[0m [32m INFO[0m [2madv_civ::civilization::concepts::conflict::conflict_triggers[0m[2m:[0m   Player 2 (340v0): 1 tokens
[2m2026-04-14T19:02:59.186269Z[0m [32m INFO[0m [2madv_civ::civilization::concepts::conflict::conflict_triggers[0m[2m:[0m [CONFLICT] Resolved '23:Jerusalem' via max_pop=1: 2 tokens remaining (was 3)
[2m2026-04-14T19:02:59.186273Z[0m [32m INFO[0m [2madv_civ::civilization::concepts::conflict::conflict_triggers[0m[2m:[0m [CONFLICT] Conflicts remaining: 4
[2m2026-04-14T19:02:59.186296Z[0m [32m INFO[0m [2madv_civ::civilization::concepts::conflict::conflict_triggers[0m[2m:[0m [CONFLICT] Regular conflict in '17:Knossos': 2 players, 5 tokens, max_pop=4, conflicts_pending=4, human_involved=false
[2m2026-04-14T19:02:59.186303Z[0m [32m INFO[0m [2madv_civ::civilization::concepts::conflict::conflict_triggers[0m[2m:[0m   Player 1 (279v0): 4 tokens
[2m2026-04-14T19:02:59.186306Z[0m [32m INFO[0m [2madv_civ::civilization::concepts::conflict::conflict_triggers[0m[2m:[0m   Player 2 (523v0): 1 tokens
[2m2026-04-14T19:02:59.186313Z[0m [32m INFO[0m [2madv_civ::civilization::concepts::conflict::conflict_triggers[0m[2m:[0m [CONFLICT] Resolved '17:Knossos' via unequal_lengths: 4 tokens remaining (was 5)
[2m2026-04-14T19:02:59.186317Z[0m [32m INFO[0m [2madv_civ::civilization::concepts::conflict::conflict_triggers[0m[2m:[0m [CONFLICT] Conflicts remaining: 3
[2m2026-04-14T19:02:59.186332Z[0m [32m INFO[0m [2madv_civ::civilization::concepts::conflict::conflict_triggers[0m[2m:[0m [CONFLICT] Regular conflict in '33:Lutetia': 2 players, 4 tokens, max_pop=2, conflicts_pending=3, human_involved=false
[2m2026-04-14T19:02:59.186338Z[0m [32m INFO[0m [2madv_civ::civilization::concepts::conflict::conflict_triggers[0m[2m:[0m   Player 1 (279v0): 3 tokens
[2m2026-04-14T19:02:59.186341Z[0m [32m INFO[0m [2madv_civ::civilization::concepts::conflict::conflict_triggers[0m[2m:[0m   Player 2 (523v0): 1 tokens
[2m2026-04-14T19:02:59.186346Z[0m [32m INFO[0m [2madv_civ::civilization::concepts::conflict::conflict_triggers[0m[2m:[0m [CONFLICT] Resolved '33:Lutetia' via unequal_lengths: 3 tokens remaining (was 4)
[2m2026-04-14T19:02:59.186349Z[0m [32m INFO[0m [2madv_civ::civilization::concepts::conflict::conflict_triggers[0m[2m:[0m [CONFLICT] Conflicts remaining: 2
[2m2026-04-14T19:02:59.186364Z[0m [32m INFO[0m [2madv_civ::civilization::concepts::conflict::conflict_triggers[0m[2m:[0m [CONFLICT] Regular conflict in '57:Apamea': 2 players, 3 tokens, max_pop=2, conflicts_pending=2, human_involved=false
[2m2026-04-14T19:02:59.186371Z[0m [32m INFO[0m [2madv_civ::civilization::concepts::conflict::conflict_triggers[0m[2m:[0m   Player 1 (706v0): 2 tokens
[2m2026-04-14T19:02:59.186374Z[0m [32m INFO[0m [2madv_civ::civilization::concepts::conflict::conflict_triggers[0m[2m:[0m   Player 2 (401v0): 1 tokens
[2m2026-04-14T19:02:59.186379Z[0m [32m INFO[0m [2madv_civ::civilization::concepts::conflict::conflict_triggers[0m[2m:[0m [CONFLICT] Resolved '57:Apamea' via unequal_lengths: 2 tokens remaining (was 3)
[2m2026-04-14T19:02:59.186382Z[0m [32m INFO[0m [2madv_civ::civilization::concepts::conflict::conflict_triggers[0m[2m:[0m [CONFLICT] Conflicts remaining: 1
[2m2026-04-14T19:02:59.186429Z[0m [32m INFO[0m [2madv_civ::civilization::concepts::conflict::conflict_triggers[0m[2m:[0m [CITY CONFLICT] City conflict in '35:Palmyra': owner=523v0 (0 tokens), 1 invaders, total=3, max_pop=4, conflicts_pending=1
[2m2026-04-14T19:02:59.186436Z[0m [32m INFO[0m [2madv_civ::civilization::concepts::conflict::conflict_triggers[0m[2m:[0m   Invader 401v0: 3 tokens
[2m2026-04-14T19:02:59.186439Z[0m [32m INFO[0m [2madv_civ::civilization::concepts::conflict::conflict_triggers[0m[2m:[0m [CITY CONFLICT] Small invaders (<=6 tokens each) - eliminating them
[2m2026-04-14T19:02:59.186444Z[0m [32m INFO[0m [2madv_civ::civilization::concepts::conflict::conflict_triggers[0m[2m:[0m [CITY CONFLICT] Returned 3 tokens to player 401v0
[2m2026-04-14T19:02:59.186447Z[0m [32m INFO[0m [2madv_civ::civilization::concepts::conflict::conflict_triggers[0m[2m:[0m [CITY CONFLICT] After resolution: 0 tokens remaining (was 3)
[2m2026-04-14T19:02:59.186449Z[0m [32m INFO[0m [2madv_civ::civilization::concepts::conflict::conflict_triggers[0m[2m:[0m [CITY CONFLICT] Conflicts remaining: 0
[2m2026-04-14T19:02:59.186451Z[0m [32m INFO[0m [2madv_civ::civilization::concepts::conflict::conflict_triggers[0m[2m:[0m [CITY CONFLICT] All conflicts resolved, transitioning to CityConstruction
[2m2026-04-14T19:02:59.189393Z[0m [32m INFO[0m [2mbevy_diagnostic[0m[2m:[0m started_load_count:   69.000000   (avg 69.000000)
[2m2026-04-14T19:03:00.185754Z[0m [32m INFO[0m [2madv_civ::civilization::concepts::city_construction::city_construction_systems[0m[2m:[0m [CITY_CONSTRUCTION] Entering city construction phase
[2m2026-04-14T19:03:00.185769Z[0m [32m INFO[0m [2madv_civ::civilization::concepts::city_construction::city_construction_systems[0m[2m:[0m [CITY_CONSTRUCTION] LoadingFromSave present: false
[2m2026-04-14T19:03:00.185776Z[0m [32m INFO[0m [2madv_civ::civilization::concepts::city_construction::city_construction_systems[0m[2m:[0m [CITY_CONSTRUCTION] Total players: 8
[2m2026-04-14T19:03:00.185778Z[0m [32m INFO[0m [2madv_civ::civilization::concepts::city_construction::city_construction_systems[0m[2m:[0m [CITY_CONSTRUCTION] Marking Africa for building
[2m2026-04-14T19:03:00.185781Z[0m [32m INFO[0m [2madv_civ::civilization::concepts::city_construction::city_construction_systems[0m[2m:[0m [CITY_CONSTRUCTION] Marking Illyria for building
[2m2026-04-14T19:03:00.185783Z[0m [32m INFO[0m [2madv_civ::civilization::concepts::city_construction::city_construction_systems[0m[2m:[0m [CITY_CONSTRUCTION] Marking Assyria for building
[2m2026-04-14T19:03:00.185785Z[0m [32m INFO[0m [2madv_civ::civilization::concepts::city_construction::city_construction_systems[0m[2m:[0m [CITY_CONSTRUCTION] Marking Crete for building
[2m2026-04-14T19:03:00.185787Z[0m [32m INFO[0m [2madv_civ::civilization::concepts::city_construction::city_construction_systems[0m[2m:[0m [CITY_CONSTRUCTION] Marking Asia for building
[2m2026-04-14T19:03:00.185789Z[0m [32m INFO[0m [2madv_civ::civilization::concepts::city_construction::city_construction_systems[0m[2m:[0m [CITY_CONSTRUCTION] Marking Babylon for building
[2m2026-04-14T19:03:00.185792Z[0m [32m INFO[0m [2madv_civ::civilization::concepts::city_construction::city_construction_systems[0m[2m:[0m [CITY_CONSTRUCTION] Marking Thrace for building
[2m2026-04-14T19:03:00.185795Z[0m [32m INFO[0m [2madv_civ::civilization::concepts::city_construction::city_construction_systems[0m[2m:[0m [CITY_CONSTRUCTION] Marking Iberia for building
[2m2026-04-14T19:03:00.185799Z[0m [32m INFO[0m [2madv_civ::civilization::concepts::city_construction::city_construction_systems[0m[2m:[0m [CITY_CONSTRUCTION] Summary: 8 marked for building, 0 skipped
[2m2026-04-14T19:03:00.185803Z[0m [32m INFO[0m [2madv_civ::civilization::concepts::city_construction::city_construction_systems[0m[2m:[0m [CITY_CONSTRUCTION] Inserted CityConstructionPhaseActive resource
[2m2026-04-14T19:03:00.188768Z[0m [32m INFO[0m [2mbevy_diagnostic[0m[2m:[0m started_load_count:   69.000000   (avg 69.000000)
[2m2026-04-14T19:03:01.186818Z[0m [32m INFO[0m [2mbevy_diagnostic[0m[2m:[0m started_load_count:   69.000000   (avg 69.000000)
[2m2026-04-14T19:03:02.196760Z[0m [32m INFO[0m [2mbevy_diagnostic[0m[2m:[0m started_load_count:   69.000000   (avg 69.000000)
[2m2026-04-14T19:03:03.219965Z[0m [32m INFO[0m [2madv_civ::civilization::concepts::city_construction::city_construction_systems[0m[2m:[0m [CITY_CONSTRUCTION] Gate: No players with IsBuilding, transitioning to RemoveSurplusPopulation
[2m2026-04-14T19:03:03.220949Z[0m [32m INFO[0m [2mbevy_diagnostic[0m[2m:[0m started_load_count:   69.000000   (avg 69.000000)
[2m2026-04-14T19:03:04.238014Z[0m [32m INFO[0m [2madv_civ::civilization::concepts::remove_surplus_population::remove_surplus_systems[0m[2m:[0m [SURPLUS] '131:Arelate' has surplus: total=2, max=1, surplus=1, players=1, has_city=false
[2m2026-04-14T19:03:04.238034Z[0m [32m INFO[0m [2madv_civ::civilization::concepts::remove_surplus_population::remove_surplus_systems[0m[2m:[0m [SURPLUS] '131:Arelate': Removing surplus tokens from single-player area
[2m2026-04-14T19:03:04.238042Z[0m [32m INFO[0m [2madv_civ::civilization::concepts::remove_surplus_population::remove_surplus_systems[0m[2m:[0m [SURPLUS] '131:Arelate': After removal: 2 -> 1 tokens, surplus=0
[2m2026-04-14T19:03:04.238045Z[0m [32m INFO[0m [2madv_civ::civilization::concepts::remove_surplus_population::remove_surplus_systems[0m[2m:[0m [SURPLUS] '24:Ascalon' has surplus: total=2, max=1, surplus=1, players=1, has_city=false
[2m2026-04-14T19:03:04.238049Z[0m [32m INFO[0m [2madv_civ::civilization::concepts::remove_surplus_population::remove_surplus_systems[0m[2m:[0m [SURPLUS] '24:Ascalon': Removing surplus tokens from single-player area
[2m2026-04-14T19:03:04.238053Z[0m [32m INFO[0m [2madv_civ::civilization::concepts::remove_surplus_population::remove_surplus_systems[0m[2m:[0m [SURPLUS] '24:Ascalon': After removal: 2 -> 1 tokens, surplus=0
[2m2026-04-14T19:03:04.238062Z[0m [32m INFO[0m [2madv_civ::civilization::concepts::remove_surplus_population::remove_surplus_systems[0m[2m:[0m [SURPLUS] '16:Segesta' has surplus: total=2, max=1, surplus=1, players=1, has_city=false
[2m2026-04-14T19:03:04.238066Z[0m [32m INFO[0m [2madv_civ::civilization::concepts::remove_surplus_population::remove_surplus_systems[0m[2m:[0m [SURPLUS] '16:Segesta': Removing surplus tokens from single-player area
[2m2026-04-14T19:03:04.238070Z[0m [32m INFO[0m [2madv_civ::civilization::concepts::remove_surplus_population::remove_surplus_systems[0m[2m:[0m [SURPLUS] '16:Segesta': After removal: 2 -> 1 tokens, surplus=0
[2m2026-04-14T19:03:04.238077Z[0m [32m INFO[0m [2madv_civ::civilization::concepts::remove_surplus_population::remove_surplus_systems[0m[2m:[0m [SURPLUS] '95:Arwad' has surplus: total=6, max=2, surplus=4, players=1, has_city=false
[2m2026-04-14T19:03:04.238082Z[0m [32m INFO[0m [2madv_civ::civilization::concepts::remove_surplus_population::remove_surplus_systems[0m[2m:[0m [SURPLUS] '95:Arwad': Removing surplus tokens from single-player area
[2m2026-04-14T19:03:04.238088Z[0m [32m INFO[0m [2madv_civ::civilization::concepts::remove_surplus_population::remove_surplus_systems[0m[2m:[0m [SURPLUS] '95:Arwad': After removal: 6 -> 2 tokens, surplus=0
[2m2026-04-14T19:03:04.238096Z[0m [32m INFO[0m [2madv_civ::civilization::concepts::remove_surplus_population::remove_surplus_systems[0m[2m:[0m [SURPLUS] '101:Marsa Matruh' has surplus: total=5, max=2, surplus=3, players=1, has_city=false
[2m2026-04-14T19:03:04.238100Z[0m [32m INFO[0m [2madv_civ::civilization::concepts::remove_surplus_population::remove_surplus_systems[0m[2m:[0m [SURPLUS] '101:Marsa Matruh': Removing surplus tokens from single-player area
[2m2026-04-14T19:03:04.238104Z[0m [32m INFO[0m [2madv_civ::civilization::concepts::remove_surplus_population::remove_surplus_systems[0m[2m:[0m [SURPLUS] '101:Marsa Matruh': After removal: 5 -> 2 tokens, surplus=0
[2m2026-04-14T19:03:04.238117Z[0m [32m INFO[0m [2madv_civ::civilization::concepts::remove_surplus_population::remove_surplus_systems[0m[2m:[0m [SURPLUS] '58:Argos' has surplus: total=4, max=2, surplus=2, players=1, has_city=false
[2m2026-04-14T19:03:04.238122Z[0m [32m INFO[0m [2madv_civ::civilization::concepts::remove_surplus_population::remove_surplus_systems[0m[2m:[0m [SURPLUS] '58:Argos': Removing surplus tokens from single-player area
[2m2026-04-14T19:03:04.238126Z[0m [32m INFO[0m [2madv_civ::civilization::concepts::remove_surplus_population::remove_surplus_systems[0m[2m:[0m [SURPLUS] '58:Argos': After removal: 4 -> 2 tokens, surplus=0
[2m2026-04-14T19:03:04.238132Z[0m [32m INFO[0m [2madv_civ::civilization::concepts::remove_surplus_population::remove_surplus_systems[0m[2m:[0m [SURPLUS] '141:Abydos' has surplus: total=4, max=1, surplus=3, players=1, has_city=false
[2m2026-04-14T19:03:04.238135Z[0m [32m INFO[0m [2madv_civ::civilization::concepts::remove_surplus_population::remove_surplus_systems[0m[2m:[0m [SURPLUS] '141:Abydos': Removing surplus tokens from single-player area
[2m2026-04-14T19:03:04.238139Z[0m [32m INFO[0m [2madv_civ::civilization::concepts::remove_surplus_population::remove_surplus_systems[0m[2m:[0m [SURPLUS] '141:Abydos': After removal: 4 -> 1 tokens, surplus=0
[2m2026-04-14T19:03:04.238142Z[0m [32m INFO[0m [2madv_civ::civilization::concepts::remove_surplus_population::remove_surplus_systems[0m[2m:[0m [SURPLUS] '23:Jerusalem' has surplus: total=2, max=1, surplus=1, players=1, has_city=false
[2m2026-04-14T19:03:04.238146Z[0m [32m INFO[0m [2madv_civ::civilization::concepts::remove_surplus_population::remove_surplus_systems[0m[2m:[0m [SURPLUS] '23:Jerusalem': Removing surplus tokens from single-player area
[2m2026-04-14T19:03:04.238149Z[0m [32m INFO[0m [2madv_civ::civilization::concepts::remove_surplus_population::remove_surplus_systems[0m[2m:[0m [SURPLUS] '23:Jerusalem': After removal: 2 -> 1 tokens, surplus=0
[2m2026-04-14T19:03:04.238154Z[0m [32m INFO[0m [2madv_civ::civilization::concepts::remove_surplus_population::remove_surplus_systems[0m[2m:[0m [SURPLUS] '21:Patavium' has surplus: total=3, max=1, surplus=2, players=1, has_city=false
[2m2026-04-14T19:03:04.238158Z[0m [32m INFO[0m [2madv_civ::civilization::concepts::remove_surplus_population::remove_surplus_systems[0m[2m:[0m [SURPLUS] '21:Patavium': Removing surplus tokens from single-player area
[2m2026-04-14T19:03:04.238162Z[0m [32m INFO[0m [2madv_civ::civilization::concepts::remove_surplus_population::remove_surplus_systems[0m[2m:[0m [SURPLUS] '21:Patavium': After removal: 3 -> 1 tokens, surplus=0
[2m2026-04-14T19:03:04.238174Z[0m [32m INFO[0m [2madv_civ::civilization::concepts::remove_surplus_population::remove_surplus_systems[0m[2m:[0m [SURPLUS] '33:Lutetia' has surplus: total=3, max=2, surplus=1, players=1, has_city=false
[2m2026-04-14T19:03:04.238177Z[0m [32m INFO[0m [2madv_civ::civilization::concepts::remove_surplus_population::remove_surplus_systems[0m[2m:[0m [SURPLUS] '33:Lutetia': Removing surplus tokens from single-player area
[2m2026-04-14T19:03:04.238180Z[0m [32m INFO[0m [2madv_civ::civilization::concepts::remove_surplus_population::remove_surplus_systems[0m[2m:[0m [SURPLUS] '33:Lutetia': After removal: 3 -> 2 tokens, surplus=0
[2m2026-04-14T19:03:04.238184Z[0m [32m INFO[0m [2madv_civ::civilization::concepts::remove_surplus_population::remove_surplus_systems[0m[2m:[0m [SURPLUS] '32:Avaris' has surplus: total=5, max=3, surplus=2, players=1, has_city=false
[2m2026-04-14T19:03:04.238187Z[0m [32m INFO[0m [2madv_civ::civilization::concepts::remove_surplus_population::remove_surplus_systems[0m[2m:[0m [SURPLUS] '32:Avaris': Removing surplus tokens from single-player area
[2m2026-04-14T19:03:04.238189Z[0m [32m INFO[0m [2madv_civ::civilization::concepts::remove_surplus_population::remove_surplus_systems[0m[2m:[0m [SURPLUS] '32:Avaris': After removal: 5 -> 3 tokens, surplus=0
[2m2026-04-14T19:03:04.238206Z[0m [32m INFO[0m [2madv_civ::civilization::concepts::remove_surplus_population::remove_surplus_systems[0m[2m:[0m [SURPLUS] '107:Gadara' has surplus: total=3, max=2, surplus=1, players=1, has_city=false
[2m2026-04-14T19:03:04.238209Z[0m [32m INFO[0m [2madv_civ::civilization::concepts::remove_surplus_population::remove_surplus_systems[0m[2m:[0m [SURPLUS] '107:Gadara': Removing surplus tokens from single-player area
[2m2026-04-14T19:03:04.238211Z[0m [32m INFO[0m [2madv_civ::civilization::concepts::remove_surplus_population::remove_surplus_systems[0m[2m:[0m [SURPLUS] '107:Gadara': After removal: 3 -> 2 tokens, surplus=0
[2m2026-04-14T19:03:04.238224Z[0m [32m INFO[0m [2madv_civ::civilization::concepts::remove_surplus_population::remove_surplus_systems[0m[2m:[0m [SURPLUS] Phase complete: processed 149 areas, 12 had surplus, removed 22 tokens total
[2m2026-04-14T19:03:04.240778Z[0m [32m INFO[0m [2mbevy_diagnostic[0m[2m:[0m started_load_count:   69.000000   (avg 69.000000)
[2m2026-04-14T19:03:05.249485Z[0m [32m INFO[0m [2madv_civ::civilization::concepts::check_city_support::check_city_support_systems[0m[2m:[0m [CITY_SUPPORT] Starting city support check phase
[2m2026-04-14T19:03:05.249503Z[0m [32m INFO[0m [2madv_civ::civilization::concepts::check_city_support::check_city_support_systems[0m[2m:[0m [CITY_SUPPORT] 5 players need city support check
[2m2026-04-14T19:03:05.252666Z[0m [32m INFO[0m [2mbevy_diagnostic[0m[2m:[0m started_load_count:   69.000000   (avg 69.000000)
[2m2026-04-14T19:03:06.263685Z[0m [32m INFO[0m [2madv_civ::civilization::concepts::check_city_support::check_city_support_systems[0m[2m:[0m [CITY_SUPPORT] All checks complete, transitioning to AcquireTradeCards
[2m2026-04-14T19:03:06.265367Z[0m [32m INFO[0m [2mbevy_diagnostic[0m[2m:[0m started_load_count:   69.000000   (avg 69.000000)
[2m2026-04-14T19:03:07.283108Z[0m [32m INFO[0m [2madv_civ::civilization::concepts::acquire_trade_cards::trade_card_systems[0m[2m:[0m [TRADE_CARDS] Starting acquire trade cards phase
[2m2026-04-14T19:03:07.283155Z[0m [32m INFO[0m [2madv_civ::civilization::concepts::acquire_trade_cards::trade_card_systems[0m[2m:[0m [TRADE_CARDS] Processed 8 players, 5 have cities, sending CheckIfWeCanTrade
[2m2026-04-14T19:03:07.284200Z[0m [32m INFO[0m [2madv_civ::civilization::concepts::acquire_trade_cards::trade_card_systems[0m[2m:[0m [TRADE_CARDS] CheckIfWeCanTrade received: 2 players can trade
[2m2026-04-14T19:03:07.284223Z[0m [32m INFO[0m [2madv_civ::civilization::concepts::acquire_trade_cards::trade_card_systems[0m[2m:[0m [TRADE_CARDS] Transitioning to Trade phase
[2m2026-04-14T19:03:07.286764Z[0m [32m INFO[0m [2mbevy_diagnostic[0m[2m:[0m started_load_count:   69.000000   (avg 69.000000)
[2m2026-04-14T19:03:08.289522Z[0m [32m INFO[0m [2mbevy_diagnostic[0m[2m:[0m started_load_count:   69.000000   (avg 69.000000)
[2m2026-04-14T19:03:09.288234Z[0m [32m INFO[0m [2mbevy_diagnostic[0m[2m:[0m started_load_count:   69.000000   (avg 69.000000)
[2m2026-04-14T19:03:10.287432Z[0m [32m INFO[0m [2mbevy_diagnostic[0m[2m:[0m started_load_count:   69.000000   (avg 69.000000)
[2m2026-04-14T19:03:11.285098Z[0m [32m INFO[0m [2mbevy_diagnostic[0m[2m:[0m started_load_count:   69.000000   (avg 69.000000)
[2m2026-04-14T19:03:12.285710Z[0m [32m INFO[0m [2mbevy_diagnostic[0m[2m:[0m started_load_count:   69.000000   (avg 69.000000)
[2m2026-04-14T19:03:13.285863Z[0m [32m INFO[0m [2mbevy_diagnostic[0m[2m:[0m started_load_count:   69.000000   (avg 69.000000)
[2m2026-04-14T19:03:14.287700Z[0m [32m INFO[0m [2mbevy_diagnostic[0m[2m:[0m started_load_count:   69.000000   (avg 69.000000)
[2m2026-04-14T19:03:15.285302Z[0m [32m INFO[0m [2mbevy_diagnostic[0m[2m:[0m started_load_count:   69.000000   (avg 69.000000)
[2m2026-04-14T19:03:16.292568Z[0m [32m INFO[0m [2mbevy_diagnostic[0m[2m:[0m started_load_count:   69.000000   (avg 69.000000)
[2m2026-04-14T19:03:17.288452Z[0m [32m INFO[0m [2mbevy_diagnostic[0m[2m:[0m started_load_count:   69.000000   (avg 69.000000)
[2m2026-04-14T19:03:18.284969Z[0m [32m INFO[0m [2mbevy_diagnostic[0m[2m:[0m started_load_count:   69.000000   (avg 69.000000)
[2m2026-04-14T19:03:19.290495Z[0m [32m INFO[0m [2mbevy_diagnostic[0m[2m:[0m started_load_count:   69.000000   (avg 69.000000)
[2m2026-04-14T19:03:20.288264Z[0m [32m INFO[0m [2mbevy_diagnostic[0m[2m:[0m started_load_count:   69.000000   (avg 69.000000)
[2m2026-04-14T19:03:21.287539Z[0m [32m INFO[0m [2mbevy_diagnostic[0m[2m:[0m started_load_count:   69.000000   (avg 69.000000)
[2m2026-04-14T19:03:22.285388Z[0m [32m INFO[0m [2mbevy_diagnostic[0m[2m:[0m started_load_count:   69.000000   (avg 69.000000)
[2m2026-04-14T19:03:23.285267Z[0m [32m INFO[0m [2mbevy_diagnostic[0m[2m:[0m started_load_count:   69.000000   (avg 69.000000)
[2m2026-04-14T19:03:24.299228Z[0m [32m INFO[0m [2mbevy_diagnostic[0m[2m:[0m started_load_count:   69.000000   (avg 69.000000)
[2m2026-04-14T19:03:25.318982Z[0m [32m INFO[0m [2mbevy_diagnostic[0m[2m:[0m started_load_count:   69.000000   (avg 69.000000)
[2m2026-04-14T19:03:26.338546Z[0m [32m INFO[0m [2mbevy_diagnostic[0m[2m:[0m started_load_count:   69.000000   (avg 69.000000)
[2m2026-04-14T19:03:27.335826Z[0m [32m INFO[0m [2mbevy_diagnostic[0m[2m:[0m started_load_count:   69.000000   (avg 69.000000)
[2m2026-04-14T19:03:28.335580Z[0m [32m INFO[0m [2mbevy_diagnostic[0m[2m:[0m started_load_count:   69.000000   (avg 69.000000)
[2m2026-04-14T19:03:29.336489Z[0m [32m INFO[0m [2mbevy_diagnostic[0m[2m:[0m started_load_count:   69.000000   (avg 69.000000)
[2m2026-04-14T19:03:30.352294Z[0m [32m INFO[0m [2mbevy_diagnostic[0m[2m:[0m started_load_count:   69.000000   (avg 69.000000)
[2m2026-04-14T19:03:31.353476Z[0m [32m INFO[0m [2mbevy_diagnostic[0m[2m:[0m started_load_count:   69.000000   (avg 69.000000)
[2m2026-04-14T19:03:32.369759Z[0m [32m INFO[0m [2mbevy_diagnostic[0m[2m:[0m started_load_count:   69.000000   (avg 69.000000)
[2m2026-04-14T19:03:33.368039Z[0m [32m INFO[0m [2mbevy_diagnostic[0m[2m:[0m started_load_count:   69.000000   (avg 69.000000)
[2m2026-04-14T19:03:34.368441Z[0m [32m INFO[0m [2mbevy_diagnostic[0m[2m:[0m started_load_count:   69.000000   (avg 69.000000)
[2m2026-04-14T19:03:35.368821Z[0m [32m INFO[0m [2mbevy_diagnostic[0m[2m:[0m started_load_count:   69.000000   (avg 69.000000)
[2m2026-04-14T19:03:36.369478Z[0m [32m INFO[0m [2mbevy_diagnostic[0m[2m:[0m started_load_count:   69.000000   (avg 69.000000)
[2m2026-04-14T19:03:37.370112Z[0m [32m INFO[0m [2mbevy_diagnostic[0m[2m:[0m started_load_count:   69.000000   (avg 69.000000)
[2m2026-04-14T19:03:38.370341Z[0m [32m INFO[0m [2mbevy_diagnostic[0m[2m:[0m started_load_count:   69.000000   (avg 69.000000)
[2m2026-04-14T19:03:39.371762Z[0m [32m INFO[0m [2mbevy_diagnostic[0m[2m:[0m started_load_count:   69.000000   (avg 69.000000)
[2m2026-04-14T19:03:40.370584Z[0m [32m INFO[0m [2mbevy_diagnostic[0m[2m:[0m started_load_count:   69.000000   (avg 69.000000)
[2m2026-04-14T19:03:41.386573Z[0m [32m INFO[0m [2mbevy_diagnostic[0m[2m:[0m started_load_count:   69.000000   (avg 69.000000)
[2m2026-04-14T19:03:42.386146Z[0m [32m INFO[0m [2mbevy_diagnostic[0m[2m:[0m started_load_count:   69.000000   (avg 69.000000)
[2m2026-04-14T19:03:43.385324Z[0m [32m INFO[0m [2mbevy_diagnostic[0m[2m:[0m started_load_count:   69.000000   (avg 69.000000)
[2m2026-04-14T19:03:44.385121Z[0m [32m INFO[0m [2mbevy_diagnostic[0m[2m:[0m started_load_count:   69.000000   (avg 69.000000)
[2m2026-04-14T19:03:45.385187Z[0m [32m INFO[0m [2mbevy_diagnostic[0m[2m:[0m started_load_count:   69.000000   (avg 69.000000)
[2m2026-04-14T19:03:46.386928Z[0m [32m INFO[0m [2mbevy_diagnostic[0m[2m:[0m started_load_count:   69.000000   (avg 69.000000)
[2m2026-04-14T19:03:47.387657Z[0m [32m INFO[0m [2mbevy_diagnostic[0m[2m:[0m started_load_count:   69.000000   (avg 69.000000)
[2m2026-04-14T19:03:48.387466Z[0m [32m INFO[0m [2mbevy_diagnostic[0m[2m:[0m started_load_count:   69.000000   (avg 69.000000)
[2m2026-04-14T19:03:49.388624Z[0m [32m INFO[0m [2mbevy_diagnostic[0m[2m:[0m started_load_count:   69.000000   (avg 69.000000)
[2m2026-04-14T19:03:50.386529Z[0m [32m INFO[0m [2mbevy_diagnostic[0m[2m:[0m started_load_count:   69.000000   (avg 69.000000)
[2m2026-04-14T19:03:51.402456Z[0m [32m INFO[0m [2mbevy_diagnostic[0m[2m:[0m started_load_count:   69.000000   (avg 69.000000)
[2m2026-04-14T19:03:52.420310Z[0m [32m INFO[0m [2mbevy_diagnostic[0m[2m:[0m started_load_count:   69.000000   (avg 69.000000)
[2m2026-04-14T19:03:53.434486Z[0m [32m INFO[0m [2mbevy_diagnostic[0m[2m:[0m started_load_count:   69.000000   (avg 69.000000)
[2m2026-04-14T19:03:54.435574Z[0m [32m INFO[0m [2mbevy_diagnostic[0m[2m:[0m started_load_count:   69.000000   (avg 69.000000)
[2m2026-04-14T19:03:55.436035Z[0m [32m INFO[0m [2mbevy_diagnostic[0m[2m:[0m started_load_count:   69.000000   (avg 69.000000)
[2m2026-04-14T19:03:56.435731Z[0m [32m INFO[0m [2mbevy_diagnostic[0m[2m:[0m started_load_count:   69.000000   (avg 69.000000)
[2m2026-04-14T19:03:57.435548Z[0m [32m INFO[0m [2mbevy_diagnostic[0m[2m:[0m started_load_count:   69.000000   (avg 69.000000)
[2m2026-04-14T19:03:58.436940Z[0m [32m INFO[0m [2mbevy_diagnostic[0m[2m:[0m started_load_count:   69.000000   (avg 69.000000)
[2m2026-04-14T19:03:59.436486Z[0m [32m INFO[0m [2mbevy_diagnostic[0m[2m:[0m started_load_count:   69.000000   (avg 69.000000)
[2m2026-04-14T19:04:00.437242Z[0m [32m INFO[0m [2mbevy_diagnostic[0m[2m:[0m started_load_count:   69.000000   (avg 69.000000)
[2m2026-04-14T19:04:01.453702Z[0m [32m INFO[0m [2mbevy_diagnostic[0m[2m:[0m started_load_count:   69.000000   (avg 69.000000)
[2m2026-04-14T19:04:02.453368Z[0m [32m INFO[0m [2mbevy_diagnostic[0m[2m:[0m started_load_count:   69.000000   (avg 69.000000)
[2m2026-04-14T19:04:03.452195Z[0m [32m INFO[0m [2mbevy_diagnostic[0m[2m:[0m started_load_count:   69.000000   (avg 69.000000)
[2m2026-04-14T19:04:04.452879Z[0m [32m INFO[0m [2mbevy_diagnostic[0m[2m:[0m started_load_count:   69.000000   (avg 69.000000)
[2m2026-04-14T19:04:05.452155Z[0m [32m INFO[0m [2mbevy_diagnostic[0m[2m:[0m started_load_count:   69.000000   (avg 69.000000)
[2m2026-04-14T19:04:06.453717Z[0m [32m INFO[0m [2mbevy_diagnostic[0m[2m:[0m started_load_count:   69.000000   (avg 69.000000)
[2m2026-04-14T19:04:07.454207Z[0m [32m INFO[0m [2mbevy_diagnostic[0m[2m:[0m started_load_count:   69.000000   (avg 69.000000)
[2m2026-04-14T19:04:08.453086Z[0m [32m INFO[0m [2mbevy_diagnostic[0m[2m:[0m started_load_count:   69.000000   (avg 69.000000)
[2m2026-04-14T19:04:09.453320Z[0m [32m INFO[0m [2mbevy_diagnostic[0m[2m:[0m started_load_count:   69.000000   (avg 69.000000)
[2m2026-04-14T19:04:10.453570Z[0m [32m INFO[0m [2mbevy_diagnostic[0m[2m:[0m started_load_count:   69.000000   (avg 69.000000)
[2m2026-04-14T19:04:11.453043Z[0m [32m INFO[0m [2mbevy_diagnostic[0m[2m:[0m started_load_count:   69.000000   (avg 69.000000)
[2m2026-04-14T19:04:12.453504Z[0m [32m INFO[0m [2mbevy_diagnostic[0m[2m:[0m started_load_count:   69.000000   (avg 69.000000)
[2m2026-04-14T19:04:13.454577Z[0m [32m INFO[0m [2mbevy_diagnostic[0m[2m:[0m started_load_count:   69.000000   (avg 69.000000)
[2m2026-04-14T19:04:14.454208Z[0m [32m INFO[0m [2mbevy_diagnostic[0m[2m:[0m started_load_count:   69.000000   (avg 69.000000)
[2m2026-04-14T19:04:15.469898Z[0m [32m INFO[0m [2mbevy_diagnostic[0m[2m:[0m started_load_count:   69.000000   (avg 69.000000)
[2m2026-04-14T19:04:16.467891Z[0m [32m INFO[0m [2mbevy_diagnostic[0m[2m:[0m started_load_count:   69.000000   (avg 69.000000)
[2m2026-04-14T19:04:17.470240Z[0m [32m INFO[0m [2mbevy_diagnostic[0m[2m:[0m started_load_count:   69.000000   (avg 69.000000)
[2m2026-04-14T19:04:18.468119Z[0m [32m INFO[0m [2mbevy_diagnostic[0m[2m:[0m started_load_count:   69.000000   (avg 69.000000)
[2m2026-04-14T19:04:19.477327Z[0m [32m INFO[0m [2mbevy_diagnostic[0m[2m:[0m started_load_count:   69.000000   (avg 69.000000)
[2m2026-04-14T19:04:20.503411Z[0m [32m INFO[0m [2mbevy_diagnostic[0m[2m:[0m started_load_count:   69.000000   (avg 69.000000)
[2m2026-04-14T19:04:21.504110Z[0m [32m INFO[0m [2mbevy_diagnostic[0m[2m:[0m started_load_count:   69.000000   (avg 69.000000)
[2m2026-04-14T19:04:22.503871Z[0m [32m INFO[0m [2mbevy_diagnostic[0m[2m:[0m started_load_count:   69.000000   (avg 69.000000)
[2m2026-04-14T19:04:23.505264Z[0m [32m INFO[0m [2mbevy_diagnostic[0m[2m:[0m started_load_count:   69.000000   (avg 69.000000)
[2m2026-04-14T19:04:24.504223Z[0m [32m INFO[0m [2mbevy_diagnostic[0m[2m:[0m started_load_count:   69.000000   (avg 69.000000)
[2m2026-04-14T19:04:25.504943Z[0m [32m INFO[0m [2mbevy_diagnostic[0m[2m:[0m started_load_count:   69.000000   (avg 69.000000)
[2m2026-04-14T19:04:26.504107Z[0m [32m INFO[0m [2mbevy_diagnostic[0m[2m:[0m started_load_count:   69.000000   (avg 69.000000)
[2m2026-04-14T19:04:27.519448Z[0m [32m INFO[0m [2mbevy_diagnostic[0m[2m:[0m started_load_count:   69.000000   (avg 69.000000)
[2m2026-04-14T19:04:28.518522Z[0m [32m INFO[0m [2mbevy_diagnostic[0m[2m:[0m started_load_count:   69.000000   (avg 69.000000)
[2m2026-04-14T19:04:29.521574Z[0m [32m INFO[0m [2mbevy_diagnostic[0m[2m:[0m started_load_count:   69.000000   (avg 69.000000)
[2m2026-04-14T19:04:30.519384Z[0m [32m INFO[0m [2mbevy_diagnostic[0m[2m:[0m started_load_count:   69.000000   (avg 69.000000)
[2m2026-04-14T19:04:31.520841Z[0m [32m INFO[0m [2mbevy_diagnostic[0m[2m:[0m started_load_count:   69.000000   (avg 69.000000)
[2m2026-04-14T19:04:32.522172Z[0m [32m INFO[0m [2mbevy_diagnostic[0m[2m:[0m started_load_count:   69.000000   (avg 69.000000)
[2m2026-04-14T19:04:33.521510Z[0m [32m INFO[0m [2mbevy_diagnostic[0m[2m:[0m started_load_count:   69.000000   (avg 69.000000)
[2m2026-04-14T19:04:34.521173Z[0m [32m INFO[0m [2mbevy_diagnostic[0m[2m:[0m started_load_count:   69.000000   (avg 69.000000)
[2m2026-04-14T19:04:35.521063Z[0m [32m INFO[0m [2mbevy_diagnostic[0m[2m:[0m started_load_count:   69.000000   (avg 69.000000)
[2m2026-04-14T19:04:36.521128Z[0m [32m INFO[0m [2mbevy_diagnostic[0m[2m:[0m started_load_count:   69.000000   (avg 69.000000)
[2m2026-04-14T19:04:37.535209Z[0m [32m INFO[0m [2mbevy_diagnostic[0m[2m:[0m started_load_count:   69.000000   (avg 69.000000)
[2m2026-04-14T19:04:38.553523Z[0m [32m INFO[0m [2mbevy_diagnostic[0m[2m:[0m started_load_count:   69.000000   (avg 69.000000)
[2m2026-04-14T19:04:39.571246Z[0m [32m INFO[0m [2mbevy_diagnostic[0m[2m:[0m started_load_count:   69.000000   (avg 69.000000)
[2m2026-04-14T19:04:40.570409Z[0m [32m INFO[0m [2mbevy_diagnostic[0m[2m:[0m started_load_count:   69.000000   (avg 69.000000)
[2m2026-04-14T19:04:41.569117Z[0m [32m INFO[0m [2mbevy_diagnostic[0m[2m:[0m started_load_count:   69.000000   (avg 69.000000)
[2m2026-04-14T19:04:42.570818Z[0m [32m INFO[0m [2mbevy_diagnostic[0m[2m:[0m started_load_count:   69.000000   (avg 69.000000)
[2m2026-04-14T19:04:43.570860Z[0m [32m INFO[0m [2mbevy_diagnostic[0m[2m:[0m started_load_count:   69.000000   (avg 69.000000)
[2m2026-04-14T19:04:44.572410Z[0m [32m INFO[0m [2mbevy_diagnostic[0m[2m:[0m started_load_count:   69.000000   (avg 69.000000)
[2m2026-04-14T19:04:45.570182Z[0m [32m INFO[0m [2mbevy_diagnostic[0m[2m:[0m started_load_count:   69.000000   (avg 69.000000)
[2m2026-04-14T19:04:46.571687Z[0m [32m INFO[0m [2mbevy_diagnostic[0m[2m:[0m started_load_count:   69.000000   (avg 69.000000)
[2m2026-04-14T19:04:47.587572Z[0m [32m INFO[0m [2mbevy_diagnostic[0m[2m:[0m started_load_count:   69.000000   (avg 69.000000)
[2m2026-04-14T19:04:48.587379Z[0m [32m INFO[0m [2mbevy_diagnostic[0m[2m:[0m started_load_count:   69.000000   (avg 69.000000)
[2m2026-04-14T19:04:49.587039Z[0m [32m INFO[0m [2mbevy_diagnostic[0m[2m:[0m started_load_count:   69.000000   (avg 69.000000)
[2m2026-04-14T19:04:50.604121Z[0m [32m INFO[0m [2mbevy_diagnostic[0m[2m:[0m started_load_count:   69.000000   (avg 69.000000)
[2m2026-04-14T19:04:51.623226Z[0m [32m INFO[0m [2mbevy_diagnostic[0m[2m:[0m started_load_count:   69.000000   (avg 69.000000)
[2m2026-04-14T19:04:52.621650Z[0m [32m INFO[0m [2mbevy_diagnostic[0m[2m:[0m started_load_count:   69.000000   (avg 69.000000)
[2m2026-04-14T19:04:53.620490Z[0m [32m INFO[0m [2mbevy_diagnostic[0m[2m:[0m started_load_count:   69.000000   (avg 69.000000)
[2m2026-04-14T19:04:54.620335Z[0m [32m INFO[0m [2mbevy_diagnostic[0m[2m:[0m started_load_count:   69.000000   (avg 69.000000)
[2m2026-04-14T19:04:55.620740Z[0m [32m INFO[0m [2mbevy_diagnostic[0m[2m:[0m started_load_count:   69.000000   (avg 69.000000)
[2m2026-04-14T19:04:56.621889Z[0m [32m INFO[0m [2mbevy_diagnostic[0m[2m:[0m started_load_count:   69.000000   (avg 69.000000)
[2m2026-04-14T19:04:57.621213Z[0m [32m INFO[0m [2mbevy_diagnostic[0m[2m:[0m started_load_count:   69.000000   (avg 69.000000)
[2m2026-04-14T19:04:58.637050Z[0m [32m INFO[0m [2mbevy_diagnostic[0m[2m:[0m started_load_count:   69.000000   (avg 69.000000)
[2m2026-04-14T19:04:59.638068Z[0m [32m INFO[0m [2mbevy_diagnostic[0m[2m:[0m started_load_count:   69.000000   (avg 69.000000)
[2m2026-04-14T19:05:00.636777Z[0m [32m INFO[0m [2mbevy_diagnostic[0m[2m:[0m started_load_count:   69.000000   (avg 69.000000)
[2m2026-04-14T19:05:01.636286Z[0m [32m INFO[0m [2mbevy_diagnostic[0m[2m:[0m started_load_count:   69.000000   (avg 69.000000)
[2m2026-04-14T19:05:02.638370Z[0m [32m INFO[0m [2mbevy_diagnostic[0m[2m:[0m started_load_count:   69.000000   (avg 69.000000)
[2m2026-04-14T19:05:03.638765Z[0m [32m INFO[0m [2mbevy_diagnostic[0m[2m:[0m started_load_count:   69.000000   (avg 69.000000)
[2m2026-04-14T19:05:04.639112Z[0m [32m INFO[0m [2mbevy_diagnostic[0m[2m:[0m started_load_count:   69.000000   (avg 69.000000)
[2m2026-04-14T19:05:05.638276Z[0m [32m INFO[0m [2mbevy_diagnostic[0m[2m:[0m started_load_count:   69.000000   (avg 69.000000)
[2m2026-04-14T19:05:06.639484Z[0m [32m INFO[0m [2mbevy_diagnostic[0m[2m:[0m started_load_count:   69.000000   (avg 69.000000)
[2m2026-04-14T19:05:07.638193Z[0m [32m INFO[0m [2mbevy_diagnostic[0m[2m:[0m started_load_count:   69.000000   (avg 69.000000)
[2m2026-04-14T19:05:08.652951Z[0m [32m INFO[0m [2mbevy_diagnostic[0m[2m:[0m started_load_count:   69.000000   (avg 69.000000)
[2m2026-04-14T19:05:09.670474Z[0m [32m INFO[0m [2mbevy_diagnostic[0m[2m:[0m started_load_count:   69.000000   (avg 69.000000)
[2m2026-04-14T19:05:10.688390Z[0m [32m INFO[0m [2mbevy_diagnostic[0m[2m:[0m started_load_count:   69.000000   (avg 69.000000)
[2m2026-04-14T19:05:11.688001Z[0m [32m INFO[0m [2mbevy_diagnostic[0m[2m:[0m started_load_count:   69.000000   (avg 69.000000)
[2m2026-04-14T19:05:12.687590Z[0m [32m INFO[0m [2mbevy_diagnostic[0m[2m:[0m started_load_count:   69.000000   (avg 69.000000)
[2m2026-04-14T19:05:13.688725Z[0m [32m INFO[0m [2mbevy_diagnostic[0m[2m:[0m started_load_count:   69.000000   (avg 69.000000)
[2m2026-04-14T19:05:14.687776Z[0m [32m INFO[0m [2mbevy_diagnostic[0m[2m:[0m started_load_count:   69.000000   (avg 69.000000)
[2m2026-04-14T19:05:15.690596Z[0m [32m INFO[0m [2mbevy_diagnostic[0m[2m:[0m started_load_count:   69.000000   (avg 69.000000)
[2m2026-04-14T19:05:16.688708Z[0m [32m INFO[0m [2mbevy_diagnostic[0m[2m:[0m started_load_count:   69.000000   (avg 69.000000)
[2m2026-04-14T19:05:17.689985Z[0m [32m INFO[0m [2mbevy_diagnostic[0m[2m:[0m started_load_count:   69.000000   (avg 69.000000)
[2m2026-04-14T19:05:18.704344Z[0m [32m INFO[0m [2mbevy_diagnostic[0m[2m:[0m started_load_count:   69.000000   (avg 69.000000)
[2m2026-04-14T19:05:19.704351Z[0m [32m INFO[0m [2mbevy_diagnostic[0m[2m:[0m started_load_count:   69.000000   (avg 69.000000)
[2m2026-04-14T19:05:20.704507Z[0m [32m INFO[0m [2mbevy_diagnostic[0m[2m:[0m started_load_count:   69.000000   (avg 69.000000)
[2m2026-04-14T19:05:21.703652Z[0m [32m INFO[0m [2mbevy_diagnostic[0m[2m:[0m started_load_count:   69.000000   (avg 69.000000)
[2m2026-04-14T19:05:22.707191Z[0m [32m INFO[0m [2mbevy_diagnostic[0m[2m:[0m started_load_count:   69.000000   (avg 69.000000)
[2m2026-04-14T19:05:23.705528Z[0m [32m INFO[0m [2mbevy_diagnostic[0m[2m:[0m started_load_count:   69.000000   (avg 69.000000)
[2m2026-04-14T19:05:24.704458Z[0m [32m INFO[0m [2mbevy_diagnostic[0m[2m:[0m started_load_count:   69.000000   (avg 69.000000)
[2m2026-04-14T19:05:25.704581Z[0m [32m INFO[0m [2mbevy_diagnostic[0m[2m:[0m started_load_count:   69.000000   (avg 69.000000)
[2m2026-04-14T19:05:26.704736Z[0m [32m INFO[0m [2mbevy_diagnostic[0m[2m:[0m started_load_count:   69.000000   (avg 69.000000)
[2m2026-04-14T19:05:27.706272Z[0m [32m INFO[0m [2mbevy_diagnostic[0m[2m:[0m started_load_count:   69.000000   (avg 69.000000)
[2m2026-04-14T19:05:28.704616Z[0m [32m INFO[0m [2mbevy_diagnostic[0m[2m:[0m started_load_count:   69.000000   (avg 69.000000)
[2m2026-04-14T19:05:29.721696Z[0m [32m INFO[0m [2mbevy_diagnostic[0m[2m:[0m started_load_count:   69.000000   (avg 69.000000)
[2m2026-04-14T19:05:30.719142Z[0m [32m INFO[0m [2mbevy_diagnostic[0m[2m:[0m started_load_count:   69.000000   (avg 69.000000)
[2m2026-04-14T19:05:31.721105Z[0m [32m INFO[0m [2mbevy_diagnostic[0m[2m:[0m started_load_count:   69.000000   (avg 69.000000)
[2m2026-04-14T19:05:32.721069Z[0m [32m INFO[0m [2mbevy_diagnostic[0m[2m:[0m started_load_count:   69.000000   (avg 69.000000)
[2m2026-04-14T19:05:33.722778Z[0m [32m INFO[0m [2mbevy_diagnostic[0m[2m:[0m started_load_count:   69.000000   (avg 69.000000)
[2m2026-04-14T19:05:34.721873Z[0m [32m INFO[0m [2mbevy_diagnostic[0m[2m:[0m started_load_count:   69.000000   (avg 69.000000)
[2m2026-04-14T19:05:35.720656Z[0m [32m INFO[0m [2mbevy_diagnostic[0m[2m:[0m started_load_count:   69.000000   (avg 69.000000)
[2m2026-04-14T19:05:36.723886Z[0m [32m INFO[0m [2mbevy_diagnostic[0m[2m:[0m started_load_count:   69.000000   (avg 69.000000)
[2m2026-04-14T19:05:37.722359Z[0m [32m INFO[0m [2mbevy_diagnostic[0m[2m:[0m started_load_count:   69.000000   (avg 69.000000)
[2m2026-04-14T19:05:38.722282Z[0m [32m INFO[0m [2mbevy_diagnostic[0m[2m:[0m started_load_count:   69.000000   (avg 69.000000)
[2m2026-04-14T19:05:39.721788Z[0m [32m INFO[0m [2mbevy_diagnostic[0m[2m:[0m started_load_count:   69.000000   (avg 69.000000)
[2m2026-04-14T19:05:40.736885Z[0m [32m INFO[0m [2mbevy_diagnostic[0m[2m:[0m started_load_count:   69.000000   (avg 69.000000)
[2m2026-04-14T19:05:41.738469Z[0m [32m INFO[0m [2mbevy_diagnostic[0m[2m:[0m started_load_count:   69.000000   (avg 69.000000)
[2m2026-04-14T19:05:42.737935Z[0m [32m INFO[0m [2mbevy_diagnostic[0m[2m:[0m started_load_count:   69.000000   (avg 69.000000)
[2m2026-04-14T19:05:43.740308Z[0m [32m INFO[0m [2mbevy_diagnostic[0m[2m:[0m started_load_count:   69.000000   (avg 69.000000)
[2m2026-04-14T19:05:44.737902Z[0m [32m INFO[0m [2mbevy_diagnostic[0m[2m:[0m started_load_count:   69.000000   (avg 69.000000)
[2m2026-04-14T19:05:45.738411Z[0m [32m INFO[0m [2mbevy_diagnostic[0m[2m:[0m started_load_count:   69.000000   (avg 69.000000)
[2m2026-04-14T19:05:46.737409Z[0m [32m INFO[0m [2mbevy_diagnostic[0m[2m:[0m started_load_count:   69.000000   (avg 69.000000)
[2m2026-04-14T19:05:47.740018Z[0m [32m INFO[0m [2mbevy_diagnostic[0m[2m:[0m started_load_count:   69.000000   (avg 69.000000)
[2m2026-04-14T19:05:48.756665Z[0m [32m INFO[0m [2mbevy_diagnostic[0m[2m:[0m started_load_count:   69.000000   (avg 69.000000)
[2m2026-04-14T19:05:49.755312Z[0m [32m INFO[0m [2mbevy_diagnostic[0m[2m:[0m started_load_count:   69.000000   (avg 69.000000)
[2m2026-04-14T19:05:50.754243Z[0m [32m INFO[0m [2mbevy_diagnostic[0m[2m:[0m started_load_count:   69.000000   (avg 69.000000)
[2m2026-04-14T19:05:51.754078Z[0m [32m INFO[0m [2mbevy_diagnostic[0m[2m:[0m started_load_count:   69.000000   (avg 69.000000)
[2m2026-04-14T19:05:52.753805Z[0m [32m INFO[0m [2mbevy_diagnostic[0m[2m:[0m started_load_count:   69.000000   (avg 69.000000)
[2m2026-04-14T19:05:53.754095Z[0m [32m INFO[0m [2mbevy_diagnostic[0m[2m:[0m started_load_count:   69.000000   (avg 69.000000)
[2m2026-04-14T19:05:54.754680Z[0m [32m INFO[0m [2mbevy_diagnostic[0m[2m:[0m started_load_count:   69.000000   (avg 69.000000)
[2m2026-04-14T19:05:55.754196Z[0m [32m INFO[0m [2mbevy_diagnostic[0m[2m:[0m started_load_count:   69.000000   (avg 69.000000)
[2m2026-04-14T19:05:56.754929Z[0m [32m INFO[0m [2mbevy_diagnostic[0m[2m:[0m started_load_count:   69.000000   (avg 69.000000)
[2m2026-04-14T19:05:57.754932Z[0m [32m INFO[0m [2mbevy_diagnostic[0m[2m:[0m started_load_count:   69.000000   (avg 69.000000)
[2m2026-04-14T19:05:58.755330Z[0m [32m INFO[0m [2mbevy_diagnostic[0m[2m:[0m started_load_count:   69.000000   (avg 69.000000)
[2m2026-04-14T19:05:59.756498Z[0m [32m INFO[0m [2mbevy_diagnostic[0m[2m:[0m started_load_count:   69.000000   (avg 69.000000)
[2m2026-04-14T19:06:00.756025Z[0m [32m INFO[0m [2mbevy_diagnostic[0m[2m:[0m started_load_count:   69.000000   (avg 69.000000)
[2m2026-04-14T19:06:01.771786Z[0m [32m INFO[0m [2mbevy_diagnostic[0m[2m:[0m started_load_count:   69.000000   (avg 69.000000)
[2m2026-04-14T19:06:02.771247Z[0m [32m INFO[0m [2mbevy_diagnostic[0m[2m:[0m started_load_count:   69.000000   (avg 69.000000)
[2m2026-04-14T19:06:03.788353Z[0m [32m INFO[0m [2mbevy_diagnostic[0m[2m:[0m started_load_count:   69.000000   (avg 69.000000)
[2m2026-04-14T19:06:04.804440Z[0m [32m INFO[0m [2mbevy_diagnostic[0m[2m:[0m started_load_count:   69.000000   (avg 69.000000)
[2m2026-04-14T19:06:05.804522Z[0m [32m INFO[0m [2mbevy_diagnostic[0m[2m:[0m started_load_count:   69.000000   (avg 69.000000)
[2m2026-04-14T19:06:06.805294Z[0m [32m INFO[0m [2mbevy_diagnostic[0m[2m:[0m started_load_count:   69.000000   (avg 69.000000)
[2m2026-04-14T19:06:07.805979Z[0m [32m INFO[0m [2mbevy_diagnostic[0m[2m:[0m started_load_count:   69.000000   (avg 69.000000)
[2m2026-04-14T19:06:08.804372Z[0m [32m INFO[0m [2mbevy_diagnostic[0m[2m:[0m started_load_count:   69.000000   (avg 69.000000)
[2m2026-04-14T19:06:09.800368Z[0m [32m INFO[0m [2mbevy_diagnostic[0m[2m:[0m started_load_count:   69.000000   (avg 69.000000)
[2m2026-04-14T19:06:10.821192Z[0m [32m INFO[0m [2mbevy_diagnostic[0m[2m:[0m started_load_count:   69.000000   (avg 69.000000)
[2m2026-04-14T19:06:11.821471Z[0m [32m INFO[0m [2mbevy_diagnostic[0m[2m:[0m started_load_count:   69.000000   (avg 69.000000)
[2m2026-04-14T19:06:12.820840Z[0m [32m INFO[0m [2mbevy_diagnostic[0m[2m:[0m started_load_count:   69.000000   (avg 69.000000)
[2m2026-04-14T19:06:13.821526Z[0m [32m INFO[0m [2mbevy_diagnostic[0m[2m:[0m started_load_count:   69.000000   (avg 69.000000)
[2m2026-04-14T19:06:14.821144Z[0m [32m INFO[0m [2mbevy_diagnostic[0m[2m:[0m started_load_count:   69.000000   (avg 69.000000)
[2m2026-04-14T19:06:15.821177Z[0m [32m INFO[0m [2mbevy_diagnostic[0m[2m:[0m started_load_count:   69.000000   (avg 69.000000)
[2m2026-04-14T19:06:16.822056Z[0m [32m INFO[0m [2mbevy_diagnostic[0m[2m:[0m started_load_count:   69.000000   (avg 69.000000)
[2m2026-04-14T19:06:17.822428Z[0m [32m INFO[0m [2mbevy_diagnostic[0m[2m:[0m started_load_count:   69.000000   (avg 69.000000)
[2m2026-04-14T19:06:18.823389Z[0m [32m INFO[0m [2mbevy_diagnostic[0m[2m:[0m started_load_count:   69.000000   (avg 69.000000)
[2m2026-04-14T19:06:19.855458Z[0m [32m INFO[0m [2mbevy_diagnostic[0m[2m:[0m started_load_count:   69.000000   (avg 69.000000)
[2m2026-04-14T19:06:20.855998Z[0m [32m INFO[0m [2mbevy_diagnostic[0m[2m:[0m started_load_count:   69.000000   (avg 69.000000)
[2m2026-04-14T19:06:21.870995Z[0m [32m INFO[0m [2mbevy_diagnostic[0m[2m:[0m started_load_count:   69.000000   (avg 69.000000)
[2m2026-04-14T19:06:22.871197Z[0m [32m INFO[0m [2mbevy_diagnostic[0m[2m:[0m started_load_count:   69.000000   (avg 69.000000)
[2m2026-04-14T19:06:23.871032Z[0m [32m INFO[0m [2mbevy_diagnostic[0m[2m:[0m started_load_count:   69.000000   (avg 69.000000)
[2m2026-04-14T19:06:24.871335Z[0m [32m INFO[0m [2mbevy_diagnostic[0m[2m:[0m started_load_count:   69.000000   (avg 69.000000)
[2m2026-04-14T19:06:25.872071Z[0m [32m INFO[0m [2mbevy_diagnostic[0m[2m:[0m started_load_count:   69.000000   (avg 69.000000)
[2m2026-04-14T19:06:26.872333Z[0m [32m INFO[0m [2mbevy_diagnostic[0m[2m:[0m started_load_count:   69.000000   (avg 69.000000)
[2m2026-04-14T19:06:27.872227Z[0m [32m INFO[0m [2mbevy_diagnostic[0m[2m:[0m started_load_count:   69.000000   (avg 69.000000)
[2m2026-04-14T19:06:28.871486Z[0m [32m INFO[0m [2mbevy_diagnostic[0m[2m:[0m started_load_count:   69.000000   (avg 69.000000)
[2m2026-04-14T19:06:29.888507Z[0m [32m INFO[0m [2mbevy_diagnostic[0m[2m:[0m started_load_count:   69.000000   (avg 69.000000)
[2m2026-04-14T19:06:30.888123Z[0m [32m INFO[0m [2mbevy_diagnostic[0m[2m:[0m started_load_count:   69.000000   (avg 69.000000)
[2m2026-04-14T19:06:31.894642Z[0m [32m INFO[0m [2mbevy_diagnostic[0m[2m:[0m started_load_count:   69.000000   (avg 69.000000)
[2m2026-04-14T19:06:32.888310Z[0m [32m INFO[0m [2mbevy_diagnostic[0m[2m:[0m started_load_count:   69.000000   (avg 69.000000)
[2m2026-04-14T19:06:33.887976Z[0m [32m INFO[0m [2mbevy_diagnostic[0m[2m:[0m started_load_count:   69.000000   (avg 69.000000)
[2m2026-04-14T19:06:34.890961Z[0m [32m INFO[0m [2mbevy_diagnostic[0m[2m:[0m started_load_count:   69.000000   (avg 69.000000)
[2m2026-04-14T19:06:35.887928Z[0m [32m INFO[0m [2mbevy_diagnostic[0m[2m:[0m started_load_count:   69.000000   (avg 69.000000)
[2m2026-04-14T19:06:36.889444Z[0m [32m INFO[0m [2mbevy_diagnostic[0m[2m:[0m started_load_count:   69.000000   (avg 69.000000)
[2m2026-04-14T19:06:37.888191Z[0m [32m INFO[0m [2mbevy_diagnostic[0m[2m:[0m started_load_count:   69.000000   (avg 69.000000)
[2m2026-04-14T19:06:38.905367Z[0m [32m INFO[0m [2mbevy_diagnostic[0m[2m:[0m started_load_count:   69.000000   (avg 69.000000)
[2m2026-04-14T19:06:39.905496Z[0m [32m INFO[0m [2mbevy_diagnostic[0m[2m:[0m started_load_count:   69.000000   (avg 69.000000)
[2m2026-04-14T19:06:40.906062Z[0m [32m INFO[0m [2mbevy_diagnostic[0m[2m:[0m started_load_count:   69.000000   (avg 69.000000)
[2m2026-04-14T19:06:41.907802Z[0m [32m INFO[0m [2mbevy_diagnostic[0m[2m:[0m started_load_count:   69.000000   (avg 69.000000)
[2m2026-04-14T19:06:42.907077Z[0m [32m INFO[0m [2mbevy_diagnostic[0m[2m:[0m started_load_count:   69.000000   (avg 69.000000)
[2m2026-04-14T19:06:43.907170Z[0m [32m INFO[0m [2mbevy_diagnostic[0m[2m:[0m started_load_count:   69.000000   (avg 69.000000)
[2m2026-04-14T19:06:44.921491Z[0m [32m INFO[0m [2mbevy_diagnostic[0m[2m:[0m started_load_count:   69.000000   (avg 69.000000)
[2m2026-04-14T19:06:45.923647Z[0m [32m INFO[0m [2mbevy_diagnostic[0m[2m:[0m started_load_count:   69.000000   (avg 69.000000)
[2m2026-04-14T19:06:46.928506Z[0m [32m INFO[0m [2mbevy_diagnostic[0m[2m:[0m started_load_count:   69.000000   (avg 69.000000)
[2m2026-04-14T19:06:47.923046Z[0m [32m INFO[0m [2mbevy_diagnostic[0m[2m:[0m started_load_count:   69.000000   (avg 69.000000)
[2m2026-04-14T19:06:48.923567Z[0m [32m INFO[0m [2mbevy_diagnostic[0m[2m:[0m started_load_count:   69.000000   (avg 69.000000)
[2m2026-04-14T19:06:49.923110Z[0m [32m INFO[0m [2mbevy_diagnostic[0m[2m:[0m started_load_count:   69.000000   (avg 69.000000)
[2m2026-04-14T19:06:50.923505Z[0m [32m INFO[0m [2mbevy_diagnostic[0m[2m:[0m started_load_count:   69.000000   (avg 69.000000)
[2m2026-04-14T19:06:51.924054Z[0m [32m INFO[0m [2mbevy_diagnostic[0m[2m:[0m started_load_count:   69.000000   (avg 69.000000)
[2m2026-04-14T19:06:52.938827Z[0m [32m INFO[0m [2mbevy_diagnostic[0m[2m:[0m started_load_count:   69.000000   (avg 69.000000)
[2m2026-04-14T19:06:53.939245Z[0m [32m INFO[0m [2mbevy_diagnostic[0m[2m:[0m started_load_count:   69.000000   (avg 69.000000)
[2m2026-04-14T19:06:54.955456Z[0m [32m INFO[0m [2mbevy_diagnostic[0m[2m:[0m started_load_count:   69.000000   (avg 69.000000)
[2m2026-04-14T19:06:55.972393Z[0m [32m INFO[0m [2mbevy_diagnostic[0m[2m:[0m started_load_count:   69.000000   (avg 69.000000)
[2m2026-04-14T19:06:56.971833Z[0m [32m INFO[0m [2mbevy_diagnostic[0m[2m:[0m started_load_count:   69.000000   (avg 69.000000)
[2m2026-04-14T19:06:57.971507Z[0m [32m INFO[0m [2mbevy_diagnostic[0m[2m:[0m started_load_count:   69.000000   (avg 69.000000)
[2m2026-04-14T19:06:58.972610Z[0m [32m INFO[0m [2mbevy_diagnostic[0m[2m:[0m started_load_count:   69.000000   (avg 69.000000)
[2m2026-04-14T19:06:59.972421Z[0m [32m INFO[0m [2mbevy_diagnostic[0m[2m:[0m started_load_count:   69.000000   (avg 69.000000)
[2m2026-04-14T19:07:00.972175Z[0m [32m INFO[0m [2mbevy_diagnostic[0m[2m:[0m started_load_count:   69.000000   (avg 69.000000)
[2m2026-04-14T19:07:01.969524Z[0m [32m INFO[0m [2mbevy_diagnostic[0m[2m:[0m started_load_count:   69.000000   (avg 69.000000)
[2m2026-04-14T19:07:02.973962Z[0m [32m INFO[0m [2mbevy_diagnostic[0m[2m:[0m started_load_count:   69.000000   (avg 69.000000)
[2m2026-04-14T19:07:03.990020Z[0m [32m INFO[0m [2mbevy_diagnostic[0m[2m:[0m started_load_count:   69.000000   (avg 69.000000)
[2m2026-04-14T19:07:04.988078Z[0m [32m INFO[0m [2mbevy_diagnostic[0m[2m:[0m started_load_count:   69.000000   (avg 69.000000)
[2m2026-04-14T19:07:05.989501Z[0m [32m INFO[0m [2mbevy_diagnostic[0m[2m:[0m started_load_count:   69.000000   (avg 69.000000)
[2m2026-04-14T19:07:06.989485Z[0m [32m INFO[0m [2mbevy_diagnostic[0m[2m:[0m started_load_count:   69.000000   (avg 69.000000)
[2m2026-04-14T19:07:08.006375Z[0m [32m INFO[0m [2mbevy_diagnostic[0m[2m:[0m started_load_count:   69.000000   (avg 69.000000)
[2m2026-04-14T19:07:09.023241Z[0m [32m INFO[0m [2mbevy_diagnostic[0m[2m:[0m started_load_count:   69.000000   (avg 69.000000)
[2m2026-04-14T19:07:10.023173Z[0m [32m INFO[0m [2mbevy_diagnostic[0m[2m:[0m started_load_count:   69.000000   (avg 69.000000)
[2m2026-04-14T19:07:11.023895Z[0m [32m INFO[0m [2mbevy_diagnostic[0m[2m:[0m started_load_count:   69.000000   (avg 69.000000)
[2m2026-04-14T19:07:12.023470Z[0m [32m INFO[0m [2mbevy_diagnostic[0m[2m:[0m started_load_count:   69.000000   (avg 69.000000)
[2m2026-04-14T19:07:13.040282Z[0m [32m INFO[0m [2mbevy_diagnostic[0m[2m:[0m started_load_count:   69.000000   (avg 69.000000)
[2m2026-04-14T19:07:14.034029Z[0m [32m INFO[0m [2mbevy_diagnostic[0m[2m:[0m started_load_count:   69.000000   (avg 69.000000)
[2m2026-04-14T19:07:15.038052Z[0m [32m INFO[0m [2mbevy_diagnostic[0m[2m:[0m started_load_count:   69.000000   (avg 69.000000)
[2m2026-04-14T19:07:16.038986Z[0m [32m INFO[0m [2mbevy_diagnostic[0m[2m:[0m started_load_count:   69.000000   (avg 69.000000)
[2m2026-04-14T19:07:17.040090Z[0m [32m INFO[0m [2mbevy_diagnostic[0m[2m:[0m started_load_count:   69.000000   (avg 69.000000)
[2m2026-04-14T19:07:18.040124Z[0m [32m INFO[0m [2mbevy_diagnostic[0m[2m:[0m started_load_count:   69.000000   (avg 69.000000)
[2m2026-04-14T19:07:19.040070Z[0m [32m INFO[0m [2mbevy_diagnostic[0m[2m:[0m started_load_count:   69.000000   (avg 69.000000)
[2m2026-04-14T19:07:20.040545Z[0m [32m INFO[0m [2mbevy_diagnostic[0m[2m:[0m started_load_count:   69.000000   (avg 69.000000)
[2m2026-04-14T19:07:21.041517Z[0m [32m INFO[0m [2mbevy_diagnostic[0m[2m:[0m started_load_count:   69.000000   (avg 69.000000)
[2m2026-04-14T19:07:22.039537Z[0m [32m INFO[0m [2mbevy_diagnostic[0m[2m:[0m started_load_count:   69.000000   (avg 69.000000)
[2m2026-04-14T19:07:23.054526Z[0m [32m INFO[0m [2mbevy_diagnostic[0m[2m:[0m started_load_count:   69.000000   (avg 69.000000)
[2m2026-04-14T19:07:24.056346Z[0m [32m INFO[0m [2mbevy_diagnostic[0m[2m:[0m started_load_count:   69.000000   (avg 69.000000)
[2m2026-04-14T19:07:25.056103Z[0m [32m INFO[0m [2mbevy_diagnostic[0m[2m:[0m started_load_count:   69.000000   (avg 69.000000)
[2m2026-04-14T19:07:26.056276Z[0m [32m INFO[0m [2mbevy_diagnostic[0m[2m:[0m started_load_count:   69.000000   (avg 69.000000)
[2m2026-04-14T19:07:27.063469Z[0m [32m INFO[0m [2mbevy_diagnostic[0m[2m:[0m started_load_count:   69.000000   (avg 69.000000)
[2m2026-04-14T19:07:28.090027Z[0m [32m INFO[0m [2mbevy_diagnostic[0m[2m:[0m started_load_count:   69.000000   (avg 69.000000)
[2m2026-04-14T19:07:29.090479Z[0m [32m INFO[0m [2mbevy_diagnostic[0m[2m:[0m started_load_count:   69.000000   (avg 69.000000)
[2m2026-04-14T19:07:30.105598Z[0m [32m INFO[0m [2mbevy_diagnostic[0m[2m:[0m started_load_count:   69.000000   (avg 69.000000)
[2m2026-04-14T19:07:31.106441Z[0m [32m INFO[0m [2mbevy_diagnostic[0m[2m:[0m started_load_count:   69.000000   (avg 69.000000)
[2m2026-04-14T19:07:32.105764Z[0m [32m INFO[0m [2mbevy_diagnostic[0m[2m:[0m started_load_count:   69.000000   (avg 69.000000)
[2m2026-04-14T19:07:33.105945Z[0m [32m INFO[0m [2mbevy_diagnostic[0m[2m:[0m started_load_count:   69.000000   (avg 69.000000)
[2m2026-04-14T19:07:34.105162Z[0m [32m INFO[0m [2mbevy_diagnostic[0m[2m:[0m started_load_count:   69.000000   (avg 69.000000)
[2m2026-04-14T19:07:35.107093Z[0m [32m INFO[0m [2mbevy_diagnostic[0m[2m:[0m started_load_count:   69.000000   (avg 69.000000)
[2m2026-04-14T19:07:36.106401Z[0m [32m INFO[0m [2mbevy_diagnostic[0m[2m:[0m started_load_count:   69.000000   (avg 69.000000)
[2m2026-04-14T19:07:37.107269Z[0m [32m INFO[0m [2mbevy_diagnostic[0m[2m:[0m started_load_count:   69.000000   (avg 69.000000)
[2m2026-04-14T19:07:38.105597Z[0m [32m INFO[0m [2mbevy_diagnostic[0m[2m:[0m started_load_count:   69.000000   (avg 69.000000)
[2m2026-04-14T19:07:39.105350Z[0m [32m INFO[0m [2mbevy_diagnostic[0m[2m:[0m started_load_count:   69.000000   (avg 69.000000)
[2m2026-04-14T19:07:40.108342Z[0m [32m INFO[0m [2mbevy_diagnostic[0m[2m:[0m started_load_count:   69.000000   (avg 69.000000)
[2m2026-04-14T19:07:41.106854Z[0m [32m INFO[0m [2mbevy_diagnostic[0m[2m:[0m started_load_count:   69.000000   (avg 69.000000)
[2m2026-04-14T19:07:42.125099Z[0m [32m INFO[0m [2mbevy_diagnostic[0m[2m:[0m started_load_count:   69.000000   (avg 69.000000)
[2m2026-04-14T19:07:43.123602Z[0m [32m INFO[0m [2mbevy_diagnostic[0m[2m:[0m started_load_count:   69.000000   (avg 69.000000)
[2m2026-04-14T19:07:44.123442Z[0m [32m INFO[0m [2mbevy_diagnostic[0m[2m:[0m started_load_count:   69.000000   (avg 69.000000)
[2m2026-04-14T19:07:45.122381Z[0m [32m INFO[0m [2mbevy_diagnostic[0m[2m:[0m started_load_count:   69.000000   (avg 69.000000)
[2m2026-04-14T19:07:46.123831Z[0m [32m INFO[0m [2mbevy_diagnostic[0m[2m:[0m started_load_count:   69.000000   (avg 69.000000)
[2m2026-04-14T19:07:47.124374Z[0m [32m INFO[0m [2mbevy_diagnostic[0m[2m:[0m started_load_count:   69.000000   (avg 69.000000)
[2m2026-04-14T19:07:48.125136Z[0m [32m INFO[0m [2mbevy_diagnostic[0m[2m:[0m started_load_count:   69.000000   (avg 69.000000)
[2m2026-04-14T19:07:49.123601Z[0m [32m INFO[0m [2mbevy_diagnostic[0m[2m:[0m started_load_count:   69.000000   (avg 69.000000)
[2m2026-04-14T19:07:50.124370Z[0m [32m INFO[0m [2mbevy_diagnostic[0m[2m:[0m started_load_count:   69.000000   (avg 69.000000)
[2m2026-04-14T19:07:51.138604Z[0m [32m INFO[0m [2mbevy_diagnostic[0m[2m:[0m started_load_count:   69.000000   (avg 69.000000)
[2m2026-04-14T19:07:52.139453Z[0m [32m INFO[0m [2mbevy_diagnostic[0m[2m:[0m started_load_count:   69.000000   (avg 69.000000)
[2m2026-04-14T19:07:53.148400Z[0m [32m INFO[0m [2mbevy_diagnostic[0m[2m:[0m started_load_count:   69.000000   (avg 69.000000)
[2m2026-04-14T19:07:54.157690Z[0m [32m INFO[0m [2mbevy_diagnostic[0m[2m:[0m started_load_count:   69.000000   (avg 69.000000)
[2m2026-04-14T19:07:55.158037Z[0m [32m INFO[0m [2mbevy_diagnostic[0m[2m:[0m started_load_count:   69.000000   (avg 69.000000)
[2m2026-04-14T19:07:56.173677Z[0m [32m INFO[0m [2mbevy_diagnostic[0m[2m:[0m started_load_count:   69.000000   (avg 69.000000)
[2m2026-04-14T19:07:57.174810Z[0m [32m INFO[0m [2mbevy_diagnostic[0m[2m:[0m started_load_count:   69.000000   (avg 69.000000)
[2m2026-04-14T19:07:58.173532Z[0m [32m INFO[0m [2mbevy_diagnostic[0m[2m:[0m started_load_count:   69.000000   (avg 69.000000)
[2m2026-04-14T19:07:59.174034Z[0m [32m INFO[0m [2mbevy_diagnostic[0m[2m:[0m started_load_count:   69.000000   (avg 69.000000)
[2m2026-04-14T19:08:00.175639Z[0m [32m INFO[0m [2mbevy_diagnostic[0m[2m:[0m started_load_count:   69.000000   (avg 69.000000)
[2m2026-04-14T19:08:01.174341Z[0m [32m INFO[0m [2mbevy_diagnostic[0m[2m:[0m started_load_count:   69.000000   (avg 69.000000)
[2m2026-04-14T19:08:02.175925Z[0m [32m INFO[0m [2mbevy_diagnostic[0m[2m:[0m started_load_count:   69.000000   (avg 69.000000)
[2m2026-04-14T19:08:03.174528Z[0m [32m INFO[0m [2mbevy_diagnostic[0m[2m:[0m started_load_count:   69.000000   (avg 69.000000)
[2m2026-04-14T19:08:04.190259Z[0m [32m INFO[0m [2mbevy_diagnostic[0m[2m:[0m started_load_count:   69.000000   (avg 69.000000)
[2m2026-04-14T19:08:05.189903Z[0m [32m INFO[0m [2mbevy_diagnostic[0m[2m:[0m started_load_count:   69.000000   (avg 69.000000)
[2m2026-04-14T19:08:06.206251Z[0m [32m INFO[0m [2mbevy_diagnostic[0m[2m:[0m started_load_count:   69.000000   (avg 69.000000)
[2m2026-04-14T19:08:07.208925Z[0m [32m INFO[0m [2mbevy_diagnostic[0m[2m:[0m started_load_count:   69.000000   (avg 69.000000)
[2m2026-04-14T19:08:08.208297Z[0m [32m INFO[0m [2mbevy_diagnostic[0m[2m:[0m started_load_count:   69.000000   (avg 69.000000)
[2m2026-04-14T19:08:09.224482Z[0m [32m INFO[0m [2mbevy_diagnostic[0m[2m:[0m started_load_count:   69.000000   (avg 69.000000)
[2m2026-04-14T19:08:10.224072Z[0m [32m INFO[0m [2mbevy_diagnostic[0m[2m:[0m started_load_count:   69.000000   (avg 69.000000)
[2m2026-04-14T19:08:11.224044Z[0m [32m INFO[0m [2mbevy_diagnostic[0m[2m:[0m started_load_count:   69.000000   (avg 69.000000)
[2m2026-04-14T19:08:12.224326Z[0m [32m INFO[0m [2mbevy_diagnostic[0m[2m:[0m started_load_count:   69.000000   (avg 69.000000)
[2m2026-04-14T19:08:13.223326Z[0m [32m INFO[0m [2mbevy_diagnostic[0m[2m:[0m started_load_count:   69.000000   (avg 69.000000)
[2m2026-04-14T19:08:14.241653Z[0m [32m INFO[0m [2mbevy_diagnostic[0m[2m:[0m started_load_count:   69.000000   (avg 69.000000)
[2m2026-04-14T19:08:15.239752Z[0m [32m INFO[0m [2mbevy_diagnostic[0m[2m:[0m started_load_count:   69.000000   (avg 69.000000)
[2m2026-04-14T19:08:16.241073Z[0m [32m INFO[0m [2mbevy_diagnostic[0m[2m:[0m started_load_count:   69.000000   (avg 69.000000)
[2m2026-04-14T19:08:17.239087Z[0m [32m INFO[0m [2mbevy_diagnostic[0m[2m:[0m started_load_count:   69.000000   (avg 69.000000)
[2m2026-04-14T19:08:18.243999Z[0m [32m INFO[0m [2mbevy_diagnostic[0m[2m:[0m started_load_count:   69.000000   (avg 69.000000)
[2m2026-04-14T19:08:19.241548Z[0m [32m INFO[0m [2mbevy_diagnostic[0m[2m:[0m started_load_count:   69.000000   (avg 69.000000)
[2m2026-04-14T19:08:20.241069Z[0m [32m INFO[0m [2mbevy_diagnostic[0m[2m:[0m started_load_count:   69.000000   (avg 69.000000)
[2m2026-04-14T19:08:21.240900Z[0m [32m INFO[0m [2mbevy_diagnostic[0m[2m:[0m started_load_count:   69.000000   (avg 69.000000)
[2m2026-04-14T19:08:22.242541Z[0m [32m INFO[0m [2mbevy_diagnostic[0m[2m:[0m started_load_count:   69.000000   (avg 69.000000)
[2m2026-04-14T19:08:23.256224Z[0m [32m INFO[0m [2mbevy_diagnostic[0m[2m:[0m started_load_count:   69.000000   (avg 69.000000)
[2m2026-04-14T19:08:24.259361Z[0m [32m INFO[0m [2mbevy_diagnostic[0m[2m:[0m started_load_count:   69.000000   (avg 69.000000)
[2m2026-04-14T19:08:25.257508Z[0m [32m INFO[0m [2mbevy_diagnostic[0m[2m:[0m started_load_count:   69.000000   (avg 69.000000)
[2m2026-04-14T19:08:26.256565Z[0m [32m INFO[0m [2mbevy_diagnostic[0m[2m:[0m started_load_count:   69.000000   (avg 69.000000)
[2m2026-04-14T19:08:27.258481Z[0m [32m INFO[0m [2mbevy_diagnostic[0m[2m:[0m started_load_count:   69.000000   (avg 69.000000)
[2m2026-04-14T19:08:28.256239Z[0m [32m INFO[0m [2mbevy_diagnostic[0m[2m:[0m started_load_count:   69.000000   (avg 69.000000)
[2m2026-04-14T19:08:29.257819Z[0m [32m INFO[0m [2mbevy_diagnostic[0m[2m:[0m started_load_count:   69.000000   (avg 69.000000)
[2m2026-04-14T19:08:30.260329Z[0m [32m INFO[0m [2mbevy_diagnostic[0m[2m:[0m started_load_count:   69.000000   (avg 69.000000)
[2m2026-04-14T19:08:31.259139Z[0m [32m INFO[0m [2mbevy_diagnostic[0m[2m:[0m started_load_count:   69.000000   (avg 69.000000)
[2m2026-04-14T19:08:32.259119Z[0m [32m INFO[0m [2mbevy_diagnostic[0m[2m:[0m started_load_count:   69.000000   (avg 69.000000)
[2m2026-04-14T19:08:33.259187Z[0m [32m INFO[0m [2mbevy_diagnostic[0m[2m:[0m started_load_count:   69.000000   (avg 69.000000)
[2m2026-04-14T19:08:34.259494Z[0m [32m INFO[0m [2mbevy_diagnostic[0m[2m:[0m started_load_count:   69.000000   (avg 69.000000)
[2m2026-04-14T19:08:37.509935Z[0m [32m INFO[0m [2mbevy_diagnostic[0m[2m:[0m started_load_count:   69.000000   (avg 69.000000)
[2m2026-04-14T19:08:38.539204Z[0m [32m INFO[0m [2mbevy_diagnostic[0m[2m:[0m started_load_count:   69.000000   (avg 69.000000)
[2m2026-04-14T19:08:39.538437Z[0m [32m INFO[0m [2mbevy_diagnostic[0m[2m:[0m started_load_count:   69.000000   (avg 69.000000)
[2m2026-04-14T19:08:40.539688Z[0m [32m INFO[0m [2mbevy_diagnostic[0m[2m:[0m started_load_count:   69.000000   (avg 69.000000)
[2m2026-04-14T19:08:41.624331Z[0m [32m INFO[0m [2mbevy_diagnostic[0m[2m:[0m started_load_count:   69.000000   (avg 69.000000)
[2m2026-04-14T19:08:42.633501Z[0m [32m INFO[0m [2mbevy_diagnostic[0m[2m:[0m started_load_count:   69.000000   (avg 69.000000)
[2m2026-04-14T19:08:43.638406Z[0m [32m INFO[0m [2mbevy_diagnostic[0m[2m:[0m started_load_count:   69.000000   (avg 69.000000)
[2m2026-04-14T19:08:44.638110Z[0m [32m INFO[0m [2mbevy_diagnostic[0m[2m:[0m started_load_count:   69.000000   (avg 69.000000)
[2m2026-04-14T19:08:45.639273Z[0m [32m INFO[0m [2mbevy_diagnostic[0m[2m:[0m started_load_count:   69.000000   (avg 69.000000)
[2m2026-04-14T19:08:46.639369Z[0m [32m INFO[0m [2mbevy_diagnostic[0m[2m:[0m started_load_count:   69.000000   (avg 69.000000)
[2m2026-04-14T19:08:47.640023Z[0m [32m INFO[0m [2mbevy_diagnostic[0m[2m:[0m started_load_count:   69.000000   (avg 69.000000)
[2m2026-04-14T19:08:48.646514Z[0m [32m INFO[0m [2mbevy_diagnostic[0m[2m:[0m started_load_count:   69.000000   (avg 69.000000)
[2m2026-04-14T19:08:49.672835Z[0m [32m INFO[0m [2mbevy_diagnostic[0m[2m:[0m started_load_count:   69.000000   (avg 69.000000)
[2m2026-04-14T19:08:50.671478Z[0m [32m INFO[0m [2mbevy_diagnostic[0m[2m:[0m started_load_count:   69.000000   (avg 69.000000)
[2m2026-04-14T19:08:51.672019Z[0m [32m INFO[0m [2mbevy_diagnostic[0m[2m:[0m started_load_count:   69.000000   (avg 69.000000)
[2m2026-04-14T19:08:52.673484Z[0m [32m INFO[0m [2mbevy_diagnostic[0m[2m:[0m started_load_count:   69.000000   (avg 69.000000)
[2m2026-04-14T19:08:53.673020Z[0m [32m INFO[0m [2mbevy_diagnostic[0m[2m:[0m started_load_count:   69.000000   (avg 69.000000)
[2m2026-04-14T19:08:54.672882Z[0m [32m INFO[0m [2mbevy_diagnostic[0m[2m:[0m started_load_count:   69.000000   (avg 69.000000)
[2m2026-04-14T19:08:55.672810Z[0m [32m INFO[0m [2mbevy_diagnostic[0m[2m:[0m started_load_count:   69.000000   (avg 69.000000)
[2m2026-04-14T19:08:56.673620Z[0m [32m INFO[0m [2mbevy_diagnostic[0m[2m:[0m started_load_count:   69.000000   (avg 69.000000)
[2m2026-04-14T19:08:57.673905Z[0m [32m INFO[0m [2mbevy_diagnostic[0m[2m:[0m started_load_count:   69.000000   (avg 69.000000)
[2m2026-04-14T19:08:58.689523Z[0m [32m INFO[0m [2mbevy_diagnostic[0m[2m:[0m started_load_count:   69.000000   (avg 69.000000)
[2m2026-04-14T19:08:59.688872Z[0m [32m INFO[0m [2mbevy_diagnostic[0m[2m:[0m started_load_count:   69.000000   (avg 69.000000)
[2m2026-04-14T19:09:00.695482Z[0m [32m INFO[0m [2mbevy_diagnostic[0m[2m:[0m started_load_count:   69.000000   (avg 69.000000)
[2m2026-04-14T19:09:01.722382Z[0m [32m INFO[0m [2mbevy_diagnostic[0m[2m:[0m started_load_count:   69.000000   (avg 69.000000)
[2m2026-04-14T19:09:02.723386Z[0m [32m INFO[0m [2mbevy_diagnostic[0m[2m:[0m started_load_count:   69.000000   (avg 69.000000)
[2m2026-04-14T19:09:03.722317Z[0m [32m INFO[0m [2mbevy_diagnostic[0m[2m:[0m started_load_count:   69.000000   (avg 69.000000)
[2m2026-04-14T19:09:04.723427Z[0m [32m INFO[0m [2mbevy_diagnostic[0m[2m:[0m started_load_count:   69.000000   (avg 69.000000)
[2m2026-04-14T19:09:05.723530Z[0m [32m INFO[0m [2mbevy_diagnostic[0m[2m:[0m started_load_count:   69.000000   (avg 69.000000)
[2m2026-04-14T19:09:06.727382Z[0m [32m INFO[0m [2mbevy_diagnostic[0m[2m:[0m started_load_count:   69.000000   (avg 69.000000)
[2m2026-04-14T19:09:07.724782Z[0m [32m INFO[0m [2mbevy_diagnostic[0m[2m:[0m started_load_count:   69.000000   (avg 69.000000)
[2m2026-04-14T19:09:08.738498Z[0m [32m INFO[0m [2mbevy_diagnostic[0m[2m:[0m started_load_count:   69.000000   (avg 69.000000)
[2m2026-04-14T19:09:09.741219Z[0m [32m INFO[0m [2mbevy_diagnostic[0m[2m:[0m started_load_count:   69.000000   (avg 69.000000)
[2m2026-04-14T19:09:10.738601Z[0m [32m INFO[0m [2mbevy_diagnostic[0m[2m:[0m started_load_count:   69.000000   (avg 69.000000)
[2m2026-04-14T19:09:11.739305Z[0m [32m INFO[0m [2mbevy_diagnostic[0m[2m:[0m started_load_count:   69.000000   (avg 69.000000)
[2m2026-04-14T19:09:12.747545Z[0m [32m INFO[0m [2madv_civ::civilization::concepts::resolve_calamities::resolve_calamities_systems[0m[2m:[0m [CALAMITIES] Starting calamity resolution phase
[2m2026-04-14T19:09:12.747562Z[0m [32m INFO[0m [2madv_civ::civilization::concepts::resolve_calamities::resolve_calamities_systems[0m[2m:[0m [CALAMITIES] No calamities to resolve, skipping phase
[2m2026-04-14T19:09:12.747999Z[0m [32m INFO[0m [2madv_civ::civilization::concepts::resolve_calamities::resolve_calamities_systems[0m[2m:[0m [CALAMITIES] All calamities resolved, transitioning to CheckCitySupport
[2m2026-04-14T19:09:12.748061Z[0m [32m INFO[0m [2madv_civ::civilization::concepts::resolve_calamities::resolve_calamities_systems[0m[2m:[0m [MONOTHEISM] All conversions done, transitioning to CheckCitySupport
[2m2026-04-14T19:09:12.749255Z[0m [32m INFO[0m [2mbevy_diagnostic[0m[2m:[0m started_load_count:   69.000000   (avg 69.000000)
[2m2026-04-14T19:09:13.772084Z[0m [32m INFO[0m [2madv_civ::civilization::concepts::check_city_support::check_city_support_systems[0m[2m:[0m [CITY_SUPPORT] Starting city support check phase
[2m2026-04-14T19:09:13.772104Z[0m [32m INFO[0m [2madv_civ::civilization::concepts::check_city_support::check_city_support_systems[0m[2m:[0m [CITY_SUPPORT] 5 players need city support check
[2m2026-04-14T19:09:13.774900Z[0m [32m INFO[0m [2mbevy_diagnostic[0m[2m:[0m started_load_count:   69.000000   (avg 69.000000)
[2m2026-04-14T19:09:14.773810Z[0m [32m INFO[0m [2madv_civ::civilization::concepts::check_city_support::check_city_support_systems[0m[2m:[0m [CITY_SUPPORT] All checks complete, transitioning to AcquireCivilizationCards
[2m2026-04-14T19:09:14.774711Z[0m [32m INFO[0m [2mbevy_diagnostic[0m[2m:[0m started_load_count:   69.000000   (avg 69.000000)
[2m2026-04-14T19:09:15.775226Z[0m [32m INFO[0m [2mbevy_diagnostic[0m[2m:[0m started_load_count:   69.000000   (avg 69.000000)
[2m2026-04-14T19:09:16.773301Z[0m [32m INFO[0m [2mbevy_diagnostic[0m[2m:[0m started_load_count:   69.000000   (avg 69.000000)
[2m2026-04-14T19:09:17.791668Z[0m [32m INFO[0m [2mbevy_diagnostic[0m[2m:[0m started_load_count:   69.000000   (avg 69.000000)
[2m2026-04-14T19:09:18.804833Z[0m [32m INFO[0m [2madv_civ::civilization::concepts::succession::succession_systems[0m[2m:[0m [AST] Player retreated to space 2 (no cities)
[2m2026-04-14T19:09:18.804844Z[0m [32m INFO[0m [2madv_civ::civilization::concepts::succession::succession_systems[0m[2m:[0m [AST] Player frozen at space 3 (needs 2 cities, has 1)
[2m2026-04-14T19:09:18.804847Z[0m [32m INFO[0m [2madv_civ::civilization::concepts::succession::succession_systems[0m[2m:[0m [AST] Player frozen at space 3 (needs 2 cities, has 1)
[2m2026-04-14T19:09:18.804872Z[0m [32m INFO[0m [2madv_civ::civilization::concepts::succession::succession_systems[0m[2m:[0m [AST] Player frozen at space 3 (needs 2 cities, has 1)
[2m2026-04-14T19:09:18.804873Z[0m [32m INFO[0m [2madv_civ::civilization::concepts::succession::succession_systems[0m[2m:[0m [AST] Player advanced to space 2
[2m2026-04-14T19:09:18.804874Z[0m [32m INFO[0m [2madv_civ::civilization::concepts::succession::succession_systems[0m[2m:[0m [AST] Player advanced to space 2
[2m2026-04-14T19:09:18.807368Z[0m [32m INFO[0m [2mbevy_diagnostic[0m[2m:[0m started_load_count:   69.000000   (avg 69.000000)
[2m2026-04-14T19:09:19.807428Z[0m [32m INFO[0m [2madv_civ::civilization::concepts::taxation::taxation_systems[0m[2m:[0m [TAXATION] Entering taxation phase — assigning tax obligations
[2m2026-04-14T19:09:19.809406Z[0m [32m INFO[0m [2madv_civ::civilization::concepts::taxation::taxation_systems[0m[2m:[0m [TAXATION] Hatshepsut of Thrace pays 2 tokens in full
[2m2026-04-14T19:09:19.809420Z[0m [32m INFO[0m [2madv_civ::civilization::concepts::taxation::taxation_systems[0m[2m:[0m [TAXATION] Tutankhamun of Illyria pays 2 tokens in full
[2m2026-04-14T19:09:19.809424Z[0m [32m INFO[0m [2madv_civ::civilization::concepts::taxation::taxation_systems[0m[2m:[0m [TAXATION] Hammurabi of Asia pays 2 tokens in full
[2m2026-04-14T19:09:19.809428Z[0m [32m INFO[0m [2madv_civ::civilization::concepts::taxation::taxation_systems[0m[2m:[0m [TAXATION] Pericles of Babylon pays 2 tokens in full
[2m2026-04-14T19:09:19.809432Z[0m [32m INFO[0m [2madv_civ::civilization::concepts::taxation::taxation_systems[0m[2m:[0m [TAXATION] Ramesses of Crete pays 2 tokens in full
[2m2026-04-14T19:09:19.810339Z[0m [32m INFO[0m [2madv_civ::civilization::concepts::taxation::taxation_systems[0m[2m:[0m [TAXATION] No revolts to resolve — transitioning to PopulationExpansion
[2m2026-04-14T19:09:19.810431Z[0m [32m INFO[0m [2mbevy_diagnostic[0m[2m:[0m started_load_count:   69.000000   (avg 69.000000)
[2m2026-04-14T19:09:20.822618Z[0m [32m INFO[0m [2madv_civ::civilization::concepts::population_expansion::population_expansion_systems[0m[2m:[0m [POP_EXP] Entering population expansion phase, round 16
[2m2026-04-14T19:09:20.822756Z[0m [32m INFO[0m [2madv_civ::civilization::concepts::population_expansion::population_expansion_systems[0m[2m:[0m [POP_EXP] 86 areas have population and need expansion
[2m2026-04-14T19:09:20.822774Z[0m [32m INFO[0m [2madv_civ::civilization::concepts::population_expansion::population_expansion_systems[0m[2m:[0m [POP_EXP] 0 human, 8 AI need expansion, 0 skipped (already done)
[2m2026-04-14T19:09:20.825516Z[0m [32m INFO[0m [2mbevy_diagnostic[0m[2m:[0m started_load_count:   69.000000   (avg 69.000000)
[2m2026-04-14T19:09:21.823397Z[0m [32m INFO[0m [2madv_civ::civilization::concepts::population_expansion::population_expansion_systems[0m[2m:[0m [POP_EXP] Player 645v0 still needs expansion: human=false, manual=true, auto=false
[2m2026-04-14T19:09:21.823412Z[0m [32m INFO[0m [2madv_civ::civilization::concepts::population_expansion::population_expansion_systems[0m[2m:[0m [POP_EXP] Player 401v0 still needs expansion: human=false, manual=true, auto=false
[2m2026-04-14T19:09:21.823417Z[0m [32m INFO[0m [2madv_civ::civilization::concepts::population_expansion::population_expansion_systems[0m[2m:[0m [POP_EXP] Player 279v0 still needs expansion: human=false, manual=true, auto=false
[2m2026-04-14T19:09:21.823420Z[0m [32m INFO[0m [2madv_civ::civilization::concepts::population_expansion::population_expansion_systems[0m[2m:[0m [POP_EXP] Player 584v0 still needs expansion: human=false, manual=true, auto=false
[2m2026-04-14T19:09:21.823423Z[0m [32m INFO[0m [2madv_civ::civilization::concepts::population_expansion::population_expansion_systems[0m[2m:[0m [POP_EXP] Player 462v0 still needs expansion: human=false, manual=true, auto=false
[2m2026-04-14T19:09:21.823426Z[0m [32m INFO[0m [2madv_civ::civilization::concepts::population_expansion::population_expansion_systems[0m[2m:[0m [POP_EXP] Player 523v0 still needs expansion: human=false, manual=true, auto=false
[2m2026-04-14T19:09:21.823429Z[0m [32m INFO[0m [2madv_civ::civilization::concepts::population_expansion::population_expansion_systems[0m[2m:[0m [POP_EXP] Player 645v0 still needs expansion: human=false, manual=true, auto=false
[2m2026-04-14T19:09:21.823432Z[0m [32m INFO[0m [2madv_civ::civilization::concepts::population_expansion::population_expansion_systems[0m[2m:[0m [POP_EXP] Player 401v0 still needs expansion: human=false, manual=true, auto=false
[2m2026-04-14T19:09:21.823435Z[0m [32m INFO[0m [2madv_civ::civilization::concepts::population_expansion::population_expansion_systems[0m[2m:[0m [POP_EXP] Player 279v0 still needs expansion: human=false, manual=true, auto=false
[2m2026-04-14T19:09:21.823438Z[0m [32m INFO[0m [2madv_civ::civilization::concepts::population_expansion::population_expansion_systems[0m[2m:[0m [POP_EXP] Player 584v0 still needs expansion: human=false, manual=true, auto=false
[2m2026-04-14T19:09:21.823440Z[0m [32m INFO[0m [2madv_civ::civilization::concepts::population_expansion::population_expansion_systems[0m[2m:[0m [POP_EXP] Player 462v0 still needs expansion: human=false, manual=true, auto=false
[2m2026-04-14T19:09:21.823443Z[0m [32m INFO[0m [2madv_civ::civilization::concepts::population_expansion::population_expansion_systems[0m[2m:[0m [POP_EXP] Player 523v0 still needs expansion: human=false, manual=true, auto=false
[2m2026-04-14T19:09:21.824429Z[0m [32m INFO[0m [2mbevy_diagnostic[0m[2m:[0m started_load_count:   69.000000   (avg 69.000000)
[2m2026-04-14T19:09:22.823617Z[0m [32m INFO[0m [2mbevy_diagnostic[0m[2m:[0m started_load_count:   69.000000   (avg 69.000000)
[2m2026-04-14T19:09:23.823642Z[0m [32m INFO[0m [2mbevy_diagnostic[0m[2m:[0m started_load_count:   69.000000   (avg 69.000000)
[2m2026-04-14T19:09:24.823433Z[0m [32m INFO[0m [2madv_civ::civilization::concepts::population_expansion::population_expansion_systems[0m[2m:[0m [POP_EXP] Player 645v0 still needs expansion: human=false, manual=true, auto=false
[2m2026-04-14T19:09:24.823448Z[0m [32m INFO[0m [2madv_civ::civilization::concepts::population_expansion::population_expansion_systems[0m[2m:[0m [POP_EXP] Player 401v0 still needs expansion: human=false, manual=true, auto=false
[2m2026-04-14T19:09:24.823451Z[0m [32m INFO[0m [2madv_civ::civilization::concepts::population_expansion::population_expansion_systems[0m[2m:[0m [POP_EXP] Player 584v0 still needs expansion: human=false, manual=true, auto=false
[2m2026-04-14T19:09:24.823455Z[0m [32m INFO[0m [2madv_civ::civilization::concepts::population_expansion::population_expansion_systems[0m[2m:[0m [POP_EXP] Player 645v0 still needs expansion: human=false, manual=true, auto=false
[2m2026-04-14T19:09:24.823458Z[0m [32m INFO[0m [2madv_civ::civilization::concepts::population_expansion::population_expansion_systems[0m[2m:[0m [POP_EXP] Player 401v0 still needs expansion: human=false, manual=true, auto=false
[2m2026-04-14T19:09:24.823460Z[0m [32m INFO[0m [2madv_civ::civilization::concepts::population_expansion::population_expansion_systems[0m[2m:[0m [POP_EXP] Player 584v0 still needs expansion: human=false, manual=true, auto=false
[2m2026-04-14T19:09:24.823463Z[0m [32m INFO[0m [2madv_civ::civilization::concepts::population_expansion::population_expansion_systems[0m[2m:[0m [POP_EXP] Player 645v0 still needs expansion: human=false, manual=true, auto=false
[2m2026-04-14T19:09:24.823465Z[0m [32m INFO[0m [2madv_civ::civilization::concepts::population_expansion::population_expansion_systems[0m[2m:[0m [POP_EXP] Player 401v0 still needs expansion: human=false, manual=true, auto=false
[2m2026-04-14T19:09:24.823468Z[0m [32m INFO[0m [2madv_civ::civilization::concepts::population_expansion::population_expansion_systems[0m[2m:[0m [POP_EXP] Player 584v0 still needs expansion: human=false, manual=true, auto=false
[2m2026-04-14T19:09:24.824354Z[0m [32m INFO[0m [2mbevy_diagnostic[0m[2m:[0m started_load_count:   69.000000   (avg 69.000000)
[2m2026-04-14T19:09:25.824947Z[0m [32m INFO[0m [2mbevy_diagnostic[0m[2m:[0m started_load_count:   69.000000   (avg 69.000000)
[2m2026-04-14T19:09:26.840175Z[0m [32m INFO[0m [2mbevy_diagnostic[0m[2m:[0m started_load_count:   69.000000   (avg 69.000000)
[2m2026-04-14T19:09:27.839178Z[0m [32m INFO[0m [2mbevy_diagnostic[0m[2m:[0m started_load_count:   69.000000   (avg 69.000000)
[2m2026-04-14T19:09:28.839287Z[0m [32m INFO[0m [2mbevy_diagnostic[0m[2m:[0m started_load_count:   69.000000   (avg 69.000000)
[2m2026-04-14T19:09:29.840508Z[0m [32m INFO[0m [2mbevy_diagnostic[0m[2m:[0m started_load_count:   69.000000   (avg 69.000000)
[2m2026-04-14T19:09:30.845978Z[0m [32m INFO[0m [2mbevy_diagnostic[0m[2m:[0m started_load_count:   69.000000   (avg 69.000000)
[2m2026-04-14T19:09:31.874988Z[0m [32m INFO[0m [2mbevy_diagnostic[0m[2m:[0m started_load_count:   69.000000   (avg 69.000000)
[2m2026-04-14T19:09:32.873431Z[0m [32m INFO[0m [2mbevy_diagnostic[0m[2m:[0m started_load_count:   69.000000   (avg 69.000000)
[2m2026-04-14T19:09:33.874700Z[0m [32m INFO[0m [2mbevy_diagnostic[0m[2m:[0m started_load_count:   69.000000   (avg 69.000000)
[2m2026-04-14T19:09:34.875737Z[0m [32m INFO[0m [2mbevy_diagnostic[0m[2m:[0m started_load_count:   69.000000   (avg 69.000000)
[2m2026-04-14T19:09:35.874395Z[0m [32m INFO[0m [2mbevy_diagnostic[0m[2m:[0m started_load_count:   69.000000   (avg 69.000000)
[2m2026-04-14T19:09:36.874762Z[0m [32m INFO[0m [2mbevy_diagnostic[0m[2m:[0m started_load_count:   69.000000   (avg 69.000000)
[2m2026-04-14T19:09:37.889352Z[0m [32m INFO[0m [2mbevy_diagnostic[0m[2m:[0m started_load_count:   69.000000   (avg 69.000000)
[2m2026-04-14T19:09:38.888844Z[0m [32m INFO[0m [2mbevy_diagnostic[0m[2m:[0m started_load_count:   69.000000   (avg 69.000000)
[2m2026-04-14T19:09:39.889000Z[0m [32m INFO[0m [2mbevy_diagnostic[0m[2m:[0m started_load_count:   69.000000   (avg 69.000000)
[2m2026-04-14T19:09:40.888514Z[0m [32m INFO[0m [2madv_civ::civilization::concepts::population_expansion::population_expansion_systems[0m[2m:[0m [POP_EXP] Player 645v0 still needs expansion: human=false, manual=true, auto=false
[2m2026-04-14T19:09:40.888527Z[0m [32m INFO[0m [2madv_civ::civilization::concepts::population_expansion::population_expansion_systems[0m[2m:[0m [POP_EXP] Player 401v0 still needs expansion: human=false, manual=true, auto=false
[2m2026-04-14T19:09:40.889739Z[0m [32m INFO[0m [2mbevy_diagnostic[0m[2m:[0m started_load_count:   69.000000   (avg 69.000000)
[2m2026-04-14T19:09:41.889170Z[0m [32m INFO[0m [2mbevy_diagnostic[0m[2m:[0m started_load_count:   69.000000   (avg 69.000000)
[2m2026-04-14T19:09:42.891512Z[0m [32m INFO[0m [2mbevy_diagnostic[0m[2m:[0m started_load_count:   69.000000   (avg 69.000000)
[2m2026-04-14T19:09:43.890936Z[0m [32m INFO[0m [2madv_civ::civilization::concepts::population_expansion::population_expansion_systems[0m[2m:[0m [POP_EXP] All players done with expansion, transitioning to Census
[2m2026-04-14T19:09:43.890955Z[0m [32m INFO[0m [2madv_civ::civilization::concepts::population_expansion::population_expansion_systems[0m[2m:[0m [POP_EXP] All players done with expansion, transitioning to Census
[2m2026-04-14T19:09:43.891697Z[0m [32m INFO[0m [2mbevy_diagnostic[0m[2m:[0m started_load_count:   69.000000   (avg 69.000000)
[2m2026-04-14T19:09:44.907816Z[0m [32m INFO[0m [2mbevy_diagnostic[0m[2m:[0m started_load_count:   69.000000   (avg 69.000000)
[2m2026-04-14T19:09:45.905034Z[0m [32m INFO[0m [2madv_civ::civilization::concepts::ships::ship_systems[0m[2m:[0m [SHIPS] Hammurabi of Asia builds a ship at 210v0 (fleet: 4/4)
[2m2026-04-14T19:09:45.905048Z[0m [32m INFO[0m [2madv_civ::civilization::concepts::ships::ship_systems[0m[2m:[0m [SHIPS] Tutankhamun of Illyria builds a ship at 161v0 (fleet: 2/4)
[2m2026-04-14T19:09:45.905054Z[0m [32m INFO[0m [2madv_civ::civilization::concepts::ships::ship_systems[0m[2m:[0m [SHIPS] Ramesses of Crete builds a ship at 204v0 (fleet: 1/4)
[2m2026-04-14T19:09:45.907037Z[0m [32m INFO[0m [2mbevy_diagnostic[0m[2m:[0m started_load_count:   69.000000   (avg 69.000000)
[2m2026-04-14T19:09:46.907025Z[0m [32m INFO[0m [2mbevy_diagnostic[0m[2m:[0m started_load_count:   69.000000   (avg 69.000000)
[2m2026-04-14T19:09:47.906528Z[0m [32m INFO[0m [2mbevy_diagnostic[0m[2m:[0m started_load_count:   69.000000   (avg 69.000000)
[2m2026-04-14T19:09:48.907480Z[0m [32m INFO[0m [2mbevy_diagnostic[0m[2m:[0m started_load_count:   69.000000   (avg 69.000000)
[2m2026-04-14T19:09:49.908564Z[0m [32m INFO[0m [2mbevy_diagnostic[0m[2m:[0m started_load_count:   69.000000   (avg 69.000000)
[2m2026-04-14T19:09:50.907256Z[0m [32m INFO[0m [2mbevy_diagnostic[0m[2m:[0m started_load_count:   69.000000   (avg 69.000000)
[2m2026-04-14T19:09:51.923845Z[0m [32m INFO[0m [2mbevy_diagnostic[0m[2m:[0m started_load_count:   69.000000   (avg 69.000000)
[2m2026-04-14T19:09:52.938576Z[0m [32m INFO[0m [2mbevy_diagnostic[0m[2m:[0m started_load_count:   69.000000   (avg 69.000000)
[2m2026-04-14T19:09:53.940471Z[0m [32m INFO[0m [2mbevy_diagnostic[0m[2m:[0m started_load_count:   69.000000   (avg 69.000000)
[2m2026-04-14T19:09:54.941295Z[0m [32m INFO[0m [2mbevy_diagnostic[0m[2m:[0m started_load_count:   69.000000   (avg 69.000000)
[2m2026-04-14T19:09:55.939870Z[0m [32m INFO[0m [2madv_civ::civilization::concepts::movement::movement_systems[0m[2m:[0m Player Cleopatra of Africa has ended movement
[2m2026-04-14T19:09:55.941201Z[0m [32m INFO[0m [2mbevy_diagnostic[0m[2m:[0m started_load_count:   69.000000   (avg 69.000000)
[2m2026-04-14T19:09:56.940847Z[0m [32m INFO[0m [2mbevy_diagnostic[0m[2m:[0m started_load_count:   69.000000   (avg 69.000000)
[2m2026-04-14T19:09:57.941543Z[0m [32m INFO[0m [2mbevy_diagnostic[0m[2m:[0m started_load_count:   69.000000   (avg 69.000000)
[2m2026-04-14T19:09:58.940506Z[0m [32m INFO[0m [2mbevy_diagnostic[0m[2m:[0m started_load_count:   69.000000   (avg 69.000000)
[2m2026-04-14T19:09:59.940982Z[0m [32m INFO[0m [2mbevy_diagnostic[0m[2m:[0m started_load_count:   69.000000   (avg 69.000000)
[2m2026-04-14T19:10:00.941796Z[0m [32m INFO[0m [2mbevy_diagnostic[0m[2m:[0m started_load_count:   69.000000   (avg 69.000000)
[2m2026-04-14T19:10:01.942085Z[0m [32m INFO[0m [2mbevy_diagnostic[0m[2m:[0m started_load_count:   69.000000   (avg 69.000000)
[2m2026-04-14T19:10:02.942415Z[0m [32m INFO[0m [2mbevy_diagnostic[0m[2m:[0m started_load_count:   69.000000   (avg 69.000000)
[2m2026-04-14T19:10:03.956429Z[0m [32m INFO[0m [2mbevy_diagnostic[0m[2m:[0m started_load_count:   69.000000   (avg 69.000000)
[2m2026-04-14T19:10:04.962605Z[0m [32m INFO[0m [2mbevy_diagnostic[0m[2m:[0m started_load_count:   69.000000   (avg 69.000000)
[2m2026-04-14T19:10:05.958366Z[0m [32m INFO[0m [2mbevy_diagnostic[0m[2m:[0m started_load_count:   69.000000   (avg 69.000000)
[2m2026-04-14T19:10:06.956553Z[0m [32m INFO[0m [2mbevy_diagnostic[0m[2m:[0m started_load_count:   69.000000   (avg 69.000000)
[2m2026-04-14T19:10:07.957433Z[0m [32m INFO[0m [2mbevy_diagnostic[0m[2m:[0m started_load_count:   69.000000   (avg 69.000000)
[2m2026-04-14T19:10:08.958335Z[0m [32m INFO[0m [2mbevy_diagnostic[0m[2m:[0m started_load_count:   69.000000   (avg 69.000000)
[2m2026-04-14T19:10:09.958079Z[0m [32m INFO[0m [2mbevy_diagnostic[0m[2m:[0m started_load_count:   69.000000   (avg 69.000000)
[2m2026-04-14T19:10:10.959010Z[0m [32m INFO[0m [2mbevy_diagnostic[0m[2m:[0m started_load_count:   69.000000   (avg 69.000000)
[2m2026-04-14T19:10:11.983509Z[0m [32m INFO[0m [2mbevy_diagnostic[0m[2m:[0m started_load_count:   69.000000   (avg 69.000000)
[2m2026-04-14T19:10:12.992073Z[0m [32m INFO[0m [2mbevy_diagnostic[0m[2m:[0m started_load_count:   69.000000   (avg 69.000000)
[2m2026-04-14T19:10:13.991543Z[0m [32m INFO[0m [2mbevy_diagnostic[0m[2m:[0m started_load_count:   69.000000   (avg 69.000000)
[2m2026-04-14T19:10:14.991893Z[0m [32m INFO[0m [2mbevy_diagnostic[0m[2m:[0m started_load_count:   69.000000   (avg 69.000000)
[2m2026-04-14T19:10:16.005997Z[0m [32m INFO[0m [2mbevy_diagnostic[0m[2m:[0m started_load_count:   69.000000   (avg 69.000000)
[2m2026-04-14T19:10:17.006377Z[0m [32m INFO[0m [2mbevy_diagnostic[0m[2m:[0m started_load_count:   69.000000   (avg 69.000000)
[2m2026-04-14T19:10:18.010945Z[0m [32m INFO[0m [2mbevy_diagnostic[0m[2m:[0m started_load_count:   69.000000   (avg 69.000000)
[2m2026-04-14T19:10:19.007954Z[0m [32m INFO[0m [2mbevy_diagnostic[0m[2m:[0m started_load_count:   69.000000   (avg 69.000000)
[2m2026-04-14T19:10:20.008186Z[0m [32m INFO[0m [2mbevy_diagnostic[0m[2m:[0m started_load_count:   69.000000   (avg 69.000000)
[2m2026-04-14T19:10:21.007395Z[0m [32m INFO[0m [2mbevy_diagnostic[0m[2m:[0m started_load_count:   69.000000   (avg 69.000000)
[2m2026-04-14T19:10:22.007608Z[0m [32m INFO[0m [2mbevy_diagnostic[0m[2m:[0m started_load_count:   69.000000   (avg 69.000000)
[2m2026-04-14T19:10:23.008486Z[0m [32m INFO[0m [2mbevy_diagnostic[0m[2m:[0m started_load_count:   69.000000   (avg 69.000000)
[2m2026-04-14T19:10:24.008885Z[0m [32m INFO[0m [2mbevy_diagnostic[0m[2m:[0m started_load_count:   69.000000   (avg 69.000000)
[2m2026-04-14T19:10:25.013290Z[0m [32m INFO[0m [2mbevy_diagnostic[0m[2m:[0m started_load_count:   69.000000   (avg 69.000000)
[2m2026-04-14T19:10:26.008156Z[0m [32m INFO[0m [2mbevy_diagnostic[0m[2m:[0m started_load_count:   69.000000   (avg 69.000000)
[2m2026-04-14T19:10:27.008363Z[0m [32m INFO[0m [2mbevy_diagnostic[0m[2m:[0m started_load_count:   69.000000   (avg 69.000000)
[2m2026-04-14T19:10:28.008549Z[0m [32m INFO[0m [2mbevy_diagnostic[0m[2m:[0m started_load_count:   69.000000   (avg 69.000000)
[2m2026-04-14T19:10:29.007584Z[0m [32m INFO[0m [2mbevy_diagnostic[0m[2m:[0m started_load_count:   69.000000   (avg 69.000000)
[2m2026-04-14T19:10:30.008526Z[0m [32m INFO[0m [2mbevy_diagnostic[0m[2m:[0m started_load_count:   69.000000   (avg 69.000000)
[2m2026-04-14T19:10:31.023319Z[0m [32m INFO[0m [2mbevy_diagnostic[0m[2m:[0m started_load_count:   69.000000   (avg 69.000000)
[2m2026-04-14T19:10:32.021100Z[0m [32m INFO[0m [2mbevy_diagnostic[0m[2m:[0m started_load_count:   69.000000   (avg 69.000000)
[2m2026-04-14T19:10:33.024579Z[0m [32m INFO[0m [2mbevy_diagnostic[0m[2m:[0m started_load_count:   69.000000   (avg 69.000000)
[2m2026-04-14T19:10:34.024607Z[0m [32m INFO[0m [2mbevy_diagnostic[0m[2m:[0m started_load_count:   69.000000   (avg 69.000000)
[2m2026-04-14T19:10:35.024766Z[0m [32m INFO[0m [2mbevy_diagnostic[0m[2m:[0m started_load_count:   69.000000   (avg 69.000000)
[2m2026-04-14T19:10:36.024232Z[0m [32m INFO[0m [2mbevy_diagnostic[0m[2m:[0m started_load_count:   69.000000   (avg 69.000000)
[2m2026-04-14T19:10:37.041004Z[0m [32m INFO[0m [2mbevy_diagnostic[0m[2m:[0m started_load_count:   69.000000   (avg 69.000000)
[2m2026-04-14T19:10:38.042210Z[0m [32m INFO[0m [2mbevy_diagnostic[0m[2m:[0m started_load_count:   69.000000   (avg 69.000000)
[2m2026-04-14T19:10:39.058185Z[0m [32m INFO[0m [2mbevy_diagnostic[0m[2m:[0m started_load_count:   69.000000   (avg 69.000000)
[2m2026-04-14T19:10:40.074416Z[0m [32m INFO[0m [2mbevy_diagnostic[0m[2m:[0m started_load_count:   69.000000   (avg 69.000000)
[2m2026-04-14T19:10:41.074129Z[0m [32m INFO[0m [2mbevy_diagnostic[0m[2m:[0m started_load_count:   69.000000   (avg 69.000000)
[2m2026-04-14T19:10:42.073026Z[0m [32m INFO[0m [2mbevy_diagnostic[0m[2m:[0m started_load_count:   69.000000   (avg 69.000000)
[2m2026-04-14T19:10:43.072977Z[0m [32m INFO[0m [2mbevy_diagnostic[0m[2m:[0m started_load_count:   69.000000   (avg 69.000000)
[2m2026-04-14T19:10:44.074480Z[0m [32m INFO[0m [2mbevy_diagnostic[0m[2m:[0m started_load_count:   69.000000   (avg 69.000000)
[2m2026-04-14T19:10:45.075208Z[0m [32m INFO[0m [2mbevy_diagnostic[0m[2m:[0m started_load_count:   69.000000   (avg 69.000000)
[2m2026-04-14T19:10:46.073267Z[0m [32m INFO[0m [2mbevy_diagnostic[0m[2m:[0m started_load_count:   69.000000   (avg 69.000000)
[2m2026-04-14T19:10:47.076241Z[0m [32m INFO[0m [2mbevy_diagnostic[0m[2m:[0m started_load_count:   69.000000   (avg 69.000000)
[2m2026-04-14T19:10:48.075362Z[0m [32m INFO[0m [2mbevy_diagnostic[0m[2m:[0m started_load_count:   69.000000   (avg 69.000000)
[2m2026-04-14T19:10:49.090819Z[0m [32m INFO[0m [2mbevy_diagnostic[0m[2m:[0m started_load_count:   69.000000   (avg 69.000000)
[2m2026-04-14T19:10:50.092018Z[0m [32m INFO[0m [2mbevy_diagnostic[0m[2m:[0m started_load_count:   69.000000   (avg 69.000000)
[2m2026-04-14T19:10:51.108227Z[0m [32m INFO[0m [2mbevy_diagnostic[0m[2m:[0m started_load_count:   69.000000   (avg 69.000000)
[2m2026-04-14T19:10:52.124111Z[0m [32m INFO[0m [2mbevy_diagnostic[0m[2m:[0m started_load_count:   69.000000   (avg 69.000000)
[2m2026-04-14T19:10:53.123467Z[0m [32m INFO[0m [2mbevy_diagnostic[0m[2m:[0m started_load_count:   69.000000   (avg 69.000000)
[2m2026-04-14T19:10:54.125134Z[0m [32m INFO[0m [2mbevy_diagnostic[0m[2m:[0m started_load_count:   69.000000   (avg 69.000000)
[2m2026-04-14T19:10:55.124477Z[0m [32m INFO[0m [2mbevy_diagnostic[0m[2m:[0m started_load_count:   69.000000   (avg 69.000000)
[2m2026-04-14T19:10:56.124932Z[0m [32m INFO[0m [2mbevy_diagnostic[0m[2m:[0m started_load_count:   69.000000   (avg 69.000000)
[2m2026-04-14T19:10:57.125463Z[0m [32m INFO[0m [2mbevy_diagnostic[0m[2m:[0m started_load_count:   69.000000   (avg 69.000000)
[2m2026-04-14T19:10:58.125224Z[0m [32m INFO[0m [2mbevy_diagnostic[0m[2m:[0m started_load_count:   69.000000   (avg 69.000000)
[2m2026-04-14T19:10:59.125911Z[0m [32m INFO[0m [2mbevy_diagnostic[0m[2m:[0m started_load_count:   69.000000   (avg 69.000000)
[2m2026-04-14T19:11:00.127084Z[0m [32m INFO[0m [2mbevy_diagnostic[0m[2m:[0m started_load_count:   69.000000   (avg 69.000000)
[2m2026-04-14T19:11:01.127216Z[0m [32m INFO[0m [2mbevy_diagnostic[0m[2m:[0m started_load_count:   69.000000   (avg 69.000000)
[2m2026-04-14T19:11:02.126018Z[0m [32m INFO[0m [2mbevy_diagnostic[0m[2m:[0m started_load_count:   69.000000   (avg 69.000000)
[2m2026-04-14T19:11:03.142090Z[0m [32m INFO[0m [2mbevy_diagnostic[0m[2m:[0m started_load_count:   69.000000   (avg 69.000000)
[2m2026-04-14T19:11:04.140973Z[0m [32m INFO[0m [2mbevy_diagnostic[0m[2m:[0m started_load_count:   69.000000   (avg 69.000000)
[2m2026-04-14T19:11:05.141524Z[0m [32m INFO[0m [2mbevy_diagnostic[0m[2m:[0m started_load_count:   69.000000   (avg 69.000000)
[2m2026-04-14T19:11:06.140658Z[0m [32m INFO[0m [2mbevy_diagnostic[0m[2m:[0m started_load_count:   69.000000   (avg 69.000000)
[2m2026-04-14T19:11:07.142324Z[0m [32m INFO[0m [2mbevy_diagnostic[0m[2m:[0m started_load_count:   69.000000   (avg 69.000000)
[2m2026-04-14T19:11:08.141882Z[0m [32m INFO[0m [2mbevy_diagnostic[0m[2m:[0m started_load_count:   69.000000   (avg 69.000000)
[2m2026-04-14T19:11:09.141184Z[0m [32m INFO[0m [2mbevy_diagnostic[0m[2m:[0m started_load_count:   69.000000   (avg 69.000000)
[2m2026-04-14T19:11:10.142452Z[0m [32m INFO[0m [2mbevy_diagnostic[0m[2m:[0m started_load_count:   69.000000   (avg 69.000000)
[2m2026-04-14T19:11:11.158054Z[0m [32m INFO[0m [2madv_civ::civilization::concepts::movement::movement_systems[0m[2m:[0m Player Alexander of Assyria has ended movement
[2m2026-04-14T19:11:11.159084Z[0m [32m INFO[0m [2mbevy_diagnostic[0m[2m:[0m started_load_count:   69.000000   (avg 69.000000)
[2m2026-04-14T19:11:12.158329Z[0m [32m INFO[0m [2mbevy_diagnostic[0m[2m:[0m started_load_count:   69.000000   (avg 69.000000)
[2m2026-04-14T19:11:13.157072Z[0m [32m INFO[0m [2mbevy_diagnostic[0m[2m:[0m started_load_count:   69.000000   (avg 69.000000)
[2m2026-04-14T19:11:14.157446Z[0m [32m INFO[0m [2mbevy_diagnostic[0m[2m:[0m started_load_count:   69.000000   (avg 69.000000)
[2m2026-04-14T19:11:15.157602Z[0m [32m INFO[0m [2mbevy_diagnostic[0m[2m:[0m started_load_count:   69.000000   (avg 69.000000)
[2m2026-04-14T19:11:16.158571Z[0m [32m INFO[0m [2mbevy_diagnostic[0m[2m:[0m started_load_count:   69.000000   (avg 69.000000)
[2m2026-04-14T19:11:17.158139Z[0m [32m INFO[0m [2mbevy_diagnostic[0m[2m:[0m started_load_count:   69.000000   (avg 69.000000)
[2m2026-04-14T19:11:18.159956Z[0m [32m INFO[0m [2mbevy_diagnostic[0m[2m:[0m started_load_count:   69.000000   (avg 69.000000)
[2m2026-04-14T19:11:19.159878Z[0m [32m INFO[0m [2mbevy_diagnostic[0m[2m:[0m started_load_count:   69.000000   (avg 69.000000)
[2m2026-04-14T19:11:20.159101Z[0m [32m INFO[0m [2mbevy_diagnostic[0m[2m:[0m started_load_count:   69.000000   (avg 69.000000)
[2m2026-04-14T19:11:21.175012Z[0m [32m INFO[0m [2mbevy_diagnostic[0m[2m:[0m started_load_count:   69.000000   (avg 69.000000)
[2m2026-04-14T19:11:22.176336Z[0m [32m INFO[0m [2mbevy_diagnostic[0m[2m:[0m started_load_count:   69.000000   (avg 69.000000)
[2m2026-04-14T19:11:23.175471Z[0m [32m INFO[0m [2mbevy_diagnostic[0m[2m:[0m started_load_count:   69.000000   (avg 69.000000)
[2m2026-04-14T19:11:24.191979Z[0m [32m INFO[0m [2mbevy_diagnostic[0m[2m:[0m started_load_count:   69.000000   (avg 69.000000)
[2m2026-04-14T19:11:25.209228Z[0m [32m INFO[0m [2mbevy_diagnostic[0m[2m:[0m started_load_count:   69.000000   (avg 69.000000)
[2m2026-04-14T19:11:26.208873Z[0m [32m INFO[0m [2mbevy_diagnostic[0m[2m:[0m started_load_count:   69.000000   (avg 69.000000)
[2m2026-04-14T19:11:27.208946Z[0m [32m INFO[0m [2mbevy_diagnostic[0m[2m:[0m started_load_count:   69.000000   (avg 69.000000)
[2m2026-04-14T19:11:28.208500Z[0m [32m INFO[0m [2mbevy_diagnostic[0m[2m:[0m started_load_count:   69.000000   (avg 69.000000)
[2m2026-04-14T19:11:29.209122Z[0m [32m INFO[0m [2madv_civ::civilization::concepts::movement::movement_systems[0m[2m:[0m [SHIPS] Ferry: 1 token(s) moved 161v0 → 146v0; ship follows
[2m2026-04-14T19:11:29.209354Z[0m [32m INFO[0m [2mbevy_diagnostic[0m[2m:[0m started_load_count:   69.000000   (avg 69.000000)
[2m2026-04-14T19:11:30.211069Z[0m [32m INFO[0m [2mbevy_diagnostic[0m[2m:[0m started_load_count:   69.000000   (avg 69.000000)
[2m2026-04-14T19:11:31.209038Z[0m [32m INFO[0m [2mbevy_diagnostic[0m[2m:[0m started_load_count:   69.000000   (avg 69.000000)
[2m2026-04-14T19:11:32.209514Z[0m [32m INFO[0m [2mbevy_diagnostic[0m[2m:[0m started_load_count:   69.000000   (avg 69.000000)
[2m2026-04-14T19:11:33.208918Z[0m [32m INFO[0m [2mbevy_diagnostic[0m[2m:[0m started_load_count:   69.000000   (avg 69.000000)
[2m2026-04-14T19:11:34.225363Z[0m [32m INFO[0m [2mbevy_diagnostic[0m[2m:[0m started_load_count:   69.000000   (avg 69.000000)
[2m2026-04-14T19:11:35.224058Z[0m [32m INFO[0m [2mbevy_diagnostic[0m[2m:[0m started_load_count:   69.000000   (avg 69.000000)
[2m2026-04-14T19:11:36.235028Z[0m [32m INFO[0m [2mbevy_diagnostic[0m[2m:[0m started_load_count:   69.000000   (avg 69.000000)
[2m2026-04-14T19:11:37.260222Z[0m [32m INFO[0m [2mbevy_diagnostic[0m[2m:[0m started_load_count:   69.000000   (avg 69.000000)
[2m2026-04-14T19:11:38.257553Z[0m [32m INFO[0m [2mbevy_diagnostic[0m[2m:[0m started_load_count:   69.000000   (avg 69.000000)
[2m2026-04-14T19:11:39.258878Z[0m [32m INFO[0m [2mbevy_diagnostic[0m[2m:[0m started_load_count:   69.000000   (avg 69.000000)
[2m2026-04-14T19:11:40.259548Z[0m [32m INFO[0m [2mbevy_diagnostic[0m[2m:[0m started_load_count:   69.000000   (avg 69.000000)
[2m2026-04-14T19:11:41.273988Z[0m [32m INFO[0m [2mbevy_diagnostic[0m[2m:[0m started_load_count:   69.000000   (avg 69.000000)
[2m2026-04-14T19:11:42.274364Z[0m [32m INFO[0m [2mbevy_diagnostic[0m[2m:[0m started_load_count:   69.000000   (avg 69.000000)
[2m2026-04-14T19:11:43.275985Z[0m [32m INFO[0m [2mbevy_diagnostic[0m[2m:[0m started_load_count:   69.000000   (avg 69.000000)
[2m2026-04-14T19:11:44.274450Z[0m [32m INFO[0m [2mbevy_diagnostic[0m[2m:[0m started_load_count:   69.000000   (avg 69.000000)
[2m2026-04-14T19:11:45.276103Z[0m [32m INFO[0m [2mbevy_diagnostic[0m[2m:[0m started_load_count:   69.000000   (avg 69.000000)
[2m2026-04-14T19:11:46.276262Z[0m [32m INFO[0m [2mbevy_diagnostic[0m[2m:[0m started_load_count:   69.000000   (avg 69.000000)
[2m2026-04-14T19:11:47.276722Z[0m [32m INFO[0m [2mbevy_diagnostic[0m[2m:[0m started_load_count:   69.000000   (avg 69.000000)
[2m2026-04-14T19:11:48.276967Z[0m [32m INFO[0m [2mbevy_diagnostic[0m[2m:[0m started_load_count:   69.000000   (avg 69.000000)
[2m2026-04-14T19:11:49.276552Z[0m [32m INFO[0m [2mbevy_diagnostic[0m[2m:[0m started_load_count:   69.000000   (avg 69.000000)
[2m2026-04-14T19:11:50.277490Z[0m [32m INFO[0m [2mbevy_diagnostic[0m[2m:[0m started_load_count:   69.000000   (avg 69.000000)
[2m2026-04-14T19:11:51.293140Z[0m [32m INFO[0m [2mbevy_diagnostic[0m[2m:[0m started_load_count:   69.000000   (avg 69.000000)
[2m2026-04-14T19:11:52.292506Z[0m [32m INFO[0m [2mbevy_diagnostic[0m[2m:[0m started_load_count:   69.000000   (avg 69.000000)
[2m2026-04-14T19:11:53.292630Z[0m [32m INFO[0m [2mbevy_diagnostic[0m[2m:[0m started_load_count:   69.000000   (avg 69.000000)
[2m2026-04-14T19:11:54.293494Z[0m [32m INFO[0m [2mbevy_diagnostic[0m[2m:[0m started_load_count:   69.000000   (avg 69.000000)
[2m2026-04-14T19:11:55.309963Z[0m [32m INFO[0m [2mbevy_diagnostic[0m[2m:[0m started_load_count:   69.000000   (avg 69.000000)
[2m2026-04-14T19:11:56.326323Z[0m [32m INFO[0m [2mbevy_diagnostic[0m[2m:[0m started_load_count:   69.000000   (avg 69.000000)
[2m2026-04-14T19:11:57.326823Z[0m [32m INFO[0m [2mbevy_diagnostic[0m[2m:[0m started_load_count:   69.000000   (avg 69.000000)
[2m2026-04-14T19:11:58.325854Z[0m [32m INFO[0m [2mbevy_diagnostic[0m[2m:[0m started_load_count:   69.000000   (avg 69.000000)
[2m2026-04-14T19:11:59.325649Z[0m [32m INFO[0m [2mbevy_diagnostic[0m[2m:[0m started_load_count:   69.000000   (avg 69.000000)
[2m2026-04-14T19:12:00.326526Z[0m [32m INFO[0m [2mbevy_diagnostic[0m[2m:[0m started_load_count:   69.000000   (avg 69.000000)
[2m2026-04-14T19:12:01.341938Z[0m [32m INFO[0m [2mbevy_diagnostic[0m[2m:[0m started_load_count:   69.000000   (avg 69.000000)
[2m2026-04-14T19:12:02.341441Z[0m [32m INFO[0m [2mbevy_diagnostic[0m[2m:[0m started_load_count:   69.000000   (avg 69.000000)
[2m2026-04-14T19:12:03.343644Z[0m [32m INFO[0m [2mbevy_diagnostic[0m[2m:[0m started_load_count:   69.000000   (avg 69.000000)
[2m2026-04-14T19:12:04.340068Z[0m [32m INFO[0m [2madv_civ::civilization::concepts::movement::movement_systems[0m[2m:[0m Player Tutankhamun of Illyria has ended movement
[2m2026-04-14T19:12:04.341312Z[0m [32m INFO[0m [2mbevy_diagnostic[0m[2m:[0m started_load_count:   69.000000   (avg 69.000000)
[2m2026-04-14T19:12:05.341982Z[0m [32m INFO[0m [2mbevy_diagnostic[0m[2m:[0m started_load_count:   69.000000   (avg 69.000000)
[2m2026-04-14T19:12:06.341570Z[0m [32m INFO[0m [2mbevy_diagnostic[0m[2m:[0m started_load_count:   69.000000   (avg 69.000000)
[2m2026-04-14T19:12:07.342153Z[0m [32m INFO[0m [2mbevy_diagnostic[0m[2m:[0m started_load_count:   69.000000   (avg 69.000000)
[2m2026-04-14T19:12:08.343064Z[0m [32m INFO[0m [2mbevy_diagnostic[0m[2m:[0m started_load_count:   69.000000   (avg 69.000000)
[2m2026-04-14T19:12:09.343446Z[0m [32m INFO[0m [2mbevy_diagnostic[0m[2m:[0m started_load_count:   69.000000   (avg 69.000000)
[2m2026-04-14T19:12:10.358908Z[0m [32m INFO[0m [2mbevy_diagnostic[0m[2m:[0m started_load_count:   69.000000   (avg 69.000000)
[2m2026-04-14T19:12:11.358307Z[0m [32m INFO[0m [2mbevy_diagnostic[0m[2m:[0m started_load_count:   69.000000   (avg 69.000000)
[2m2026-04-14T19:12:12.358487Z[0m [32m INFO[0m [2madv_civ::civilization::concepts::movement::movement_systems[0m[2m:[0m [SHIPS] Ferry: 1 token(s) moved 204v0 → 229v0; ship follows
[2m2026-04-14T19:12:12.358791Z[0m [32m INFO[0m [2mbevy_diagnostic[0m[2m:[0m started_load_count:   69.000000   (avg 69.000000)
[2m2026-04-14T19:12:13.360093Z[0m [32m INFO[0m [2mbevy_diagnostic[0m[2m:[0m started_load_count:   69.000000   (avg 69.000000)
[2m2026-04-14T19:12:14.376488Z[0m [32m INFO[0m [2mbevy_diagnostic[0m[2m:[0m started_load_count:   69.000000   (avg 69.000000)
[2m2026-04-14T19:12:15.377361Z[0m [32m INFO[0m [2mbevy_diagnostic[0m[2m:[0m started_load_count:   69.000000   (avg 69.000000)
[2m2026-04-14T19:12:16.390345Z[0m [32m INFO[0m [2mbevy_diagnostic[0m[2m:[0m started_load_count:   69.000000   (avg 69.000000)
[2m2026-04-14T19:12:17.398810Z[0m [32m INFO[0m [2mbevy_diagnostic[0m[2m:[0m started_load_count:   69.000000   (avg 69.000000)
[2m2026-04-14T19:12:18.390978Z[0m [32m INFO[0m [2mbevy_diagnostic[0m[2m:[0m started_load_count:   69.000000   (avg 69.000000)
[2m2026-04-14T19:12:19.393786Z[0m [32m INFO[0m [2mbevy_diagnostic[0m[2m:[0m started_load_count:   69.000000   (avg 69.000000)
[2m2026-04-14T19:12:20.392500Z[0m [32m INFO[0m [2mbevy_diagnostic[0m[2m:[0m started_load_count:   69.000000   (avg 69.000000)
[2m2026-04-14T19:12:21.392656Z[0m [32m INFO[0m [2mbevy_diagnostic[0m[2m:[0m started_load_count:   69.000000   (avg 69.000000)
[2m2026-04-14T19:12:22.393528Z[0m [32m INFO[0m [2mbevy_diagnostic[0m[2m:[0m started_load_count:   69.000000   (avg 69.000000)
[2m2026-04-14T19:12:23.409470Z[0m [32m INFO[0m [2madv_civ::civilization::concepts::movement::movement_systems[0m[2m:[0m Player Ramesses of Crete has ended movement
[2m2026-04-14T19:12:23.410208Z[0m [32m INFO[0m [2mbevy_diagnostic[0m[2m:[0m started_load_count:   69.000000   (avg 69.000000)
[2m2026-04-14T19:12:24.408071Z[0m [32m INFO[0m [2mbevy_diagnostic[0m[2m:[0m started_load_count:   69.000000   (avg 69.000000)
[2m2026-04-14T19:12:25.411053Z[0m [32m INFO[0m [2mbevy_diagnostic[0m[2m:[0m started_load_count:   69.000000   (avg 69.000000)
[2m2026-04-14T19:12:26.410874Z[0m [32m INFO[0m [2mbevy_diagnostic[0m[2m:[0m started_load_count:   69.000000   (avg 69.000000)
[2m2026-04-14T19:12:27.412139Z[0m [32m INFO[0m [2mbevy_diagnostic[0m[2m:[0m started_load_count:   69.000000   (avg 69.000000)
[2m2026-04-14T19:12:28.410520Z[0m [32m INFO[0m [2mbevy_diagnostic[0m[2m:[0m started_load_count:   69.000000   (avg 69.000000)
[2m2026-04-14T19:12:29.411492Z[0m [32m INFO[0m [2mbevy_diagnostic[0m[2m:[0m started_load_count:   69.000000   (avg 69.000000)
[2m2026-04-14T19:12:30.410274Z[0m [32m INFO[0m [2mbevy_diagnostic[0m[2m:[0m started_load_count:   69.000000   (avg 69.000000)
[2m2026-04-14T19:12:31.411094Z[0m [32m INFO[0m [2mbevy_diagnostic[0m[2m:[0m started_load_count:   69.000000   (avg 69.000000)
[2m2026-04-14T19:12:32.419206Z[0m [32m INFO[0m [2mbevy_diagnostic[0m[2m:[0m started_load_count:   69.000000   (avg 69.000000)
[2m2026-04-14T19:12:33.411257Z[0m [32m INFO[0m [2mbevy_diagnostic[0m[2m:[0m started_load_count:   69.000000   (avg 69.000000)
[2m2026-04-14T19:12:34.410125Z[0m [32m INFO[0m [2mbevy_diagnostic[0m[2m:[0m started_load_count:   69.000000   (avg 69.000000)
[2m2026-04-14T19:12:35.410404Z[0m [32m INFO[0m [2mbevy_diagnostic[0m[2m:[0m started_load_count:   69.000000   (avg 69.000000)
[2m2026-04-14T19:12:36.411280Z[0m [32m INFO[0m [2mbevy_diagnostic[0m[2m:[0m started_load_count:   69.000000   (avg 69.000000)
[2m2026-04-14T19:12:37.444158Z[0m [32m INFO[0m [2mbevy_diagnostic[0m[2m:[0m started_load_count:   69.000000   (avg 69.000000)
[2m2026-04-14T19:12:38.444725Z[0m [32m INFO[0m [2mbevy_diagnostic[0m[2m:[0m started_load_count:   69.000000   (avg 69.000000)
[2m2026-04-14T19:12:39.459438Z[0m [32m INFO[0m [2mbevy_diagnostic[0m[2m:[0m started_load_count:   69.000000   (avg 69.000000)
[2m2026-04-14T19:12:40.460133Z[0m [32m INFO[0m [2mbevy_diagnostic[0m[2m:[0m started_load_count:   69.000000   (avg 69.000000)
[2m2026-04-14T19:12:41.459424Z[0m [32m INFO[0m [2mbevy_diagnostic[0m[2m:[0m started_load_count:   69.000000   (avg 69.000000)
[2m2026-04-14T19:12:42.459594Z[0m [32m INFO[0m [2mbevy_diagnostic[0m[2m:[0m started_load_count:   69.000000   (avg 69.000000)
[2m2026-04-14T19:12:43.460757Z[0m [32m INFO[0m [2mbevy_diagnostic[0m[2m:[0m started_load_count:   69.000000   (avg 69.000000)
[2m2026-04-14T19:12:44.460610Z[0m [32m INFO[0m [2mbevy_diagnostic[0m[2m:[0m started_load_count:   69.000000   (avg 69.000000)
[2m2026-04-14T19:12:45.460668Z[0m [32m INFO[0m [2mbevy_diagnostic[0m[2m:[0m started_load_count:   69.000000   (avg 69.000000)
[2m2026-04-14T19:12:46.460485Z[0m [32m INFO[0m [2mbevy_diagnostic[0m[2m:[0m started_load_count:   69.000000   (avg 69.000000)
[2m2026-04-14T19:12:47.477910Z[0m [32m INFO[0m [2mbevy_diagnostic[0m[2m:[0m started_load_count:   69.000000   (avg 69.000000)
[2m2026-04-14T19:12:48.476253Z[0m [32m INFO[0m [2mbevy_diagnostic[0m[2m:[0m started_load_count:   69.000000   (avg 69.000000)
[2m2026-04-14T19:12:49.475936Z[0m [32m INFO[0m [2mbevy_diagnostic[0m[2m:[0m started_load_count:   69.000000   (avg 69.000000)
[2m2026-04-14T19:12:50.476122Z[0m [32m INFO[0m [2mbevy_diagnostic[0m[2m:[0m started_load_count:   69.000000   (avg 69.000000)
[2m2026-04-14T19:12:51.476498Z[0m [32m INFO[0m [2mbevy_diagnostic[0m[2m:[0m started_load_count:   69.000000   (avg 69.000000)
[2m2026-04-14T19:12:52.477346Z[0m [32m INFO[0m [2mbevy_diagnostic[0m[2m:[0m started_load_count:   69.000000   (avg 69.000000)
[2m2026-04-14T19:12:53.477726Z[0m [32m INFO[0m [2mbevy_diagnostic[0m[2m:[0m started_load_count:   69.000000   (avg 69.000000)
[2m2026-04-14T19:12:54.477495Z[0m [32m INFO[0m [2mbevy_diagnostic[0m[2m:[0m started_load_count:   69.000000   (avg 69.000000)
[2m2026-04-14T19:12:55.478273Z[0m [32m INFO[0m [2mbevy_diagnostic[0m[2m:[0m started_load_count:   69.000000   (avg 69.000000)
[2m2026-04-14T19:12:56.477159Z[0m [32m INFO[0m [2mbevy_diagnostic[0m[2m:[0m started_load_count:   69.000000   (avg 69.000000)
[2m2026-04-14T19:12:57.477471Z[0m [32m INFO[0m [2mbevy_diagnostic[0m[2m:[0m started_load_count:   69.000000   (avg 69.000000)
[2m2026-04-14T19:12:58.477634Z[0m [32m INFO[0m [2mbevy_diagnostic[0m[2m:[0m started_load_count:   69.000000   (avg 69.000000)
[2m2026-04-14T19:12:59.478042Z[0m [32m INFO[0m [2mbevy_diagnostic[0m[2m:[0m started_load_count:   69.000000   (avg 69.000000)
[2m2026-04-14T19:13:00.492446Z[0m [32m INFO[0m [2mbevy_diagnostic[0m[2m:[0m started_load_count:   69.000000   (avg 69.000000)
[2m2026-04-14T19:13:01.492658Z[0m [32m INFO[0m [2mbevy_diagnostic[0m[2m:[0m started_load_count:   69.000000   (avg 69.000000)
[2m2026-04-14T19:13:02.494435Z[0m [32m INFO[0m [2mbevy_diagnostic[0m[2m:[0m started_load_count:   69.000000   (avg 69.000000)
[2m2026-04-14T19:13:03.493239Z[0m [32m INFO[0m [2mbevy_diagnostic[0m[2m:[0m started_load_count:   69.000000   (avg 69.000000)
[2m2026-04-14T19:13:04.492914Z[0m [32m INFO[0m [2mbevy_diagnostic[0m[2m:[0m started_load_count:   69.000000   (avg 69.000000)
[2m2026-04-14T19:13:05.493723Z[0m [32m INFO[0m [2mbevy_diagnostic[0m[2m:[0m started_load_count:   69.000000   (avg 69.000000)
[2m2026-04-14T19:13:06.494080Z[0m [32m INFO[0m [2mbevy_diagnostic[0m[2m:[0m started_load_count:   69.000000   (avg 69.000000)
[2m2026-04-14T19:13:07.494228Z[0m [32m INFO[0m [2mbevy_diagnostic[0m[2m:[0m started_load_count:   69.000000   (avg 69.000000)
[2m2026-04-14T19:13:08.500791Z[0m [32m INFO[0m [2madv_civ::civilization::concepts::movement::movement_systems[0m[2m:[0m Player Hammurabi of Asia has ended movement
[2m2026-04-14T19:13:08.501422Z[0m [32m INFO[0m [2mbevy_diagnostic[0m[2m:[0m started_load_count:   69.000000   (avg 69.000000)
[2m2026-04-14T19:13:09.508552Z[0m [32m INFO[0m [2mbevy_diagnostic[0m[2m:[0m started_load_count:   69.000000   (avg 69.000000)
[2m2026-04-14T19:13:10.512640Z[0m [32m INFO[0m [2mbevy_diagnostic[0m[2m:[0m started_load_count:   69.000000   (avg 69.000000)
[2m2026-04-14T19:13:11.510483Z[0m [32m INFO[0m [2mbevy_diagnostic[0m[2m:[0m started_load_count:   69.000000   (avg 69.000000)
[2m2026-04-14T19:13:12.510295Z[0m [32m INFO[0m [2mbevy_diagnostic[0m[2m:[0m started_load_count:   69.000000   (avg 69.000000)
[2m2026-04-14T19:13:13.509923Z[0m [32m INFO[0m [2mbevy_diagnostic[0m[2m:[0m started_load_count:   69.000000   (avg 69.000000)
[2m2026-04-14T19:13:14.510376Z[0m [32m INFO[0m [2mbevy_diagnostic[0m[2m:[0m started_load_count:   69.000000   (avg 69.000000)
[2m2026-04-14T19:13:15.510207Z[0m [32m INFO[0m [2mbevy_diagnostic[0m[2m:[0m started_load_count:   69.000000   (avg 69.000000)
[2m2026-04-14T19:13:16.511234Z[0m [32m INFO[0m [2mbevy_diagnostic[0m[2m:[0m started_load_count:   69.000000   (avg 69.000000)
[2m2026-04-14T19:13:17.512487Z[0m [32m INFO[0m [2mbevy_diagnostic[0m[2m:[0m started_load_count:   69.000000   (avg 69.000000)
[2m2026-04-14T19:13:18.510525Z[0m [32m INFO[0m [2mbevy_diagnostic[0m[2m:[0m started_load_count:   69.000000   (avg 69.000000)
[2m2026-04-14T19:13:19.511847Z[0m [32m INFO[0m [2mbevy_diagnostic[0m[2m:[0m started_load_count:   69.000000   (avg 69.000000)
[2m2026-04-14T19:13:20.511659Z[0m [32m INFO[0m [2mbevy_diagnostic[0m[2m:[0m started_load_count:   69.000000   (avg 69.000000)
[2m2026-04-14T19:13:21.510591Z[0m [32m INFO[0m [2mbevy_diagnostic[0m[2m:[0m started_load_count:   69.000000   (avg 69.000000)
[2m2026-04-14T19:13:22.521144Z[0m [32m INFO[0m [2mbevy_diagnostic[0m[2m:[0m started_load_count:   69.000000   (avg 69.000000)
[2m2026-04-14T19:13:23.529011Z[0m [32m INFO[0m [2mbevy_diagnostic[0m[2m:[0m started_load_count:   69.000000   (avg 69.000000)
[2m2026-04-14T19:13:24.526921Z[0m [32m INFO[0m [2mbevy_diagnostic[0m[2m:[0m started_load_count:   69.000000   (avg 69.000000)
[2m2026-04-14T19:13:25.526897Z[0m [32m INFO[0m [2mbevy_diagnostic[0m[2m:[0m started_load_count:   69.000000   (avg 69.000000)
[2m2026-04-14T19:13:26.526961Z[0m [32m INFO[0m [2mbevy_diagnostic[0m[2m:[0m started_load_count:   69.000000   (avg 69.000000)
[2m2026-04-14T19:13:27.527067Z[0m [32m INFO[0m [2mbevy_diagnostic[0m[2m:[0m started_load_count:   69.000000   (avg 69.000000)
[2m2026-04-14T19:13:28.536815Z[0m [32m INFO[0m [2mbevy_diagnostic[0m[2m:[0m started_load_count:   69.000000   (avg 69.000000)
[2m2026-04-14T19:13:29.547239Z[0m [32m INFO[0m [2mbevy_diagnostic[0m[2m:[0m started_load_count:   69.000000   (avg 69.000000)
[2m2026-04-14T19:13:30.543709Z[0m [32m INFO[0m [2mbevy_diagnostic[0m[2m:[0m started_load_count:   69.000000   (avg 69.000000)
[2m2026-04-14T19:13:31.550775Z[0m [32m INFO[0m [2mbevy_diagnostic[0m[2m:[0m started_load_count:   69.000000   (avg 69.000000)
[2m2026-04-14T19:13:32.550806Z[0m [32m INFO[0m [2mbevy_diagnostic[0m[2m:[0m started_load_count:   69.000000   (avg 69.000000)
[2m2026-04-14T19:13:33.545098Z[0m [32m INFO[0m [2mbevy_diagnostic[0m[2m:[0m started_load_count:   69.000000   (avg 69.000000)
[2m2026-04-14T19:13:34.554463Z[0m [32m INFO[0m [2mbevy_diagnostic[0m[2m:[0m started_load_count:   69.000000   (avg 69.000000)
[2m2026-04-14T19:13:35.566839Z[0m [32m INFO[0m [2mbevy_diagnostic[0m[2m:[0m started_load_count:   69.000000   (avg 69.000000)
[2m2026-04-14T19:13:36.564202Z[0m [32m INFO[0m [2mbevy_diagnostic[0m[2m:[0m started_load_count:   69.000000   (avg 69.000000)
[2m2026-04-14T19:13:37.561094Z[0m [32m INFO[0m [2mbevy_diagnostic[0m[2m:[0m started_load_count:   69.000000   (avg 69.000000)
[2m2026-04-14T19:13:38.563347Z[0m [32m INFO[0m [2mbevy_diagnostic[0m[2m:[0m started_load_count:   69.000000   (avg 69.000000)
[2m2026-04-14T19:13:39.559961Z[0m [32m INFO[0m [2mbevy_diagnostic[0m[2m:[0m started_load_count:   69.000000   (avg 69.000000)
[2m2026-04-14T19:13:40.561092Z[0m [32m INFO[0m [2mbevy_diagnostic[0m[2m:[0m started_load_count:   69.000000   (avg 69.000000)
[2m2026-04-14T19:13:41.563057Z[0m [32m INFO[0m [2mbevy_diagnostic[0m[2m:[0m started_load_count:   69.000000   (avg 69.000000)
[2m2026-04-14T19:13:42.563426Z[0m [32m INFO[0m [2mbevy_diagnostic[0m[2m:[0m started_load_count:   69.000000   (avg 69.000000)
[2m2026-04-14T19:13:43.562911Z[0m [32m INFO[0m [2mbevy_diagnostic[0m[2m:[0m started_load_count:   69.000000   (avg 69.000000)
[2m2026-04-14T19:13:44.562601Z[0m [32m INFO[0m [2mbevy_diagnostic[0m[2m:[0m started_load_count:   69.000000   (avg 69.000000)
[2m2026-04-14T19:13:45.561586Z[0m [32m INFO[0m [2mbevy_diagnostic[0m[2m:[0m started_load_count:   69.000000   (avg 69.000000)
[2m2026-04-14T19:13:46.564396Z[0m [32m INFO[0m [2mbevy_diagnostic[0m[2m:[0m started_load_count:   69.000000   (avg 69.000000)
[2m2026-04-14T19:13:47.564269Z[0m [32m INFO[0m [2mbevy_diagnostic[0m[2m:[0m started_load_count:   69.000000   (avg 69.000000)
[2m2026-04-14T19:13:48.562751Z[0m [32m INFO[0m [2mbevy_diagnostic[0m[2m:[0m started_load_count:   69.000000   (avg 69.000000)
[2m2026-04-14T19:13:49.558678Z[0m [32m INFO[0m [2mbevy_diagnostic[0m[2m:[0m started_load_count:   69.000000   (avg 69.000000)
[2m2026-04-14T19:13:50.571924Z[0m [32m INFO[0m [2mbevy_diagnostic[0m[2m:[0m started_load_count:   69.000000   (avg 69.000000)
[2m2026-04-14T19:13:51.584173Z[0m [32m INFO[0m [2mbevy_diagnostic[0m[2m:[0m started_load_count:   69.000000   (avg 69.000000)
[2m2026-04-14T19:13:52.599738Z[0m [32m INFO[0m [2mbevy_diagnostic[0m[2m:[0m started_load_count:   69.000000   (avg 69.000000)
[2m2026-04-14T19:13:53.611534Z[0m [32m INFO[0m [2madv_civ::civilization::concepts::movement::movement_systems[0m[2m:[0m Player Hatshepsut of Thrace has ended movement
[2m2026-04-14T19:13:53.613088Z[0m [32m INFO[0m [2mbevy_diagnostic[0m[2m:[0m started_load_count:   69.000000   (avg 69.000000)
[2m2026-04-14T19:13:54.624245Z[0m [32m INFO[0m [2mbevy_diagnostic[0m[2m:[0m started_load_count:   69.000000   (avg 69.000000)
[2m2026-04-14T19:13:55.634860Z[0m [32m INFO[0m [2mbevy_diagnostic[0m[2m:[0m started_load_count:   69.000000   (avg 69.000000)
[2m2026-04-14T19:13:56.653967Z[0m [32m INFO[0m [2mbevy_diagnostic[0m[2m:[0m started_load_count:   69.000000   (avg 69.000000)
[2m2026-04-14T19:13:57.677099Z[0m [32m INFO[0m [2mbevy_diagnostic[0m[2m:[0m started_load_count:   69.000000   (avg 69.000000)
[2m2026-04-14T19:13:58.677510Z[0m [32m INFO[0m [2mbevy_diagnostic[0m[2m:[0m started_load_count:   69.000000   (avg 69.000000)
[2m2026-04-14T19:13:59.680083Z[0m [32m INFO[0m [2mbevy_diagnostic[0m[2m:[0m started_load_count:   69.000000   (avg 69.000000)
[2m2026-04-14T19:14:00.677973Z[0m [32m INFO[0m [2mbevy_diagnostic[0m[2m:[0m started_load_count:   69.000000   (avg 69.000000)
[2m2026-04-14T19:14:01.679472Z[0m [32m INFO[0m [2mbevy_diagnostic[0m[2m:[0m started_load_count:   69.000000   (avg 69.000000)
[2m2026-04-14T19:14:02.678978Z[0m [32m INFO[0m [2mbevy_diagnostic[0m[2m:[0m started_load_count:   69.000000   (avg 69.000000)
[2m2026-04-14T19:14:03.684889Z[0m [32m INFO[0m [2mbevy_diagnostic[0m[2m:[0m started_load_count:   69.000000   (avg 69.000000)
[2m2026-04-14T19:14:04.678876Z[0m [32m INFO[0m [2mbevy_diagnostic[0m[2m:[0m started_load_count:   69.000000   (avg 69.000000)
[2m2026-04-14T19:14:05.681028Z[0m [32m INFO[0m [2mbevy_diagnostic[0m[2m:[0m started_load_count:   69.000000   (avg 69.000000)
[2m2026-04-14T19:14:06.680109Z[0m [32m INFO[0m [2mbevy_diagnostic[0m[2m:[0m started_load_count:   69.000000   (avg 69.000000)
[2m2026-04-14T19:14:07.676490Z[0m [32m INFO[0m [2mbevy_diagnostic[0m[2m:[0m started_load_count:   69.000000   (avg 69.000000)
[2m2026-04-14T19:14:08.677755Z[0m [32m INFO[0m [2mbevy_diagnostic[0m[2m:[0m started_load_count:   69.000000   (avg 69.000000)
[2m2026-04-14T19:14:09.677550Z[0m [32m INFO[0m [2mbevy_diagnostic[0m[2m:[0m started_load_count:   69.000000   (avg 69.000000)
[2m2026-04-14T19:14:10.694104Z[0m [32m INFO[0m [2mbevy_diagnostic[0m[2m:[0m started_load_count:   69.000000   (avg 69.000000)
[2m2026-04-14T19:14:11.693547Z[0m [32m INFO[0m [2mbevy_diagnostic[0m[2m:[0m started_load_count:   69.000000   (avg 69.000000)
[2m2026-04-14T19:14:12.694338Z[0m [32m INFO[0m [2mbevy_diagnostic[0m[2m:[0m started_load_count:   69.000000   (avg 69.000000)
[2m2026-04-14T19:14:13.693735Z[0m [32m INFO[0m [2mbevy_diagnostic[0m[2m:[0m started_load_count:   69.000000   (avg 69.000000)
[2m2026-04-14T19:14:14.694507Z[0m [32m INFO[0m [2mbevy_diagnostic[0m[2m:[0m started_load_count:   69.000000   (avg 69.000000)
[2m2026-04-14T19:14:15.694988Z[0m [32m INFO[0m [2mbevy_diagnostic[0m[2m:[0m started_load_count:   69.000000   (avg 69.000000)
[2m2026-04-14T19:14:16.693661Z[0m [32m INFO[0m [2madv_civ::civilization::concepts::movement::movement_systems[0m[2m:[0m Player Pericles of Babylon has ended movement
[2m2026-04-14T19:14:16.694764Z[0m [32m INFO[0m [2mbevy_diagnostic[0m[2m:[0m started_load_count:   69.000000   (avg 69.000000)
[2m2026-04-14T19:14:17.694058Z[0m [32m INFO[0m [2mbevy_diagnostic[0m[2m:[0m started_load_count:   69.000000   (avg 69.000000)
[2m2026-04-14T19:14:18.695486Z[0m [32m INFO[0m [2mbevy_diagnostic[0m[2m:[0m started_load_count:   69.000000   (avg 69.000000)
[2m2026-04-14T19:14:19.694537Z[0m [32m INFO[0m [2mbevy_diagnostic[0m[2m:[0m started_load_count:   69.000000   (avg 69.000000)
[2m2026-04-14T19:14:20.695439Z[0m [32m INFO[0m [2mbevy_diagnostic[0m[2m:[0m started_load_count:   69.000000   (avg 69.000000)
[2m2026-04-14T19:14:21.696287Z[0m [32m INFO[0m [2mbevy_diagnostic[0m[2m:[0m started_load_count:   69.000000   (avg 69.000000)
[2m2026-04-14T19:14:22.711001Z[0m [32m INFO[0m [2mbevy_diagnostic[0m[2m:[0m started_load_count:   69.000000   (avg 69.000000)
[2m2026-04-14T19:14:23.712006Z[0m [32m INFO[0m [2mbevy_diagnostic[0m[2m:[0m started_load_count:   69.000000   (avg 69.000000)
[2m2026-04-14T19:14:24.709565Z[0m [32m INFO[0m [2mbevy_diagnostic[0m[2m:[0m started_load_count:   69.000000   (avg 69.000000)
[2m2026-04-14T19:14:25.711285Z[0m [32m INFO[0m [2mbevy_diagnostic[0m[2m:[0m started_load_count:   69.000000   (avg 69.000000)
[2m2026-04-14T19:14:26.709922Z[0m [32m INFO[0m [2mbevy_diagnostic[0m[2m:[0m started_load_count:   69.000000   (avg 69.000000)
[2m2026-04-14T19:14:27.712239Z[0m [32m INFO[0m [2mbevy_diagnostic[0m[2m:[0m started_load_count:   69.000000   (avg 69.000000)
[2m2026-04-14T19:14:28.711777Z[0m [32m INFO[0m [2mbevy_diagnostic[0m[2m:[0m started_load_count:   69.000000   (avg 69.000000)
[2m2026-04-14T19:14:29.713275Z[0m [32m INFO[0m [2mbevy_diagnostic[0m[2m:[0m started_load_count:   69.000000   (avg 69.000000)
[2m2026-04-14T19:14:30.712181Z[0m [32m INFO[0m [2mbevy_diagnostic[0m[2m:[0m started_load_count:   69.000000   (avg 69.000000)
[2m2026-04-14T19:14:31.728513Z[0m [32m INFO[0m [2mbevy_diagnostic[0m[2m:[0m started_load_count:   69.000000   (avg 69.000000)
[2m2026-04-14T19:14:32.746122Z[0m [32m INFO[0m [2mbevy_diagnostic[0m[2m:[0m started_load_count:   69.000000   (avg 69.000000)
[2m2026-04-14T19:14:33.746990Z[0m [32m INFO[0m [2mbevy_diagnostic[0m[2m:[0m started_load_count:   69.000000   (avg 69.000000)
[2m2026-04-14T19:14:34.745063Z[0m [32m INFO[0m [2madv_civ::civilization::concepts::movement::movement_systems[0m[2m:[0m Player Leonidas of Iberia has ended movement
[2m2026-04-14T19:14:34.745097Z[0m [32m INFO[0m [2madv_civ::civilization::concepts::movement::movement_systems[0m[2m:[0m No more players to move, transitioning to Conflict
[2m2026-04-14T19:14:34.746295Z[0m [32m INFO[0m [2mbevy_diagnostic[0m[2m:[0m started_load_count:   69.000000   (avg 69.000000)
[2m2026-04-14T19:14:35.744630Z[0m [32m INFO[0m [2madv_civ::civilization::concepts::conflict::conflict_systems[0m[2m:[0m Found 5 conflicts, remaining in Conflict
[2m2026-04-14T19:14:35.744652Z[0m [32m INFO[0m [2madv_civ::civilization::concepts::conflict::conflict_triggers[0m[2m:[0m [CONFLICT] Regular conflict in '83:Vindobona': 2 players, 3 tokens, max_pop=2, conflicts_pending=5, human_involved=false
[2m2026-04-14T19:14:35.744660Z[0m [32m INFO[0m [2madv_civ::civilization::concepts::conflict::conflict_triggers[0m[2m:[0m   Player 1 (340v0): 2 tokens
[2m2026-04-14T19:14:35.744664Z[0m [32m INFO[0m [2madv_civ::civilization::concepts::conflict::conflict_triggers[0m[2m:[0m   Player 2 (706v0): 1 tokens
[2m2026-04-14T19:14:35.744670Z[0m [32m INFO[0m [2madv_civ::civilization::concepts::conflict::conflict_triggers[0m[2m:[0m [CONFLICT] Resolved '83:Vindobona' via unequal_lengths: 2 tokens remaining (was 3)
[2m2026-04-14T19:14:35.744673Z[0m [32m INFO[0m [2madv_civ::civilization::concepts::conflict::conflict_triggers[0m[2m:[0m [CONFLICT] Conflicts remaining: 4
[2m2026-04-14T19:14:35.744694Z[0m [32m INFO[0m [2madv_civ::civilization::concepts::conflict::conflict_triggers[0m[2m:[0m [CONFLICT] Regular conflict in '15:Olynthus': 2 players, 3 tokens, max_pop=1, conflicts_pending=4, human_involved=false
[2m2026-04-14T19:14:35.744698Z[0m [32m INFO[0m [2madv_civ::civilization::concepts::conflict::conflict_triggers[0m[2m:[0m   Player 1 (523v0): 2 tokens
[2m2026-04-14T19:14:35.744700Z[0m [32m INFO[0m [2madv_civ::civilization::concepts::conflict::conflict_triggers[0m[2m:[0m   Player 2 (279v0): 1 tokens
[2m2026-04-14T19:14:35.744704Z[0m [32m INFO[0m [2madv_civ::civilization::concepts::conflict::conflict_triggers[0m[2m:[0m [CONFLICT] Resolved '15:Olynthus' via max_pop=1: 2 tokens remaining (was 3)
[2m2026-04-14T19:14:35.744706Z[0m [32m INFO[0m [2madv_civ::civilization::concepts::conflict::conflict_triggers[0m[2m:[0m [CONFLICT] Conflicts remaining: 3
[2m2026-04-14T19:14:35.744717Z[0m [32m INFO[0m [2madv_civ::civilization::concepts::conflict::conflict_triggers[0m[2m:[0m [CONFLICT] Regular conflict in '21:Patavium': 2 players, 2 tokens, max_pop=1, conflicts_pending=3, human_involved=false
[2m2026-04-14T19:14:35.744722Z[0m [32m INFO[0m [2madv_civ::civilization::concepts::conflict::conflict_triggers[0m[2m:[0m   Player 1 (401v0): 1 tokens
[2m2026-04-14T19:14:35.744724Z[0m [32m INFO[0m [2madv_civ::civilization::concepts::conflict::conflict_triggers[0m[2m:[0m   Player 2 (706v0): 1 tokens
[2m2026-04-14T19:14:35.744729Z[0m [32m INFO[0m [2madv_civ::civilization::concepts::conflict::conflict_triggers[0m[2m:[0m [CONFLICT] Resolved '21:Patavium' via max_pop=1: 0 tokens remaining (was 2)
[2m2026-04-14T19:14:35.744731Z[0m [32m INFO[0m [2madv_civ::civilization::concepts::conflict::conflict_triggers[0m[2m:[0m [CONFLICT] Conflicts remaining: 2
[2m2026-04-14T19:14:35.744747Z[0m [32m INFO[0m [2madv_civ::civilization::concepts::conflict::conflict_triggers[0m[2m:[0m [CITY CONFLICT] City conflict in '39:Gortyn': owner=340v0 (0 tokens), 1 invaders, total=3, max_pop=3, conflicts_pending=2
[2m2026-04-14T19:14:35.744751Z[0m [32m INFO[0m [2madv_civ::civilization::concepts::conflict::conflict_triggers[0m[2m:[0m   Invader 401v0: 3 tokens
[2m2026-04-14T19:14:35.744754Z[0m [32m INFO[0m [2madv_civ::civilization::concepts::conflict::conflict_triggers[0m[2m:[0m [CITY CONFLICT] Small invaders (<=6 tokens each) - eliminating them
[2m2026-04-14T19:14:35.744758Z[0m [32m INFO[0m [2madv_civ::civilization::concepts::conflict::conflict_triggers[0m[2m:[0m [CITY CONFLICT] Returned 3 tokens to player 401v0
[2m2026-04-14T19:14:35.744761Z[0m [32m INFO[0m [2madv_civ::civilization::concepts::conflict::conflict_triggers[0m[2m:[0m [CITY CONFLICT] After resolution: 0 tokens remaining (was 3)
[2m2026-04-14T19:14:35.744764Z[0m [32m INFO[0m [2madv_civ::civilization::concepts::conflict::conflict_triggers[0m[2m:[0m [CITY CONFLICT] Conflicts remaining: 1
[2m2026-04-14T19:14:35.744798Z[0m [32m INFO[0m [2madv_civ::civilization::concepts::conflict::conflict_triggers[0m[2m:[0m [CITY CONFLICT] City conflict in '27:Perge': owner=279v0 (0 tokens), 1 invaders, total=1, max_pop=3, conflicts_pending=1
[2m2026-04-14T19:14:35.744801Z[0m [32m INFO[0m [2madv_civ::civilization::concepts::conflict::conflict_triggers[0m[2m:[0m   Invader 462v0: 1 tokens
[2m2026-04-14T19:14:35.744803Z[0m [32m INFO[0m [2madv_civ::civilization::concepts::conflict::conflict_triggers[0m[2m:[0m [CITY CONFLICT] Small invaders (<=6 tokens each) - eliminating them
[2m2026-04-14T19:14:35.744807Z[0m [32m INFO[0m [2madv_civ::civilization::concepts::conflict::conflict_triggers[0m[2m:[0m [CITY CONFLICT] Returned 1 tokens to player 462v0
[2m2026-04-14T19:14:35.744810Z[0m [32m INFO[0m [2madv_civ::civilization::concepts::conflict::conflict_triggers[0m[2m:[0m [CITY CONFLICT] After resolution: 0 tokens remaining (was 1)
[2m2026-04-14T19:14:35.744812Z[0m [32m INFO[0m [2madv_civ::civilization::concepts::conflict::conflict_triggers[0m[2m:[0m [CITY CONFLICT] Conflicts remaining: 0
[2m2026-04-14T19:14:35.744814Z[0m [32m INFO[0m [2madv_civ::civilization::concepts::conflict::conflict_triggers[0m[2m:[0m [CITY CONFLICT] All conflicts resolved, transitioning to CityConstruction
[2m2026-04-14T19:14:35.746174Z[0m [32m INFO[0m [2mbevy_diagnostic[0m[2m:[0m started_load_count:   69.000000   (avg 69.000000)
[2m2026-04-14T19:14:36.744892Z[0m [32m INFO[0m [2madv_civ::civilization::concepts::city_construction::city_construction_systems[0m[2m:[0m [CITY_CONSTRUCTION] Entering city construction phase
[2m2026-04-14T19:14:36.744902Z[0m [32m INFO[0m [2madv_civ::civilization::concepts::city_construction::city_construction_systems[0m[2m:[0m [CITY_CONSTRUCTION] LoadingFromSave present: false
[2m2026-04-14T19:14:36.744905Z[0m [32m INFO[0m [2madv_civ::civilization::concepts::city_construction::city_construction_systems[0m[2m:[0m [CITY_CONSTRUCTION] Total players: 8
[2m2026-04-14T19:14:36.744907Z[0m [32m INFO[0m [2madv_civ::civilization::concepts::city_construction::city_construction_systems[0m[2m:[0m [CITY_CONSTRUCTION] Marking Africa for building
[2m2026-04-14T19:14:36.744909Z[0m [32m INFO[0m [2madv_civ::civilization::concepts::city_construction::city_construction_systems[0m[2m:[0m [CITY_CONSTRUCTION] Marking Assyria for building
[2m2026-04-14T19:14:36.744910Z[0m [32m INFO[0m [2madv_civ::civilization::concepts::city_construction::city_construction_systems[0m[2m:[0m [CITY_CONSTRUCTION] Marking Illyria for building
[2m2026-04-14T19:14:36.744911Z[0m [32m INFO[0m [2madv_civ::civilization::concepts::city_construction::city_construction_systems[0m[2m:[0m [CITY_CONSTRUCTION] Marking Crete for building
[2m2026-04-14T19:14:36.744912Z[0m [32m INFO[0m [2madv_civ::civilization::concepts::city_construction::city_construction_systems[0m[2m:[0m [CITY_CONSTRUCTION] Marking Asia for building
[2m2026-04-14T19:14:36.744913Z[0m [32m INFO[0m [2madv_civ::civilization::concepts::city_construction::city_construction_systems[0m[2m:[0m [CITY_CONSTRUCTION] Marking Babylon for building
[2m2026-04-14T19:14:36.744914Z[0m [32m INFO[0m [2madv_civ::civilization::concepts::city_construction::city_construction_systems[0m[2m:[0m [CITY_CONSTRUCTION] Marking Thrace for building
[2m2026-04-14T19:14:36.744916Z[0m [32m INFO[0m [2madv_civ::civilization::concepts::city_construction::city_construction_systems[0m[2m:[0m [CITY_CONSTRUCTION] Marking Iberia for building
[2m2026-04-14T19:14:36.744917Z[0m [32m INFO[0m [2madv_civ::civilization::concepts::city_construction::city_construction_systems[0m[2m:[0m [CITY_CONSTRUCTION] Summary: 8 marked for building, 0 skipped
[2m2026-04-14T19:14:36.744918Z[0m [32m INFO[0m [2madv_civ::civilization::concepts::city_construction::city_construction_systems[0m[2m:[0m [CITY_CONSTRUCTION] Inserted CityConstructionPhaseActive resource
[2m2026-04-14T19:14:36.746440Z[0m [32m INFO[0m [2mbevy_diagnostic[0m[2m:[0m started_load_count:   69.000000   (avg 69.000000)
[2m2026-04-14T19:14:37.746903Z[0m [32m INFO[0m [2mbevy_diagnostic[0m[2m:[0m started_load_count:   69.000000   (avg 69.000000)
[2m2026-04-14T19:14:38.759793Z[0m [32m INFO[0m [2mbevy_diagnostic[0m[2m:[0m started_load_count:   69.000000   (avg 69.000000)
[2m2026-04-14T19:14:39.760677Z[0m [32m INFO[0m [2madv_civ::civilization::concepts::city_construction::city_construction_systems[0m[2m:[0m [CITY_CONSTRUCTION] Gate: No players with IsBuilding, transitioning to RemoveSurplusPopulation
[2m2026-04-14T19:14:39.761988Z[0m [32m INFO[0m [2mbevy_diagnostic[0m[2m:[0m started_load_count:   69.000000   (avg 69.000000)
[2m2026-04-14T19:14:40.760390Z[0m [32m INFO[0m [2madv_civ::civilization::concepts::remove_surplus_population::remove_surplus_systems[0m[2m:[0m [SURPLUS] '49:Gaza' has surplus: total=2, max=1, surplus=1, players=1, has_city=false
[2m2026-04-14T19:14:40.760416Z[0m [32m INFO[0m [2madv_civ::civilization::concepts::remove_surplus_population::remove_surplus_systems[0m[2m:[0m [SURPLUS] '49:Gaza': Removing surplus tokens from single-player area
[2m2026-04-14T19:14:40.760431Z[0m [32m INFO[0m [2madv_civ::civilization::concepts::remove_surplus_population::remove_surplus_systems[0m[2m:[0m [SURPLUS] '49:Gaza': After removal: 2 -> 1 tokens, surplus=0
[2m2026-04-14T19:14:40.760436Z[0m [32m INFO[0m [2madv_civ::civilization::concepts::remove_surplus_population::remove_surplus_systems[0m[2m:[0m [SURPLUS] '43:Himera' has surplus: total=2, max=1, surplus=1, players=1, has_city=false
[2m2026-04-14T19:14:40.760439Z[0m [32m INFO[0m [2madv_civ::civilization::concepts::remove_surplus_population::remove_surplus_systems[0m[2m:[0m [SURPLUS] '43:Himera': Removing surplus tokens from single-player area
[2m2026-04-14T19:14:40.760443Z[0m [32m INFO[0m [2madv_civ::civilization::concepts::remove_surplus_population::remove_surplus_systems[0m[2m:[0m [SURPLUS] '43:Himera': After removal: 2 -> 1 tokens, surplus=0
[2m2026-04-14T19:14:40.760447Z[0m [32m INFO[0m [2madv_civ::civilization::concepts::remove_surplus_population::remove_surplus_systems[0m[2m:[0m [SURPLUS] '100:Phaselis' has surplus: total=4, max=2, surplus=2, players=1, has_city=false
[2m2026-04-14T19:14:40.760450Z[0m [32m INFO[0m [2madv_civ::civilization::concepts::remove_surplus_population::remove_surplus_systems[0m[2m:[0m [SURPLUS] '100:Phaselis': Removing surplus tokens from single-player area
[2m2026-04-14T19:14:40.760454Z[0m [32m INFO[0m [2madv_civ::civilization::concepts::remove_surplus_population::remove_surplus_systems[0m[2m:[0m [SURPLUS] '100:Phaselis': After removal: 4 -> 2 tokens, surplus=0
[2m2026-04-14T19:14:40.760461Z[0m [32m INFO[0m [2madv_civ::civilization::concepts::remove_surplus_population::remove_surplus_systems[0m[2m:[0m [SURPLUS] '9:Syracuse' has surplus: total=4, max=2, surplus=2, players=1, has_city=false
[2m2026-04-14T19:14:40.760465Z[0m [32m INFO[0m [2madv_civ::civilization::concepts::remove_surplus_population::remove_surplus_systems[0m[2m:[0m [SURPLUS] '9:Syracuse': Removing surplus tokens from single-player area
[2m2026-04-14T19:14:40.760468Z[0m [32m INFO[0m [2madv_civ::civilization::concepts::remove_surplus_population::remove_surplus_systems[0m[2m:[0m [SURPLUS] '9:Syracuse': After removal: 4 -> 2 tokens, surplus=0
[2m2026-04-14T19:14:40.760472Z[0m [32m INFO[0m [2madv_civ::civilization::concepts::remove_surplus_population::remove_surplus_systems[0m[2m:[0m [SURPLUS] '6:Saguntum' has surplus: total=2, max=1, surplus=1, players=1, has_city=false
[2m2026-04-14T19:14:40.760475Z[0m [32m INFO[0m [2madv_civ::civilization::concepts::remove_surplus_population::remove_surplus_systems[0m[2m:[0m [SURPLUS] '6:Saguntum': Removing surplus tokens from single-player area
[2m2026-04-14T19:14:40.760478Z[0m [32m INFO[0m [2madv_civ::civilization::concepts::remove_surplus_population::remove_surplus_systems[0m[2m:[0m [SURPLUS] '6:Saguntum': After removal: 2 -> 1 tokens, surplus=0
[2m2026-04-14T19:14:40.760484Z[0m [32m INFO[0m [2madv_civ::civilization::concepts::remove_surplus_population::remove_surplus_systems[0m[2m:[0m [SURPLUS] '126:Homs' has surplus: total=2, max=1, surplus=1, players=1, has_city=false
[2m2026-04-14T19:14:40.760487Z[0m [32m INFO[0m [2madv_civ::civilization::concepts::remove_surplus_population::remove_surplus_systems[0m[2m:[0m [SURPLUS] '126:Homs': Removing surplus tokens from single-player area
[2m2026-04-14T19:14:40.760490Z[0m [32m INFO[0m [2madv_civ::civilization::concepts::remove_surplus_population::remove_surplus_systems[0m[2m:[0m [SURPLUS] '126:Homs': After removal: 2 -> 1 tokens, surplus=0
[2m2026-04-14T19:14:40.760497Z[0m [32m INFO[0m [2madv_civ::civilization::concepts::remove_surplus_population::remove_surplus_systems[0m[2m:[0m [SURPLUS] '117:Philippi' has surplus: total=2, max=1, surplus=1, players=1, has_city=false
[2m2026-04-14T19:14:40.760500Z[0m [32m INFO[0m [2madv_civ::civilization::concepts::remove_surplus_population::remove_surplus_systems[0m[2m:[0m [SURPLUS] '117:Philippi': Removing surplus tokens from single-player area
[2m2026-04-14T19:14:40.760503Z[0m [32m INFO[0m [2madv_civ::civilization::concepts::remove_surplus_population::remove_surplus_systems[0m[2m:[0m [SURPLUS] '117:Philippi': After removal: 2 -> 1 tokens, surplus=0
[2m2026-04-14T19:14:40.760525Z[0m [32m INFO[0m [2madv_civ::civilization::concepts::remove_surplus_population::remove_surplus_systems[0m[2m:[0m [SURPLUS] '25:Alexandria' has surplus: total=2, max=1, surplus=1, players=1, has_city=false
[2m2026-04-14T19:14:40.760530Z[0m [32m INFO[0m [2madv_civ::civilization::concepts::remove_surplus_population::remove_surplus_systems[0m[2m:[0m [SURPLUS] '25:Alexandria': Removing surplus tokens from single-player area
[2m2026-04-14T19:14:40.760534Z[0m [32m INFO[0m [2madv_civ::civilization::concepts::remove_surplus_population::remove_surplus_systems[0m[2m:[0m [SURPLUS] '25:Alexandria': After removal: 2 -> 1 tokens, surplus=0
[2m2026-04-14T19:14:40.760537Z[0m [32m INFO[0m [2madv_civ::civilization::concepts::remove_surplus_population::remove_surplus_systems[0m[2m:[0m [SURPLUS] '45:Aleppo' has surplus: total=2, max=1, surplus=1, players=1, has_city=false
[2m2026-04-14T19:14:40.760540Z[0m [32m INFO[0m [2madv_civ::civilization::concepts::remove_surplus_population::remove_surplus_systems[0m[2m:[0m [SURPLUS] '45:Aleppo': Removing surplus tokens from single-player area
[2m2026-04-14T19:14:40.760544Z[0m [32m INFO[0m [2madv_civ::civilization::concepts::remove_surplus_population::remove_surplus_systems[0m[2m:[0m [SURPLUS] '45:Aleppo': After removal: 2 -> 1 tokens, surplus=0
[2m2026-04-14T19:14:40.760548Z[0m [32m INFO[0m [2madv_civ::civilization::concepts::remove_surplus_population::remove_surplus_systems[0m[2m:[0m [SURPLUS] '20:Memphis' has surplus: total=3, max=2, surplus=1, players=1, has_city=false
[2m2026-04-14T19:14:40.760552Z[0m [32m INFO[0m [2madv_civ::civilization::concepts::remove_surplus_population::remove_surplus_systems[0m[2m:[0m [SURPLUS] '20:Memphis': Removing surplus tokens from single-player area
[2m2026-04-14T19:14:40.760563Z[0m [32m INFO[0m [2madv_civ::civilization::concepts::remove_surplus_population::remove_surplus_systems[0m[2m:[0m [SURPLUS] '20:Memphis': After removal: 3 -> 2 tokens, surplus=0
[2m2026-04-14T19:14:40.760568Z[0m [32m INFO[0m [2madv_civ::civilization::concepts::remove_surplus_population::remove_surplus_systems[0m[2m:[0m [SURPLUS] '92:Sidon' has surplus: total=2, max=1, surplus=1, players=1, has_city=false
[2m2026-04-14T19:14:40.760571Z[0m [32m INFO[0m [2madv_civ::civilization::concepts::remove_surplus_population::remove_surplus_systems[0m[2m:[0m [SURPLUS] '92:Sidon': Removing surplus tokens from single-player area
[2m2026-04-14T19:14:40.760574Z[0m [32m INFO[0m [2madv_civ::civilization::concepts::remove_surplus_population::remove_surplus_systems[0m[2m:[0m [SURPLUS] '92:Sidon': After removal: 2 -> 1 tokens, surplus=0
[2m2026-04-14T19:14:40.760580Z[0m [32m INFO[0m [2madv_civ::civilization::concepts::remove_surplus_population::remove_surplus_systems[0m[2m:[0m [SURPLUS] '15:Olynthus' has surplus: total=2, max=1, surplus=1, players=1, has_city=false
[2m2026-04-14T19:14:40.760583Z[0m [32m INFO[0m [2madv_civ::civilization::concepts::remove_surplus_population::remove_surplus_systems[0m[2m:[0m [SURPLUS] '15:Olynthus': Removing surplus tokens from single-player area
[2m2026-04-14T19:14:40.760586Z[0m [32m INFO[0m [2madv_civ::civilization::concepts::remove_surplus_population::remove_surplus_systems[0m[2m:[0m [SURPLUS] '15:Olynthus': After removal: 2 -> 1 tokens, surplus=0
[2m2026-04-14T19:14:40.760590Z[0m [32m INFO[0m [2madv_civ::civilization::concepts::remove_surplus_population::remove_surplus_systems[0m[2m:[0m [SURPLUS] '31:Polis' has surplus: total=2, max=1, surplus=1, players=1, has_city=false
[2m2026-04-14T19:14:40.760593Z[0m [32m INFO[0m [2madv_civ::civilization::concepts::remove_surplus_population::remove_surplus_systems[0m[2m:[0m [SURPLUS] '31:Polis': Removing surplus tokens from single-player area
[2m2026-04-14T19:14:40.760596Z[0m [32m INFO[0m [2madv_civ::civilization::concepts::remove_surplus_population::remove_surplus_systems[0m[2m:[0m [SURPLUS] '31:Polis': After removal: 2 -> 1 tokens, surplus=0
[2m2026-04-14T19:14:40.760605Z[0m [32m INFO[0m [2madv_civ::civilization::concepts::remove_surplus_population::remove_surplus_systems[0m[2m:[0m [SURPLUS] '125:Beersheba' has surplus: total=2, max=1, surplus=1, players=1, has_city=false
[2m2026-04-14T19:14:40.760609Z[0m [32m INFO[0m [2madv_civ::civilization::concepts::remove_surplus_population::remove_surplus_systems[0m[2m:[0m [SURPLUS] '125:Beersheba': Removing surplus tokens from single-player area
[2m2026-04-14T19:14:40.760613Z[0m [32m INFO[0m [2madv_civ::civilization::concepts::remove_surplus_population::remove_surplus_systems[0m[2m:[0m [SURPLUS] '125:Beersheba': After removal: 2 -> 1 tokens, surplus=0
[2m2026-04-14T19:14:40.760617Z[0m [32m INFO[0m [2madv_civ::civilization::concepts::remove_surplus_population::remove_surplus_systems[0m[2m:[0m [SURPLUS] '110:Nemausus' has surplus: total=4, max=2, surplus=2, players=1, has_city=false
[2m2026-04-14T19:14:40.760621Z[0m [32m INFO[0m [2madv_civ::civilization::concepts::remove_surplus_population::remove_surplus_systems[0m[2m:[0m [SURPLUS] '110:Nemausus': Removing surplus tokens from single-player area
[2m2026-04-14T19:14:40.760624Z[0m [32m INFO[0m [2madv_civ::civilization::concepts::remove_surplus_population::remove_surplus_systems[0m[2m:[0m [SURPLUS] '110:Nemausus': After removal: 4 -> 2 tokens, surplus=0
[2m2026-04-14T19:14:40.760654Z[0m [32m INFO[0m [2madv_civ::civilization::concepts::remove_surplus_population::remove_surplus_systems[0m[2m:[0m [SURPLUS] '107:Gadara' has surplus: total=3, max=2, surplus=1, players=1, has_city=false
[2m2026-04-14T19:14:40.760657Z[0m [32m INFO[0m [2madv_civ::civilization::concepts::remove_surplus_population::remove_surplus_systems[0m[2m:[0m [SURPLUS] '107:Gadara': Removing surplus tokens from single-player area
[2m2026-04-14T19:14:40.760685Z[0m [32m INFO[0m [2madv_civ::civilization::concepts::remove_surplus_population::remove_surplus_systems[0m[2m:[0m [SURPLUS] '107:Gadara': After removal: 3 -> 2 tokens, surplus=0
[2m2026-04-14T19:14:40.760695Z[0m [32m INFO[0m [2madv_civ::civilization::concepts::remove_surplus_population::remove_surplus_systems[0m[2m:[0m [SURPLUS] Phase complete: processed 149 areas, 16 had surplus, removed 19 tokens total
[2m2026-04-14T19:14:40.763682Z[0m [32m INFO[0m [2mbevy_diagnostic[0m[2m:[0m started_load_count:   69.000000   (avg 69.000000)
[2m2026-04-14T19:14:41.760936Z[0m [32m INFO[0m [2madv_civ::civilization::concepts::check_city_support::check_city_support_systems[0m[2m:[0m [CITY_SUPPORT] Starting city support check phase
[2m2026-04-14T19:14:41.760958Z[0m [32m INFO[0m [2madv_civ::civilization::concepts::check_city_support::check_city_support_systems[0m[2m:[0m [CITY_SUPPORT] 5 players need city support check
[2m2026-04-14T19:14:41.763506Z[0m [32m INFO[0m [2mbevy_diagnostic[0m[2m:[0m started_load_count:   69.000000   (avg 69.000000)
[2m2026-04-14T19:14:42.761867Z[0m [32m INFO[0m [2madv_civ::civilization::concepts::check_city_support::check_city_support_systems[0m[2m:[0m [CITY_SUPPORT] All checks complete, transitioning to AcquireTradeCards
[2m2026-04-14T19:14:42.762518Z[0m [32m INFO[0m [2mbevy_diagnostic[0m[2m:[0m started_load_count:   69.000000   (avg 69.000000)
[2m2026-04-14T19:14:43.777296Z[0m [32m INFO[0m [2madv_civ::civilization::concepts::acquire_trade_cards::trade_card_systems[0m[2m:[0m [TRADE_CARDS] Starting acquire trade cards phase
[2m2026-04-14T19:14:43.777356Z[0m [32m INFO[0m [2madv_civ::civilization::concepts::acquire_trade_cards::trade_card_systems[0m[2m:[0m [TRADE_CARDS] Crete (AI) pulled cards, can_trade=false
[2m2026-04-14T19:14:43.777362Z[0m [32m INFO[0m [2madv_civ::civilization::concepts::acquire_trade_cards::trade_card_systems[0m[2m:[0m [TRADE_CARDS] Processed 8 players, 5 have cities, sending CheckIfWeCanTrade
[2m2026-04-14T19:14:43.778454Z[0m [32m INFO[0m [2madv_civ::civilization::concepts::acquire_trade_cards::trade_card_systems[0m[2m:[0m [TRADE_CARDS] CheckIfWeCanTrade received: 2 players can trade
[2m2026-04-14T19:14:43.778468Z[0m [32m INFO[0m [2madv_civ::civilization::concepts::acquire_trade_cards::trade_card_systems[0m[2m:[0m [TRADE_CARDS] Transitioning to Trade phase
[2m2026-04-14T19:14:43.779701Z[0m [32m INFO[0m [2mbevy_diagnostic[0m[2m:[0m started_load_count:   69.000000   (avg 69.000000)